ARM GAS  C:\Users\AFDHAL~1\AppData\Local\Temp\ccKZTvML.s 			page 1


   1              		.syntax unified
   2              		.cpu cortex-m0
   3              		.fpu softvfp
   4              		.eabi_attribute 20, 1
   5              		.eabi_attribute 21, 1
   6              		.eabi_attribute 23, 3
   7              		.eabi_attribute 24, 1
   8              		.eabi_attribute 25, 1
   9              		.eabi_attribute 26, 1
  10              		.eabi_attribute 30, 4
  11              		.eabi_attribute 34, 0
  12              		.eabi_attribute 18, 4
  13              		.thumb
  14              		.syntax unified
  15              		.file	"cyfitter_cfg.c"
  16              		.text
  17              	.Ltext0:
  18              		.cfi_sections	.debug_frame
  19              		.section	.psocinit,"ax",%progbits
  20              		.align	1
  21              		.global	cyfitter_cfg
  22              		.code	16
  23              		.thumb_func
  24              		.type	cyfitter_cfg, %function
  25              	cyfitter_cfg:
  26              	.LFB6:
  27              		.file 1 "Generated_Source\\PSoC4\\cyfitter_cfg.c"
   1:Generated_Source\PSoC4/cyfitter_cfg.c **** 
   2:Generated_Source\PSoC4/cyfitter_cfg.c **** /*******************************************************************************
   3:Generated_Source\PSoC4/cyfitter_cfg.c **** * File Name: cyfitter_cfg.c
   4:Generated_Source\PSoC4/cyfitter_cfg.c **** * 
   5:Generated_Source\PSoC4/cyfitter_cfg.c **** * PSoC Creator  4.1 Update 1
   6:Generated_Source\PSoC4/cyfitter_cfg.c **** *
   7:Generated_Source\PSoC4/cyfitter_cfg.c **** * Description:
   8:Generated_Source\PSoC4/cyfitter_cfg.c **** * This file contains device initialization code.
   9:Generated_Source\PSoC4/cyfitter_cfg.c **** * Except for the user defined sections in CyClockStartupError(), this file should not be modified.
  10:Generated_Source\PSoC4/cyfitter_cfg.c **** * This file is automatically generated by PSoC Creator.
  11:Generated_Source\PSoC4/cyfitter_cfg.c **** *
  12:Generated_Source\PSoC4/cyfitter_cfg.c **** ********************************************************************************
  13:Generated_Source\PSoC4/cyfitter_cfg.c **** * Copyright (c) 2007-2017 Cypress Semiconductor.  All rights reserved.
  14:Generated_Source\PSoC4/cyfitter_cfg.c **** * You may use this file only in accordance with the license, terms, conditions, 
  15:Generated_Source\PSoC4/cyfitter_cfg.c **** * disclaimers, and limitations in the end user license agreement accompanying 
  16:Generated_Source\PSoC4/cyfitter_cfg.c **** * the software package with which this file was provided.
  17:Generated_Source\PSoC4/cyfitter_cfg.c **** ********************************************************************************/
  18:Generated_Source\PSoC4/cyfitter_cfg.c **** 
  19:Generated_Source\PSoC4/cyfitter_cfg.c **** #include <string.h>
  20:Generated_Source\PSoC4/cyfitter_cfg.c **** #include "cytypes.h"
  21:Generated_Source\PSoC4/cyfitter_cfg.c **** #include "cydevice_trm.h"
  22:Generated_Source\PSoC4/cyfitter_cfg.c **** #include "cyfitter.h"
  23:Generated_Source\PSoC4/cyfitter_cfg.c **** #include "CyLib.h"
  24:Generated_Source\PSoC4/cyfitter_cfg.c **** #include "CyLFClk.h"
  25:Generated_Source\PSoC4/cyfitter_cfg.c **** #include "cyfitter_cfg.h"
  26:Generated_Source\PSoC4/cyfitter_cfg.c **** #include "cyapicallbacks.h"
  27:Generated_Source\PSoC4/cyfitter_cfg.c **** 
  28:Generated_Source\PSoC4/cyfitter_cfg.c **** 
  29:Generated_Source\PSoC4/cyfitter_cfg.c **** #if defined(__GNUC__) || defined(__ARMCC_VERSION)
  30:Generated_Source\PSoC4/cyfitter_cfg.c ****     #define CYPACKED 
ARM GAS  C:\Users\AFDHAL~1\AppData\Local\Temp\ccKZTvML.s 			page 2


  31:Generated_Source\PSoC4/cyfitter_cfg.c ****     #define CYPACKED_ATTR __attribute__ ((packed))
  32:Generated_Source\PSoC4/cyfitter_cfg.c ****     #define CYALIGNED __attribute__ ((aligned))
  33:Generated_Source\PSoC4/cyfitter_cfg.c ****     #define CY_CFG_UNUSED __attribute__ ((unused))
  34:Generated_Source\PSoC4/cyfitter_cfg.c ****     #ifndef CY_CFG_SECTION
  35:Generated_Source\PSoC4/cyfitter_cfg.c ****         #define CY_CFG_SECTION __attribute__ ((section(".psocinit")))
  36:Generated_Source\PSoC4/cyfitter_cfg.c ****     #endif
  37:Generated_Source\PSoC4/cyfitter_cfg.c ****     
  38:Generated_Source\PSoC4/cyfitter_cfg.c ****     #if defined(__ARMCC_VERSION)
  39:Generated_Source\PSoC4/cyfitter_cfg.c ****         #define CY_CFG_MEMORY_BARRIER() __memory_changed()
  40:Generated_Source\PSoC4/cyfitter_cfg.c ****     #else
  41:Generated_Source\PSoC4/cyfitter_cfg.c ****         #define CY_CFG_MEMORY_BARRIER() __sync_synchronize()
  42:Generated_Source\PSoC4/cyfitter_cfg.c ****     #endif
  43:Generated_Source\PSoC4/cyfitter_cfg.c ****     
  44:Generated_Source\PSoC4/cyfitter_cfg.c **** #elif defined(__ICCARM__)
  45:Generated_Source\PSoC4/cyfitter_cfg.c ****     #include <intrinsics.h>
  46:Generated_Source\PSoC4/cyfitter_cfg.c **** 
  47:Generated_Source\PSoC4/cyfitter_cfg.c ****     #define CYPACKED __packed
  48:Generated_Source\PSoC4/cyfitter_cfg.c ****     #define CYPACKED_ATTR 
  49:Generated_Source\PSoC4/cyfitter_cfg.c ****     #define CYALIGNED _Pragma("data_alignment=4")
  50:Generated_Source\PSoC4/cyfitter_cfg.c ****     #define CY_CFG_UNUSED _Pragma("diag_suppress=Pe177")
  51:Generated_Source\PSoC4/cyfitter_cfg.c ****     #define CY_CFG_SECTION _Pragma("location=\".psocinit\"")
  52:Generated_Source\PSoC4/cyfitter_cfg.c ****     
  53:Generated_Source\PSoC4/cyfitter_cfg.c ****     #define CY_CFG_MEMORY_BARRIER() __DMB()
  54:Generated_Source\PSoC4/cyfitter_cfg.c ****     
  55:Generated_Source\PSoC4/cyfitter_cfg.c **** #else
  56:Generated_Source\PSoC4/cyfitter_cfg.c ****     #error Unsupported toolchain
  57:Generated_Source\PSoC4/cyfitter_cfg.c **** #endif
  58:Generated_Source\PSoC4/cyfitter_cfg.c **** 
  59:Generated_Source\PSoC4/cyfitter_cfg.c **** #ifndef CYCODE
  60:Generated_Source\PSoC4/cyfitter_cfg.c ****     #define CYCODE
  61:Generated_Source\PSoC4/cyfitter_cfg.c **** #endif
  62:Generated_Source\PSoC4/cyfitter_cfg.c **** #ifndef CYDATA
  63:Generated_Source\PSoC4/cyfitter_cfg.c ****     #define CYDATA
  64:Generated_Source\PSoC4/cyfitter_cfg.c **** #endif
  65:Generated_Source\PSoC4/cyfitter_cfg.c **** #ifndef CYFAR
  66:Generated_Source\PSoC4/cyfitter_cfg.c ****     #define CYFAR
  67:Generated_Source\PSoC4/cyfitter_cfg.c **** #endif
  68:Generated_Source\PSoC4/cyfitter_cfg.c **** #ifndef CYXDATA
  69:Generated_Source\PSoC4/cyfitter_cfg.c ****     #define CYXDATA
  70:Generated_Source\PSoC4/cyfitter_cfg.c **** #endif
  71:Generated_Source\PSoC4/cyfitter_cfg.c **** 
  72:Generated_Source\PSoC4/cyfitter_cfg.c **** 
  73:Generated_Source\PSoC4/cyfitter_cfg.c **** CY_CFG_UNUSED
  74:Generated_Source\PSoC4/cyfitter_cfg.c **** static void CYMEMZERO(void *s, size_t n);
  75:Generated_Source\PSoC4/cyfitter_cfg.c **** CY_CFG_UNUSED
  76:Generated_Source\PSoC4/cyfitter_cfg.c **** static void CYMEMZERO(void *s, size_t n)
  77:Generated_Source\PSoC4/cyfitter_cfg.c **** {
  78:Generated_Source\PSoC4/cyfitter_cfg.c **** 	(void)memset(s, 0, n);
  79:Generated_Source\PSoC4/cyfitter_cfg.c **** }
  80:Generated_Source\PSoC4/cyfitter_cfg.c **** CY_CFG_UNUSED
  81:Generated_Source\PSoC4/cyfitter_cfg.c **** static void CYCONFIGCPY(void *dest, const void *src, size_t n);
  82:Generated_Source\PSoC4/cyfitter_cfg.c **** CY_CFG_UNUSED
  83:Generated_Source\PSoC4/cyfitter_cfg.c **** static void CYCONFIGCPY(void *dest, const void *src, size_t n)
  84:Generated_Source\PSoC4/cyfitter_cfg.c **** {
  85:Generated_Source\PSoC4/cyfitter_cfg.c **** 	(void)memcpy(dest, src, n);
  86:Generated_Source\PSoC4/cyfitter_cfg.c **** }
  87:Generated_Source\PSoC4/cyfitter_cfg.c **** CY_CFG_UNUSED
ARM GAS  C:\Users\AFDHAL~1\AppData\Local\Temp\ccKZTvML.s 			page 3


  88:Generated_Source\PSoC4/cyfitter_cfg.c **** static void CYCONFIGCPYCODE(void *dest, const void *src, size_t n);
  89:Generated_Source\PSoC4/cyfitter_cfg.c **** CY_CFG_UNUSED
  90:Generated_Source\PSoC4/cyfitter_cfg.c **** static void CYCONFIGCPYCODE(void *dest, const void *src, size_t n)
  91:Generated_Source\PSoC4/cyfitter_cfg.c **** {
  92:Generated_Source\PSoC4/cyfitter_cfg.c **** 	(void)memcpy(dest, src, n);
  93:Generated_Source\PSoC4/cyfitter_cfg.c **** }
  94:Generated_Source\PSoC4/cyfitter_cfg.c **** 
  95:Generated_Source\PSoC4/cyfitter_cfg.c **** 
  96:Generated_Source\PSoC4/cyfitter_cfg.c **** 
  97:Generated_Source\PSoC4/cyfitter_cfg.c **** 
  98:Generated_Source\PSoC4/cyfitter_cfg.c **** /* Clock startup error codes                                                   */
  99:Generated_Source\PSoC4/cyfitter_cfg.c **** #define CYCLOCKSTART_NO_ERROR    0u
 100:Generated_Source\PSoC4/cyfitter_cfg.c **** #define CYCLOCKSTART_XTAL_ERROR  1u
 101:Generated_Source\PSoC4/cyfitter_cfg.c **** #define CYCLOCKSTART_32KHZ_ERROR 2u
 102:Generated_Source\PSoC4/cyfitter_cfg.c **** #define CYCLOCKSTART_PLL_ERROR   3u
 103:Generated_Source\PSoC4/cyfitter_cfg.c **** #define CYCLOCKSTART_FLL_ERROR   4u
 104:Generated_Source\PSoC4/cyfitter_cfg.c **** 
 105:Generated_Source\PSoC4/cyfitter_cfg.c **** 
 106:Generated_Source\PSoC4/cyfitter_cfg.c **** #ifdef CY_NEED_CYCLOCKSTARTUPERROR
 107:Generated_Source\PSoC4/cyfitter_cfg.c **** /*******************************************************************************
 108:Generated_Source\PSoC4/cyfitter_cfg.c **** * Function Name: CyClockStartupError
 109:Generated_Source\PSoC4/cyfitter_cfg.c **** ********************************************************************************
 110:Generated_Source\PSoC4/cyfitter_cfg.c **** * Summary:
 111:Generated_Source\PSoC4/cyfitter_cfg.c **** *  If an error is encountered during clock configuration (crystal startup error,
 112:Generated_Source\PSoC4/cyfitter_cfg.c **** *  PLL lock error, etc.), the system will end up here.  Unless reimplemented by
 113:Generated_Source\PSoC4/cyfitter_cfg.c **** *  the customer, this function will stop in an infinite loop.
 114:Generated_Source\PSoC4/cyfitter_cfg.c **** *
 115:Generated_Source\PSoC4/cyfitter_cfg.c **** * Parameters:
 116:Generated_Source\PSoC4/cyfitter_cfg.c **** *   void
 117:Generated_Source\PSoC4/cyfitter_cfg.c **** *
 118:Generated_Source\PSoC4/cyfitter_cfg.c **** * Return:
 119:Generated_Source\PSoC4/cyfitter_cfg.c **** *   void
 120:Generated_Source\PSoC4/cyfitter_cfg.c **** *
 121:Generated_Source\PSoC4/cyfitter_cfg.c **** *******************************************************************************/
 122:Generated_Source\PSoC4/cyfitter_cfg.c **** CY_CFG_UNUSED
 123:Generated_Source\PSoC4/cyfitter_cfg.c **** static void CyClockStartupError(uint8 errorCode);
 124:Generated_Source\PSoC4/cyfitter_cfg.c **** CY_CFG_UNUSED
 125:Generated_Source\PSoC4/cyfitter_cfg.c **** static void CyClockStartupError(uint8 errorCode)
 126:Generated_Source\PSoC4/cyfitter_cfg.c **** {
 127:Generated_Source\PSoC4/cyfitter_cfg.c ****     /* To remove the compiler warning if errorCode not used. */
 128:Generated_Source\PSoC4/cyfitter_cfg.c **** #if defined(CY_PSOC3) && (CY_PSOC3)
 129:Generated_Source\PSoC4/cyfitter_cfg.c ****     errorCode = errorCode;
 130:Generated_Source\PSoC4/cyfitter_cfg.c **** #else
 131:Generated_Source\PSoC4/cyfitter_cfg.c ****     (void)errorCode;
 132:Generated_Source\PSoC4/cyfitter_cfg.c **** #endif /* CY_PSOC3 */
 133:Generated_Source\PSoC4/cyfitter_cfg.c **** 
 134:Generated_Source\PSoC4/cyfitter_cfg.c ****     /* If we have a clock startup error (bad MHz crystal, PLL lock, etc.),  */
 135:Generated_Source\PSoC4/cyfitter_cfg.c ****     /* we will end up here to allow the customer to implement something to  */
 136:Generated_Source\PSoC4/cyfitter_cfg.c ****     /* deal with the clock condition.                                       */
 137:Generated_Source\PSoC4/cyfitter_cfg.c **** 
 138:Generated_Source\PSoC4/cyfitter_cfg.c **** #ifdef CY_CFG_CLOCK_STARTUP_ERROR_CALLBACK
 139:Generated_Source\PSoC4/cyfitter_cfg.c ****     CY_CFG_Clock_Startup_ErrorCallback();
 140:Generated_Source\PSoC4/cyfitter_cfg.c **** #else
 141:Generated_Source\PSoC4/cyfitter_cfg.c ****     /*  If not using CY_CFG_CLOCK_STARTUP_ERROR_CALLBACK, place your clock startup code here. */
 142:Generated_Source\PSoC4/cyfitter_cfg.c ****     /* `#START CyClockStartupError` */
 143:Generated_Source\PSoC4/cyfitter_cfg.c **** 
 144:Generated_Source\PSoC4/cyfitter_cfg.c **** 
ARM GAS  C:\Users\AFDHAL~1\AppData\Local\Temp\ccKZTvML.s 			page 4


 145:Generated_Source\PSoC4/cyfitter_cfg.c **** 
 146:Generated_Source\PSoC4/cyfitter_cfg.c ****     /* `#END` */
 147:Generated_Source\PSoC4/cyfitter_cfg.c **** 
 148:Generated_Source\PSoC4/cyfitter_cfg.c ****     while(1) {}
 149:Generated_Source\PSoC4/cyfitter_cfg.c **** #endif /* CY_CFG_CLOCK_STARTUP_ERROR_CALLBACK */
 150:Generated_Source\PSoC4/cyfitter_cfg.c **** }
 151:Generated_Source\PSoC4/cyfitter_cfg.c **** #endif
 152:Generated_Source\PSoC4/cyfitter_cfg.c **** 
 153:Generated_Source\PSoC4/cyfitter_cfg.c **** 
 154:Generated_Source\PSoC4/cyfitter_cfg.c **** 
 155:Generated_Source\PSoC4/cyfitter_cfg.c **** /*******************************************************************************
 156:Generated_Source\PSoC4/cyfitter_cfg.c **** * Function Name: ClockSetup
 157:Generated_Source\PSoC4/cyfitter_cfg.c **** ********************************************************************************
 158:Generated_Source\PSoC4/cyfitter_cfg.c **** *
 159:Generated_Source\PSoC4/cyfitter_cfg.c **** * Summary:
 160:Generated_Source\PSoC4/cyfitter_cfg.c **** *   Performs the initialization of all of the clocks in the device based on the
 161:Generated_Source\PSoC4/cyfitter_cfg.c **** *   settings in the Clock tab of the DWR.  This includes enabling the requested
 162:Generated_Source\PSoC4/cyfitter_cfg.c **** *   clocks and setting the necessary dividers to produce the desired frequency. 
 163:Generated_Source\PSoC4/cyfitter_cfg.c **** *
 164:Generated_Source\PSoC4/cyfitter_cfg.c **** * Parameters:
 165:Generated_Source\PSoC4/cyfitter_cfg.c **** *   void
 166:Generated_Source\PSoC4/cyfitter_cfg.c **** *
 167:Generated_Source\PSoC4/cyfitter_cfg.c **** * Return:
 168:Generated_Source\PSoC4/cyfitter_cfg.c **** *   void
 169:Generated_Source\PSoC4/cyfitter_cfg.c **** *
 170:Generated_Source\PSoC4/cyfitter_cfg.c **** *******************************************************************************/
 171:Generated_Source\PSoC4/cyfitter_cfg.c **** static void ClockSetup(void);
 172:Generated_Source\PSoC4/cyfitter_cfg.c **** CY_CFG_SECTION
 173:Generated_Source\PSoC4/cyfitter_cfg.c **** static void ClockSetup(void)
 174:Generated_Source\PSoC4/cyfitter_cfg.c **** {
 175:Generated_Source\PSoC4/cyfitter_cfg.c **** 
 176:Generated_Source\PSoC4/cyfitter_cfg.c **** 	/* Set Flash Cycles based on max possible frequency in case a glitch occurs during ClockSetup(). *
 177:Generated_Source\PSoC4/cyfitter_cfg.c **** 	CY_SET_REG32((void CYXDATA *)(CYREG_CPUSS_FLASH_CTL), (0x0012u));
 178:Generated_Source\PSoC4/cyfitter_cfg.c **** 	/* Setup and trim IMO based on desired frequency. */
 179:Generated_Source\PSoC4/cyfitter_cfg.c **** 	CySysClkWriteImoFreq(48u);
 180:Generated_Source\PSoC4/cyfitter_cfg.c **** 	/* CYDEV_CLK_ILO_CONFIG Starting address: CYDEV_CLK_ILO_CONFIG */
 181:Generated_Source\PSoC4/cyfitter_cfg.c **** 	CY_SET_REG32((void *)(CYREG_CLK_ILO_CONFIG), 0x80000006u);
 182:Generated_Source\PSoC4/cyfitter_cfg.c **** 
 183:Generated_Source\PSoC4/cyfitter_cfg.c **** 
 184:Generated_Source\PSoC4/cyfitter_cfg.c **** 	/* Setup phase aligned clocks */
 185:Generated_Source\PSoC4/cyfitter_cfg.c **** 	CY_SET_REG32((void *)CYREG_PERI_DIV_16_CTL1, 0x00002F00u);
 186:Generated_Source\PSoC4/cyfitter_cfg.c **** 	CY_SET_REG32((void *)CYREG_PERI_DIV_CMD, 0x8000FF41u);
 187:Generated_Source\PSoC4/cyfitter_cfg.c **** 	CY_SET_REG32((void *)CYREG_PERI_DIV_16_CTL2, 0x0001A000u);
 188:Generated_Source\PSoC4/cyfitter_cfg.c **** 	CY_SET_REG32((void *)CYREG_PERI_DIV_CMD, 0x8000FF42u);
 189:Generated_Source\PSoC4/cyfitter_cfg.c **** 	CY_SET_REG32((void *)CYREG_PERI_DIV_16_CTL3, 0x0001A000u);
 190:Generated_Source\PSoC4/cyfitter_cfg.c **** 	CY_SET_REG32((void *)CYREG_PERI_DIV_CMD, 0x8000FF43u);
 191:Generated_Source\PSoC4/cyfitter_cfg.c **** 	CY_SET_REG32((void *)CYREG_PERI_DIV_16_CTL0, 0x00000000u);
 192:Generated_Source\PSoC4/cyfitter_cfg.c **** 	CY_SET_REG32((void *)CYREG_PERI_DIV_CMD, 0x8000FF40u);
 193:Generated_Source\PSoC4/cyfitter_cfg.c **** 
 194:Generated_Source\PSoC4/cyfitter_cfg.c **** 	/* CYDEV_CLK_IMO_CONFIG Starting address: CYDEV_CLK_IMO_CONFIG */
 195:Generated_Source\PSoC4/cyfitter_cfg.c **** 	CY_SET_REG32((void *)(CYREG_CLK_IMO_CONFIG), 0x80000000u);
 196:Generated_Source\PSoC4/cyfitter_cfg.c **** 
 197:Generated_Source\PSoC4/cyfitter_cfg.c **** 	/* CYDEV_CLK_SELECT Starting address: CYDEV_CLK_SELECT */
 198:Generated_Source\PSoC4/cyfitter_cfg.c **** 	CY_SET_REG32((void *)(CYREG_CLK_SELECT), 0x00040000u);
 199:Generated_Source\PSoC4/cyfitter_cfg.c **** 
 200:Generated_Source\PSoC4/cyfitter_cfg.c **** 	/* CYDEV_PERI_PCLK_CTL11 Starting address: CYDEV_PERI_PCLK_CTL11 */
 201:Generated_Source\PSoC4/cyfitter_cfg.c **** 	CY_SET_REG32((void *)(CYREG_PERI_PCLK_CTL11), 0x00000041u);
ARM GAS  C:\Users\AFDHAL~1\AppData\Local\Temp\ccKZTvML.s 			page 5


 202:Generated_Source\PSoC4/cyfitter_cfg.c **** 
 203:Generated_Source\PSoC4/cyfitter_cfg.c **** 	/* CYDEV_PERI_PCLK_CTL5 Starting address: CYDEV_PERI_PCLK_CTL5 */
 204:Generated_Source\PSoC4/cyfitter_cfg.c **** 	CY_SET_REG32((void *)(CYREG_PERI_PCLK_CTL5), 0x00000042u);
 205:Generated_Source\PSoC4/cyfitter_cfg.c **** 
 206:Generated_Source\PSoC4/cyfitter_cfg.c **** 	/* CYDEV_PERI_PCLK_CTL3 Starting address: CYDEV_PERI_PCLK_CTL3 */
 207:Generated_Source\PSoC4/cyfitter_cfg.c **** 	CY_SET_REG32((void *)(CYREG_PERI_PCLK_CTL3), 0x00000043u);
 208:Generated_Source\PSoC4/cyfitter_cfg.c **** 
 209:Generated_Source\PSoC4/cyfitter_cfg.c **** 	/* CYDEV_PERI_PCLK_CTL2 Starting address: CYDEV_PERI_PCLK_CTL2 */
 210:Generated_Source\PSoC4/cyfitter_cfg.c **** 	CY_SET_REG32((void *)(CYREG_PERI_PCLK_CTL2), 0x00000040u);
 211:Generated_Source\PSoC4/cyfitter_cfg.c **** 
 212:Generated_Source\PSoC4/cyfitter_cfg.c **** 	(void)CyIntSetVector(7u, &CySysWdtIsr);
 213:Generated_Source\PSoC4/cyfitter_cfg.c **** 	CyIntEnable(7u);
 214:Generated_Source\PSoC4/cyfitter_cfg.c **** 	CY_SET_REG32((void *)(CYREG_WDT_CONFIG), 0x00000000u);
 215:Generated_Source\PSoC4/cyfitter_cfg.c **** }
 216:Generated_Source\PSoC4/cyfitter_cfg.c **** 
 217:Generated_Source\PSoC4/cyfitter_cfg.c **** 
 218:Generated_Source\PSoC4/cyfitter_cfg.c **** /* Analog API Functions */
 219:Generated_Source\PSoC4/cyfitter_cfg.c **** 
 220:Generated_Source\PSoC4/cyfitter_cfg.c **** 
 221:Generated_Source\PSoC4/cyfitter_cfg.c **** /*******************************************************************************
 222:Generated_Source\PSoC4/cyfitter_cfg.c **** * Function Name: AnalogSetDefault
 223:Generated_Source\PSoC4/cyfitter_cfg.c **** ********************************************************************************
 224:Generated_Source\PSoC4/cyfitter_cfg.c **** *
 225:Generated_Source\PSoC4/cyfitter_cfg.c **** * Summary:
 226:Generated_Source\PSoC4/cyfitter_cfg.c **** *  Sets up the analog portions of the chip to default values based on chip
 227:Generated_Source\PSoC4/cyfitter_cfg.c **** *  configuration options from the project.
 228:Generated_Source\PSoC4/cyfitter_cfg.c **** *
 229:Generated_Source\PSoC4/cyfitter_cfg.c **** * Parameters:
 230:Generated_Source\PSoC4/cyfitter_cfg.c **** *  void
 231:Generated_Source\PSoC4/cyfitter_cfg.c **** *
 232:Generated_Source\PSoC4/cyfitter_cfg.c **** * Return:
 233:Generated_Source\PSoC4/cyfitter_cfg.c **** *  void
 234:Generated_Source\PSoC4/cyfitter_cfg.c **** *
 235:Generated_Source\PSoC4/cyfitter_cfg.c **** *******************************************************************************/
 236:Generated_Source\PSoC4/cyfitter_cfg.c **** static void AnalogSetDefault(void);
 237:Generated_Source\PSoC4/cyfitter_cfg.c **** static void AnalogSetDefault(void)
 238:Generated_Source\PSoC4/cyfitter_cfg.c **** {
 239:Generated_Source\PSoC4/cyfitter_cfg.c **** 	CY_SET_XTND_REG32((void CYFAR *)CYREG_CTBM0_DFT_CTRL, 0x00000003u);
 240:Generated_Source\PSoC4/cyfitter_cfg.c **** 	CY_SET_XTND_REG32((void CYFAR *)CYREG_CTBM1_DFT_CTRL, 0x00000003u);
 241:Generated_Source\PSoC4/cyfitter_cfg.c **** 	CY_SET_XTND_REG32((void CYFAR *)CYREG_PASS_DSAB_DSAB_CTRL, 0x00000000u);
 242:Generated_Source\PSoC4/cyfitter_cfg.c **** }
 243:Generated_Source\PSoC4/cyfitter_cfg.c **** 
 244:Generated_Source\PSoC4/cyfitter_cfg.c **** 
 245:Generated_Source\PSoC4/cyfitter_cfg.c **** 
 246:Generated_Source\PSoC4/cyfitter_cfg.c **** 
 247:Generated_Source\PSoC4/cyfitter_cfg.c **** /*******************************************************************************
 248:Generated_Source\PSoC4/cyfitter_cfg.c **** * Function Name: cyfitter_cfg
 249:Generated_Source\PSoC4/cyfitter_cfg.c **** ********************************************************************************
 250:Generated_Source\PSoC4/cyfitter_cfg.c **** * Summary:
 251:Generated_Source\PSoC4/cyfitter_cfg.c **** *  This function is called by the start-up code for the selected device. It
 252:Generated_Source\PSoC4/cyfitter_cfg.c **** *  performs all of the necessary device configuration based on the design
 253:Generated_Source\PSoC4/cyfitter_cfg.c **** *  settings.  This includes settings from the Design Wide Resources (DWR) such
 254:Generated_Source\PSoC4/cyfitter_cfg.c **** *  as Clocks and Pins as well as any component configuration that is necessary.
 255:Generated_Source\PSoC4/cyfitter_cfg.c **** *
 256:Generated_Source\PSoC4/cyfitter_cfg.c **** * Parameters:
 257:Generated_Source\PSoC4/cyfitter_cfg.c **** *   void
 258:Generated_Source\PSoC4/cyfitter_cfg.c **** *
ARM GAS  C:\Users\AFDHAL~1\AppData\Local\Temp\ccKZTvML.s 			page 6


 259:Generated_Source\PSoC4/cyfitter_cfg.c **** * Return:
 260:Generated_Source\PSoC4/cyfitter_cfg.c **** *   void
 261:Generated_Source\PSoC4/cyfitter_cfg.c **** *
 262:Generated_Source\PSoC4/cyfitter_cfg.c **** *******************************************************************************/
 263:Generated_Source\PSoC4/cyfitter_cfg.c **** CY_CFG_SECTION
 264:Generated_Source\PSoC4/cyfitter_cfg.c **** void cyfitter_cfg(void)
 265:Generated_Source\PSoC4/cyfitter_cfg.c **** {
  28              		.loc 1 265 0
  29              		.cfi_startproc
  30              		@ args = 0, pretend = 0, frame = 0
  31              		@ frame_needed = 0, uses_anonymous_args = 0
  32 0000 70B5     		push	{r4, r5, r6, lr}
  33              		.cfi_def_cfa_offset 16
  34              		.cfi_offset 4, -16
  35              		.cfi_offset 5, -12
  36              		.cfi_offset 6, -8
  37              		.cfi_offset 14, -4
 266:Generated_Source\PSoC4/cyfitter_cfg.c **** 	/* Disable interrupts by default. Let user enable if/when they want. */
 267:Generated_Source\PSoC4/cyfitter_cfg.c **** 	CyGlobalIntDisable;
  38              		.loc 1 267 0
  39              		.syntax divided
  40              	@ 267 "Generated_Source\PSoC4\cyfitter_cfg.c" 1
  41 0002 72B6     		CPSID   i
  42              	@ 0 "" 2
  43              	.LVL0:
  44              		.thumb
  45              		.syntax unified
  46              	.LBB10:
  47              	.LBB11:
  48              	.LBB12:
  49              	.LBB13:
  78:Generated_Source\PSoC4/cyfitter_cfg.c **** }
  50              		.loc 1 78 0
  51 0004 8024     		movs	r4, #128
  52 0006 E400     		lsls	r4, r4, #3
  53 0008 2200     		movs	r2, r4
  54 000a 0021     		movs	r1, #0
  55 000c 3F48     		ldr	r0, .L2
  56 000e FFF7FEFF 		bl	memset
  57              	.LVL1:
  58 0012 2200     		movs	r2, r4
  59 0014 0021     		movs	r1, #0
  60 0016 3E48     		ldr	r0, .L2+4
  61 0018 FFF7FEFF 		bl	memset
  62              	.LVL2:
  63              	.LBE13:
  64              	.LBE12:
  65              	.LBE11:
 268:Generated_Source\PSoC4/cyfitter_cfg.c **** 
 269:Generated_Source\PSoC4/cyfitter_cfg.c **** 	{
 270:Generated_Source\PSoC4/cyfitter_cfg.c **** 
 271:Generated_Source\PSoC4/cyfitter_cfg.c **** 		CYPACKED typedef struct {
 272:Generated_Source\PSoC4/cyfitter_cfg.c **** 			void CYFAR *address;
 273:Generated_Source\PSoC4/cyfitter_cfg.c **** 			uint16 size;
 274:Generated_Source\PSoC4/cyfitter_cfg.c **** 		} CYPACKED_ATTR cfg_memset_t;
 275:Generated_Source\PSoC4/cyfitter_cfg.c **** 
 276:Generated_Source\PSoC4/cyfitter_cfg.c **** 		static const cfg_memset_t CYCODE cfg_memset_list[] = {
ARM GAS  C:\Users\AFDHAL~1\AppData\Local\Temp\ccKZTvML.s 			page 7


 277:Generated_Source\PSoC4/cyfitter_cfg.c **** 			/* address, size */
 278:Generated_Source\PSoC4/cyfitter_cfg.c **** 			{(void CYFAR *)(CYDEV_UDB_P0_U0_BASE), 1024u},
 279:Generated_Source\PSoC4/cyfitter_cfg.c **** 			{(void CYFAR *)(CYDEV_UDB_DSI0_BASE), 1024u},
 280:Generated_Source\PSoC4/cyfitter_cfg.c **** 		};
 281:Generated_Source\PSoC4/cyfitter_cfg.c **** 
 282:Generated_Source\PSoC4/cyfitter_cfg.c **** 		uint8 CYDATA i;
 283:Generated_Source\PSoC4/cyfitter_cfg.c **** 
 284:Generated_Source\PSoC4/cyfitter_cfg.c **** 		/* Zero out critical memory blocks before beginning configuration */
 285:Generated_Source\PSoC4/cyfitter_cfg.c **** 		for (i = 0u; i < (sizeof(cfg_memset_list)/sizeof(cfg_memset_list[0])); i++)
 286:Generated_Source\PSoC4/cyfitter_cfg.c **** 		{
 287:Generated_Source\PSoC4/cyfitter_cfg.c **** 			const cfg_memset_t CYCODE * CYDATA ms = &cfg_memset_list[i];
 288:Generated_Source\PSoC4/cyfitter_cfg.c **** 			CYMEMZERO(ms->address, (size_t)(uint32)(ms->size));
 289:Generated_Source\PSoC4/cyfitter_cfg.c **** 		}
 290:Generated_Source\PSoC4/cyfitter_cfg.c **** 
 291:Generated_Source\PSoC4/cyfitter_cfg.c **** 		/* HSIOM Starting address: CYDEV_HSIOM_BASE */
 292:Generated_Source\PSoC4/cyfitter_cfg.c **** 		CY_SET_REG32((void *)(CYREG_HSIOM_PORT_SEL3), 0x0000EE99u);
  66              		.loc 1 292 0
  67 001c 3D4A     		ldr	r2, .L2+8
  68 001e 3E4B     		ldr	r3, .L2+12
 293:Generated_Source\PSoC4/cyfitter_cfg.c **** 		CY_SET_REG32((void *)(CYREG_HSIOM_PORT_SEL4), 0x00000FFFu);
 294:Generated_Source\PSoC4/cyfitter_cfg.c **** 		CY_SET_REG32((void *)(CYREG_HSIOM_PORT_SEL7), 0x00000099u);
 295:Generated_Source\PSoC4/cyfitter_cfg.c **** 
 296:Generated_Source\PSoC4/cyfitter_cfg.c **** 		/* UDB_PA_1 Starting address: CYDEV_UDB_PA1_BASE */
 297:Generated_Source\PSoC4/cyfitter_cfg.c **** 		CY_SET_REG32((void *)(CYDEV_UDB_PA1_BASE), 0x00990000u);
 298:Generated_Source\PSoC4/cyfitter_cfg.c **** 
 299:Generated_Source\PSoC4/cyfitter_cfg.c **** 		/* UDB_PA_3 Starting address: CYDEV_UDB_PA3_BASE */
 300:Generated_Source\PSoC4/cyfitter_cfg.c **** 		CY_SET_REG32((void *)(CYDEV_UDB_PA3_BASE), 0x00990000u);
 301:Generated_Source\PSoC4/cyfitter_cfg.c **** 
 302:Generated_Source\PSoC4/cyfitter_cfg.c **** 		/* Enable digital routing */
 303:Generated_Source\PSoC4/cyfitter_cfg.c **** 		CY_SET_XTND_REG8((void *)CYREG_UDB_UDBIF_BANK_CTL, (uint8)(CY_GET_XTND_REG8((void *)CYREG_UDB_UDB
  69              		.loc 1 303 0
  70 0020 0621     		movs	r1, #6
 292:Generated_Source\PSoC4/cyfitter_cfg.c **** 		CY_SET_REG32((void *)(CYREG_HSIOM_PORT_SEL4), 0x00000FFFu);
  71              		.loc 1 292 0
  72 0022 1A60     		str	r2, [r3]
 293:Generated_Source\PSoC4/cyfitter_cfg.c **** 		CY_SET_REG32((void *)(CYREG_HSIOM_PORT_SEL4), 0x00000FFFu);
  73              		.loc 1 293 0
  74 0024 3D4A     		ldr	r2, .L2+16
  75 0026 3E4B     		ldr	r3, .L2+20
  76              	.LBE10:
 304:Generated_Source\PSoC4/cyfitter_cfg.c **** 	}
 305:Generated_Source\PSoC4/cyfitter_cfg.c **** 
 306:Generated_Source\PSoC4/cyfitter_cfg.c **** 	/* Perform second pass device configuration. These items must be configured in specific order afte
 307:Generated_Source\PSoC4/cyfitter_cfg.c **** 	/* IOPINS0_1 Starting address: CYDEV_GPIO_PRT1_BASE */
 308:Generated_Source\PSoC4/cyfitter_cfg.c **** 	CY_SET_REG32((void *)(CYREG_GPIO_PRT1_PC), 0x00180000u);
 309:Generated_Source\PSoC4/cyfitter_cfg.c **** 
 310:Generated_Source\PSoC4/cyfitter_cfg.c **** 	/* IOPINS0_3 Starting address: CYDEV_GPIO_PRT3_BASE */
 311:Generated_Source\PSoC4/cyfitter_cfg.c **** 	CY_SET_REG32((void *)(CYDEV_GPIO_PRT3_BASE), 0x00000003u);
  77              		.loc 1 311 0
  78 0028 0325     		movs	r5, #3
  79              	.LBB14:
 293:Generated_Source\PSoC4/cyfitter_cfg.c **** 		CY_SET_REG32((void *)(CYREG_HSIOM_PORT_SEL7), 0x00000099u);
  80              		.loc 1 293 0
  81 002a 1A60     		str	r2, [r3]
 294:Generated_Source\PSoC4/cyfitter_cfg.c **** 
  82              		.loc 1 294 0
  83 002c 9922     		movs	r2, #153
ARM GAS  C:\Users\AFDHAL~1\AppData\Local\Temp\ccKZTvML.s 			page 8


  84 002e 3D4B     		ldr	r3, .L2+24
  85              	.LBE14:
  86              	.LBB15:
  87              	.LBB16:
 179:Generated_Source\PSoC4/cyfitter_cfg.c **** 	/* CYDEV_CLK_ILO_CONFIG Starting address: CYDEV_CLK_ILO_CONFIG */
  88              		.loc 1 179 0
  89 0030 3020     		movs	r0, #48
  90              	.LBE16:
  91              	.LBE15:
  92              	.LBB19:
 294:Generated_Source\PSoC4/cyfitter_cfg.c **** 
  93              		.loc 1 294 0
  94 0032 1A60     		str	r2, [r3]
 297:Generated_Source\PSoC4/cyfitter_cfg.c **** 
  95              		.loc 1 297 0
  96 0034 9923     		movs	r3, #153
  97 0036 3C4A     		ldr	r2, .L2+28
  98 0038 1B04     		lsls	r3, r3, #16
  99 003a 1360     		str	r3, [r2]
 300:Generated_Source\PSoC4/cyfitter_cfg.c **** 
 100              		.loc 1 300 0
 101 003c 3B4A     		ldr	r2, .L2+32
 102              	.LBE19:
 103              	.LBB20:
 104              	.LBB17:
 191:Generated_Source\PSoC4/cyfitter_cfg.c **** 	CY_SET_REG32((void *)CYREG_PERI_DIV_CMD, 0x8000FF40u);
 105              		.loc 1 191 0
 106 003e 0024     		movs	r4, #0
 107              	.LBE17:
 108              	.LBE20:
 109              	.LBB21:
 300:Generated_Source\PSoC4/cyfitter_cfg.c **** 
 110              		.loc 1 300 0
 111 0040 1360     		str	r3, [r2]
 303:Generated_Source\PSoC4/cyfitter_cfg.c **** 	}
 112              		.loc 1 303 0
 113 0042 3B4A     		ldr	r2, .L2+36
 114              	.LBE21:
 312:Generated_Source\PSoC4/cyfitter_cfg.c **** 	CY_SET_REG32((void *)(CYREG_GPIO_PRT3_PC), 0x00000DB2u);
 313:Generated_Source\PSoC4/cyfitter_cfg.c **** 
 314:Generated_Source\PSoC4/cyfitter_cfg.c **** 	/* IOPINS0_4 Starting address: CYDEV_GPIO_PRT4_BASE */
 315:Generated_Source\PSoC4/cyfitter_cfg.c **** 	CY_SET_REG32((void *)(CYDEV_GPIO_PRT4_BASE), 0x00000005u);
 316:Generated_Source\PSoC4/cyfitter_cfg.c **** 	CY_SET_REG32((void *)(CYREG_GPIO_PRT4_PC), 0x0000ED8Eu);
 317:Generated_Source\PSoC4/cyfitter_cfg.c **** 	CY_SET_REG32((void *)(CYREG_GPIO_PRT4_PC2), 0x00000005u);
 318:Generated_Source\PSoC4/cyfitter_cfg.c **** 
 319:Generated_Source\PSoC4/cyfitter_cfg.c **** 	/* IOPINS0_6 Starting address: CYDEV_GPIO_PRT6_BASE */
 320:Generated_Source\PSoC4/cyfitter_cfg.c **** 	CY_SET_REG32((void *)(CYDEV_GPIO_PRT6_BASE), 0x00000020u);
 321:Generated_Source\PSoC4/cyfitter_cfg.c **** 	CY_SET_REG32((void *)(CYREG_GPIO_PRT6_PC), 0x00010000u);
 322:Generated_Source\PSoC4/cyfitter_cfg.c **** 
 323:Generated_Source\PSoC4/cyfitter_cfg.c **** 	/* IOPINS0_7 Starting address: CYDEV_GPIO_PRT7_BASE */
 324:Generated_Source\PSoC4/cyfitter_cfg.c **** 	CY_SET_REG32((void *)(CYDEV_GPIO_PRT7_BASE), 0x00000002u);
 325:Generated_Source\PSoC4/cyfitter_cfg.c **** 	CY_SET_REG32((void *)(CYREG_GPIO_PRT7_PC), 0x00000031u);
 326:Generated_Source\PSoC4/cyfitter_cfg.c **** 	CY_SET_REG32((void *)(CYREG_GPIO_PRT7_PC2), 0x00000002u);
 327:Generated_Source\PSoC4/cyfitter_cfg.c **** 
 328:Generated_Source\PSoC4/cyfitter_cfg.c **** 
 329:Generated_Source\PSoC4/cyfitter_cfg.c **** 	/* Setup clocks based on selections from Clock DWR */
 330:Generated_Source\PSoC4/cyfitter_cfg.c **** 	ClockSetup();
ARM GAS  C:\Users\AFDHAL~1\AppData\Local\Temp\ccKZTvML.s 			page 9


 331:Generated_Source\PSoC4/cyfitter_cfg.c **** 
 332:Generated_Source\PSoC4/cyfitter_cfg.c **** 	/* Perform basic analog initialization to defaults */
 333:Generated_Source\PSoC4/cyfitter_cfg.c **** 	AnalogSetDefault();
 334:Generated_Source\PSoC4/cyfitter_cfg.c **** 
 335:Generated_Source\PSoC4/cyfitter_cfg.c **** }
 115              		.loc 1 335 0
 116              		@ sp needed
 117              	.LBB22:
 303:Generated_Source\PSoC4/cyfitter_cfg.c **** 	}
 118              		.loc 1 303 0
 119 0044 1378     		ldrb	r3, [r2]
 120 0046 0B43     		orrs	r3, r1
 121 0048 1370     		strb	r3, [r2]
 122              	.LBE22:
 308:Generated_Source\PSoC4/cyfitter_cfg.c **** 
 123              		.loc 1 308 0
 124 004a C022     		movs	r2, #192
 125 004c 394B     		ldr	r3, .L2+40
 126 004e 5203     		lsls	r2, r2, #13
 127 0050 1A60     		str	r2, [r3]
 311:Generated_Source\PSoC4/cyfitter_cfg.c **** 	CY_SET_REG32((void *)(CYREG_GPIO_PRT3_PC), 0x00000DB2u);
 128              		.loc 1 311 0
 129 0052 394B     		ldr	r3, .L2+44
 312:Generated_Source\PSoC4/cyfitter_cfg.c **** 	CY_SET_REG32((void *)(CYREG_GPIO_PRT3_PC), 0x00000DB2u);
 130              		.loc 1 312 0
 131 0054 394A     		ldr	r2, .L2+48
 311:Generated_Source\PSoC4/cyfitter_cfg.c **** 	CY_SET_REG32((void *)(CYREG_GPIO_PRT3_PC), 0x00000DB2u);
 132              		.loc 1 311 0
 133 0056 1D60     		str	r5, [r3]
 312:Generated_Source\PSoC4/cyfitter_cfg.c **** 	CY_SET_REG32((void *)(CYREG_GPIO_PRT3_PC), 0x00000DB2u);
 134              		.loc 1 312 0
 135 0058 394B     		ldr	r3, .L2+52
 316:Generated_Source\PSoC4/cyfitter_cfg.c **** 	CY_SET_REG32((void *)(CYREG_GPIO_PRT4_PC2), 0x00000005u);
 136              		.loc 1 316 0
 137 005a 3A49     		ldr	r1, .L2+56
 312:Generated_Source\PSoC4/cyfitter_cfg.c **** 
 138              		.loc 1 312 0
 139 005c 1A60     		str	r2, [r3]
 315:Generated_Source\PSoC4/cyfitter_cfg.c **** 	CY_SET_REG32((void *)(CYREG_GPIO_PRT4_PC), 0x0000ED8Eu);
 140              		.loc 1 315 0
 141 005e 0523     		movs	r3, #5
 142 0060 394A     		ldr	r2, .L2+60
 143 0062 1360     		str	r3, [r2]
 316:Generated_Source\PSoC4/cyfitter_cfg.c **** 	CY_SET_REG32((void *)(CYREG_GPIO_PRT4_PC2), 0x00000005u);
 144              		.loc 1 316 0
 145 0064 394A     		ldr	r2, .L2+64
 146 0066 1160     		str	r1, [r2]
 317:Generated_Source\PSoC4/cyfitter_cfg.c **** 
 147              		.loc 1 317 0
 148 0068 394A     		ldr	r2, .L2+68
 325:Generated_Source\PSoC4/cyfitter_cfg.c **** 	CY_SET_REG32((void *)(CYREG_GPIO_PRT7_PC2), 0x00000002u);
 149              		.loc 1 325 0
 150 006a 3121     		movs	r1, #49
 317:Generated_Source\PSoC4/cyfitter_cfg.c **** 
 151              		.loc 1 317 0
 152 006c 1360     		str	r3, [r2]
 320:Generated_Source\PSoC4/cyfitter_cfg.c **** 	CY_SET_REG32((void *)(CYREG_GPIO_PRT6_PC), 0x00010000u);
ARM GAS  C:\Users\AFDHAL~1\AppData\Local\Temp\ccKZTvML.s 			page 10


 153              		.loc 1 320 0
 154 006e 2022     		movs	r2, #32
 155 0070 384B     		ldr	r3, .L2+72
 156 0072 1A60     		str	r2, [r3]
 321:Generated_Source\PSoC4/cyfitter_cfg.c **** 
 157              		.loc 1 321 0
 158 0074 8022     		movs	r2, #128
 159 0076 384B     		ldr	r3, .L2+76
 160 0078 5202     		lsls	r2, r2, #9
 161 007a 1A60     		str	r2, [r3]
 324:Generated_Source\PSoC4/cyfitter_cfg.c **** 	CY_SET_REG32((void *)(CYREG_GPIO_PRT7_PC), 0x00000031u);
 162              		.loc 1 324 0
 163 007c 0223     		movs	r3, #2
 164 007e 374A     		ldr	r2, .L2+80
 165 0080 1360     		str	r3, [r2]
 325:Generated_Source\PSoC4/cyfitter_cfg.c **** 	CY_SET_REG32((void *)(CYREG_GPIO_PRT7_PC2), 0x00000002u);
 166              		.loc 1 325 0
 167 0082 374A     		ldr	r2, .L2+84
 168 0084 1160     		str	r1, [r2]
 326:Generated_Source\PSoC4/cyfitter_cfg.c **** 
 169              		.loc 1 326 0
 170 0086 374A     		ldr	r2, .L2+88
 171 0088 1360     		str	r3, [r2]
 172              	.LBB23:
 173              	.LBB18:
 177:Generated_Source\PSoC4/cyfitter_cfg.c **** 	/* Setup and trim IMO based on desired frequency. */
 174              		.loc 1 177 0
 175 008a 1222     		movs	r2, #18
 176 008c 364B     		ldr	r3, .L2+92
 177 008e 1A60     		str	r2, [r3]
 179:Generated_Source\PSoC4/cyfitter_cfg.c **** 	/* CYDEV_CLK_ILO_CONFIG Starting address: CYDEV_CLK_ILO_CONFIG */
 178              		.loc 1 179 0
 179 0090 FFF7FEFF 		bl	CySysClkWriteImoFreq
 180              	.LVL3:
 181:Generated_Source\PSoC4/cyfitter_cfg.c **** 
 181              		.loc 1 181 0
 182 0094 354A     		ldr	r2, .L2+96
 183 0096 364B     		ldr	r3, .L2+100
 187:Generated_Source\PSoC4/cyfitter_cfg.c **** 	CY_SET_REG32((void *)CYREG_PERI_DIV_CMD, 0x8000FF42u);
 184              		.loc 1 187 0
 185 0098 3649     		ldr	r1, .L2+104
 181:Generated_Source\PSoC4/cyfitter_cfg.c **** 
 186              		.loc 1 181 0
 187 009a 1A60     		str	r2, [r3]
 185:Generated_Source\PSoC4/cyfitter_cfg.c **** 	CY_SET_REG32((void *)CYREG_PERI_DIV_CMD, 0x8000FF41u);
 188              		.loc 1 185 0
 189 009c BC22     		movs	r2, #188
 190 009e 364B     		ldr	r3, .L2+108
 191 00a0 9201     		lsls	r2, r2, #6
 192 00a2 1A60     		str	r2, [r3]
 186:Generated_Source\PSoC4/cyfitter_cfg.c **** 	CY_SET_REG32((void *)CYREG_PERI_DIV_16_CTL2, 0x0001A000u);
 193              		.loc 1 186 0
 194 00a4 354B     		ldr	r3, .L2+112
 195 00a6 364A     		ldr	r2, .L2+116
 212:Generated_Source\PSoC4/cyfitter_cfg.c **** 	CyIntEnable(7u);
 196              		.loc 1 212 0
 197 00a8 0720     		movs	r0, #7
ARM GAS  C:\Users\AFDHAL~1\AppData\Local\Temp\ccKZTvML.s 			page 11


 186:Generated_Source\PSoC4/cyfitter_cfg.c **** 	CY_SET_REG32((void *)CYREG_PERI_DIV_16_CTL2, 0x0001A000u);
 198              		.loc 1 186 0
 199 00aa 1A60     		str	r2, [r3]
 187:Generated_Source\PSoC4/cyfitter_cfg.c **** 	CY_SET_REG32((void *)CYREG_PERI_DIV_CMD, 0x8000FF42u);
 200              		.loc 1 187 0
 201 00ac D022     		movs	r2, #208
 202 00ae 5202     		lsls	r2, r2, #9
 203 00b0 0A60     		str	r2, [r1]
 188:Generated_Source\PSoC4/cyfitter_cfg.c **** 	CY_SET_REG32((void *)CYREG_PERI_DIV_16_CTL3, 0x0001A000u);
 204              		.loc 1 188 0
 205 00b2 3449     		ldr	r1, .L2+120
 206 00b4 1960     		str	r1, [r3]
 189:Generated_Source\PSoC4/cyfitter_cfg.c **** 	CY_SET_REG32((void *)CYREG_PERI_DIV_CMD, 0x8000FF43u);
 207              		.loc 1 189 0
 208 00b6 3449     		ldr	r1, .L2+124
 209 00b8 0A60     		str	r2, [r1]
 190:Generated_Source\PSoC4/cyfitter_cfg.c **** 	CY_SET_REG32((void *)CYREG_PERI_DIV_16_CTL0, 0x00000000u);
 210              		.loc 1 190 0
 211 00ba 344A     		ldr	r2, .L2+128
 212:Generated_Source\PSoC4/cyfitter_cfg.c **** 	CyIntEnable(7u);
 212              		.loc 1 212 0
 213 00bc 3449     		ldr	r1, .L2+132
 190:Generated_Source\PSoC4/cyfitter_cfg.c **** 	CY_SET_REG32((void *)CYREG_PERI_DIV_16_CTL0, 0x00000000u);
 214              		.loc 1 190 0
 215 00be 1A60     		str	r2, [r3]
 191:Generated_Source\PSoC4/cyfitter_cfg.c **** 	CY_SET_REG32((void *)CYREG_PERI_DIV_CMD, 0x8000FF40u);
 216              		.loc 1 191 0
 217 00c0 344A     		ldr	r2, .L2+136
 218 00c2 1460     		str	r4, [r2]
 192:Generated_Source\PSoC4/cyfitter_cfg.c **** 
 219              		.loc 1 192 0
 220 00c4 344A     		ldr	r2, .L2+140
 221 00c6 1A60     		str	r2, [r3]
 195:Generated_Source\PSoC4/cyfitter_cfg.c **** 
 222              		.loc 1 195 0
 223 00c8 8022     		movs	r2, #128
 224 00ca 344B     		ldr	r3, .L2+144
 225 00cc 1206     		lsls	r2, r2, #24
 226 00ce 1A60     		str	r2, [r3]
 198:Generated_Source\PSoC4/cyfitter_cfg.c **** 
 227              		.loc 1 198 0
 228 00d0 8022     		movs	r2, #128
 229 00d2 334B     		ldr	r3, .L2+148
 230 00d4 D202     		lsls	r2, r2, #11
 231 00d6 1A60     		str	r2, [r3]
 201:Generated_Source\PSoC4/cyfitter_cfg.c **** 
 232              		.loc 1 201 0
 233 00d8 4122     		movs	r2, #65
 234 00da 324B     		ldr	r3, .L2+152
 235 00dc 1A60     		str	r2, [r3]
 204:Generated_Source\PSoC4/cyfitter_cfg.c **** 
 236              		.loc 1 204 0
 237 00de 324B     		ldr	r3, .L2+156
 238 00e0 0132     		adds	r2, r2, #1
 239 00e2 1A60     		str	r2, [r3]
 207:Generated_Source\PSoC4/cyfitter_cfg.c **** 
 240              		.loc 1 207 0
ARM GAS  C:\Users\AFDHAL~1\AppData\Local\Temp\ccKZTvML.s 			page 12


 241 00e4 314B     		ldr	r3, .L2+160
 242 00e6 0132     		adds	r2, r2, #1
 243 00e8 1A60     		str	r2, [r3]
 210:Generated_Source\PSoC4/cyfitter_cfg.c **** 
 244              		.loc 1 210 0
 245 00ea 314B     		ldr	r3, .L2+164
 246 00ec 033A     		subs	r2, r2, #3
 247 00ee 1A60     		str	r2, [r3]
 212:Generated_Source\PSoC4/cyfitter_cfg.c **** 	CyIntEnable(7u);
 248              		.loc 1 212 0
 249 00f0 FFF7FEFF 		bl	CyIntSetVector
 250              	.LVL4:
 213:Generated_Source\PSoC4/cyfitter_cfg.c **** 	CY_SET_REG32((void *)(CYREG_WDT_CONFIG), 0x00000000u);
 251              		.loc 1 213 0
 252 00f4 0720     		movs	r0, #7
 253 00f6 FFF7FEFF 		bl	CyIntEnable
 254              	.LVL5:
 214:Generated_Source\PSoC4/cyfitter_cfg.c **** }
 255              		.loc 1 214 0
 256 00fa 2E4B     		ldr	r3, .L2+168
 257 00fc 1C60     		str	r4, [r3]
 258              	.LBE18:
 259              	.LBE23:
 260              	.LBB24:
 261              	.LBB25:
 239:Generated_Source\PSoC4/cyfitter_cfg.c **** 	CY_SET_XTND_REG32((void CYFAR *)CYREG_CTBM1_DFT_CTRL, 0x00000003u);
 262              		.loc 1 239 0
 263 00fe 2E4B     		ldr	r3, .L2+172
 264 0100 1D60     		str	r5, [r3]
 240:Generated_Source\PSoC4/cyfitter_cfg.c **** 	CY_SET_XTND_REG32((void CYFAR *)CYREG_PASS_DSAB_DSAB_CTRL, 0x00000000u);
 265              		.loc 1 240 0
 266 0102 2E4B     		ldr	r3, .L2+176
 267 0104 1D60     		str	r5, [r3]
 241:Generated_Source\PSoC4/cyfitter_cfg.c **** }
 268              		.loc 1 241 0
 269 0106 2E4B     		ldr	r3, .L2+180
 270 0108 1C60     		str	r4, [r3]
 271              	.LBE25:
 272              	.LBE24:
 273              		.loc 1 335 0
 274 010a 70BD     		pop	{r4, r5, r6, pc}
 275              	.L3:
 276              		.align	2
 277              	.L2:
 278 010c 00300F40 		.word	1074737152
 279 0110 00400F40 		.word	1074741248
 280 0114 99EE0000 		.word	61081
 281 0118 00030240 		.word	1073873664
 282 011c FF0F0000 		.word	4095
 283 0120 00040240 		.word	1073873920
 284 0124 00070240 		.word	1073874688
 285 0128 10500F40 		.word	1074745360
 286 012c 30500F40 		.word	1074745392
 287 0130 00700F40 		.word	1074753536
 288 0134 08010440 		.word	1074004232
 289 0138 00030440 		.word	1074004736
 290 013c B20D0000 		.word	3506
ARM GAS  C:\Users\AFDHAL~1\AppData\Local\Temp\ccKZTvML.s 			page 13


 291 0140 08030440 		.word	1074004744
 292 0144 8EED0000 		.word	60814
 293 0148 00040440 		.word	1074004992
 294 014c 08040440 		.word	1074005000
 295 0150 18040440 		.word	1074005016
 296 0154 00060440 		.word	1074005504
 297 0158 08060440 		.word	1074005512
 298 015c 00070440 		.word	1074005760
 299 0160 08070440 		.word	1074005768
 300 0164 18070440 		.word	1074005784
 301 0168 30001040 		.word	1074790448
 302 016c 06000080 		.word	-2147483642
 303 0170 04010B40 		.word	1074462980
 304 0174 08030140 		.word	1073808136
 305 0178 04030140 		.word	1073808132
 306 017c 00000140 		.word	1073807360
 307 0180 41FF0080 		.word	-2147418303
 308 0184 42FF0080 		.word	-2147418302
 309 0188 0C030140 		.word	1073808140
 310 018c 43FF0080 		.word	-2147418301
 311 0190 00000000 		.word	CySysWdtIsr
 312 0194 00030140 		.word	1073808128
 313 0198 40FF0080 		.word	-2147418304
 314 019c 08010B40 		.word	1074462984
 315 01a0 00010B40 		.word	1074462976
 316 01a4 2C010140 		.word	1073807660
 317 01a8 14010140 		.word	1073807636
 318 01ac 0C010140 		.word	1073807628
 319 01b0 08010140 		.word	1073807624
 320 01b4 0C020B40 		.word	1074463244
 321 01b8 30003040 		.word	1076887600
 322 01bc 30003140 		.word	1076953136
 323 01c0 000E3F40 		.word	1077874176
 324              		.cfi_endproc
 325              	.LFE6:
 326              		.size	cyfitter_cfg, .-cyfitter_cfg
 327              		.text
 328              	.Letext0:
 329              		.file 2 "c:\\program files (x86)\\cypress\\psoc creator\\4.1\\psoc creator\\import\\gnu\\arm\\5.4.
 330              		.file 3 "Generated_Source\\PSoC4\\cytypes.h"
 331              		.file 4 "Generated_Source\\PSoC4\\CyLib.h"
 332              		.section	.debug_info,"",%progbits
 333              	.Ldebug_info0:
 334 0000 A6020000 		.4byte	0x2a6
 335 0004 0400     		.2byte	0x4
 336 0006 00000000 		.4byte	.Ldebug_abbrev0
 337 000a 04       		.byte	0x4
 338 000b 01       		.uleb128 0x1
 339 000c E0010000 		.4byte	.LASF29
 340 0010 0C       		.byte	0xc
 341 0011 BA010000 		.4byte	.LASF30
 342 0015 20010000 		.4byte	.LASF31
 343 0019 50000000 		.4byte	.Ldebug_ranges0+0x50
 344 001d 00000000 		.4byte	0
 345 0021 00000000 		.4byte	.Ldebug_line0
 346 0025 02       		.uleb128 0x2
 347 0026 04       		.byte	0x4
ARM GAS  C:\Users\AFDHAL~1\AppData\Local\Temp\ccKZTvML.s 			page 14


 348 0027 05       		.byte	0x5
 349 0028 696E7400 		.ascii	"int\000"
 350 002c 03       		.uleb128 0x3
 351 002d 06000000 		.4byte	.LASF12
 352 0031 02       		.byte	0x2
 353 0032 D8       		.byte	0xd8
 354 0033 37000000 		.4byte	0x37
 355 0037 04       		.uleb128 0x4
 356 0038 04       		.byte	0x4
 357 0039 07       		.byte	0x7
 358 003a C3000000 		.4byte	.LASF0
 359 003e 04       		.uleb128 0x4
 360 003f 08       		.byte	0x8
 361 0040 05       		.byte	0x5
 362 0041 12010000 		.4byte	.LASF1
 363 0045 04       		.uleb128 0x4
 364 0046 08       		.byte	0x8
 365 0047 04       		.byte	0x4
 366 0048 A2010000 		.4byte	.LASF2
 367 004c 04       		.uleb128 0x4
 368 004d 01       		.byte	0x1
 369 004e 06       		.byte	0x6
 370 004f AE010000 		.4byte	.LASF3
 371 0053 04       		.uleb128 0x4
 372 0054 01       		.byte	0x1
 373 0055 08       		.byte	0x8
 374 0056 8D000000 		.4byte	.LASF4
 375 005a 04       		.uleb128 0x4
 376 005b 02       		.byte	0x2
 377 005c 05       		.byte	0x5
 378 005d 7A010000 		.4byte	.LASF5
 379 0061 04       		.uleb128 0x4
 380 0062 02       		.byte	0x2
 381 0063 07       		.byte	0x7
 382 0064 48000000 		.4byte	.LASF6
 383 0068 04       		.uleb128 0x4
 384 0069 04       		.byte	0x4
 385 006a 05       		.byte	0x5
 386 006b 99010000 		.4byte	.LASF7
 387 006f 04       		.uleb128 0x4
 388 0070 04       		.byte	0x4
 389 0071 07       		.byte	0x7
 390 0072 6B000000 		.4byte	.LASF8
 391 0076 04       		.uleb128 0x4
 392 0077 08       		.byte	0x8
 393 0078 07       		.byte	0x7
 394 0079 E5000000 		.4byte	.LASF9
 395 007d 04       		.uleb128 0x4
 396 007e 04       		.byte	0x4
 397 007f 07       		.byte	0x7
 398 0080 09010000 		.4byte	.LASF10
 399 0084 05       		.uleb128 0x5
 400 0085 04       		.byte	0x4
 401 0086 04       		.uleb128 0x4
 402 0087 01       		.byte	0x1
 403 0088 08       		.byte	0x8
 404 0089 75010000 		.4byte	.LASF11
ARM GAS  C:\Users\AFDHAL~1\AppData\Local\Temp\ccKZTvML.s 			page 15


 405 008d 06       		.uleb128 0x6
 406 008e 7D000000 		.4byte	.LASF13
 407 0092 03       		.byte	0x3
 408 0093 D201     		.2byte	0x1d2
 409 0095 53000000 		.4byte	0x53
 410 0099 06       		.uleb128 0x6
 411 009a B5000000 		.4byte	.LASF14
 412 009e 03       		.byte	0x3
 413 009f D301     		.2byte	0x1d3
 414 00a1 61000000 		.4byte	0x61
 415 00a5 06       		.uleb128 0x6
 416 00a6 BC000000 		.4byte	.LASF15
 417 00aa 03       		.byte	0x3
 418 00ab D401     		.2byte	0x1d4
 419 00ad 6F000000 		.4byte	0x6f
 420 00b1 04       		.uleb128 0x4
 421 00b2 04       		.byte	0x4
 422 00b3 04       		.byte	0x4
 423 00b4 5B000000 		.4byte	.LASF16
 424 00b8 04       		.uleb128 0x4
 425 00b9 08       		.byte	0x8
 426 00ba 04       		.byte	0x4
 427 00bb A2000000 		.4byte	.LASF17
 428 00bf 06       		.uleb128 0x6
 429 00c0 66000000 		.4byte	.LASF18
 430 00c4 03       		.byte	0x3
 431 00c5 7C02     		.2byte	0x27c
 432 00c7 CB000000 		.4byte	0xcb
 433 00cb 07       		.uleb128 0x7
 434 00cc 8D000000 		.4byte	0x8d
 435 00d0 06       		.uleb128 0x6
 436 00d1 00000000 		.4byte	.LASF19
 437 00d5 03       		.byte	0x3
 438 00d6 7E02     		.2byte	0x27e
 439 00d8 DC000000 		.4byte	0xdc
 440 00dc 07       		.uleb128 0x7
 441 00dd A5000000 		.4byte	0xa5
 442 00e1 08       		.uleb128 0x8
 443 00e2 83000000 		.4byte	.LASF32
 444 00e6 01       		.byte	0x1
 445 00e7 4C       		.byte	0x4c
 446 00e8 01       		.byte	0x1
 447 00e9 00010000 		.4byte	0x100
 448 00ed 09       		.uleb128 0x9
 449 00ee 7300     		.ascii	"s\000"
 450 00f0 01       		.byte	0x1
 451 00f1 4C       		.byte	0x4c
 452 00f2 84000000 		.4byte	0x84
 453 00f6 09       		.uleb128 0x9
 454 00f7 6E00     		.ascii	"n\000"
 455 00f9 01       		.byte	0x1
 456 00fa 4C       		.byte	0x4c
 457 00fb 2C000000 		.4byte	0x2c
 458 00ff 00       		.byte	0
 459 0100 0A       		.uleb128 0xa
 460 0101 0D000000 		.4byte	.LASF20
 461 0105 01       		.byte	0x1
ARM GAS  C:\Users\AFDHAL~1\AppData\Local\Temp\ccKZTvML.s 			page 16


 462 0106 ED       		.byte	0xed
 463 0107 01       		.byte	0x1
 464 0108 0A       		.uleb128 0xa
 465 0109 3D000000 		.4byte	.LASF21
 466 010d 01       		.byte	0x1
 467 010e AD       		.byte	0xad
 468 010f 01       		.byte	0x1
 469 0110 0B       		.uleb128 0xb
 470 0111 D0000000 		.4byte	.LASF33
 471 0115 01       		.byte	0x1
 472 0116 0801     		.2byte	0x108
 473 0118 00000000 		.4byte	.LFB6
 474 011c C4010000 		.4byte	.LFE6-.LFB6
 475 0120 01       		.uleb128 0x1
 476 0121 9C       		.byte	0x9c
 477 0122 7F020000 		.4byte	0x27f
 478 0126 0C       		.uleb128 0xc
 479 0127 00000000 		.4byte	.Ldebug_ranges0+0
 480 012b 23020000 		.4byte	0x223
 481 012f 0D       		.uleb128 0xd
 482 0130 06       		.byte	0x6
 483 0131 01       		.byte	0x1
 484 0132 0F01     		.2byte	0x10f
 485 0134 53010000 		.4byte	0x153
 486 0138 0E       		.uleb128 0xe
 487 0139 DD000000 		.4byte	.LASF22
 488 013d 01       		.byte	0x1
 489 013e 1001     		.2byte	0x110
 490 0140 84000000 		.4byte	0x84
 491 0144 00       		.byte	0
 492 0145 0E       		.uleb128 0xe
 493 0146 61000000 		.4byte	.LASF23
 494 014a 01       		.byte	0x1
 495 014b 1101     		.2byte	0x111
 496 014d 99000000 		.4byte	0x99
 497 0151 04       		.byte	0x4
 498 0152 00       		.byte	0
 499 0153 06       		.uleb128 0x6
 500 0154 FC000000 		.4byte	.LASF24
 501 0158 01       		.byte	0x1
 502 0159 1201     		.2byte	0x112
 503 015b 2F010000 		.4byte	0x12f
 504 015f 0F       		.uleb128 0xf
 505 0160 6F010000 		.4byte	0x16f
 506 0164 6F010000 		.4byte	0x16f
 507 0168 10       		.uleb128 0x10
 508 0169 7D000000 		.4byte	0x7d
 509 016d 01       		.byte	0x1
 510 016e 00       		.byte	0
 511 016f 11       		.uleb128 0x11
 512 0170 53010000 		.4byte	0x153
 513 0174 12       		.uleb128 0x12
 514 0175 2D000000 		.4byte	.LASF25
 515 0179 01       		.byte	0x1
 516 017a 1401     		.2byte	0x114
 517 017c 8D010000 		.4byte	0x18d
 518 0180 0C       		.byte	0xc
ARM GAS  C:\Users\AFDHAL~1\AppData\Local\Temp\ccKZTvML.s 			page 17


 519 0181 00       		.byte	0
 520 0182 30       		.byte	0x30
 521 0183 0F       		.byte	0xf
 522 0184 40       		.byte	0x40
 523 0185 00       		.byte	0
 524 0186 04       		.byte	0x4
 525 0187 00       		.byte	0
 526 0188 40       		.byte	0x40
 527 0189 0F       		.byte	0xf
 528 018a 40       		.byte	0x40
 529 018b 00       		.byte	0
 530 018c 04       		.byte	0x4
 531 018d 11       		.uleb128 0x11
 532 018e 5F010000 		.4byte	0x15f
 533 0192 13       		.uleb128 0x13
 534 0193 6900     		.ascii	"i\000"
 535 0195 01       		.byte	0x1
 536 0196 1A01     		.2byte	0x11a
 537 0198 8D000000 		.4byte	0x8d
 538 019c 00000000 		.4byte	.LLST0
 539 01a0 14       		.uleb128 0x14
 540 01a1 04000000 		.4byte	.LBB11
 541 01a5 18000000 		.4byte	.LBE11-.LBB11
 542 01a9 13       		.uleb128 0x13
 543 01aa 6D7300   		.ascii	"ms\000"
 544 01ad 01       		.byte	0x1
 545 01ae 1F01     		.2byte	0x11f
 546 01b0 B8010000 		.4byte	0x1b8
 547 01b4 2C000000 		.4byte	.LLST1
 548 01b8 15       		.uleb128 0x15
 549 01b9 04       		.byte	0x4
 550 01ba 6F010000 		.4byte	0x16f
 551 01be 16       		.uleb128 0x16
 552 01bf E1000000 		.4byte	0xe1
 553 01c3 04000000 		.4byte	.LBB12
 554 01c7 18000000 		.4byte	.LBE12-.LBB12
 555 01cb 01       		.byte	0x1
 556 01cc 2001     		.2byte	0x120
 557 01ce 17       		.uleb128 0x17
 558 01cf F6000000 		.4byte	0xf6
 559 01d3 54000000 		.4byte	.LLST2
 560 01d7 17       		.uleb128 0x17
 561 01d8 ED000000 		.4byte	0xed
 562 01dc 6A000000 		.4byte	.LLST3
 563 01e0 18       		.uleb128 0x18
 564 01e1 12000000 		.4byte	.LVL1
 565 01e5 7F020000 		.4byte	0x27f
 566 01e9 02020000 		.4byte	0x202
 567 01ed 19       		.uleb128 0x19
 568 01ee 01       		.uleb128 0x1
 569 01ef 50       		.byte	0x50
 570 01f0 05       		.uleb128 0x5
 571 01f1 0C       		.byte	0xc
 572 01f2 00300F40 		.4byte	0x400f3000
 573 01f6 19       		.uleb128 0x19
 574 01f7 01       		.uleb128 0x1
 575 01f8 51       		.byte	0x51
ARM GAS  C:\Users\AFDHAL~1\AppData\Local\Temp\ccKZTvML.s 			page 18


 576 01f9 01       		.uleb128 0x1
 577 01fa 30       		.byte	0x30
 578 01fb 19       		.uleb128 0x19
 579 01fc 01       		.uleb128 0x1
 580 01fd 52       		.byte	0x52
 581 01fe 02       		.uleb128 0x2
 582 01ff 74       		.byte	0x74
 583 0200 00       		.sleb128 0
 584 0201 00       		.byte	0
 585 0202 1A       		.uleb128 0x1a
 586 0203 1C000000 		.4byte	.LVL2
 587 0207 7F020000 		.4byte	0x27f
 588 020b 19       		.uleb128 0x19
 589 020c 01       		.uleb128 0x1
 590 020d 50       		.byte	0x50
 591 020e 05       		.uleb128 0x5
 592 020f 0C       		.byte	0xc
 593 0210 00400F40 		.4byte	0x400f4000
 594 0214 19       		.uleb128 0x19
 595 0215 01       		.uleb128 0x1
 596 0216 51       		.byte	0x51
 597 0217 01       		.uleb128 0x1
 598 0218 30       		.byte	0x30
 599 0219 19       		.uleb128 0x19
 600 021a 01       		.uleb128 0x1
 601 021b 52       		.byte	0x52
 602 021c 02       		.uleb128 0x2
 603 021d 74       		.byte	0x74
 604 021e 00       		.sleb128 0
 605 021f 00       		.byte	0
 606 0220 00       		.byte	0
 607 0221 00       		.byte	0
 608 0222 00       		.byte	0
 609 0223 1B       		.uleb128 0x1b
 610 0224 08010000 		.4byte	0x108
 611 0228 30000000 		.4byte	.LBB15
 612 022c 30000000 		.4byte	.Ldebug_ranges0+0x30
 613 0230 01       		.byte	0x1
 614 0231 4A01     		.2byte	0x14a
 615 0233 6E020000 		.4byte	0x26e
 616 0237 18       		.uleb128 0x18
 617 0238 94000000 		.4byte	.LVL3
 618 023c 88020000 		.4byte	0x288
 619 0240 4B020000 		.4byte	0x24b
 620 0244 19       		.uleb128 0x19
 621 0245 01       		.uleb128 0x1
 622 0246 50       		.byte	0x50
 623 0247 02       		.uleb128 0x2
 624 0248 08       		.byte	0x8
 625 0249 30       		.byte	0x30
 626 024a 00       		.byte	0
 627 024b 18       		.uleb128 0x18
 628 024c F4000000 		.4byte	.LVL4
 629 0250 93020000 		.4byte	0x293
 630 0254 5E020000 		.4byte	0x25e
 631 0258 19       		.uleb128 0x19
 632 0259 01       		.uleb128 0x1
ARM GAS  C:\Users\AFDHAL~1\AppData\Local\Temp\ccKZTvML.s 			page 19


 633 025a 50       		.byte	0x50
 634 025b 01       		.uleb128 0x1
 635 025c 37       		.byte	0x37
 636 025d 00       		.byte	0
 637 025e 1A       		.uleb128 0x1a
 638 025f FA000000 		.4byte	.LVL5
 639 0263 9E020000 		.4byte	0x29e
 640 0267 19       		.uleb128 0x19
 641 0268 01       		.uleb128 0x1
 642 0269 50       		.byte	0x50
 643 026a 01       		.uleb128 0x1
 644 026b 37       		.byte	0x37
 645 026c 00       		.byte	0
 646 026d 00       		.byte	0
 647 026e 1C       		.uleb128 0x1c
 648 026f 00010000 		.4byte	0x100
 649 0273 FE000000 		.4byte	.LBB24
 650 0277 0C000000 		.4byte	.LBE24-.LBB24
 651 027b 01       		.byte	0x1
 652 027c 4D01     		.2byte	0x14d
 653 027e 00       		.byte	0
 654 027f 1D       		.uleb128 0x1d
 655 0280 9B000000 		.4byte	.LASF34
 656 0284 9B000000 		.4byte	.LASF34
 657 0288 1E       		.uleb128 0x1e
 658 0289 84010000 		.4byte	.LASF26
 659 028d 84010000 		.4byte	.LASF26
 660 0291 04       		.byte	0x4
 661 0292 6C       		.byte	0x6c
 662 0293 1E       		.uleb128 0x1e
 663 0294 1E000000 		.4byte	.LASF27
 664 0298 1E000000 		.4byte	.LASF27
 665 029c 04       		.byte	0x4
 666 029d BD       		.byte	0xbd
 667 029e 1E       		.uleb128 0x1e
 668 029f A9000000 		.4byte	.LASF28
 669 02a3 A9000000 		.4byte	.LASF28
 670 02a7 04       		.byte	0x4
 671 02a8 C3       		.byte	0xc3
 672 02a9 00       		.byte	0
 673              		.section	.debug_abbrev,"",%progbits
 674              	.Ldebug_abbrev0:
 675 0000 01       		.uleb128 0x1
 676 0001 11       		.uleb128 0x11
 677 0002 01       		.byte	0x1
 678 0003 25       		.uleb128 0x25
 679 0004 0E       		.uleb128 0xe
 680 0005 13       		.uleb128 0x13
 681 0006 0B       		.uleb128 0xb
 682 0007 03       		.uleb128 0x3
 683 0008 0E       		.uleb128 0xe
 684 0009 1B       		.uleb128 0x1b
 685 000a 0E       		.uleb128 0xe
 686 000b 55       		.uleb128 0x55
 687 000c 17       		.uleb128 0x17
 688 000d 11       		.uleb128 0x11
 689 000e 01       		.uleb128 0x1
ARM GAS  C:\Users\AFDHAL~1\AppData\Local\Temp\ccKZTvML.s 			page 20


 690 000f 10       		.uleb128 0x10
 691 0010 17       		.uleb128 0x17
 692 0011 00       		.byte	0
 693 0012 00       		.byte	0
 694 0013 02       		.uleb128 0x2
 695 0014 24       		.uleb128 0x24
 696 0015 00       		.byte	0
 697 0016 0B       		.uleb128 0xb
 698 0017 0B       		.uleb128 0xb
 699 0018 3E       		.uleb128 0x3e
 700 0019 0B       		.uleb128 0xb
 701 001a 03       		.uleb128 0x3
 702 001b 08       		.uleb128 0x8
 703 001c 00       		.byte	0
 704 001d 00       		.byte	0
 705 001e 03       		.uleb128 0x3
 706 001f 16       		.uleb128 0x16
 707 0020 00       		.byte	0
 708 0021 03       		.uleb128 0x3
 709 0022 0E       		.uleb128 0xe
 710 0023 3A       		.uleb128 0x3a
 711 0024 0B       		.uleb128 0xb
 712 0025 3B       		.uleb128 0x3b
 713 0026 0B       		.uleb128 0xb
 714 0027 49       		.uleb128 0x49
 715 0028 13       		.uleb128 0x13
 716 0029 00       		.byte	0
 717 002a 00       		.byte	0
 718 002b 04       		.uleb128 0x4
 719 002c 24       		.uleb128 0x24
 720 002d 00       		.byte	0
 721 002e 0B       		.uleb128 0xb
 722 002f 0B       		.uleb128 0xb
 723 0030 3E       		.uleb128 0x3e
 724 0031 0B       		.uleb128 0xb
 725 0032 03       		.uleb128 0x3
 726 0033 0E       		.uleb128 0xe
 727 0034 00       		.byte	0
 728 0035 00       		.byte	0
 729 0036 05       		.uleb128 0x5
 730 0037 0F       		.uleb128 0xf
 731 0038 00       		.byte	0
 732 0039 0B       		.uleb128 0xb
 733 003a 0B       		.uleb128 0xb
 734 003b 00       		.byte	0
 735 003c 00       		.byte	0
 736 003d 06       		.uleb128 0x6
 737 003e 16       		.uleb128 0x16
 738 003f 00       		.byte	0
 739 0040 03       		.uleb128 0x3
 740 0041 0E       		.uleb128 0xe
 741 0042 3A       		.uleb128 0x3a
 742 0043 0B       		.uleb128 0xb
 743 0044 3B       		.uleb128 0x3b
 744 0045 05       		.uleb128 0x5
 745 0046 49       		.uleb128 0x49
 746 0047 13       		.uleb128 0x13
ARM GAS  C:\Users\AFDHAL~1\AppData\Local\Temp\ccKZTvML.s 			page 21


 747 0048 00       		.byte	0
 748 0049 00       		.byte	0
 749 004a 07       		.uleb128 0x7
 750 004b 35       		.uleb128 0x35
 751 004c 00       		.byte	0
 752 004d 49       		.uleb128 0x49
 753 004e 13       		.uleb128 0x13
 754 004f 00       		.byte	0
 755 0050 00       		.byte	0
 756 0051 08       		.uleb128 0x8
 757 0052 2E       		.uleb128 0x2e
 758 0053 01       		.byte	0x1
 759 0054 03       		.uleb128 0x3
 760 0055 0E       		.uleb128 0xe
 761 0056 3A       		.uleb128 0x3a
 762 0057 0B       		.uleb128 0xb
 763 0058 3B       		.uleb128 0x3b
 764 0059 0B       		.uleb128 0xb
 765 005a 27       		.uleb128 0x27
 766 005b 19       		.uleb128 0x19
 767 005c 20       		.uleb128 0x20
 768 005d 0B       		.uleb128 0xb
 769 005e 01       		.uleb128 0x1
 770 005f 13       		.uleb128 0x13
 771 0060 00       		.byte	0
 772 0061 00       		.byte	0
 773 0062 09       		.uleb128 0x9
 774 0063 05       		.uleb128 0x5
 775 0064 00       		.byte	0
 776 0065 03       		.uleb128 0x3
 777 0066 08       		.uleb128 0x8
 778 0067 3A       		.uleb128 0x3a
 779 0068 0B       		.uleb128 0xb
 780 0069 3B       		.uleb128 0x3b
 781 006a 0B       		.uleb128 0xb
 782 006b 49       		.uleb128 0x49
 783 006c 13       		.uleb128 0x13
 784 006d 00       		.byte	0
 785 006e 00       		.byte	0
 786 006f 0A       		.uleb128 0xa
 787 0070 2E       		.uleb128 0x2e
 788 0071 00       		.byte	0
 789 0072 03       		.uleb128 0x3
 790 0073 0E       		.uleb128 0xe
 791 0074 3A       		.uleb128 0x3a
 792 0075 0B       		.uleb128 0xb
 793 0076 3B       		.uleb128 0x3b
 794 0077 0B       		.uleb128 0xb
 795 0078 27       		.uleb128 0x27
 796 0079 19       		.uleb128 0x19
 797 007a 20       		.uleb128 0x20
 798 007b 0B       		.uleb128 0xb
 799 007c 00       		.byte	0
 800 007d 00       		.byte	0
 801 007e 0B       		.uleb128 0xb
 802 007f 2E       		.uleb128 0x2e
 803 0080 01       		.byte	0x1
ARM GAS  C:\Users\AFDHAL~1\AppData\Local\Temp\ccKZTvML.s 			page 22


 804 0081 3F       		.uleb128 0x3f
 805 0082 19       		.uleb128 0x19
 806 0083 03       		.uleb128 0x3
 807 0084 0E       		.uleb128 0xe
 808 0085 3A       		.uleb128 0x3a
 809 0086 0B       		.uleb128 0xb
 810 0087 3B       		.uleb128 0x3b
 811 0088 05       		.uleb128 0x5
 812 0089 27       		.uleb128 0x27
 813 008a 19       		.uleb128 0x19
 814 008b 11       		.uleb128 0x11
 815 008c 01       		.uleb128 0x1
 816 008d 12       		.uleb128 0x12
 817 008e 06       		.uleb128 0x6
 818 008f 40       		.uleb128 0x40
 819 0090 18       		.uleb128 0x18
 820 0091 9742     		.uleb128 0x2117
 821 0093 19       		.uleb128 0x19
 822 0094 01       		.uleb128 0x1
 823 0095 13       		.uleb128 0x13
 824 0096 00       		.byte	0
 825 0097 00       		.byte	0
 826 0098 0C       		.uleb128 0xc
 827 0099 0B       		.uleb128 0xb
 828 009a 01       		.byte	0x1
 829 009b 55       		.uleb128 0x55
 830 009c 17       		.uleb128 0x17
 831 009d 01       		.uleb128 0x1
 832 009e 13       		.uleb128 0x13
 833 009f 00       		.byte	0
 834 00a0 00       		.byte	0
 835 00a1 0D       		.uleb128 0xd
 836 00a2 13       		.uleb128 0x13
 837 00a3 01       		.byte	0x1
 838 00a4 0B       		.uleb128 0xb
 839 00a5 0B       		.uleb128 0xb
 840 00a6 3A       		.uleb128 0x3a
 841 00a7 0B       		.uleb128 0xb
 842 00a8 3B       		.uleb128 0x3b
 843 00a9 05       		.uleb128 0x5
 844 00aa 01       		.uleb128 0x1
 845 00ab 13       		.uleb128 0x13
 846 00ac 00       		.byte	0
 847 00ad 00       		.byte	0
 848 00ae 0E       		.uleb128 0xe
 849 00af 0D       		.uleb128 0xd
 850 00b0 00       		.byte	0
 851 00b1 03       		.uleb128 0x3
 852 00b2 0E       		.uleb128 0xe
 853 00b3 3A       		.uleb128 0x3a
 854 00b4 0B       		.uleb128 0xb
 855 00b5 3B       		.uleb128 0x3b
 856 00b6 05       		.uleb128 0x5
 857 00b7 49       		.uleb128 0x49
 858 00b8 13       		.uleb128 0x13
 859 00b9 38       		.uleb128 0x38
 860 00ba 0B       		.uleb128 0xb
ARM GAS  C:\Users\AFDHAL~1\AppData\Local\Temp\ccKZTvML.s 			page 23


 861 00bb 00       		.byte	0
 862 00bc 00       		.byte	0
 863 00bd 0F       		.uleb128 0xf
 864 00be 01       		.uleb128 0x1
 865 00bf 01       		.byte	0x1
 866 00c0 49       		.uleb128 0x49
 867 00c1 13       		.uleb128 0x13
 868 00c2 01       		.uleb128 0x1
 869 00c3 13       		.uleb128 0x13
 870 00c4 00       		.byte	0
 871 00c5 00       		.byte	0
 872 00c6 10       		.uleb128 0x10
 873 00c7 21       		.uleb128 0x21
 874 00c8 00       		.byte	0
 875 00c9 49       		.uleb128 0x49
 876 00ca 13       		.uleb128 0x13
 877 00cb 2F       		.uleb128 0x2f
 878 00cc 0B       		.uleb128 0xb
 879 00cd 00       		.byte	0
 880 00ce 00       		.byte	0
 881 00cf 11       		.uleb128 0x11
 882 00d0 26       		.uleb128 0x26
 883 00d1 00       		.byte	0
 884 00d2 49       		.uleb128 0x49
 885 00d3 13       		.uleb128 0x13
 886 00d4 00       		.byte	0
 887 00d5 00       		.byte	0
 888 00d6 12       		.uleb128 0x12
 889 00d7 34       		.uleb128 0x34
 890 00d8 00       		.byte	0
 891 00d9 03       		.uleb128 0x3
 892 00da 0E       		.uleb128 0xe
 893 00db 3A       		.uleb128 0x3a
 894 00dc 0B       		.uleb128 0xb
 895 00dd 3B       		.uleb128 0x3b
 896 00de 05       		.uleb128 0x5
 897 00df 49       		.uleb128 0x49
 898 00e0 13       		.uleb128 0x13
 899 00e1 1C       		.uleb128 0x1c
 900 00e2 0A       		.uleb128 0xa
 901 00e3 00       		.byte	0
 902 00e4 00       		.byte	0
 903 00e5 13       		.uleb128 0x13
 904 00e6 34       		.uleb128 0x34
 905 00e7 00       		.byte	0
 906 00e8 03       		.uleb128 0x3
 907 00e9 08       		.uleb128 0x8
 908 00ea 3A       		.uleb128 0x3a
 909 00eb 0B       		.uleb128 0xb
 910 00ec 3B       		.uleb128 0x3b
 911 00ed 05       		.uleb128 0x5
 912 00ee 49       		.uleb128 0x49
 913 00ef 13       		.uleb128 0x13
 914 00f0 02       		.uleb128 0x2
 915 00f1 17       		.uleb128 0x17
 916 00f2 00       		.byte	0
 917 00f3 00       		.byte	0
ARM GAS  C:\Users\AFDHAL~1\AppData\Local\Temp\ccKZTvML.s 			page 24


 918 00f4 14       		.uleb128 0x14
 919 00f5 0B       		.uleb128 0xb
 920 00f6 01       		.byte	0x1
 921 00f7 11       		.uleb128 0x11
 922 00f8 01       		.uleb128 0x1
 923 00f9 12       		.uleb128 0x12
 924 00fa 06       		.uleb128 0x6
 925 00fb 00       		.byte	0
 926 00fc 00       		.byte	0
 927 00fd 15       		.uleb128 0x15
 928 00fe 0F       		.uleb128 0xf
 929 00ff 00       		.byte	0
 930 0100 0B       		.uleb128 0xb
 931 0101 0B       		.uleb128 0xb
 932 0102 49       		.uleb128 0x49
 933 0103 13       		.uleb128 0x13
 934 0104 00       		.byte	0
 935 0105 00       		.byte	0
 936 0106 16       		.uleb128 0x16
 937 0107 1D       		.uleb128 0x1d
 938 0108 01       		.byte	0x1
 939 0109 31       		.uleb128 0x31
 940 010a 13       		.uleb128 0x13
 941 010b 11       		.uleb128 0x11
 942 010c 01       		.uleb128 0x1
 943 010d 12       		.uleb128 0x12
 944 010e 06       		.uleb128 0x6
 945 010f 58       		.uleb128 0x58
 946 0110 0B       		.uleb128 0xb
 947 0111 59       		.uleb128 0x59
 948 0112 05       		.uleb128 0x5
 949 0113 00       		.byte	0
 950 0114 00       		.byte	0
 951 0115 17       		.uleb128 0x17
 952 0116 05       		.uleb128 0x5
 953 0117 00       		.byte	0
 954 0118 31       		.uleb128 0x31
 955 0119 13       		.uleb128 0x13
 956 011a 02       		.uleb128 0x2
 957 011b 17       		.uleb128 0x17
 958 011c 00       		.byte	0
 959 011d 00       		.byte	0
 960 011e 18       		.uleb128 0x18
 961 011f 898201   		.uleb128 0x4109
 962 0122 01       		.byte	0x1
 963 0123 11       		.uleb128 0x11
 964 0124 01       		.uleb128 0x1
 965 0125 31       		.uleb128 0x31
 966 0126 13       		.uleb128 0x13
 967 0127 01       		.uleb128 0x1
 968 0128 13       		.uleb128 0x13
 969 0129 00       		.byte	0
 970 012a 00       		.byte	0
 971 012b 19       		.uleb128 0x19
 972 012c 8A8201   		.uleb128 0x410a
 973 012f 00       		.byte	0
 974 0130 02       		.uleb128 0x2
ARM GAS  C:\Users\AFDHAL~1\AppData\Local\Temp\ccKZTvML.s 			page 25


 975 0131 18       		.uleb128 0x18
 976 0132 9142     		.uleb128 0x2111
 977 0134 18       		.uleb128 0x18
 978 0135 00       		.byte	0
 979 0136 00       		.byte	0
 980 0137 1A       		.uleb128 0x1a
 981 0138 898201   		.uleb128 0x4109
 982 013b 01       		.byte	0x1
 983 013c 11       		.uleb128 0x11
 984 013d 01       		.uleb128 0x1
 985 013e 31       		.uleb128 0x31
 986 013f 13       		.uleb128 0x13
 987 0140 00       		.byte	0
 988 0141 00       		.byte	0
 989 0142 1B       		.uleb128 0x1b
 990 0143 1D       		.uleb128 0x1d
 991 0144 01       		.byte	0x1
 992 0145 31       		.uleb128 0x31
 993 0146 13       		.uleb128 0x13
 994 0147 52       		.uleb128 0x52
 995 0148 01       		.uleb128 0x1
 996 0149 55       		.uleb128 0x55
 997 014a 17       		.uleb128 0x17
 998 014b 58       		.uleb128 0x58
 999 014c 0B       		.uleb128 0xb
 1000 014d 59       		.uleb128 0x59
 1001 014e 05       		.uleb128 0x5
 1002 014f 01       		.uleb128 0x1
 1003 0150 13       		.uleb128 0x13
 1004 0151 00       		.byte	0
 1005 0152 00       		.byte	0
 1006 0153 1C       		.uleb128 0x1c
 1007 0154 1D       		.uleb128 0x1d
 1008 0155 00       		.byte	0
 1009 0156 31       		.uleb128 0x31
 1010 0157 13       		.uleb128 0x13
 1011 0158 11       		.uleb128 0x11
 1012 0159 01       		.uleb128 0x1
 1013 015a 12       		.uleb128 0x12
 1014 015b 06       		.uleb128 0x6
 1015 015c 58       		.uleb128 0x58
 1016 015d 0B       		.uleb128 0xb
 1017 015e 59       		.uleb128 0x59
 1018 015f 05       		.uleb128 0x5
 1019 0160 00       		.byte	0
 1020 0161 00       		.byte	0
 1021 0162 1D       		.uleb128 0x1d
 1022 0163 2E       		.uleb128 0x2e
 1023 0164 00       		.byte	0
 1024 0165 3F       		.uleb128 0x3f
 1025 0166 19       		.uleb128 0x19
 1026 0167 3C       		.uleb128 0x3c
 1027 0168 19       		.uleb128 0x19
 1028 0169 6E       		.uleb128 0x6e
 1029 016a 0E       		.uleb128 0xe
 1030 016b 03       		.uleb128 0x3
 1031 016c 0E       		.uleb128 0xe
ARM GAS  C:\Users\AFDHAL~1\AppData\Local\Temp\ccKZTvML.s 			page 26


 1032 016d 00       		.byte	0
 1033 016e 00       		.byte	0
 1034 016f 1E       		.uleb128 0x1e
 1035 0170 2E       		.uleb128 0x2e
 1036 0171 00       		.byte	0
 1037 0172 3F       		.uleb128 0x3f
 1038 0173 19       		.uleb128 0x19
 1039 0174 3C       		.uleb128 0x3c
 1040 0175 19       		.uleb128 0x19
 1041 0176 6E       		.uleb128 0x6e
 1042 0177 0E       		.uleb128 0xe
 1043 0178 03       		.uleb128 0x3
 1044 0179 0E       		.uleb128 0xe
 1045 017a 3A       		.uleb128 0x3a
 1046 017b 0B       		.uleb128 0xb
 1047 017c 3B       		.uleb128 0x3b
 1048 017d 0B       		.uleb128 0xb
 1049 017e 00       		.byte	0
 1050 017f 00       		.byte	0
 1051 0180 00       		.byte	0
 1052              		.section	.debug_loc,"",%progbits
 1053              	.Ldebug_loc0:
 1054              	.LLST0:
 1055 0000 04000000 		.4byte	.LVL0
 1056 0004 12000000 		.4byte	.LVL1
 1057 0008 0200     		.2byte	0x2
 1058 000a 30       		.byte	0x30
 1059 000b 9F       		.byte	0x9f
 1060 000c 12000000 		.4byte	.LVL1
 1061 0010 1C000000 		.4byte	.LVL2
 1062 0014 0200     		.2byte	0x2
 1063 0016 31       		.byte	0x31
 1064 0017 9F       		.byte	0x9f
 1065 0018 1C000000 		.4byte	.LVL2
 1066 001c C4010000 		.4byte	.LFE6
 1067 0020 0200     		.2byte	0x2
 1068 0022 32       		.byte	0x32
 1069 0023 9F       		.byte	0x9f
 1070 0024 00000000 		.4byte	0
 1071 0028 00000000 		.4byte	0
 1072              	.LLST1:
 1073 002c 04000000 		.4byte	.LVL0
 1074 0030 12000000 		.4byte	.LVL1
 1075 0034 0600     		.2byte	0x6
 1076 0036 F2       		.byte	0xf2
 1077 0037 74010000 		.4byte	.Ldebug_info0+372
 1078 003b 00       		.sleb128 0
 1079 003c 12000000 		.4byte	.LVL1
 1080 0040 C4010000 		.4byte	.LFE6
 1081 0044 0600     		.2byte	0x6
 1082 0046 F2       		.byte	0xf2
 1083 0047 74010000 		.4byte	.Ldebug_info0+372
 1084 004b 06       		.sleb128 6
 1085 004c 00000000 		.4byte	0
 1086 0050 00000000 		.4byte	0
 1087              	.LLST2:
 1088 0054 04000000 		.4byte	.LVL0
ARM GAS  C:\Users\AFDHAL~1\AppData\Local\Temp\ccKZTvML.s 			page 27


 1089 0058 1C000000 		.4byte	.LVL2
 1090 005c 0400     		.2byte	0x4
 1091 005e 0A       		.byte	0xa
 1092 005f 0004     		.2byte	0x400
 1093 0061 9F       		.byte	0x9f
 1094 0062 00000000 		.4byte	0
 1095 0066 00000000 		.4byte	0
 1096              	.LLST3:
 1097 006a 04000000 		.4byte	.LVL0
 1098 006e 12000000 		.4byte	.LVL1
 1099 0072 0600     		.2byte	0x6
 1100 0074 0C       		.byte	0xc
 1101 0075 00300F40 		.4byte	0x400f3000
 1102 0079 9F       		.byte	0x9f
 1103 007a 12000000 		.4byte	.LVL1
 1104 007e 1C000000 		.4byte	.LVL2
 1105 0082 0600     		.2byte	0x6
 1106 0084 0C       		.byte	0xc
 1107 0085 00400F40 		.4byte	0x400f4000
 1108 0089 9F       		.byte	0x9f
 1109 008a 00000000 		.4byte	0
 1110 008e 00000000 		.4byte	0
 1111              		.section	.debug_aranges,"",%progbits
 1112 0000 1C000000 		.4byte	0x1c
 1113 0004 0200     		.2byte	0x2
 1114 0006 00000000 		.4byte	.Ldebug_info0
 1115 000a 04       		.byte	0x4
 1116 000b 00       		.byte	0
 1117 000c 0000     		.2byte	0
 1118 000e 0000     		.2byte	0
 1119 0010 00000000 		.4byte	.LFB6
 1120 0014 C4010000 		.4byte	.LFE6-.LFB6
 1121 0018 00000000 		.4byte	0
 1122 001c 00000000 		.4byte	0
 1123              		.section	.debug_ranges,"",%progbits
 1124              	.Ldebug_ranges0:
 1125 0000 04000000 		.4byte	.LBB10
 1126 0004 28000000 		.4byte	.LBE10
 1127 0008 2A000000 		.4byte	.LBB14
 1128 000c 30000000 		.4byte	.LBE14
 1129 0010 32000000 		.4byte	.LBB19
 1130 0014 3E000000 		.4byte	.LBE19
 1131 0018 40000000 		.4byte	.LBB21
 1132 001c 44000000 		.4byte	.LBE21
 1133 0020 44000000 		.4byte	.LBB22
 1134 0024 4A000000 		.4byte	.LBE22
 1135 0028 00000000 		.4byte	0
 1136 002c 00000000 		.4byte	0
 1137 0030 30000000 		.4byte	.LBB15
 1138 0034 32000000 		.4byte	.LBE15
 1139 0038 3E000000 		.4byte	.LBB20
 1140 003c 40000000 		.4byte	.LBE20
 1141 0040 8A000000 		.4byte	.LBB23
 1142 0044 FE000000 		.4byte	.LBE23
 1143 0048 00000000 		.4byte	0
 1144 004c 00000000 		.4byte	0
 1145 0050 00000000 		.4byte	.LFB6
ARM GAS  C:\Users\AFDHAL~1\AppData\Local\Temp\ccKZTvML.s 			page 28


 1146 0054 C4010000 		.4byte	.LFE6
 1147 0058 00000000 		.4byte	0
 1148 005c 00000000 		.4byte	0
 1149              		.section	.debug_line,"",%progbits
 1150              	.Ldebug_line0:
 1151 0000 5F010000 		.section	.debug_str,"MS",%progbits,1
 1151      0200D600 
 1151      00000201 
 1151      FB0E0D00 
 1151      01010101 
 1152              	.LASF19:
 1153 0000 72656733 		.ascii	"reg32\000"
 1153      3200
 1154              	.LASF12:
 1155 0006 73697A65 		.ascii	"size_t\000"
 1155      5F7400
 1156              	.LASF20:
 1157 000d 416E616C 		.ascii	"AnalogSetDefault\000"
 1157      6F675365 
 1157      74446566 
 1157      61756C74 
 1157      00
 1158              	.LASF27:
 1159 001e 4379496E 		.ascii	"CyIntSetVector\000"
 1159      74536574 
 1159      56656374 
 1159      6F7200
 1160              	.LASF25:
 1161 002d 6366675F 		.ascii	"cfg_memset_list\000"
 1161      6D656D73 
 1161      65745F6C 
 1161      69737400 
 1162              	.LASF21:
 1163 003d 436C6F63 		.ascii	"ClockSetup\000"
 1163      6B536574 
 1163      757000
 1164              	.LASF6:
 1165 0048 73686F72 		.ascii	"short unsigned int\000"
 1165      7420756E 
 1165      7369676E 
 1165      65642069 
 1165      6E7400
 1166              	.LASF16:
 1167 005b 666C6F61 		.ascii	"float\000"
 1167      7400
 1168              	.LASF23:
 1169 0061 73697A65 		.ascii	"size\000"
 1169      00
 1170              	.LASF18:
 1171 0066 72656738 		.ascii	"reg8\000"
 1171      00
 1172              	.LASF8:
 1173 006b 6C6F6E67 		.ascii	"long unsigned int\000"
 1173      20756E73 
 1173      69676E65 
 1173      6420696E 
 1173      7400
ARM GAS  C:\Users\AFDHAL~1\AppData\Local\Temp\ccKZTvML.s 			page 29


 1174              	.LASF13:
 1175 007d 75696E74 		.ascii	"uint8\000"
 1175      3800
 1176              	.LASF32:
 1177 0083 43594D45 		.ascii	"CYMEMZERO\000"
 1177      4D5A4552 
 1177      4F00
 1178              	.LASF4:
 1179 008d 756E7369 		.ascii	"unsigned char\000"
 1179      676E6564 
 1179      20636861 
 1179      7200
 1180              	.LASF34:
 1181 009b 6D656D73 		.ascii	"memset\000"
 1181      657400
 1182              	.LASF17:
 1183 00a2 646F7562 		.ascii	"double\000"
 1183      6C6500
 1184              	.LASF28:
 1185 00a9 4379496E 		.ascii	"CyIntEnable\000"
 1185      74456E61 
 1185      626C6500 
 1186              	.LASF14:
 1187 00b5 75696E74 		.ascii	"uint16\000"
 1187      313600
 1188              	.LASF15:
 1189 00bc 75696E74 		.ascii	"uint32\000"
 1189      333200
 1190              	.LASF0:
 1191 00c3 756E7369 		.ascii	"unsigned int\000"
 1191      676E6564 
 1191      20696E74 
 1191      00
 1192              	.LASF33:
 1193 00d0 63796669 		.ascii	"cyfitter_cfg\000"
 1193      74746572 
 1193      5F636667 
 1193      00
 1194              	.LASF22:
 1195 00dd 61646472 		.ascii	"address\000"
 1195      65737300 
 1196              	.LASF9:
 1197 00e5 6C6F6E67 		.ascii	"long long unsigned int\000"
 1197      206C6F6E 
 1197      6720756E 
 1197      7369676E 
 1197      65642069 
 1198              	.LASF24:
 1199 00fc 6366675F 		.ascii	"cfg_memset_t\000"
 1199      6D656D73 
 1199      65745F74 
 1199      00
 1200              	.LASF10:
 1201 0109 73697A65 		.ascii	"sizetype\000"
 1201      74797065 
 1201      00
 1202              	.LASF1:
ARM GAS  C:\Users\AFDHAL~1\AppData\Local\Temp\ccKZTvML.s 			page 30


 1203 0112 6C6F6E67 		.ascii	"long long int\000"
 1203      206C6F6E 
 1203      6720696E 
 1203      7400
 1204              	.LASF31:
 1205 0120 433A5C55 		.ascii	"C:\\Users\\AfdhalAtiffTan\\Documents\\PSoC Creator\\"
 1205      73657273 
 1205      5C416664 
 1205      68616C41 
 1205      74696666 
 1206 014f 55415254 		.ascii	"UART_over_nFR24\\UART_over_nFR24.cydsn\000"
 1206      5F6F7665 
 1206      725F6E46 
 1206      5232345C 
 1206      55415254 
 1207              	.LASF11:
 1208 0175 63686172 		.ascii	"char\000"
 1208      00
 1209              	.LASF5:
 1210 017a 73686F72 		.ascii	"short int\000"
 1210      7420696E 
 1210      7400
 1211              	.LASF26:
 1212 0184 43795379 		.ascii	"CySysClkWriteImoFreq\000"
 1212      73436C6B 
 1212      57726974 
 1212      65496D6F 
 1212      46726571 
 1213              	.LASF7:
 1214 0199 6C6F6E67 		.ascii	"long int\000"
 1214      20696E74 
 1214      00
 1215              	.LASF2:
 1216 01a2 6C6F6E67 		.ascii	"long double\000"
 1216      20646F75 
 1216      626C6500 
 1217              	.LASF3:
 1218 01ae 7369676E 		.ascii	"signed char\000"
 1218      65642063 
 1218      68617200 
 1219              	.LASF30:
 1220 01ba 47656E65 		.ascii	"Generated_Source\\PSoC4\\cyfitter_cfg.c\000"
 1220      72617465 
 1220      645F536F 
 1220      75726365 
 1220      5C50536F 
 1221              	.LASF29:
 1222 01e0 474E5520 		.ascii	"GNU C11 5.4.1 20160609 (release) [ARM/embedded-5-br"
 1222      43313120 
 1222      352E342E 
 1222      31203230 
 1222      31363036 
 1223 0213 616E6368 		.ascii	"anch revision 237715] -mcpu=cortex-m0 -mthumb -g -O"
 1223      20726576 
 1223      6973696F 
 1223      6E203233 
 1223      37373135 
ARM GAS  C:\Users\AFDHAL~1\AppData\Local\Temp\ccKZTvML.s 			page 31


 1224 0246 73202D66 		.ascii	"s -ffunction-sections -ffat-lto-objects\000"
 1224      66756E63 
 1224      74696F6E 
 1224      2D736563 
 1224      74696F6E 
 1225              		.ident	"GCC: (GNU Tools for ARM Embedded Processors) 5.4.1 20160609 (release) [ARM/embedded-5-bran
