******************************************************************************
             TMS320C2000 Linker PC v16.9.6                     
******************************************************************************
>> Linked Thu Feb 15 01:10:23 2018

OUTPUT FILE NAME:   <SmartWinch.out>
ENTRY POINT SYMBOL: "code_start"  address: 00080000


MEMORY CONFIGURATION

         name            origin    length      used     unused   attr    fill
----------------------  --------  ---------  --------  --------  ----  --------
PAGE 0:
  RAMM0                 00000122   000002de  00000206  000000d8  RWIX
  RAMLS0                00008000   00000800  00000135  000006cb  RWIX
  RAMLS1                00008800   00000800  00000000  00000800  RWIX
  RAMLS2                00009000   00000800  00000000  00000800  RWIX
  RAMLS3                00009800   00000800  00000000  00000800  RWIX
  RAMLS4                0000a000   00000800  00000266  0000059a  RWIX
  RAMD0                 0000b000   00000800  00000000  00000800  RWIX
  BEGIN                 00080000   00000002  00000002  00000000  RWIX
  FLASHA                00080002   00001ffe  00000000  00001ffe  RWIX
  FLASHB                00082000   00002000  0000115f  00000ea1  RWIX
  FLASHC                00084000   00002000  00000000  00002000  RWIX
  FLASHD                00086000   00002000  00000135  00001ecb  RWIX
  FLASHE                00088000   00008000  00000000  00008000  RWIX
  FLASHF                00090000   00008000  00000468  00007b98  RWIX
  FLASHG                00098000   00008000  00000000  00008000  RWIX
  FLASHH                000a0000   00008000  00000000  00008000  RWIX
  FLASHI                000a8000   00008000  00000000  00008000  RWIX
  FLASHJ                000b0000   00008000  00000000  00008000  RWIX
  FLASHK                000b8000   00002000  00000000  00002000  RWIX
  FLASHL                000ba000   00002000  00000000  00002000  RWIX
  FLASHM                000bc000   00002000  00000000  00002000  RWIX
  FLASHN                000be000   00002000  00000000  00002000  RWIX
  RESET                 003fffc0   00000002  00000000  00000002  RWIX

PAGE 1:
  BOOT_RSVD             00000002   00000120  0000000a  00000116  RWIX
  RAMM1                 00000400   00000400  00000100  00000300  RWIX
  RAMLS5                0000a800   00000800  00000103  000006fd  RWIX
  RAMD1                 0000b800   00000800  00000000  00000800  RWIX
  RAMGS0                0000c000   00001000  00000000  00001000  RWIX
  RAMGS1                0000d000   00001000  00000000  00001000  RWIX
  RAMGS2                0000e000   00001000  00000000  00001000  RWIX
  RAMGS3                0000f000   00001000  00000000  00001000  RWIX
  RAMGS4                00010000   00001000  00000000  00001000  RWIX
  RAMGS5                00011000   00001000  00000000  00001000  RWIX
  RAMGS6                00012000   00001000  00000000  00001000  RWIX
  RAMGS7                00013000   00001000  00000000  00001000  RWIX
  RAMGS8                00014000   00001000  00000000  00001000  RWIX
  RAMGS9                00015000   00001000  00000000  00001000  RWIX
  RAMGS10               00016000   00001000  00000000  00001000  RWIX
  RAMGS11               00017000   00001000  00000000  00001000  RWIX


SECTION ALLOCATION MAP

 output                                  attributes/
section   page    origin      length       input sections
--------  ----  ----------  ----------   ----------------
dclfuncs   0    0000a000    00000266     
                  0000a000    000000af     DCL_DF13.obj (dclfuncs)
                  0000a0af    0000009d     DCL_DF23.obj (dclfuncs)
                  0000a14c    00000079     DCL_DF22.obj (dclfuncs)
                  0000a1c5    00000067     DCL_PID.obj (dclfuncs)
                  0000a22c    0000003a     DCL_PI.obj (dclfuncs)

codestart 
*          0    00080000    00000002     
                  00080000    00000002     F2837xS_CodeStartBranch.obj (codestart)

.cinit     0    00082000    00000063     
                  00082000    00000049     <whole-program> (.cinit)
                  00082049    0000000e     rts2800_fpu32.lib : exit.obj (.cinit)
                  00082057    00000005     <whole-program> (.cinit:__lock)
                  0008205c    00000005     <whole-program> (.cinit:__unlock)
                  00082061    00000002     --HOLE-- [fill = 0]

.pinit     0    00082000    00000000     UNINITIALIZED

.TI.ramfunc 
*          0    00086000    00000135     RUN ADDR = 00008000
                  00086000    00000043     driverlib.lib : flash.obj (.TI.ramfunc:_Flash_initModule)
                  00086043    00000032                   : flash.obj (.TI.ramfunc:_Flash_setBankPowerMode)
                  00086075    00000026                   : flash.obj (.TI.ramfunc:_Flash_setWaitstates)
                  0008609b    0000001f                   : flash.obj (.TI.ramfunc:_Flash_setPumpPowerMode)
                  000860ba    00000018                   : flash.obj (.TI.ramfunc:_Flash_disableCache)
                  000860d2    00000018                   : flash.obj (.TI.ramfunc:_Flash_disablePrefetch)
                  000860ea    00000018                   : flash.obj (.TI.ramfunc:_Flash_enableCache)
                  00086102    00000018                   : flash.obj (.TI.ramfunc:_Flash_enablePrefetch)
                  0008611a    00000017                   : flash.obj (.TI.ramfunc:_Flash_enableECC)
                  00086131    00000004                   : sysctl.obj (.TI.ramfunc)

.stack     1    00000400    00000100     UNINITIALIZED
                  00000400    00000100     --HOLE--

.reset     0    003fffc0    00000002     DSECT
                  003fffc0    00000002     rts2800_fpu32.lib : boot28.obj (.reset)

Cla1Prog   0    00000122    00000206     
                  00000122    000000b4     DCL_DF13_CLA.obj (Cla1Prog:_DCL_runDF13c)
                  000001d6    0000008c     DCL_DF23_CLA.obj (Cla1Prog:_DCL_runDF23c)
                  00000262    0000005a     DCL_DF22_CLA.obj (Cla1Prog:_DCL_runDF22c)
                  000002bc    00000044     DCL_PID_CLA.obj (Cla1Prog:_DCL_runPIDc)
                  00000300    00000028     DCL_PI_CLA.obj (Cla1Prog:_DCL_runPIc)

.text      0    00082064    000010fc     
                  00082064    00000334     device_init.obj (.text)
                  00082398    000002a5     modbusRTU.obj (.text)
                  0008263d    00000221     driverlib.lib : sysctl.obj (.text:_SysCtl_setClock)
                  0008285e    00000174     device.obj (.text)
                  000829d2    0000009a     driverlib.lib : adc.obj (.text:_ADC_setMode)
                  00082a6c    0000008d     interrupt_handlers.obj (.text:retain)
                  00082af9    00000088     rts2800_fpu32.lib : fs_div28.obj (.text)
                  00082b81    0000006e     driverlib.lib : sysctl.obj (.text:_SysCtl_getClock)
                  00082bef    00000056     rts2800_fpu32.lib : boot28.obj (.text)
                  00082c45    00000054     driverlib.lib : interrupt.obj (.text:_Interrupt_initModule)
                  00082c99    00000052                   : gpio.obj (.text:_GPIO_setPadConfig)
                  00082ceb    0000004d                   : sysctl.obj (.text:_SysCtl_selectOscSource)
                  00082d38    00000046                   : sci.obj (.text:_SCI_clearInterruptStatus)
                  00082d7e    00000041                   : sci.obj (.text:_SCI_writeCharArray)
                  00082dbf    00000040                   : sci.obj (.text:_SCI_setConfig)
                  00082dff    0000003d                   : gpio.obj (.text:_GPIO_setPinConfig)
                  00082e3c    00000038                   : gpio.obj (.text:_GPIO_setMasterCore)
                  00082e74    00000038                   : gpio.obj (.text:_GPIO_setQualificationMode)
                  00082eac    00000036     main.obj (.text)
                  00082ee2    00000033     driverlib.lib : interrupt.obj (.text:_Interrupt_enable)
                  00082f15    00000031                   : gpio.obj (.text:_GPIO_setDirectionMode)
                  00082f46    00000029                   : flash.obj (.text:_Flash_setBankPowerUpDelay)
                  00082f6f    00000029     rts2800_fpu32.lib : exit.obj (.text)
                  00082f98    00000024                       : cpy_tbl.obj (.text)
                  00082fbc    00000022     driverlib.lib : sci.obj (.text:_SCI_isFIFOEnabled)
                  00082fde    00000020                   : interrupt.obj (.text:_Interrupt_initVectorTable)
                  00082ffe    0000001f                   : sci.obj (.text:_SCI_isBaseValid)
                  0008301d    0000001e     rts2800_fpu32.lib : memcpy.obj (.text)
                  0008303b    0000001b     driverlib.lib : sci.obj (.text:_SCI_isSpaceAvailableNonFIFO)
                  00083056    0000001a                   : sysctl.obj (.text:_SysCtl_getLowSpeedClock)
                  00083070    00000019                   : sci.obj (.text:_SCI_disableModule)
                  00083089    00000019                   : sci.obj (.text:_SCI_performSoftwareReset)
                  000830a2    00000019     rts2800_fpu32.lib : args_main.obj (.text)
                  000830bb    00000015     driverlib.lib : flash.obj (.text:_Flash_isCtrlBaseValid)
                  000830d0    00000015                   : flash.obj (.text:_Flash_isECCBaseValid)
                  000830e5    00000015                   : sci.obj (.text:_SCI_getTxFIFOStatus)
                  000830fa    00000014                   : sci.obj (.text:_SCI_enableModule)
                  0008310e    0000000e                   : gpio.obj (.text:_GPIO_isPinValid)
                  0008311c    0000000e                   : interrupt.obj (.text:_Interrupt_defaultHandler)
                  0008312a    0000000d                   : interrupt.obj (.text:_Interrupt_disableMaster)
                  00083137    0000000d                   : interrupt.obj (.text:_Interrupt_enableMaster)
                  00083144    0000000b                   : sysctl.obj (.text:_SysCtl_isMCDClockFailureDetected)
                  0008314f    00000009                   : sysctl.obj (.text:_SysCtl_serviceWatchdog)
                  00083158    00000002                   : interrupt.obj (.text:_Interrupt_illegalOperationHandler)
                  0008315a    00000002                   : interrupt.obj (.text:_Interrupt_nmiHandler)
                  0008315c    00000002     rts2800_fpu32.lib : pre_init.obj (.text)
                  0008315e    00000001                       : _lock.obj (.text)
                  0008315f    00000001                       : startup.obj (.text)

.econst    0    00090000    00000468     
                  00090000    000000cb     driverlib.lib : flash.obj (.econst:.string)
                  000900cb    00000001     --HOLE-- [fill = 0]
                  000900cc    000000c8                   : gpio.obj (.econst:.string)
                  00090194    000000c7                   : sci.obj (.econst:.string)
                  0009025b    00000001     --HOLE-- [fill = 0]
                  0009025c    00000088     device_init.obj (.econst:.string)
                  000902e4    00000069     driverlib.lib : interrupt.obj (.econst:.string)
                  0009034d    00000001     --HOLE-- [fill = 0]
                  0009034e    00000066                   : sysctl.obj (.econst:.string)
                  000903b4    00000063                   : adc.obj (.econst:.string)
                  00090417    00000001     --HOLE-- [fill = 0]
                  00090418    0000004d     <whole-program> (.econst:.string)
                  00090465    00000003     modbusRTU.obj (.econst:.string:_fsupported)

.scratchpad 
*          1    00000002    0000000a     UNINITIALIZED
                  00000002    00000006     DCL_DF13_CLA.obj (.scratchpad:Cla1Prog:_DCL_runDF13c)
                  00000002    00000002     DCL_DF22_CLA.obj (.scratchpad:Cla1Prog:_DCL_runDF22c)
                  00000002    00000002     DCL_DF23_CLA.obj (.scratchpad:Cla1Prog:_DCL_runDF23c)
                  00000002    0000000a     DCL_PID_CLA.obj (.scratchpad:Cla1Prog:_DCL_runPIDc)
                  00000002    00000005     DCL_PI_CLA.obj (.scratchpad:Cla1Prog:_DCL_runPIc)

.ebss      1    0000a800    00000103     UNINITIALIZED
                  0000a800    000000c0     main.obj (.ebss)
                  0000a8c0    00000022     interrupt_handlers.obj (.ebss)
                  0000a8e2    0000000c     modbus_regs.obj (.ebss)
                  0000a8ee    0000000a     modbusRTU.obj (.ebss)
                  0000a8f8    00000006     rts2800_fpu32.lib : exit.obj (.ebss)
                  0000a8fe    00000002                       : _lock.obj (.ebss:__lock)
                  0000a900    00000002                       : _lock.obj (.ebss:__unlock)
                  0000a902    00000001                       : errno.obj (.ebss)

MODULE SUMMARY

       Module                                   code   initialized data   uninitialized data
       ------                                   ----   ----------------   ------------------
    .\
       device_init.obj                          820    136                0                 
       modbusRTU.obj                            677    3                  10                
       main.obj                                 54     0                  192               
       interrupt_handlers.obj                   141    0                  34                
       modbus_regs.obj                          0      0                  12                
    +--+----------------------------------------+------+------------------+--------------------+
       Total:                                   1692   139                248               
                                                                                            
    .\DCL\source\
       DCL_DF13_CLA.obj                         180    0                  6                 
       DCL_DF13.obj                             175    0                  0                 
       DCL_DF23.obj                             157    0                  0                 
       DCL_DF23_CLA.obj                         140    0                  2                 
       DCL_DF22.obj                             121    0                  0                 
       DCL_PID.obj                              103    0                  0                 
       DCL_DF22_CLA.obj                         90     0                  2                 
       DCL_PID_CLA.obj                          68     0                  10                
       DCL_PI.obj                               58     0                  0                 
       DCL_PI_CLA.obj                           40     0                  5                 
    +--+----------------------------------------+------+------------------+--------------------+
       Total:                                   1132   0                  25                
                                                                                            
    .\device\
       device.obj                               372    0                  0                 
       F2837xS_CodeStartBranch.obj              2      0                  0                 
    +--+----------------------------------------+------+------------------+--------------------+
       Total:                                   374    0                  0                 
                                                                                            
    C:\Users\AFDHAL~1\AppData\Local\Temp\
       {16B10E6A-7661-4D16-A2F4-C1DCDEF5CCE9}   0      160                0                 
    +--+----------------------------------------+------+------------------+--------------------+
       Total:                                   0      160                0                 
                                                                                            
    ../driverlib.lib
       flash.obj                                693    203                0                 
       sysctl.obj                               786    102                0                 
       sci.obj                                  382    199                0                 
       gpio.obj                                 318    200                0                 
       interrupt.obj                            211    105                0                 
       adc.obj                                  154    99                 0                 
    +--+----------------------------------------+------+------------------+--------------------+
       Total:                                   2544   908                0                 
                                                                                            
    C:\ti\ccsv7\tools\compiler\ti-cgt-c2000_16.9.6.LTS\lib\rts2800_fpu32.lib
       fs_div28.obj                             136    0                  0                 
       boot28.obj                               86     0                  0                 
       exit.obj                                 41     14                 6                 
       cpy_tbl.obj                              36     0                  0                 
       memcpy.obj                               30     0                  0                 
       args_main.obj                            25     0                  0                 
       _lock.obj                                1      0                  4                 
       pre_init.obj                             2      0                  0                 
       errno.obj                                0      0                  1                 
       startup.obj                              1      0                  0                 
    +--+----------------------------------------+------+------------------+--------------------+
       Total:                                   358    14                 11                
                                                                                            
       Stack:                                   0      0                  256               
    +--+----------------------------------------+------+------------------+--------------------+
       Grand Total:                             6100   1221               540               


GLOBAL DATA SYMBOLS: SORTED BY DATA PAGE

address     data page           name
--------    ----------------    ----
00000002       0 (00000000)     __cla_DCL_runDF13c_sp
00000002       0 (00000000)     __cla_DCL_runDF22c_sp
00000002       0 (00000000)     __cla_DCL_runDF23c_sp
00000002       0 (00000000)     __cla_DCL_runPIDc_sp
00000002       0 (00000000)     __cla_DCL_runPIc_sp

00000400      10 (00000400)     __stack

0000a800     2a0 (0000a800)     _msg
0000a802     2a0 (0000a800)     _receivedChar

0000a840     2a1 (0000a840)     _str

0000a8c0     2a3 (0000a8c0)     _adc_temp
0000a8c2     2a3 (0000a8c0)     _rk
0000a8c4     2a3 (0000a8c0)     _yk
0000a8c6     2a3 (0000a8c0)     _lk
0000a8c8     2a3 (0000a8c0)     _uk
0000a8ca     2a3 (0000a8c0)     _pid1
0000a8e2     2a3 (0000a8c0)     _modbus_holding_regs
0000a8ee     2a3 (0000a8c0)     _modbusRTU_Written
0000a8ef     2a3 (0000a8c0)     _slave
0000a8f2     2a3 (0000a8c0)     _T35_char
0000a8f6     2a3 (0000a8c0)     _modbusRTU_written_register_flags
0000a8f8     2a3 (0000a8c0)     ___TI_enable_exit_profile_output
0000a8fa     2a3 (0000a8c0)     ___TI_cleanup_ptr
0000a8fc     2a3 (0000a8c0)     ___TI_dtors_ptr
0000a8fe     2a3 (0000a8c0)     __lock

0000a900     2a4 (0000a900)     __unlock
0000a902     2a4 (0000a900)     _errno

00090465    2411 (00090440)     _fsupported


GLOBAL SYMBOLS: SORTED ALPHABETICALLY BY Name 

page  address   name                                      
----  -------   ----                                      
abs   ffffffff  .text                                     
0     00082f6f  C$$EXIT                                   
0     00082af9  FS$$DIV                                   
0     000829d2  _ADC_setMode                              
0     0000a000  _DCL_runDF13                              
0     00000122  _DCL_runDF13c                             
0     0000a04e  _DCL_runDF13i                             
0     00000174  _DCL_runDF13ic                            
0     0000a05b  _DCL_runDF13p                             
0     00000184  _DCL_runDF13pc                            
0     0000a14c  _DCL_runDF22                              
0     00000262  _DCL_runDF22c                             
0     0000a187  _DCL_runDF22i                             
0     00000288  _DCL_runDF22ic                            
0     0000a196  _DCL_runDF22p                             
0     00000292  _DCL_runDF22pc                            
0     0000a0af  _DCL_runDF23                              
0     000001d6  _DCL_runDF23c                             
0     0000a0fb  _DCL_runDF23i                             
0     00000212  _DCL_runDF23ic                            
0     0000a10a  _DCL_runDF23p                             
0     00000222  _DCL_runDF23pc                            
0     0000a22c  _DCL_runPI                                
0     0000a1c5  _DCL_runPID                               
0     000002bc  _DCL_runPIDc                              
0     00000300  _DCL_runPIc                               
0     000828e9  _Device_enableAllPeripherals              
0     000828a3  _Device_enableUnbondedGPIOPullups         
0     0008287c  _Device_enableUnbondedGPIOPullupsFor100Pin
0     00082861  _Device_enableUnbondedGPIOPullupsFor176Pin
0     00082988  _Device_init                              
0     000828cb  _Device_initGPIO                          
0     00008000  _Flash_initModule                         
0     00082f15  _GPIO_setDirectionMode                    
0     00082e3c  _GPIO_setMasterCore                       
0     00082c99  _GPIO_setPadConfig                        
0     00082dff  _GPIO_setPinConfig                        
0     00082e74  _GPIO_setQualificationMode                
0     00082ee2  _Interrupt_enable                         
0     00082c45  _Interrupt_initModule                     
0     00082fde  _Interrupt_initVectorTable                
0     00086135  _RamfuncsLoadEnd                          
abs   00000135  _RamfuncsLoadSize                         
0     00086000  _RamfuncsLoadStart                        
0     00008135  _RamfuncsRunEnd                           
abs   00000135  _RamfuncsRunSize                          
0     00008000  _RamfuncsRunStart                         
0     00082d38  _SCI_clearInterruptStatus                 
0     00082dbf  _SCI_setConfig                            
0     00082d7e  _SCI_writeCharArray                       
0     00008131  _SysCtl_delay                             
0     00082b81  _SysCtl_getClock                          
0     00083056  _SysCtl_getLowSpeedClock                  
0     00082ceb  _SysCtl_selectOscSource                   
0     0008263d  _SysCtl_setClock                          
1     0000a8f2  _T35_char                                 
1     00000500  __STACK_END                               
abs   00000100  __STACK_SIZE                              
1     0000a8fa  ___TI_cleanup_ptr                         
1     0000a8fc  ___TI_dtors_ptr                           
1     0000a8f8  ___TI_enable_exit_profile_output          
abs   ffffffff  ___TI_pprof_out_hndl                      
abs   ffffffff  ___TI_prof_data_size                      
abs   ffffffff  ___TI_prof_data_start                     
abs   ffffffff  ___binit__                                
abs   ffffffff  ___c_args__                               
0     00082000  ___cinit__                                
0     0008285e  ___error__                                
abs   ffffffff  ___etext__                                
abs   ffffffff  ___pinit__                                
abs   ffffffff  ___text__                                 
0     000830a2  __args_main                               
1     00000002  __cla_DCL_runDF13c_sp                     
1     00000002  __cla_DCL_runDF22c_sp                     
1     00000002  __cla_DCL_runDF23c_sp                     
1     00000002  __cla_DCL_runPIDc_sp                      
1     00000002  __cla_DCL_runPIc_sp                       
1     0000a8fe  __lock                                    
0     0008315e  __nop                                     
1     00000400  __stack                                   
0     0008315f  __system_post_cinit                       
0     0008315c  __system_pre_init                         
1     0000a900  __unlock                                  
0     00082f6f  _abort                                    
1     0000a8c0  _adc_temp                                 
0     00082bef  _c_int00                                  
0     00082f98  _copy_in                                  
0     0008239a  _crc                                      
0     00082a6c  _epwm2ISR                                 
1     0000a902  _errno                                    
0     00082f71  _exit                                     
0     00090465  _fsupported                               
0     00082347  _init_adc                                 
0     0008218f  _init_eqep                                
0     00082164  _init_gpio                                
0     00082271  _init_pwm                                 
0     00082380  _init_smartwinch                          
0     00082143  _init_timer                               
0     00082066  _init_uart                                
1     0000a8c6  _lk                                       
0     00082eac  _main                                     
0     0008301d  _memcpy                                   
0     000824fd  _modbusRTU_Update                         
1     0000a8ee  _modbusRTU_Written                        
1     0000a8f6  _modbusRTU_written_register_flags         
1     0000a8e2  _modbus_holding_regs                      
1     0000a800  _msg                                      
1     0000a8ca  _pid1                                     
0     00082495  _preset_multiple_registers                
0     00082431  _read_holding_registers                   
1     0000a802  _receivedChar                             
1     0000a8c2  _rk                                       
0     00082419  _send_reply                               
1     0000a8ef  _slave                                    
1     0000a840  _str                                      
1     0000a8c8  _uk                                       
0     000823e1  _validate_request                         
1     0000a8c4  _yk                                       
abs   ffffffff  binit                                     
0     00082000  cinit                                     
0     00080000  code_start                                
abs   ffffffff  etext                                     
abs   ffffffff  pinit                                     


GLOBAL SYMBOLS: SORTED BY Symbol Address 

page  address   name                                      
----  -------   ----                                      
0     00000122  _DCL_runDF13c                             
0     00000174  _DCL_runDF13ic                            
0     00000184  _DCL_runDF13pc                            
0     000001d6  _DCL_runDF23c                             
0     00000212  _DCL_runDF23ic                            
0     00000222  _DCL_runDF23pc                            
0     00000262  _DCL_runDF22c                             
0     00000288  _DCL_runDF22ic                            
0     00000292  _DCL_runDF22pc                            
0     000002bc  _DCL_runPIDc                              
0     00000300  _DCL_runPIc                               
0     00008000  _Flash_initModule                         
0     00008000  _RamfuncsRunStart                         
0     00008131  _SysCtl_delay                             
0     00008135  _RamfuncsRunEnd                           
0     0000a000  _DCL_runDF13                              
0     0000a04e  _DCL_runDF13i                             
0     0000a05b  _DCL_runDF13p                             
0     0000a0af  _DCL_runDF23                              
0     0000a0fb  _DCL_runDF23i                             
0     0000a10a  _DCL_runDF23p                             
0     0000a14c  _DCL_runDF22                              
0     0000a187  _DCL_runDF22i                             
0     0000a196  _DCL_runDF22p                             
0     0000a1c5  _DCL_runPID                               
0     0000a22c  _DCL_runPI                                
0     00080000  code_start                                
0     00082000  ___cinit__                                
0     00082000  cinit                                     
0     00082066  _init_uart                                
0     00082143  _init_timer                               
0     00082164  _init_gpio                                
0     0008218f  _init_eqep                                
0     00082271  _init_pwm                                 
0     00082347  _init_adc                                 
0     00082380  _init_smartwinch                          
0     0008239a  _crc                                      
0     000823e1  _validate_request                         
0     00082419  _send_reply                               
0     00082431  _read_holding_registers                   
0     00082495  _preset_multiple_registers                
0     000824fd  _modbusRTU_Update                         
0     0008263d  _SysCtl_setClock                          
0     0008285e  ___error__                                
0     00082861  _Device_enableUnbondedGPIOPullupsFor176Pin
0     0008287c  _Device_enableUnbondedGPIOPullupsFor100Pin
0     000828a3  _Device_enableUnbondedGPIOPullups         
0     000828cb  _Device_initGPIO                          
0     000828e9  _Device_enableAllPeripherals              
0     00082988  _Device_init                              
0     000829d2  _ADC_setMode                              
0     00082a6c  _epwm2ISR                                 
0     00082af9  FS$$DIV                                   
0     00082b81  _SysCtl_getClock                          
0     00082bef  _c_int00                                  
0     00082c45  _Interrupt_initModule                     
0     00082c99  _GPIO_setPadConfig                        
0     00082ceb  _SysCtl_selectOscSource                   
0     00082d38  _SCI_clearInterruptStatus                 
0     00082d7e  _SCI_writeCharArray                       
0     00082dbf  _SCI_setConfig                            
0     00082dff  _GPIO_setPinConfig                        
0     00082e3c  _GPIO_setMasterCore                       
0     00082e74  _GPIO_setQualificationMode                
0     00082eac  _main                                     
0     00082ee2  _Interrupt_enable                         
0     00082f15  _GPIO_setDirectionMode                    
0     00082f6f  C$$EXIT                                   
0     00082f6f  _abort                                    
0     00082f71  _exit                                     
0     00082f98  _copy_in                                  
0     00082fde  _Interrupt_initVectorTable                
0     0008301d  _memcpy                                   
0     00083056  _SysCtl_getLowSpeedClock                  
0     000830a2  __args_main                               
0     0008315c  __system_pre_init                         
0     0008315e  __nop                                     
0     0008315f  __system_post_cinit                       
0     00086000  _RamfuncsLoadStart                        
0     00086135  _RamfuncsLoadEnd                          
0     00090465  _fsupported                               
1     00000002  __cla_DCL_runDF13c_sp                     
1     00000002  __cla_DCL_runDF22c_sp                     
1     00000002  __cla_DCL_runDF23c_sp                     
1     00000002  __cla_DCL_runPIDc_sp                      
1     00000002  __cla_DCL_runPIc_sp                       
1     00000400  __stack                                   
1     00000500  __STACK_END                               
1     0000a800  _msg                                      
1     0000a802  _receivedChar                             
1     0000a840  _str                                      
1     0000a8c0  _adc_temp                                 
1     0000a8c2  _rk                                       
1     0000a8c4  _yk                                       
1     0000a8c6  _lk                                       
1     0000a8c8  _uk                                       
1     0000a8ca  _pid1                                     
1     0000a8e2  _modbus_holding_regs                      
1     0000a8ee  _modbusRTU_Written                        
1     0000a8ef  _slave                                    
1     0000a8f2  _T35_char                                 
1     0000a8f6  _modbusRTU_written_register_flags         
1     0000a8f8  ___TI_enable_exit_profile_output          
1     0000a8fa  ___TI_cleanup_ptr                         
1     0000a8fc  ___TI_dtors_ptr                           
1     0000a8fe  __lock                                    
1     0000a900  __unlock                                  
1     0000a902  _errno                                    
abs   00000100  __STACK_SIZE                              
abs   00000135  _RamfuncsLoadSize                         
abs   00000135  _RamfuncsRunSize                          
abs   ffffffff  .text                                     
abs   ffffffff  ___TI_pprof_out_hndl                      
abs   ffffffff  ___TI_prof_data_size                      
abs   ffffffff  ___TI_prof_data_start                     
abs   ffffffff  ___binit__                                
abs   ffffffff  ___c_args__                               
abs   ffffffff  ___etext__                                
abs   ffffffff  ___pinit__                                
abs   ffffffff  ___text__                                 
abs   ffffffff  binit                                     
abs   ffffffff  etext                                     
abs   ffffffff  pinit                                     

[123 symbols]
