<?xml version="1.0"?>
<link_info>
   <banner>TMS320C2000 Linker PC v16.9.6.LTS</banner>
   <copyright>Copyright (c) 1996-2017 Texas Instruments Incorporated</copyright>
   <link_time>0x5a84ddff</link_time>
   <link_errors>0x0</link_errors>
   <output_file>SmartWinch.out</output_file>
   <entry_point>
      <name>code_start</name>
      <address>0x80000</address>
   </entry_point>
   <input_file_list>
      <input_file id="fl-3">
         <path>.\</path>
         <kind>object</kind>
         <file>interrupt_handlers.obj</file>
         <name>interrupt_handlers.obj</name>
      </input_file>
      <input_file id="fl-4">
         <path>.\</path>
         <kind>object</kind>
         <file>kinematics.obj</file>
         <name>kinematics.obj</name>
      </input_file>
      <input_file id="fl-5">
         <path>.\</path>
         <kind>object</kind>
         <file>main.obj</file>
         <name>main.obj</name>
      </input_file>
      <input_file id="fl-6">
         <path>.\</path>
         <kind>object</kind>
         <file>modbusRTU.obj</file>
         <name>modbusRTU.obj</name>
      </input_file>
      <input_file id="fl-7">
         <path>.\</path>
         <kind>object</kind>
         <file>modbus_regs.obj</file>
         <name>modbus_regs.obj</name>
      </input_file>
      <input_file id="fl-8">
         <path>.\</path>
         <kind>object</kind>
         <file>motor_driver.obj</file>
         <name>motor_driver.obj</name>
      </input_file>
      <input_file id="fl-2e">
         <path>C:\ti\ccsv7\tools\compiler\ti-cgt-c2000_16.9.6.LTS\lib\</path>
         <kind>archive</kind>
         <file>rts2800_fpu32.lib</file>
         <name>cpy_tbl.obj</name>
      </input_file>
      <input_file id="fl-2f">
         <path>C:\ti\ccsv7\tools\compiler\ti-cgt-c2000_16.9.6.LTS\lib\</path>
         <kind>archive</kind>
         <file>rts2800_fpu32.lib</file>
         <name>e_powf.obj</name>
      </input_file>
      <input_file id="fl-30">
         <path>C:\ti\ccsv7\tools\compiler\ti-cgt-c2000_16.9.6.LTS\lib\</path>
         <kind>archive</kind>
         <file>rts2800_fpu32.lib</file>
         <name>e_sqrtf.obj</name>
      </input_file>
      <input_file id="fl-31">
         <path>C:\ti\ccsv7\tools\compiler\ti-cgt-c2000_16.9.6.LTS\lib\</path>
         <kind>archive</kind>
         <file>rts2800_fpu32.lib</file>
         <name>errno.obj</name>
      </input_file>
      <input_file id="fl-34">
         <path>C:\ti\ccsv7\tools\compiler\ti-cgt-c2000_16.9.6.LTS\lib\</path>
         <kind>archive</kind>
         <file>rts2800_fpu32.lib</file>
         <name>memcpy.obj</name>
      </input_file>
      <input_file id="fl-35">
         <path>C:\ti\ccsv7\tools\compiler\ti-cgt-c2000_16.9.6.LTS\lib\</path>
         <kind>archive</kind>
         <file>rts2800_fpu32.lib</file>
         <name>pre_init.obj</name>
      </input_file>
      <input_file id="fl-36">
         <path>C:\ti\ccsv7\tools\compiler\ti-cgt-c2000_16.9.6.LTS\lib\</path>
         <kind>archive</kind>
         <file>rts2800_fpu32.lib</file>
         <name>s_scalbnf.obj</name>
      </input_file>
      <input_file id="fl-37">
         <path>C:\ti\ccsv7\tools\compiler\ti-cgt-c2000_16.9.6.LTS\lib\</path>
         <kind>archive</kind>
         <file>rts2800_fpu32.lib</file>
         <name>startup.obj</name>
      </input_file>
      <input_file id="fl-38">
         <path>C:\ti\ccsv7\tools\compiler\ti-cgt-c2000_16.9.6.LTS\lib\</path>
         <kind>archive</kind>
         <file>rts2800_fpu32.lib</file>
         <name>_lock.obj</name>
      </input_file>
      <input_file id="fl-3a">
         <path>C:\ti\ccsv7\tools\compiler\ti-cgt-c2000_16.9.6.LTS\lib\</path>
         <kind>archive</kind>
         <file>rts2800_fpu32.lib</file>
         <name>s_copysignf.obj</name>
      </input_file>
      <input_file id="fl-3b">
         <path>C:\Users\AFDHAL~1\AppData\Local\Temp\</path>
         <kind>object</kind>
         <file>{16B10E6A-7661-4D16-A2F4-C1DCDEF5CCE9}</file>
         <name>{16B10E6A-7661-4D16-A2F4-C1DCDEF5CCE9}</name>
      </input_file>
      <input_file id="fl-2">
         <path>.\</path>
         <kind>object</kind>
         <file>device_init.obj</file>
         <name>device_init.obj</name>
      </input_file>
      <input_file id="fl-9">
         <path>.\DCL\source\</path>
         <kind>object</kind>
         <file>DCL_DF13.obj</file>
         <name>DCL_DF13.obj</name>
      </input_file>
      <input_file id="fl-a">
         <path>.\DCL\source\</path>
         <kind>object</kind>
         <file>DCL_DF13_CLA.obj</file>
         <name>DCL_DF13_CLA.obj</name>
      </input_file>
      <input_file id="fl-b">
         <path>.\DCL\source\</path>
         <kind>object</kind>
         <file>DCL_DF22.obj</file>
         <name>DCL_DF22.obj</name>
      </input_file>
      <input_file id="fl-c">
         <path>.\DCL\source\</path>
         <kind>object</kind>
         <file>DCL_DF22_CLA.obj</file>
         <name>DCL_DF22_CLA.obj</name>
      </input_file>
      <input_file id="fl-d">
         <path>.\DCL\source\</path>
         <kind>object</kind>
         <file>DCL_DF23.obj</file>
         <name>DCL_DF23.obj</name>
      </input_file>
      <input_file id="fl-e">
         <path>.\DCL\source\</path>
         <kind>object</kind>
         <file>DCL_DF23_CLA.obj</file>
         <name>DCL_DF23_CLA.obj</name>
      </input_file>
      <input_file id="fl-f">
         <path>.\DCL\source\</path>
         <kind>object</kind>
         <file>DCL_PI.obj</file>
         <name>DCL_PI.obj</name>
      </input_file>
      <input_file id="fl-10">
         <path>.\DCL\source\</path>
         <kind>object</kind>
         <file>DCL_PID.obj</file>
         <name>DCL_PID.obj</name>
      </input_file>
      <input_file id="fl-11">
         <path>.\DCL\source\</path>
         <kind>object</kind>
         <file>DCL_PID_CLA.obj</file>
         <name>DCL_PID_CLA.obj</name>
      </input_file>
      <input_file id="fl-12">
         <path>.\DCL\source\</path>
         <kind>object</kind>
         <file>DCL_PI_CLA.obj</file>
         <name>DCL_PI_CLA.obj</name>
      </input_file>
      <input_file id="fl-13">
         <path>.\device\</path>
         <kind>object</kind>
         <file>F2837xS_CodeStartBranch.obj</file>
         <name>F2837xS_CodeStartBranch.obj</name>
      </input_file>
      <input_file id="fl-14">
         <path>.\device\</path>
         <kind>object</kind>
         <file>device.obj</file>
         <name>device.obj</name>
      </input_file>
      <input_file id="fl-19">
         <kind>object</kind>
         <file>&lt;internal&gt;</file>
         <name>&lt;internal&gt;</name>
      </input_file>
      <input_file id="fl-1a">
         <path>..\</path>
         <kind>archive</kind>
         <file>driverlib.lib</file>
         <name>adc.obj</name>
      </input_file>
      <input_file id="fl-1b">
         <path>..\</path>
         <kind>archive</kind>
         <file>driverlib.lib</file>
         <name>flash.obj</name>
      </input_file>
      <input_file id="fl-1c">
         <path>..\</path>
         <kind>archive</kind>
         <file>driverlib.lib</file>
         <name>gpio.obj</name>
      </input_file>
      <input_file id="fl-1d">
         <path>..\</path>
         <kind>archive</kind>
         <file>driverlib.lib</file>
         <name>interrupt.obj</name>
      </input_file>
      <input_file id="fl-1e">
         <path>..\</path>
         <kind>archive</kind>
         <file>driverlib.lib</file>
         <name>sci.obj</name>
      </input_file>
      <input_file id="fl-1f">
         <path>..\</path>
         <kind>archive</kind>
         <file>driverlib.lib</file>
         <name>sysctl.obj</name>
      </input_file>
      <input_file id="fl-2d">
         <path>C:\ti\ccsv7\tools\compiler\ti-cgt-c2000_16.9.6.LTS\lib\</path>
         <kind>archive</kind>
         <file>rts2800_fpu32.lib</file>
         <name>boot28.obj</name>
      </input_file>
      <input_file id="fl-32">
         <path>C:\ti\ccsv7\tools\compiler\ti-cgt-c2000_16.9.6.LTS\lib\</path>
         <kind>archive</kind>
         <file>rts2800_fpu32.lib</file>
         <name>exit.obj</name>
      </input_file>
      <input_file id="fl-33">
         <path>C:\ti\ccsv7\tools\compiler\ti-cgt-c2000_16.9.6.LTS\lib\</path>
         <kind>archive</kind>
         <file>rts2800_fpu32.lib</file>
         <name>fs_div28.obj</name>
      </input_file>
      <input_file id="fl-39">
         <path>C:\ti\ccsv7\tools\compiler\ti-cgt-c2000_16.9.6.LTS\lib\</path>
         <kind>archive</kind>
         <file>rts2800_fpu32.lib</file>
         <name>args_main.obj</name>
      </input_file>
   </input_file_list>
   <object_component_list>
      <object_component id="oc-2b">
         <name>dclfuncs</name>
         <load_address>0xa000</load_address>
         <run_address>0xa000</run_address>
         <size>0xaf</size>
         <input_file_ref idref="fl-9"/>
      </object_component>
      <object_component id="oc-41">
         <name>dclfuncs</name>
         <load_address>0xa0af</load_address>
         <run_address>0xa0af</run_address>
         <size>0x9d</size>
         <input_file_ref idref="fl-d"/>
      </object_component>
      <object_component id="oc-36">
         <name>dclfuncs</name>
         <load_address>0xa14c</load_address>
         <run_address>0xa14c</run_address>
         <size>0x79</size>
         <input_file_ref idref="fl-b"/>
      </object_component>
      <object_component id="oc-51">
         <name>dclfuncs</name>
         <load_address>0xa1c5</load_address>
         <run_address>0xa1c5</run_address>
         <size>0x67</size>
         <input_file_ref idref="fl-10"/>
      </object_component>
      <object_component id="oc-4c">
         <name>dclfuncs</name>
         <load_address>0xa22c</load_address>
         <run_address>0xa22c</run_address>
         <size>0x3a</size>
         <input_file_ref idref="fl-f"/>
      </object_component>
      <object_component id="oc-19">
         <name>.cinit</name>
         <load_address>0x82000</load_address>
         <run_address>0x82000</run_address>
         <size>0x49</size>
         <input_file_ref idref="fl-3b"/>
      </object_component>
      <object_component id="oc-98">
         <name>.cinit</name>
         <load_address>0x82049</load_address>
         <run_address>0x82049</run_address>
         <size>0xe</size>
         <input_file_ref idref="fl-32"/>
      </object_component>
      <object_component id="oc-b0">
         <name>.cinit:__lock</name>
         <load_address>0x82057</load_address>
         <run_address>0x82057</run_address>
         <size>0x5</size>
         <input_file_ref idref="fl-3b"/>
      </object_component>
      <object_component id="oc-b5">
         <name>.cinit:__unlock</name>
         <load_address>0x8205c</load_address>
         <run_address>0x8205c</run_address>
         <size>0x5</size>
         <input_file_ref idref="fl-3b"/>
      </object_component>
      <object_component id="oc-b1">
         <name>.text</name>
         <load_address>0x82064</load_address>
         <run_address>0x82064</run_address>
         <size>0x334</size>
         <input_file_ref idref="fl-2"/>
      </object_component>
      <object_component id="oc-b3">
         <name>.text</name>
         <load_address>0x82398</load_address>
         <run_address>0x82398</run_address>
         <size>0x2a5</size>
         <input_file_ref idref="fl-6"/>
      </object_component>
      <object_component id="oc-ca">
         <name>.text:_SysCtl_setClock</name>
         <load_address>0x8263d</load_address>
         <run_address>0x8263d</run_address>
         <size>0x221</size>
         <input_file_ref idref="fl-1f"/>
      </object_component>
      <object_component id="oc-bb">
         <name>.text</name>
         <load_address>0x8285e</load_address>
         <run_address>0x8285e</run_address>
         <size>0x174</size>
         <input_file_ref idref="fl-14"/>
      </object_component>
      <object_component id="oc-bf">
         <name>.text:_ADC_setMode</name>
         <load_address>0x829d2</load_address>
         <run_address>0x829d2</run_address>
         <size>0x9a</size>
         <input_file_ref idref="fl-1a"/>
      </object_component>
      <object_component id="oc-1f">
         <name>.text:retain</name>
         <load_address>0x82a6c</load_address>
         <run_address>0x82a6c</run_address>
         <size>0x8d</size>
         <input_file_ref idref="fl-3"/>
      </object_component>
      <object_component id="oc-9e">
         <name>.text</name>
         <load_address>0x82af9</load_address>
         <run_address>0x82af9</run_address>
         <size>0x88</size>
         <input_file_ref idref="fl-33"/>
      </object_component>
      <object_component id="oc-cb">
         <name>.text:_SysCtl_getClock</name>
         <load_address>0x82b81</load_address>
         <run_address>0x82b81</run_address>
         <size>0x6e</size>
         <input_file_ref idref="fl-1f"/>
      </object_component>
      <object_component id="oc-90">
         <name>.text</name>
         <load_address>0x82bef</load_address>
         <run_address>0x82bef</run_address>
         <size>0x56</size>
         <input_file_ref idref="fl-2d"/>
      </object_component>
      <object_component id="oc-c0">
         <name>.text:_Interrupt_initModule</name>
         <load_address>0x82c45</load_address>
         <run_address>0x82c45</run_address>
         <size>0x54</size>
         <input_file_ref idref="fl-1d"/>
      </object_component>
      <object_component id="oc-b9">
         <name>.text:_GPIO_setPadConfig</name>
         <load_address>0x82c99</load_address>
         <run_address>0x82c99</run_address>
         <size>0x52</size>
         <input_file_ref idref="fl-1c"/>
      </object_component>
      <object_component id="oc-e1">
         <name>.text:_SysCtl_selectOscSource</name>
         <load_address>0x82ceb</load_address>
         <run_address>0x82ceb</run_address>
         <size>0x4d</size>
         <input_file_ref idref="fl-1f"/>
      </object_component>
      <object_component id="oc-bd">
         <name>.text:_SCI_clearInterruptStatus</name>
         <load_address>0x82d38</load_address>
         <run_address>0x82d38</run_address>
         <size>0x46</size>
         <input_file_ref idref="fl-1e"/>
      </object_component>
      <object_component id="oc-b2">
         <name>.text:_SCI_writeCharArray</name>
         <load_address>0x82d7e</load_address>
         <run_address>0x82d7e</run_address>
         <size>0x41</size>
         <input_file_ref idref="fl-1e"/>
      </object_component>
      <object_component id="oc-bc">
         <name>.text:_SCI_setConfig</name>
         <load_address>0x82dbf</load_address>
         <run_address>0x82dbf</run_address>
         <size>0x40</size>
         <input_file_ref idref="fl-1e"/>
      </object_component>
      <object_component id="oc-b7">
         <name>.text:_GPIO_setPinConfig</name>
         <load_address>0x82dff</load_address>
         <run_address>0x82dff</run_address>
         <size>0x3d</size>
         <input_file_ref idref="fl-1c"/>
      </object_component>
      <object_component id="oc-b6">
         <name>.text:_GPIO_setMasterCore</name>
         <load_address>0x82e3c</load_address>
         <run_address>0x82e3c</run_address>
         <size>0x38</size>
         <input_file_ref idref="fl-1c"/>
      </object_component>
      <object_component id="oc-ba">
         <name>.text:_GPIO_setQualificationMode</name>
         <load_address>0x82e74</load_address>
         <run_address>0x82e74</run_address>
         <size>0x38</size>
         <input_file_ref idref="fl-1c"/>
      </object_component>
      <object_component id="oc-ae">
         <name>.text</name>
         <load_address>0x82eac</load_address>
         <run_address>0x82eac</run_address>
         <size>0x36</size>
         <input_file_ref idref="fl-5"/>
      </object_component>
      <object_component id="oc-be">
         <name>.text:_Interrupt_enable</name>
         <load_address>0x82ee2</load_address>
         <run_address>0x82ee2</run_address>
         <size>0x33</size>
         <input_file_ref idref="fl-1d"/>
      </object_component>
      <object_component id="oc-b8">
         <name>.text:_GPIO_setDirectionMode</name>
         <load_address>0x82f15</load_address>
         <run_address>0x82f15</run_address>
         <size>0x31</size>
         <input_file_ref idref="fl-1c"/>
      </object_component>
      <object_component id="oc-d7">
         <name>.text:_Flash_setBankPowerUpDelay</name>
         <load_address>0x82f46</load_address>
         <run_address>0x82f46</run_address>
         <size>0x29</size>
         <input_file_ref idref="fl-1b"/>
      </object_component>
      <object_component id="oc-ac">
         <name>.text</name>
         <load_address>0x82f6f</load_address>
         <run_address>0x82f6f</run_address>
         <size>0x29</size>
         <input_file_ref idref="fl-32"/>
      </object_component>
      <object_component id="oc-a9">
         <name>.text</name>
         <load_address>0x82f98</load_address>
         <run_address>0x82f98</run_address>
         <size>0x24</size>
         <input_file_ref idref="fl-2e"/>
      </object_component>
      <object_component id="oc-c3">
         <name>.text:_SCI_isFIFOEnabled</name>
         <load_address>0x82fbc</load_address>
         <run_address>0x82fbc</run_address>
         <size>0x22</size>
         <input_file_ref idref="fl-1e"/>
      </object_component>
      <object_component id="oc-c1">
         <name>.text:_Interrupt_initVectorTable</name>
         <load_address>0x82fde</load_address>
         <run_address>0x82fde</run_address>
         <size>0x20</size>
         <input_file_ref idref="fl-1d"/>
      </object_component>
      <object_component id="oc-c2">
         <name>.text:_SCI_isBaseValid</name>
         <load_address>0x82ffe</load_address>
         <run_address>0x82ffe</run_address>
         <size>0x1f</size>
         <input_file_ref idref="fl-1e"/>
      </object_component>
      <object_component id="oc-ad">
         <name>.text</name>
         <load_address>0x8301d</load_address>
         <run_address>0x8301d</run_address>
         <size>0x1e</size>
         <input_file_ref idref="fl-34"/>
      </object_component>
      <object_component id="oc-c5">
         <name>.text:_SCI_isSpaceAvailableNonFIFO</name>
         <load_address>0x8303b</load_address>
         <run_address>0x8303b</run_address>
         <size>0x1b</size>
         <input_file_ref idref="fl-1e"/>
      </object_component>
      <object_component id="oc-cc">
         <name>.text:_SysCtl_getLowSpeedClock</name>
         <load_address>0x83056</load_address>
         <run_address>0x83056</run_address>
         <size>0x1a</size>
         <input_file_ref idref="fl-1f"/>
      </object_component>
      <object_component id="oc-cd">
         <name>.text:_SCI_disableModule</name>
         <load_address>0x83070</load_address>
         <run_address>0x83070</run_address>
         <size>0x19</size>
         <input_file_ref idref="fl-1e"/>
      </object_component>
      <object_component id="oc-cf">
         <name>.text:_SCI_performSoftwareReset</name>
         <load_address>0x83089</load_address>
         <run_address>0x83089</run_address>
         <size>0x19</size>
         <input_file_ref idref="fl-1e"/>
      </object_component>
      <object_component id="oc-ab">
         <name>.text</name>
         <load_address>0x830a2</load_address>
         <run_address>0x830a2</run_address>
         <size>0x19</size>
         <input_file_ref idref="fl-39"/>
      </object_component>
      <object_component id="oc-d5">
         <name>.text:_Flash_isCtrlBaseValid</name>
         <load_address>0x830bb</load_address>
         <run_address>0x830bb</run_address>
         <size>0x15</size>
         <input_file_ref idref="fl-1b"/>
      </object_component>
      <object_component id="oc-d6">
         <name>.text:_Flash_isECCBaseValid</name>
         <load_address>0x830d0</load_address>
         <run_address>0x830d0</run_address>
         <size>0x15</size>
         <input_file_ref idref="fl-1b"/>
      </object_component>
      <object_component id="oc-c4">
         <name>.text:_SCI_getTxFIFOStatus</name>
         <load_address>0x830e5</load_address>
         <run_address>0x830e5</run_address>
         <size>0x15</size>
         <input_file_ref idref="fl-1e"/>
      </object_component>
      <object_component id="oc-ce">
         <name>.text:_SCI_enableModule</name>
         <load_address>0x830fa</load_address>
         <run_address>0x830fa</run_address>
         <size>0x14</size>
         <input_file_ref idref="fl-1e"/>
      </object_component>
      <object_component id="oc-c8">
         <name>.text:_GPIO_isPinValid</name>
         <load_address>0x8310e</load_address>
         <run_address>0x8310e</run_address>
         <size>0xe</size>
         <input_file_ref idref="fl-1c"/>
      </object_component>
      <object_component id="oc-d2">
         <name>.text:_Interrupt_defaultHandler</name>
         <load_address>0x8311c</load_address>
         <run_address>0x8311c</run_address>
         <size>0xe</size>
         <input_file_ref idref="fl-1d"/>
      </object_component>
      <object_component id="oc-d0">
         <name>.text:_Interrupt_disableMaster</name>
         <load_address>0x8312a</load_address>
         <run_address>0x8312a</run_address>
         <size>0xd</size>
         <input_file_ref idref="fl-1d"/>
      </object_component>
      <object_component id="oc-d1">
         <name>.text:_Interrupt_enableMaster</name>
         <load_address>0x83137</load_address>
         <run_address>0x83137</run_address>
         <size>0xd</size>
         <input_file_ref idref="fl-1d"/>
      </object_component>
      <object_component id="oc-e0">
         <name>.text:_SysCtl_isMCDClockFailureDetected</name>
         <load_address>0x83144</load_address>
         <run_address>0x83144</run_address>
         <size>0xb</size>
         <input_file_ref idref="fl-1f"/>
      </object_component>
      <object_component id="oc-e2">
         <name>.text:_SysCtl_serviceWatchdog</name>
         <load_address>0x8314f</load_address>
         <run_address>0x8314f</run_address>
         <size>0x9</size>
         <input_file_ref idref="fl-1f"/>
      </object_component>
      <object_component id="oc-d4">
         <name>.text:_Interrupt_illegalOperationHandler</name>
         <load_address>0x83158</load_address>
         <run_address>0x83158</run_address>
         <size>0x2</size>
         <input_file_ref idref="fl-1d"/>
      </object_component>
      <object_component id="oc-d3">
         <name>.text:_Interrupt_nmiHandler</name>
         <load_address>0x8315a</load_address>
         <run_address>0x8315a</run_address>
         <size>0x2</size>
         <input_file_ref idref="fl-1d"/>
      </object_component>
      <object_component id="oc-a8">
         <name>.text</name>
         <load_address>0x8315c</load_address>
         <run_address>0x8315c</run_address>
         <size>0x2</size>
         <input_file_ref idref="fl-35"/>
      </object_component>
      <object_component id="oc-b4">
         <name>.text</name>
         <load_address>0x8315e</load_address>
         <run_address>0x8315e</run_address>
         <size>0x1</size>
         <input_file_ref idref="fl-38"/>
      </object_component>
      <object_component id="oc-aa">
         <name>.text</name>
         <load_address>0x8315f</load_address>
         <run_address>0x8315f</run_address>
         <size>0x1</size>
         <input_file_ref idref="fl-37"/>
      </object_component>
      <object_component id="oc-17">
         <name>codestart</name>
         <load_address>0x80000</load_address>
         <run_address>0x80000</run_address>
         <size>0x2</size>
         <input_file_ref idref="fl-13"/>
      </object_component>
      <object_component id="oc-91">
         <name>.stack</name>
         <uninitialized>true</uninitialized>
         <run_address>0x400</run_address>
         <size>0x0</size>
         <input_file_ref idref="fl-2d"/>
      </object_component>
      <object_component id="oc-107">
         <name>.stack</name>
         <uninitialized>true</uninitialized>
         <run_address>0x400</run_address>
         <size>0x0</size>
      </object_component>
      <object_component id="oc-1d">
         <name>.ebss</name>
         <uninitialized>true</uninitialized>
         <run_address>0xa800</run_address>
         <size>0xc0</size>
         <input_file_ref idref="fl-5"/>
      </object_component>
      <object_component id="oc-1c">
         <name>.ebss</name>
         <uninitialized>true</uninitialized>
         <run_address>0xa8c0</run_address>
         <size>0x22</size>
         <input_file_ref idref="fl-3"/>
      </object_component>
      <object_component id="oc-1e">
         <name>.ebss</name>
         <uninitialized>true</uninitialized>
         <run_address>0xa8e2</run_address>
         <size>0xc</size>
         <input_file_ref idref="fl-7"/>
      </object_component>
      <object_component id="oc-1b">
         <name>.ebss</name>
         <uninitialized>true</uninitialized>
         <run_address>0xa8ee</run_address>
         <size>0xa</size>
         <input_file_ref idref="fl-6"/>
      </object_component>
      <object_component id="oc-99">
         <name>.ebss</name>
         <uninitialized>true</uninitialized>
         <run_address>0xa8f8</run_address>
         <size>0x6</size>
         <input_file_ref idref="fl-32"/>
      </object_component>
      <object_component id="oc-af">
         <name>.ebss:__lock</name>
         <uninitialized>true</uninitialized>
         <run_address>0xa8fe</run_address>
         <size>0x2</size>
         <input_file_ref idref="fl-38"/>
      </object_component>
      <object_component id="oc-c7">
         <name>.ebss:__unlock</name>
         <uninitialized>true</uninitialized>
         <run_address>0xa900</run_address>
         <size>0x2</size>
         <input_file_ref idref="fl-38"/>
      </object_component>
      <object_component id="oc-1a">
         <name>.ebss</name>
         <uninitialized>true</uninitialized>
         <run_address>0xa902</run_address>
         <size>0x1</size>
         <input_file_ref idref="fl-31"/>
      </object_component>
      <object_component id="oc-72">
         <name>.econst:.string</name>
         <load_address>0x90000</load_address>
         <run_address>0x90000</run_address>
         <size>0xcb</size>
         <input_file_ref idref="fl-1b"/>
      </object_component>
      <object_component id="oc-78">
         <name>.econst:.string</name>
         <load_address>0x900cc</load_address>
         <run_address>0x900cc</run_address>
         <size>0xc8</size>
         <input_file_ref idref="fl-1c"/>
      </object_component>
      <object_component id="oc-84">
         <name>.econst:.string</name>
         <load_address>0x90194</load_address>
         <run_address>0x90194</run_address>
         <size>0xc7</size>
         <input_file_ref idref="fl-1e"/>
      </object_component>
      <object_component id="oc-26">
         <name>.econst:.string</name>
         <load_address>0x9025c</load_address>
         <run_address>0x9025c</run_address>
         <size>0x88</size>
         <input_file_ref idref="fl-2"/>
      </object_component>
      <object_component id="oc-7e">
         <name>.econst:.string</name>
         <load_address>0x902e4</load_address>
         <run_address>0x902e4</run_address>
         <size>0x69</size>
         <input_file_ref idref="fl-1d"/>
      </object_component>
      <object_component id="oc-8b">
         <name>.econst:.string</name>
         <load_address>0x9034e</load_address>
         <run_address>0x9034e</run_address>
         <size>0x66</size>
         <input_file_ref idref="fl-1f"/>
      </object_component>
      <object_component id="oc-6c">
         <name>.econst:.string</name>
         <load_address>0x903b4</load_address>
         <run_address>0x903b4</run_address>
         <size>0x63</size>
         <input_file_ref idref="fl-1a"/>
      </object_component>
      <object_component id="oc-20">
         <name>.econst:.string</name>
         <load_address>0x90418</load_address>
         <run_address>0x90418</run_address>
         <size>0x4d</size>
         <input_file_ref idref="fl-3b"/>
      </object_component>
      <object_component id="oc-c6">
         <name>.econst:.string:_fsupported</name>
         <load_address>0x90465</load_address>
         <run_address>0x90465</run_address>
         <size>0x3</size>
         <input_file_ref idref="fl-6"/>
      </object_component>
      <object_component id="oc-92">
         <name>.reset</name>
         <load_address>0x3fffc0</load_address>
         <run_address>0x3fffc0</run_address>
         <size>0x2</size>
         <input_file_ref idref="fl-2d"/>
      </object_component>
      <object_component id="oc-c9">
         <name>.TI.ramfunc:_Flash_initModule</name>
         <load_address>0x86000</load_address>
         <run_address>0x8000</run_address>
         <size>0x43</size>
         <input_file_ref idref="fl-1b"/>
      </object_component>
      <object_component id="oc-d8">
         <name>.TI.ramfunc:_Flash_setBankPowerMode</name>
         <load_address>0x86043</load_address>
         <run_address>0x8043</run_address>
         <size>0x32</size>
         <input_file_ref idref="fl-1b"/>
      </object_component>
      <object_component id="oc-dc">
         <name>.TI.ramfunc:_Flash_setWaitstates</name>
         <load_address>0x86075</load_address>
         <run_address>0x8075</run_address>
         <size>0x26</size>
         <input_file_ref idref="fl-1b"/>
      </object_component>
      <object_component id="oc-d9">
         <name>.TI.ramfunc:_Flash_setPumpPowerMode</name>
         <load_address>0x8609b</load_address>
         <run_address>0x809b</run_address>
         <size>0x1f</size>
         <input_file_ref idref="fl-1b"/>
      </object_component>
      <object_component id="oc-da">
         <name>.TI.ramfunc:_Flash_disableCache</name>
         <load_address>0x860ba</load_address>
         <run_address>0x80ba</run_address>
         <size>0x18</size>
         <input_file_ref idref="fl-1b"/>
      </object_component>
      <object_component id="oc-db">
         <name>.TI.ramfunc:_Flash_disablePrefetch</name>
         <load_address>0x860d2</load_address>
         <run_address>0x80d2</run_address>
         <size>0x18</size>
         <input_file_ref idref="fl-1b"/>
      </object_component>
      <object_component id="oc-dd">
         <name>.TI.ramfunc:_Flash_enableCache</name>
         <load_address>0x860ea</load_address>
         <run_address>0x80ea</run_address>
         <size>0x18</size>
         <input_file_ref idref="fl-1b"/>
      </object_component>
      <object_component id="oc-de">
         <name>.TI.ramfunc:_Flash_enablePrefetch</name>
         <load_address>0x86102</load_address>
         <run_address>0x8102</run_address>
         <size>0x18</size>
         <input_file_ref idref="fl-1b"/>
      </object_component>
      <object_component id="oc-df">
         <name>.TI.ramfunc:_Flash_enableECC</name>
         <load_address>0x8611a</load_address>
         <run_address>0x811a</run_address>
         <size>0x17</size>
         <input_file_ref idref="fl-1b"/>
      </object_component>
      <object_component id="oc-8a">
         <name>.TI.ramfunc</name>
         <load_address>0x86131</load_address>
         <run_address>0x8131</run_address>
         <size>0x4</size>
         <input_file_ref idref="fl-1f"/>
      </object_component>
      <object_component id="oc-25">
         <name>.debug_info</name>
         <load_address>0x0</load_address>
         <run_address>0x0</run_address>
         <size>0x2812</size>
         <input_file_ref idref="fl-2"/>
      </object_component>
      <object_component id="oc-2c">
         <name>.debug_info</name>
         <load_address>0x2812</load_address>
         <run_address>0x2812</run_address>
         <size>0x10d</size>
         <input_file_ref idref="fl-9"/>
      </object_component>
      <object_component id="oc-32">
         <name>.debug_info</name>
         <load_address>0x291f</load_address>
         <run_address>0x291f</run_address>
         <size>0xfe</size>
         <input_file_ref idref="fl-a"/>
      </object_component>
      <object_component id="oc-37">
         <name>.debug_info</name>
         <load_address>0x2a1d</load_address>
         <run_address>0x2a1d</run_address>
         <size>0x10d</size>
         <input_file_ref idref="fl-b"/>
      </object_component>
      <object_component id="oc-3d">
         <name>.debug_info</name>
         <load_address>0x2b2a</load_address>
         <run_address>0x2b2a</run_address>
         <size>0xfe</size>
         <input_file_ref idref="fl-c"/>
      </object_component>
      <object_component id="oc-42">
         <name>.debug_info</name>
         <load_address>0x2c28</load_address>
         <run_address>0x2c28</run_address>
         <size>0x10d</size>
         <input_file_ref idref="fl-d"/>
      </object_component>
      <object_component id="oc-48">
         <name>.debug_info</name>
         <load_address>0x2d35</load_address>
         <run_address>0x2d35</run_address>
         <size>0xfe</size>
         <input_file_ref idref="fl-e"/>
      </object_component>
      <object_component id="oc-4d">
         <name>.debug_info</name>
         <load_address>0x2e33</load_address>
         <run_address>0x2e33</run_address>
         <size>0xfc</size>
         <input_file_ref idref="fl-f"/>
      </object_component>
      <object_component id="oc-52">
         <name>.debug_info</name>
         <load_address>0x2f2f</load_address>
         <run_address>0x2f2f</run_address>
         <size>0xff</size>
         <input_file_ref idref="fl-10"/>
      </object_component>
      <object_component id="oc-58">
         <name>.debug_info</name>
         <load_address>0x302e</load_address>
         <run_address>0x302e</run_address>
         <size>0xfc</size>
         <input_file_ref idref="fl-11"/>
      </object_component>
      <object_component id="oc-5e">
         <name>.debug_info</name>
         <load_address>0x312a</load_address>
         <run_address>0x312a</run_address>
         <size>0xf9</size>
         <input_file_ref idref="fl-12"/>
      </object_component>
      <object_component id="oc-62">
         <name>.debug_info</name>
         <load_address>0x3223</load_address>
         <run_address>0x3223</run_address>
         <size>0x10c</size>
         <input_file_ref idref="fl-13"/>
      </object_component>
      <object_component id="oc-66">
         <name>.debug_info</name>
         <load_address>0x332f</load_address>
         <run_address>0x332f</run_address>
         <size>0x121d</size>
         <input_file_ref idref="fl-14"/>
      </object_component>
      <object_component id="oc-6b">
         <name>.debug_info</name>
         <load_address>0x454c</load_address>
         <run_address>0x454c</run_address>
         <size>0x767</size>
         <input_file_ref idref="fl-1a"/>
      </object_component>
      <object_component id="oc-71">
         <name>.debug_info</name>
         <load_address>0x4cb3</load_address>
         <run_address>0x4cb3</run_address>
         <size>0x18f3</size>
         <input_file_ref idref="fl-1b"/>
      </object_component>
      <object_component id="oc-77">
         <name>.debug_info</name>
         <load_address>0x65a6</load_address>
         <run_address>0x65a6</run_address>
         <size>0x1108</size>
         <input_file_ref idref="fl-1c"/>
      </object_component>
      <object_component id="oc-7d">
         <name>.debug_info</name>
         <load_address>0x76ae</load_address>
         <run_address>0x76ae</run_address>
         <size>0xef8</size>
         <input_file_ref idref="fl-1d"/>
      </object_component>
      <object_component id="oc-83">
         <name>.debug_info</name>
         <load_address>0x85a6</load_address>
         <run_address>0x85a6</run_address>
         <size>0x159e</size>
         <input_file_ref idref="fl-1e"/>
      </object_component>
      <object_component id="oc-89">
         <name>.debug_info</name>
         <load_address>0x9b44</load_address>
         <run_address>0x9b44</run_address>
         <size>0x114c</size>
         <input_file_ref idref="fl-1f"/>
      </object_component>
      <object_component id="oc-93">
         <name>.debug_info</name>
         <load_address>0xac90</load_address>
         <run_address>0xac90</run_address>
         <size>0x16b</size>
         <input_file_ref idref="fl-2d"/>
      </object_component>
      <object_component id="oc-97">
         <name>.debug_info</name>
         <load_address>0xadfb</load_address>
         <run_address>0xadfb</run_address>
         <size>0x5ab</size>
         <input_file_ref idref="fl-32"/>
      </object_component>
      <object_component id="oc-9f">
         <name>.debug_info</name>
         <load_address>0xb3a6</load_address>
         <run_address>0xb3a6</run_address>
         <size>0x10c</size>
         <input_file_ref idref="fl-33"/>
      </object_component>
      <object_component id="oc-a3">
         <name>.debug_info</name>
         <load_address>0xb4b2</load_address>
         <run_address>0xb4b2</run_address>
         <size>0x4ce</size>
         <input_file_ref idref="fl-39"/>
      </object_component>
      <object_component id="oc-18">
         <name>.debug_info</name>
         <load_address>0xb980</load_address>
         <run_address>0xb980</run_address>
         <size>0x1ae6</size>
         <input_file_ref idref="fl-3b"/>
      </object_component>
      <object_component id="oc-10b">
         <name>.debug_info</name>
         <load_address>0xd466</load_address>
         <run_address>0xd466</run_address>
         <size>0xb3</size>
      </object_component>
      <object_component id="oc-27">
         <name>.debug_frame</name>
         <load_address>0x0</load_address>
         <run_address>0x0</run_address>
         <size>0x118</size>
         <input_file_ref idref="fl-2"/>
      </object_component>
      <object_component id="oc-67">
         <name>.debug_frame</name>
         <load_address>0x118</load_address>
         <run_address>0x118</run_address>
         <size>0xf4</size>
         <input_file_ref idref="fl-14"/>
      </object_component>
      <object_component id="oc-6d">
         <name>.debug_frame</name>
         <load_address>0x510</load_address>
         <run_address>0x510</run_address>
         <size>0xa8</size>
         <input_file_ref idref="fl-1a"/>
      </object_component>
      <object_component id="oc-73">
         <name>.debug_frame</name>
         <load_address>0x5b8</load_address>
         <run_address>0x5b8</run_address>
         <size>0x1d1</size>
         <input_file_ref idref="fl-1b"/>
      </object_component>
      <object_component id="oc-79">
         <name>.debug_frame</name>
         <load_address>0x789</load_address>
         <run_address>0x789</run_address>
         <size>0x12f</size>
         <input_file_ref idref="fl-1c"/>
      </object_component>
      <object_component id="oc-7f">
         <name>.debug_frame</name>
         <load_address>0x8b8</load_address>
         <run_address>0x8b8</run_address>
         <size>0x144</size>
         <input_file_ref idref="fl-1d"/>
      </object_component>
      <object_component id="oc-85">
         <name>.debug_frame</name>
         <load_address>0x9fc</load_address>
         <run_address>0x9fc</run_address>
         <size>0x19b</size>
         <input_file_ref idref="fl-1e"/>
      </object_component>
      <object_component id="oc-8c">
         <name>.debug_frame</name>
         <load_address>0xb97</load_address>
         <run_address>0xb97</run_address>
         <size>0x126</size>
         <input_file_ref idref="fl-1f"/>
      </object_component>
      <object_component id="oc-9a">
         <name>.debug_frame</name>
         <load_address>0x20c</load_address>
         <run_address>0x20c</run_address>
         <size>0x68</size>
         <input_file_ref idref="fl-32"/>
      </object_component>
      <object_component id="oc-a4">
         <name>.debug_frame</name>
         <load_address>0x274</load_address>
         <run_address>0x274</run_address>
         <size>0x48</size>
         <input_file_ref idref="fl-39"/>
      </object_component>
      <object_component id="oc-21">
         <name>.debug_frame</name>
         <load_address>0x2bc</load_address>
         <run_address>0x2bc</run_address>
         <size>0x254</size>
         <input_file_ref idref="fl-3b"/>
      </object_component>
      <object_component id="oc-28">
         <name>.debug_line</name>
         <load_address>0x0</load_address>
         <run_address>0x0</run_address>
         <size>0x618</size>
         <input_file_ref idref="fl-2"/>
      </object_component>
      <object_component id="oc-2d">
         <name>.debug_line</name>
         <load_address>0x618</load_address>
         <run_address>0x618</run_address>
         <size>0xa7</size>
         <input_file_ref idref="fl-9"/>
      </object_component>
      <object_component id="oc-33">
         <name>.debug_line</name>
         <load_address>0x6bf</load_address>
         <run_address>0x6bf</run_address>
         <size>0xa6</size>
         <input_file_ref idref="fl-a"/>
      </object_component>
      <object_component id="oc-38">
         <name>.debug_line</name>
         <load_address>0x765</load_address>
         <run_address>0x765</run_address>
         <size>0x86</size>
         <input_file_ref idref="fl-b"/>
      </object_component>
      <object_component id="oc-3e">
         <name>.debug_line</name>
         <load_address>0x7eb</load_address>
         <run_address>0x7eb</run_address>
         <size>0x79</size>
         <input_file_ref idref="fl-c"/>
      </object_component>
      <object_component id="oc-43">
         <name>.debug_line</name>
         <load_address>0x864</load_address>
         <run_address>0x864</run_address>
         <size>0x9c</size>
         <input_file_ref idref="fl-d"/>
      </object_component>
      <object_component id="oc-49">
         <name>.debug_line</name>
         <load_address>0x900</load_address>
         <run_address>0x900</run_address>
         <size>0x92</size>
         <input_file_ref idref="fl-e"/>
      </object_component>
      <object_component id="oc-4e">
         <name>.debug_line</name>
         <load_address>0x992</load_address>
         <run_address>0x992</run_address>
         <size>0x65</size>
         <input_file_ref idref="fl-f"/>
      </object_component>
      <object_component id="oc-53">
         <name>.debug_line</name>
         <load_address>0x9f7</load_address>
         <run_address>0x9f7</run_address>
         <size>0x7f</size>
         <input_file_ref idref="fl-10"/>
      </object_component>
      <object_component id="oc-59">
         <name>.debug_line</name>
         <load_address>0xa76</load_address>
         <run_address>0xa76</run_address>
         <size>0x6d</size>
         <input_file_ref idref="fl-11"/>
      </object_component>
      <object_component id="oc-5f">
         <name>.debug_line</name>
         <load_address>0xae3</load_address>
         <run_address>0xae3</run_address>
         <size>0x5e</size>
         <input_file_ref idref="fl-12"/>
      </object_component>
      <object_component id="oc-63">
         <name>.debug_line</name>
         <load_address>0xb41</load_address>
         <run_address>0xb41</run_address>
         <size>0x54</size>
         <input_file_ref idref="fl-13"/>
      </object_component>
      <object_component id="oc-68">
         <name>.debug_line</name>
         <load_address>0xb95</load_address>
         <run_address>0xb95</run_address>
         <size>0x1f2</size>
         <input_file_ref idref="fl-14"/>
      </object_component>
      <object_component id="oc-6e">
         <name>.debug_line</name>
         <load_address>0xd87</load_address>
         <run_address>0xd87</run_address>
         <size>0x165</size>
         <input_file_ref idref="fl-1a"/>
      </object_component>
      <object_component id="oc-74">
         <name>.debug_line</name>
         <load_address>0xeec</load_address>
         <run_address>0xeec</run_address>
         <size>0x243</size>
         <input_file_ref idref="fl-1b"/>
      </object_component>
      <object_component id="oc-7a">
         <name>.debug_line</name>
         <load_address>0x112f</load_address>
         <run_address>0x112f</run_address>
         <size>0x262</size>
         <input_file_ref idref="fl-1c"/>
      </object_component>
      <object_component id="oc-80">
         <name>.debug_line</name>
         <load_address>0x1391</load_address>
         <run_address>0x1391</run_address>
         <size>0x214</size>
         <input_file_ref idref="fl-1d"/>
      </object_component>
      <object_component id="oc-86">
         <name>.debug_line</name>
         <load_address>0x15a5</load_address>
         <run_address>0x15a5</run_address>
         <size>0x240</size>
         <input_file_ref idref="fl-1e"/>
      </object_component>
      <object_component id="oc-8d">
         <name>.debug_line</name>
         <load_address>0x17e5</load_address>
         <run_address>0x17e5</run_address>
         <size>0x393</size>
         <input_file_ref idref="fl-1f"/>
      </object_component>
      <object_component id="oc-94">
         <name>.debug_line</name>
         <load_address>0x1b78</load_address>
         <run_address>0x1b78</run_address>
         <size>0x7e</size>
         <input_file_ref idref="fl-2d"/>
      </object_component>
      <object_component id="oc-9b">
         <name>.debug_line</name>
         <load_address>0x1bf6</load_address>
         <run_address>0x1bf6</run_address>
         <size>0x65</size>
         <input_file_ref idref="fl-32"/>
      </object_component>
      <object_component id="oc-a0">
         <name>.debug_line</name>
         <load_address>0x1c5b</load_address>
         <run_address>0x1c5b</run_address>
         <size>0xad</size>
         <input_file_ref idref="fl-33"/>
      </object_component>
      <object_component id="oc-a5">
         <name>.debug_line</name>
         <load_address>0x1d08</load_address>
         <run_address>0x1d08</run_address>
         <size>0x55</size>
         <input_file_ref idref="fl-39"/>
      </object_component>
      <object_component id="oc-22">
         <name>.debug_line</name>
         <load_address>0x1d5d</load_address>
         <run_address>0x1d5d</run_address>
         <size>0x8a3</size>
         <input_file_ref idref="fl-3b"/>
      </object_component>
      <object_component id="oc-29">
         <name>.debug_abbrev</name>
         <load_address>0x0</load_address>
         <run_address>0x0</run_address>
         <size>0x161</size>
         <input_file_ref idref="fl-2"/>
      </object_component>
      <object_component id="oc-2e">
         <name>.debug_abbrev</name>
         <load_address>0x161</load_address>
         <run_address>0x161</run_address>
         <size>0x2f</size>
         <input_file_ref idref="fl-9"/>
      </object_component>
      <object_component id="oc-34">
         <name>.debug_abbrev</name>
         <load_address>0x190</load_address>
         <run_address>0x190</run_address>
         <size>0x21</size>
         <input_file_ref idref="fl-a"/>
      </object_component>
      <object_component id="oc-39">
         <name>.debug_abbrev</name>
         <load_address>0x1b1</load_address>
         <run_address>0x1b1</run_address>
         <size>0x2f</size>
         <input_file_ref idref="fl-b"/>
      </object_component>
      <object_component id="oc-3f">
         <name>.debug_abbrev</name>
         <load_address>0x1e0</load_address>
         <run_address>0x1e0</run_address>
         <size>0x21</size>
         <input_file_ref idref="fl-c"/>
      </object_component>
      <object_component id="oc-44">
         <name>.debug_abbrev</name>
         <load_address>0x201</load_address>
         <run_address>0x201</run_address>
         <size>0x2f</size>
         <input_file_ref idref="fl-d"/>
      </object_component>
      <object_component id="oc-4a">
         <name>.debug_abbrev</name>
         <load_address>0x230</load_address>
         <run_address>0x230</run_address>
         <size>0x21</size>
         <input_file_ref idref="fl-e"/>
      </object_component>
      <object_component id="oc-4f">
         <name>.debug_abbrev</name>
         <load_address>0x251</load_address>
         <run_address>0x251</run_address>
         <size>0x2f</size>
         <input_file_ref idref="fl-f"/>
      </object_component>
      <object_component id="oc-54">
         <name>.debug_abbrev</name>
         <load_address>0x280</load_address>
         <run_address>0x280</run_address>
         <size>0x2f</size>
         <input_file_ref idref="fl-10"/>
      </object_component>
      <object_component id="oc-5a">
         <name>.debug_abbrev</name>
         <load_address>0x2af</load_address>
         <run_address>0x2af</run_address>
         <size>0x21</size>
         <input_file_ref idref="fl-11"/>
      </object_component>
      <object_component id="oc-60">
         <name>.debug_abbrev</name>
         <load_address>0x2d0</load_address>
         <run_address>0x2d0</run_address>
         <size>0x21</size>
         <input_file_ref idref="fl-12"/>
      </object_component>
      <object_component id="oc-64">
         <name>.debug_abbrev</name>
         <load_address>0x2f1</load_address>
         <run_address>0x2f1</run_address>
         <size>0x21</size>
         <input_file_ref idref="fl-13"/>
      </object_component>
      <object_component id="oc-69">
         <name>.debug_abbrev</name>
         <load_address>0x312</load_address>
         <run_address>0x312</run_address>
         <size>0x13a</size>
         <input_file_ref idref="fl-14"/>
      </object_component>
      <object_component id="oc-6f">
         <name>.debug_abbrev</name>
         <load_address>0x44c</load_address>
         <run_address>0x44c</run_address>
         <size>0x10e</size>
         <input_file_ref idref="fl-1a"/>
      </object_component>
      <object_component id="oc-75">
         <name>.debug_abbrev</name>
         <load_address>0x55a</load_address>
         <run_address>0x55a</run_address>
         <size>0x124</size>
         <input_file_ref idref="fl-1b"/>
      </object_component>
      <object_component id="oc-7b">
         <name>.debug_abbrev</name>
         <load_address>0x67e</load_address>
         <run_address>0x67e</run_address>
         <size>0x1d6</size>
         <input_file_ref idref="fl-1c"/>
      </object_component>
      <object_component id="oc-81">
         <name>.debug_abbrev</name>
         <load_address>0x854</load_address>
         <run_address>0x854</run_address>
         <size>0x193</size>
         <input_file_ref idref="fl-1d"/>
      </object_component>
      <object_component id="oc-87">
         <name>.debug_abbrev</name>
         <load_address>0x9e7</load_address>
         <run_address>0x9e7</run_address>
         <size>0x19d</size>
         <input_file_ref idref="fl-1e"/>
      </object_component>
      <object_component id="oc-8e">
         <name>.debug_abbrev</name>
         <load_address>0xb84</load_address>
         <run_address>0xb84</run_address>
         <size>0x1af</size>
         <input_file_ref idref="fl-1f"/>
      </object_component>
      <object_component id="oc-95">
         <name>.debug_abbrev</name>
         <load_address>0xd33</load_address>
         <run_address>0xd33</run_address>
         <size>0x46</size>
         <input_file_ref idref="fl-2d"/>
      </object_component>
      <object_component id="oc-9c">
         <name>.debug_abbrev</name>
         <load_address>0xd79</load_address>
         <run_address>0xd79</run_address>
         <size>0x142</size>
         <input_file_ref idref="fl-32"/>
      </object_component>
      <object_component id="oc-a1">
         <name>.debug_abbrev</name>
         <load_address>0xebb</load_address>
         <run_address>0xebb</run_address>
         <size>0x38</size>
         <input_file_ref idref="fl-33"/>
      </object_component>
      <object_component id="oc-a6">
         <name>.debug_abbrev</name>
         <load_address>0xef3</load_address>
         <run_address>0xef3</run_address>
         <size>0xfe</size>
         <input_file_ref idref="fl-39"/>
      </object_component>
      <object_component id="oc-23">
         <name>.debug_abbrev</name>
         <load_address>0xff1</load_address>
         <run_address>0xff1</run_address>
         <size>0x227</size>
         <input_file_ref idref="fl-3b"/>
      </object_component>
      <object_component id="oc-10c">
         <name>.debug_abbrev</name>
         <load_address>0x1218</load_address>
         <run_address>0x1218</run_address>
         <size>0xf</size>
      </object_component>
      <object_component id="oc-2a">
         <name>.debug_aranges</name>
         <load_address>0x0</load_address>
         <run_address>0x0</run_address>
         <size>0x60</size>
         <input_file_ref idref="fl-2"/>
      </object_component>
      <object_component id="oc-2f">
         <name>.debug_aranges</name>
         <load_address>0x60</load_address>
         <run_address>0x60</run_address>
         <size>0x20</size>
         <input_file_ref idref="fl-9"/>
      </object_component>
      <object_component id="oc-35">
         <name>.debug_aranges</name>
         <load_address>0x80</load_address>
         <run_address>0x80</run_address>
         <size>0x20</size>
         <input_file_ref idref="fl-a"/>
      </object_component>
      <object_component id="oc-3a">
         <name>.debug_aranges</name>
         <load_address>0xa0</load_address>
         <run_address>0xa0</run_address>
         <size>0x20</size>
         <input_file_ref idref="fl-b"/>
      </object_component>
      <object_component id="oc-40">
         <name>.debug_aranges</name>
         <load_address>0xc0</load_address>
         <run_address>0xc0</run_address>
         <size>0x20</size>
         <input_file_ref idref="fl-c"/>
      </object_component>
      <object_component id="oc-45">
         <name>.debug_aranges</name>
         <load_address>0xe0</load_address>
         <run_address>0xe0</run_address>
         <size>0x20</size>
         <input_file_ref idref="fl-d"/>
      </object_component>
      <object_component id="oc-4b">
         <name>.debug_aranges</name>
         <load_address>0x100</load_address>
         <run_address>0x100</run_address>
         <size>0x20</size>
         <input_file_ref idref="fl-e"/>
      </object_component>
      <object_component id="oc-50">
         <name>.debug_aranges</name>
         <load_address>0x120</load_address>
         <run_address>0x120</run_address>
         <size>0x20</size>
         <input_file_ref idref="fl-f"/>
      </object_component>
      <object_component id="oc-55">
         <name>.debug_aranges</name>
         <load_address>0x140</load_address>
         <run_address>0x140</run_address>
         <size>0x20</size>
         <input_file_ref idref="fl-10"/>
      </object_component>
      <object_component id="oc-5b">
         <name>.debug_aranges</name>
         <load_address>0x160</load_address>
         <run_address>0x160</run_address>
         <size>0x20</size>
         <input_file_ref idref="fl-11"/>
      </object_component>
      <object_component id="oc-61">
         <name>.debug_aranges</name>
         <load_address>0x180</load_address>
         <run_address>0x180</run_address>
         <size>0x20</size>
         <input_file_ref idref="fl-12"/>
      </object_component>
      <object_component id="oc-65">
         <name>.debug_aranges</name>
         <load_address>0x1a0</load_address>
         <run_address>0x1a0</run_address>
         <size>0x20</size>
         <input_file_ref idref="fl-13"/>
      </object_component>
      <object_component id="oc-6a">
         <name>.debug_aranges</name>
         <load_address>0x1c0</load_address>
         <run_address>0x1c0</run_address>
         <size>0x50</size>
         <input_file_ref idref="fl-14"/>
      </object_component>
      <object_component id="oc-70">
         <name>.debug_aranges</name>
         <load_address>0x210</load_address>
         <run_address>0x210</run_address>
         <size>0x20</size>
         <input_file_ref idref="fl-1a"/>
      </object_component>
      <object_component id="oc-76">
         <name>.debug_aranges</name>
         <load_address>0x230</load_address>
         <run_address>0x230</run_address>
         <size>0x78</size>
         <input_file_ref idref="fl-1b"/>
      </object_component>
      <object_component id="oc-7c">
         <name>.debug_aranges</name>
         <load_address>0x2a8</load_address>
         <run_address>0x2a8</run_address>
         <size>0x48</size>
         <input_file_ref idref="fl-1c"/>
      </object_component>
      <object_component id="oc-82">
         <name>.debug_aranges</name>
         <load_address>0x2f0</load_address>
         <run_address>0x2f0</run_address>
         <size>0x58</size>
         <input_file_ref idref="fl-1d"/>
      </object_component>
      <object_component id="oc-88">
         <name>.debug_aranges</name>
         <load_address>0x348</load_address>
         <run_address>0x348</run_address>
         <size>0x68</size>
         <input_file_ref idref="fl-1e"/>
      </object_component>
      <object_component id="oc-8f">
         <name>.debug_aranges</name>
         <load_address>0x3b0</load_address>
         <run_address>0x3b0</run_address>
         <size>0x48</size>
         <input_file_ref idref="fl-1f"/>
      </object_component>
      <object_component id="oc-96">
         <name>.debug_aranges</name>
         <load_address>0x3f8</load_address>
         <run_address>0x3f8</run_address>
         <size>0x20</size>
         <input_file_ref idref="fl-2d"/>
      </object_component>
      <object_component id="oc-9d">
         <name>.debug_aranges</name>
         <load_address>0x418</load_address>
         <run_address>0x418</run_address>
         <size>0x28</size>
         <input_file_ref idref="fl-32"/>
      </object_component>
      <object_component id="oc-a2">
         <name>.debug_aranges</name>
         <load_address>0x440</load_address>
         <run_address>0x440</run_address>
         <size>0x20</size>
         <input_file_ref idref="fl-33"/>
      </object_component>
      <object_component id="oc-a7">
         <name>.debug_aranges</name>
         <load_address>0x460</load_address>
         <run_address>0x460</run_address>
         <size>0x20</size>
         <input_file_ref idref="fl-39"/>
      </object_component>
      <object_component id="oc-24">
         <name>.debug_aranges</name>
         <load_address>0x480</load_address>
         <run_address>0x480</run_address>
         <size>0x88</size>
         <input_file_ref idref="fl-3b"/>
      </object_component>
      <object_component id="oc-30">
         <name>.scratchpad:Cla1Prog:_DCL_runDF13c</name>
         <uninitialized>true</uninitialized>
         <run_address>0x2</run_address>
         <size>0x6</size>
         <input_file_ref idref="fl-a"/>
      </object_component>
      <object_component id="oc-3b">
         <name>.scratchpad:Cla1Prog:_DCL_runDF22c</name>
         <uninitialized>true</uninitialized>
         <run_address>0x2</run_address>
         <size>0x2</size>
         <input_file_ref idref="fl-c"/>
      </object_component>
      <object_component id="oc-46">
         <name>.scratchpad:Cla1Prog:_DCL_runDF23c</name>
         <uninitialized>true</uninitialized>
         <run_address>0x2</run_address>
         <size>0x2</size>
         <input_file_ref idref="fl-e"/>
      </object_component>
      <object_component id="oc-56">
         <name>.scratchpad:Cla1Prog:_DCL_runPIDc</name>
         <uninitialized>true</uninitialized>
         <run_address>0x2</run_address>
         <size>0xa</size>
         <input_file_ref idref="fl-11"/>
      </object_component>
      <object_component id="oc-5c">
         <name>.scratchpad:Cla1Prog:_DCL_runPIc</name>
         <uninitialized>true</uninitialized>
         <run_address>0x2</run_address>
         <size>0x5</size>
         <input_file_ref idref="fl-12"/>
      </object_component>
      <object_component id="oc-31">
         <name>Cla1Prog:_DCL_runDF13c</name>
         <load_address>0x122</load_address>
         <run_address>0x122</run_address>
         <size>0xb4</size>
         <input_file_ref idref="fl-a"/>
      </object_component>
      <object_component id="oc-47">
         <name>Cla1Prog:_DCL_runDF23c</name>
         <load_address>0x1d6</load_address>
         <run_address>0x1d6</run_address>
         <size>0x8c</size>
         <input_file_ref idref="fl-e"/>
      </object_component>
      <object_component id="oc-3c">
         <name>Cla1Prog:_DCL_runDF22c</name>
         <load_address>0x262</load_address>
         <run_address>0x262</run_address>
         <size>0x5a</size>
         <input_file_ref idref="fl-c"/>
      </object_component>
      <object_component id="oc-57">
         <name>Cla1Prog:_DCL_runPIDc</name>
         <load_address>0x2bc</load_address>
         <run_address>0x2bc</run_address>
         <size>0x44</size>
         <input_file_ref idref="fl-11"/>
      </object_component>
      <object_component id="oc-5d">
         <name>Cla1Prog:_DCL_runPIc</name>
         <load_address>0x300</load_address>
         <run_address>0x300</run_address>
         <size>0x28</size>
         <input_file_ref idref="fl-12"/>
      </object_component>
   </object_component_list>
   <logical_group_list>
      <logical_group id="lg-2" display="no" color="cyan">
         <name>dclfuncs</name>
         <load_address>0xa000</load_address>
         <run_address>0xa000</run_address>
         <size>0x266</size>
         <contents>
            <object_component_ref idref="oc-2b"/>
            <object_component_ref idref="oc-41"/>
            <object_component_ref idref="oc-36"/>
            <object_component_ref idref="oc-51"/>
            <object_component_ref idref="oc-4c"/>
         </contents>
      </logical_group>
      <logical_group id="lg-3" display="no" color="cyan">
         <name>.cinit</name>
         <load_address>0x82000</load_address>
         <run_address>0x82000</run_address>
         <size>0x63</size>
         <contents>
            <object_component_ref idref="oc-19"/>
            <object_component_ref idref="oc-98"/>
            <object_component_ref idref="oc-b0"/>
            <object_component_ref idref="oc-b5"/>
         </contents>
      </logical_group>
      <logical_group id="lg-4" display="no" color="cyan">
         <name>.pinit</name>
         <run_address>0x0</run_address>
         <size>0x0</size>
         <contents>
         </contents>
      </logical_group>
      <logical_group id="lg-108" display="no" color="cyan">
         <name>.text</name>
         <load_address>0x82064</load_address>
         <run_address>0x82064</run_address>
         <size>0x10fc</size>
         <contents>
            <object_component_ref idref="oc-b1"/>
            <object_component_ref idref="oc-b3"/>
            <object_component_ref idref="oc-ca"/>
            <object_component_ref idref="oc-bb"/>
            <object_component_ref idref="oc-bf"/>
            <object_component_ref idref="oc-1f"/>
            <object_component_ref idref="oc-9e"/>
            <object_component_ref idref="oc-cb"/>
            <object_component_ref idref="oc-90"/>
            <object_component_ref idref="oc-c0"/>
            <object_component_ref idref="oc-b9"/>
            <object_component_ref idref="oc-e1"/>
            <object_component_ref idref="oc-bd"/>
            <object_component_ref idref="oc-b2"/>
            <object_component_ref idref="oc-bc"/>
            <object_component_ref idref="oc-b7"/>
            <object_component_ref idref="oc-b6"/>
            <object_component_ref idref="oc-ba"/>
            <object_component_ref idref="oc-ae"/>
            <object_component_ref idref="oc-be"/>
            <object_component_ref idref="oc-b8"/>
            <object_component_ref idref="oc-d7"/>
            <object_component_ref idref="oc-ac"/>
            <object_component_ref idref="oc-a9"/>
            <object_component_ref idref="oc-c3"/>
            <object_component_ref idref="oc-c1"/>
            <object_component_ref idref="oc-c2"/>
            <object_component_ref idref="oc-ad"/>
            <object_component_ref idref="oc-c5"/>
            <object_component_ref idref="oc-cc"/>
            <object_component_ref idref="oc-cd"/>
            <object_component_ref idref="oc-cf"/>
            <object_component_ref idref="oc-ab"/>
            <object_component_ref idref="oc-d5"/>
            <object_component_ref idref="oc-d6"/>
            <object_component_ref idref="oc-c4"/>
            <object_component_ref idref="oc-ce"/>
            <object_component_ref idref="oc-c8"/>
            <object_component_ref idref="oc-d2"/>
            <object_component_ref idref="oc-d0"/>
            <object_component_ref idref="oc-d1"/>
            <object_component_ref idref="oc-e0"/>
            <object_component_ref idref="oc-e2"/>
            <object_component_ref idref="oc-d4"/>
            <object_component_ref idref="oc-d3"/>
            <object_component_ref idref="oc-a8"/>
            <object_component_ref idref="oc-b4"/>
            <object_component_ref idref="oc-aa"/>
         </contents>
      </logical_group>
      <split_section id="lg-5" display="no" color="cyan">
         <name>.text</name>
         <contents>
            <logical_group_ref idref="lg-108"/>
         </contents>
      </split_section>
      <logical_group id="lg-6" display="no" color="cyan">
         <name>codestart</name>
         <load_address>0x80000</load_address>
         <run_address>0x80000</run_address>
         <size>0x2</size>
         <contents>
            <object_component_ref idref="oc-17"/>
         </contents>
      </logical_group>
      <logical_group id="lg-7" display="no" color="cyan">
         <name>.stack</name>
         <run_address>0x400</run_address>
         <size>0x100</size>
         <contents>
            <object_component_ref idref="oc-91"/>
            <object_component_ref idref="oc-107"/>
         </contents>
      </logical_group>
      <logical_group id="lg-109" display="no" color="cyan">
         <name>.ebss</name>
         <run_address>0xa800</run_address>
         <size>0x103</size>
         <contents>
            <object_component_ref idref="oc-1d"/>
            <object_component_ref idref="oc-1c"/>
            <object_component_ref idref="oc-1e"/>
            <object_component_ref idref="oc-1b"/>
            <object_component_ref idref="oc-99"/>
            <object_component_ref idref="oc-af"/>
            <object_component_ref idref="oc-c7"/>
            <object_component_ref idref="oc-1a"/>
         </contents>
      </logical_group>
      <split_section id="lg-8" display="no" color="cyan">
         <name>.ebss</name>
         <contents>
            <logical_group_ref idref="lg-109"/>
         </contents>
      </split_section>
      <logical_group id="lg-9" display="no" color="cyan">
         <name>.esysmem</name>
         <run_address>0x0</run_address>
         <size>0x0</size>
         <contents>
         </contents>
      </logical_group>
      <logical_group id="lg-a" display="no" color="cyan">
         <name>.cio</name>
         <run_address>0x0</run_address>
         <size>0x0</size>
         <contents>
         </contents>
      </logical_group>
      <logical_group id="lg-10a" display="no" color="cyan">
         <name>.econst</name>
         <load_address>0x90000</load_address>
         <run_address>0x90000</run_address>
         <size>0x468</size>
         <contents>
            <object_component_ref idref="oc-72"/>
            <object_component_ref idref="oc-78"/>
            <object_component_ref idref="oc-84"/>
            <object_component_ref idref="oc-26"/>
            <object_component_ref idref="oc-7e"/>
            <object_component_ref idref="oc-8b"/>
            <object_component_ref idref="oc-6c"/>
            <object_component_ref idref="oc-20"/>
            <object_component_ref idref="oc-c6"/>
         </contents>
      </logical_group>
      <split_section id="lg-b" display="no" color="cyan">
         <name>.econst</name>
         <contents>
            <logical_group_ref idref="lg-10a"/>
         </contents>
      </split_section>
      <logical_group id="lg-c" display="no" color="cyan">
         <name>.switch</name>
         <run_address>0x0</run_address>
         <size>0x0</size>
         <contents>
         </contents>
      </logical_group>
      <logical_group id="lg-d" display="no" color="cyan">
         <name>.reset</name>
         <load_address>0x3fffc0</load_address>
         <run_address>0x3fffc0</run_address>
         <size>0x2</size>
         <contents>
            <object_component_ref idref="oc-92"/>
         </contents>
      </logical_group>
      <logical_group id="lg-e" display="no" color="cyan">
         <name>.TI.ramfunc</name>
         <load_address>0x86000</load_address>
         <run_address>0x8000</run_address>
         <size>0x135</size>
         <contents>
            <object_component_ref idref="oc-c9"/>
            <object_component_ref idref="oc-d8"/>
            <object_component_ref idref="oc-dc"/>
            <object_component_ref idref="oc-d9"/>
            <object_component_ref idref="oc-da"/>
            <object_component_ref idref="oc-db"/>
            <object_component_ref idref="oc-dd"/>
            <object_component_ref idref="oc-de"/>
            <object_component_ref idref="oc-df"/>
            <object_component_ref idref="oc-8a"/>
         </contents>
      </logical_group>
      <logical_group id="lg-f" display="no" color="cyan">
         <name>ramgs0</name>
         <run_address>0x0</run_address>
         <size>0x0</size>
         <contents>
         </contents>
      </logical_group>
      <logical_group id="lg-10" display="no" color="cyan">
         <name>ramgs1</name>
         <run_address>0x0</run_address>
         <size>0x0</size>
         <contents>
         </contents>
      </logical_group>
      <logical_group id="lg-11" display="no" color="cyan">
         <name>Filter1_RegsFile</name>
         <load_address>0xd000</load_address>
         <run_address>0xd000</run_address>
         <size>0x0</size>
         <contents>
         </contents>
      </logical_group>
      <logical_group id="lg-12" display="no" color="cyan">
         <name>Filter2_RegsFile</name>
         <load_address>0xe000</load_address>
         <run_address>0xe000</run_address>
         <size>0x0</size>
         <contents>
         </contents>
      </logical_group>
      <logical_group id="lg-13" display="no" color="cyan">
         <name>Filter3_RegsFile</name>
         <load_address>0xf000</load_address>
         <run_address>0xf000</run_address>
         <size>0x0</size>
         <contents>
         </contents>
      </logical_group>
      <logical_group id="lg-14" display="no" color="cyan">
         <name>Filter4_RegsFile</name>
         <load_address>0x10000</load_address>
         <run_address>0x10000</run_address>
         <size>0x0</size>
         <contents>
         </contents>
      </logical_group>
      <logical_group id="lg-15" display="no" color="cyan">
         <name>Difference_RegsFile</name>
         <load_address>0x11000</load_address>
         <run_address>0x11000</run_address>
         <size>0x0</size>
         <contents>
         </contents>
      </logical_group>
      <logical_group id="lg-f7" display="never" color="cyan">
         <name>.debug_info</name>
         <load_address>0x0</load_address>
         <run_address>0x0</run_address>
         <size>0xd519</size>
         <contents>
            <object_component_ref idref="oc-25"/>
            <object_component_ref idref="oc-2c"/>
            <object_component_ref idref="oc-32"/>
            <object_component_ref idref="oc-37"/>
            <object_component_ref idref="oc-3d"/>
            <object_component_ref idref="oc-42"/>
            <object_component_ref idref="oc-48"/>
            <object_component_ref idref="oc-4d"/>
            <object_component_ref idref="oc-52"/>
            <object_component_ref idref="oc-58"/>
            <object_component_ref idref="oc-5e"/>
            <object_component_ref idref="oc-62"/>
            <object_component_ref idref="oc-66"/>
            <object_component_ref idref="oc-6b"/>
            <object_component_ref idref="oc-71"/>
            <object_component_ref idref="oc-77"/>
            <object_component_ref idref="oc-7d"/>
            <object_component_ref idref="oc-83"/>
            <object_component_ref idref="oc-89"/>
            <object_component_ref idref="oc-93"/>
            <object_component_ref idref="oc-97"/>
            <object_component_ref idref="oc-9f"/>
            <object_component_ref idref="oc-a3"/>
            <object_component_ref idref="oc-18"/>
            <object_component_ref idref="oc-10b"/>
         </contents>
      </logical_group>
      <logical_group id="lg-f9" display="never" color="cyan">
         <name>.debug_frame</name>
         <load_address>0x0</load_address>
         <run_address>0x0</run_address>
         <size>0xcbd</size>
         <contents>
            <object_component_ref idref="oc-27"/>
            <object_component_ref idref="oc-67"/>
            <object_component_ref idref="oc-6d"/>
            <object_component_ref idref="oc-73"/>
            <object_component_ref idref="oc-79"/>
            <object_component_ref idref="oc-7f"/>
            <object_component_ref idref="oc-85"/>
            <object_component_ref idref="oc-8c"/>
            <object_component_ref idref="oc-9a"/>
            <object_component_ref idref="oc-a4"/>
            <object_component_ref idref="oc-21"/>
         </contents>
      </logical_group>
      <logical_group id="lg-fb" display="never" color="cyan">
         <name>.debug_line</name>
         <load_address>0x0</load_address>
         <run_address>0x0</run_address>
         <size>0x2600</size>
         <contents>
            <object_component_ref idref="oc-28"/>
            <object_component_ref idref="oc-2d"/>
            <object_component_ref idref="oc-33"/>
            <object_component_ref idref="oc-38"/>
            <object_component_ref idref="oc-3e"/>
            <object_component_ref idref="oc-43"/>
            <object_component_ref idref="oc-49"/>
            <object_component_ref idref="oc-4e"/>
            <object_component_ref idref="oc-53"/>
            <object_component_ref idref="oc-59"/>
            <object_component_ref idref="oc-5f"/>
            <object_component_ref idref="oc-63"/>
            <object_component_ref idref="oc-68"/>
            <object_component_ref idref="oc-6e"/>
            <object_component_ref idref="oc-74"/>
            <object_component_ref idref="oc-7a"/>
            <object_component_ref idref="oc-80"/>
            <object_component_ref idref="oc-86"/>
            <object_component_ref idref="oc-8d"/>
            <object_component_ref idref="oc-94"/>
            <object_component_ref idref="oc-9b"/>
            <object_component_ref idref="oc-a0"/>
            <object_component_ref idref="oc-a5"/>
            <object_component_ref idref="oc-22"/>
         </contents>
      </logical_group>
      <logical_group id="lg-fd" display="never" color="cyan">
         <name>.debug_abbrev</name>
         <load_address>0x0</load_address>
         <run_address>0x0</run_address>
         <size>0x1227</size>
         <contents>
            <object_component_ref idref="oc-29"/>
            <object_component_ref idref="oc-2e"/>
            <object_component_ref idref="oc-34"/>
            <object_component_ref idref="oc-39"/>
            <object_component_ref idref="oc-3f"/>
            <object_component_ref idref="oc-44"/>
            <object_component_ref idref="oc-4a"/>
            <object_component_ref idref="oc-4f"/>
            <object_component_ref idref="oc-54"/>
            <object_component_ref idref="oc-5a"/>
            <object_component_ref idref="oc-60"/>
            <object_component_ref idref="oc-64"/>
            <object_component_ref idref="oc-69"/>
            <object_component_ref idref="oc-6f"/>
            <object_component_ref idref="oc-75"/>
            <object_component_ref idref="oc-7b"/>
            <object_component_ref idref="oc-81"/>
            <object_component_ref idref="oc-87"/>
            <object_component_ref idref="oc-8e"/>
            <object_component_ref idref="oc-95"/>
            <object_component_ref idref="oc-9c"/>
            <object_component_ref idref="oc-a1"/>
            <object_component_ref idref="oc-a6"/>
            <object_component_ref idref="oc-23"/>
            <object_component_ref idref="oc-10c"/>
         </contents>
      </logical_group>
      <logical_group id="lg-ff" display="never" color="cyan">
         <name>.debug_aranges</name>
         <load_address>0x0</load_address>
         <run_address>0x0</run_address>
         <size>0x508</size>
         <contents>
            <object_component_ref idref="oc-2a"/>
            <object_component_ref idref="oc-2f"/>
            <object_component_ref idref="oc-35"/>
            <object_component_ref idref="oc-3a"/>
            <object_component_ref idref="oc-40"/>
            <object_component_ref idref="oc-45"/>
            <object_component_ref idref="oc-4b"/>
            <object_component_ref idref="oc-50"/>
            <object_component_ref idref="oc-55"/>
            <object_component_ref idref="oc-5b"/>
            <object_component_ref idref="oc-61"/>
            <object_component_ref idref="oc-65"/>
            <object_component_ref idref="oc-6a"/>
            <object_component_ref idref="oc-70"/>
            <object_component_ref idref="oc-76"/>
            <object_component_ref idref="oc-7c"/>
            <object_component_ref idref="oc-82"/>
            <object_component_ref idref="oc-88"/>
            <object_component_ref idref="oc-8f"/>
            <object_component_ref idref="oc-96"/>
            <object_component_ref idref="oc-9d"/>
            <object_component_ref idref="oc-a2"/>
            <object_component_ref idref="oc-a7"/>
            <object_component_ref idref="oc-24"/>
         </contents>
      </logical_group>
      <logical_group id="lg-101" display="no" color="cyan">
         <name>.scratchpad</name>
         <run_address>0x2</run_address>
         <size>0xa</size>
         <contents>
            <object_component_ref idref="oc-30"/>
            <object_component_ref idref="oc-3b"/>
            <object_component_ref idref="oc-46"/>
            <object_component_ref idref="oc-56"/>
            <object_component_ref idref="oc-5c"/>
         </contents>
      </logical_group>
      <logical_group id="lg-103" display="no" color="cyan">
         <name>Cla1Prog</name>
         <load_address>0x122</load_address>
         <run_address>0x122</run_address>
         <size>0x206</size>
         <contents>
            <object_component_ref idref="oc-31"/>
            <object_component_ref idref="oc-47"/>
            <object_component_ref idref="oc-3c"/>
            <object_component_ref idref="oc-57"/>
            <object_component_ref idref="oc-5d"/>
         </contents>
      </logical_group>
   </logical_group_list>
   <placement_map>
      <memory_area display="yes" color="green">
         <name>RAMM0</name>
         <page_id>0x0</page_id>
         <origin>0x122</origin>
         <length>0x2de</length>
         <used_space>0x206</used_space>
         <unused_space>0xd8</unused_space>
         <attributes>RWIX</attributes>
         <usage_details>
            <allocated_space>
               <start_address>0x122</start_address>
               <size>0x206</size>
               <logical_group_ref idref="lg-103"/>
            </allocated_space>
[...]
      </memory_area>
      <memory_area display="yes" color="green">
         <name>RAMGS8</name>
         <page_id>0x1</page_id>
         <origin>0x14000</origin>
         <length>0x1000</length>
         <used_space>0x0</used_space>
         <unused_space>0x1000</unused_space>
         <attributes>RWIX</attributes>
         <usage_details>
         </usage_details>
      </memory_area>
      <memory_area display="yes" color="green">
         <name>RAMGS9</name>
         <page_id>0x1</page_id>
         <origin>0x15000</origin>
         <length>0x1000</length>
         <used_space>0x0</used_space>
         <unused_space>0x1000</unused_space>
         <attributes>RWIX</attributes>
         <usage_details>
         </usage_details>
      </memory_area>
      <memory_area display="yes" color="green">
         <name>RAMGS10</name>
         <page_id>0x1</page_id>
         <origin>0x16000</origin>
         <length>0x1000</length>
         <used_space>0x0</used_space>
         <unused_space>0x1000</unused_space>
         <attributes>RWIX</attributes>
         <usage_details>
         </usage_details>
      </memory_area>
      <memory_area display="yes" color="green">
         <name>RAMGS11</name>
         <page_id>0x1</page_id>
         <origin>0x17000</origin>
         <length>0x1000</length>
         <used_space>0x0</used_space>
         <unused_space>0x1000</unused_space>
         <attributes>RWIX</attributes>
         <usage_details>
         </usage_details>
      </memory_area>
   </placement_map>
   <symbol_table>
      <symbol id="sm-0">
         <name>_RamfuncsLoadStart</name>
         <value>0x86000</value>
      </symbol>
      <symbol id="sm-1">
         <name>_RamfuncsLoadSize</name>
         <value>0x135</value>
      </symbol>
      <symbol id="sm-2">
         <name>_RamfuncsLoadEnd</name>
         <value>0x86135</value>
      </symbol>
      <symbol id="sm-3">
         <name>_RamfuncsRunStart</name>
         <value>0x8000</value>
      </symbol>
      <symbol id="sm-4">
         <name>_RamfuncsRunSize</name>
         <value>0x135</value>
      </symbol>
      <symbol id="sm-5">
         <name>_RamfuncsRunEnd</name>
         <value>0x8135</value>
      </symbol>
      <symbol id="sm-6">
         <name>cinit</name>
         <value>0x82000</value>
      </symbol>
      <symbol id="sm-7">
         <name>___cinit__</name>
         <value>0x82000</value>
      </symbol>
      <symbol id="sm-8">
         <name>pinit</name>
         <value>0xffffffff</value>
      </symbol>
      <symbol id="sm-9">
         <name>___pinit__</name>
         <value>0xffffffff</value>
      </symbol>
      <symbol id="sm-a">
         <name>binit</name>
         <value>0xffffffff</value>
      </symbol>
      <symbol id="sm-b">
         <name>___binit__</name>
         <value>0xffffffff</value>
      </symbol>
      <symbol id="sm-c">
         <name>__STACK_SIZE</name>
         <value>0x100</value>
      </symbol>
      <symbol id="sm-d">
         <name>__STACK_END</name>
         <value>0x500</value>
      </symbol>
      <symbol id="sm-e">
         <name>___c_args__</name>
         <value>0xffffffff</value>
      </symbol>
      <symbol id="sm-f">
         <name>.text</name>
         <value>0xffffffff</value>
      </symbol>
      <symbol id="sm-10">
         <name>___text__</name>
         <value>0xffffffff</value>
      </symbol>
      <symbol id="sm-11">
         <name>etext</name>
         <value>0xffffffff</value>
      </symbol>
      <symbol id="sm-12">
         <name>___etext__</name>
         <value>0xffffffff</value>
      </symbol>
      <symbol id="sm-13">
         <name>___TI_pprof_out_hndl</name>
         <value>0xffffffff</value>
      </symbol>
      <symbol id="sm-14">
         <name>___TI_prof_data_start</name>
         <value>0xffffffff</value>
      </symbol>
      <symbol id="sm-15">
         <name>___TI_prof_data_size</name>
         <value>0xffffffff</value>
      </symbol>
      <symbol id="sm-b9">
         <name>_main</name>
         <value>0x82eac</value>
         <object_component_ref idref="oc-ae"/>
      </symbol>
      <symbol id="sm-ba">
         <name>_modbusRTU_written_register_flags</name>
         <value>0xa8f6</value>
         <object_component_ref idref="oc-1b"/>
      </symbol>
      <symbol id="sm-bb">
         <name>__system_pre_init</name>
         <value>0x8315c</value>
         <object_component_ref idref="oc-a8"/>
      </symbol>
      <symbol id="sm-bc">
         <name>_modbusRTU_Written</name>
         <value>0xa8ee</value>
         <object_component_ref idref="oc-1b"/>
      </symbol>
      <symbol id="sm-bd">
         <name>_copy_in</name>
         <value>0x82f98</value>
         <object_component_ref idref="oc-a9"/>
      </symbol>
      <symbol id="sm-be">
         <name>_validate_request</name>
         <value>0x823e1</value>
         <object_component_ref idref="oc-b3"/>
      </symbol>
      <symbol id="sm-bf">
         <name>_yk</name>
         <value>0xa8c4</value>
         <object_component_ref idref="oc-1c"/>
      </symbol>
      <symbol id="sm-c0">
         <name>_receivedChar</name>
         <value>0xa802</value>
         <object_component_ref idref="oc-1d"/>
      </symbol>
      <symbol id="sm-c1">
         <name>_crc</name>
         <value>0x8239a</value>
         <object_component_ref idref="oc-b3"/>
      </symbol>
      <symbol id="sm-c2">
         <name>_uk</name>
         <value>0xa8c8</value>
         <object_component_ref idref="oc-1c"/>
      </symbol>
      <symbol id="sm-c3">
         <name>_adc_temp</name>
         <value>0xa8c0</value>
         <object_component_ref idref="oc-1c"/>
      </symbol>
      <symbol id="sm-c4">
         <name>_T35_char</name>
         <value>0xa8f2</value>
         <object_component_ref idref="oc-1b"/>
      </symbol>
      <symbol id="sm-c5">
         <name>_rk</name>
         <value>0xa8c2</value>
         <object_component_ref idref="oc-1c"/>
      </symbol>
      <symbol id="sm-c6">
         <name>__unlock</name>
         <value>0xa900</value>
         <object_component_ref idref="oc-c7"/>
      </symbol>
      <symbol id="sm-c7">
         <name>_epwm2ISR</name>
         <value>0x82a6c</value>
         <object_component_ref idref="oc-1f"/>
      </symbol>
      <symbol id="sm-c8">
         <name>_modbusRTU_Update</name>
         <value>0x824fd</value>
         <object_component_ref idref="oc-b3"/>
      </symbol>
      <symbol id="sm-c9">
         <name>_errno</name>
         <value>0xa902</value>
         <object_component_ref idref="oc-1a"/>
      </symbol>
      <symbol id="sm-ca">
         <name>_pid1</name>
         <value>0xa8ca</value>
         <object_component_ref idref="oc-1c"/>
      </symbol>
      <symbol id="sm-cb">
         <name>__lock</name>
         <value>0xa8fe</value>
         <object_component_ref idref="oc-af"/>
      </symbol>
      <symbol id="sm-cc">
         <name>_msg</name>
         <value>0xa800</value>
         <object_component_ref idref="oc-1d"/>
      </symbol>
      <symbol id="sm-cd">
         <name>_lk</name>
         <value>0xa8c6</value>
         <object_component_ref idref="oc-1c"/>
      </symbol>
      <symbol id="sm-ce">
         <name>__system_post_cinit</name>
         <value>0x8315f</value>
         <object_component_ref idref="oc-aa"/>
      </symbol>
      <symbol id="sm-cf">
         <name>_fsupported</name>
         <value>0x90465</value>
         <object_component_ref idref="oc-c6"/>
      </symbol>
      <symbol id="sm-d0">
         <name>_slave</name>
         <value>0xa8ef</value>
         <object_component_ref idref="oc-1b"/>
      </symbol>
      <symbol id="sm-d1">
         <name>_str</name>
         <value>0xa840</value>
         <object_component_ref idref="oc-1d"/>
      </symbol>
      <symbol id="sm-d2">
         <name>_preset_multiple_registers</name>
         <value>0x82495</value>
         <object_component_ref idref="oc-b3"/>
      </symbol>
      <symbol id="sm-d3">
         <name>__nop</name>
         <value>0x8315e</value>
         <object_component_ref idref="oc-b4"/>
      </symbol>
      <symbol id="sm-d4">
         <name>_send_reply</name>
         <value>0x82419</value>
         <object_component_ref idref="oc-b3"/>
      </symbol>
      <symbol id="sm-d5">
         <name>_read_holding_registers</name>
         <value>0x82431</value>
         <object_component_ref idref="oc-b3"/>
      </symbol>
      <symbol id="sm-d6">
         <name>_memcpy</name>
         <value>0x8301d</value>
         <object_component_ref idref="oc-ad"/>
      </symbol>
      <symbol id="sm-d7">
         <name>_modbus_holding_regs</name>
         <value>0xa8e2</value>
         <object_component_ref idref="oc-1e"/>
      </symbol>
      <symbol id="sm-fa">
         <name>_init_uart</name>
         <value>0x82066</value>
         <object_component_ref idref="oc-b1"/>
      </symbol>
      <symbol id="sm-fb">
         <name>_init_adc</name>
         <value>0x82347</value>
         <object_component_ref idref="oc-b1"/>
      </symbol>
      <symbol id="sm-fc">
         <name>_init_gpio</name>
         <value>0x82164</value>
         <object_component_ref idref="oc-b1"/>
      </symbol>
      <symbol id="sm-fd">
         <name>_init_pwm</name>
         <value>0x82271</value>
         <object_component_ref idref="oc-b1"/>
      </symbol>
      <symbol id="sm-fe">
         <name>_init_timer</name>
         <value>0x82143</value>
         <object_component_ref idref="oc-b1"/>
      </symbol>
      <symbol id="sm-ff">
         <name>_init_eqep</name>
         <value>0x8218f</value>
         <object_component_ref idref="oc-b1"/>
      </symbol>
      <symbol id="sm-100">
         <name>_init_smartwinch</name>
         <value>0x82380</value>
         <object_component_ref idref="oc-b1"/>
      </symbol>
      <symbol id="sm-10c">
         <name>_DCL_runDF13i</name>
         <value>0xa04e</value>
         <object_component_ref idref="oc-2b"/>
      </symbol>
      <symbol id="sm-10d">
         <name>_DCL_runDF13p</name>
         <value>0xa05b</value>
         <object_component_ref idref="oc-2b"/>
      </symbol>
      <symbol id="sm-10e">
         <name>_DCL_runDF13</name>
         <value>0xa000</value>
         <object_component_ref idref="oc-2b"/>
      </symbol>
      <symbol id="sm-122">
         <name>_DCL_runDF13ic</name>
         <value>0x174</value>
         <object_component_ref idref="oc-31"/>
      </symbol>
      <symbol id="sm-123">
         <name>_DCL_runDF13c</name>
         <value>0x122</value>
         <object_component_ref idref="oc-31"/>
      </symbol>
      <symbol id="sm-124">
         <name>__cla_DCL_runDF13c_sp</name>
         <value>0x2</value>
         <object_component_ref idref="oc-30"/>
      </symbol>
      <symbol id="sm-125">
         <name>_DCL_runDF13pc</name>
         <value>0x184</value>
         <object_component_ref idref="oc-31"/>
      </symbol>
      <symbol id="sm-131">
         <name>_DCL_runDF22i</name>
         <value>0xa187</value>
         <object_component_ref idref="oc-36"/>
      </symbol>
      <symbol id="sm-132">
         <name>_DCL_runDF22p</name>
         <value>0xa196</value>
         <object_component_ref idref="oc-36"/>
      </symbol>
      <symbol id="sm-133">
         <name>_DCL_runDF22</name>
         <value>0xa14c</value>
         <object_component_ref idref="oc-36"/>
      </symbol>
      <symbol id="sm-144">
         <name>_DCL_runDF22ic</name>
         <value>0x288</value>
         <object_component_ref idref="oc-3c"/>
      </symbol>
      <symbol id="sm-145">
         <name>_DCL_runDF22c</name>
         <value>0x262</value>
         <object_component_ref idref="oc-3c"/>
      </symbol>
      <symbol id="sm-146">
         <name>__cla_DCL_runDF22c_sp</name>
         <value>0x2</value>
         <object_component_ref idref="oc-3b"/>
      </symbol>
      <symbol id="sm-147">
         <name>_DCL_runDF22pc</name>
         <value>0x292</value>
         <object_component_ref idref="oc-3c"/>
      </symbol>
      <symbol id="sm-153">
         <name>_DCL_runDF23i</name>
         <value>0xa0fb</value>
         <object_component_ref idref="oc-41"/>
      </symbol>
      <symbol id="sm-154">
         <name>_DCL_runDF23p</name>
         <value>0xa10a</value>
         <object_component_ref idref="oc-41"/>
      </symbol>
      <symbol id="sm-155">
         <name>_DCL_runDF23</name>
         <value>0xa0af</value>
         <object_component_ref idref="oc-41"/>
      </symbol>
      <symbol id="sm-166">
         <name>_DCL_runDF23pc</name>
         <value>0x222</value>
         <object_component_ref idref="oc-47"/>
      </symbol>
      <symbol id="sm-167">
         <name>_DCL_runDF23c</name>
         <value>0x1d6</value>
         <object_component_ref idref="oc-47"/>
      </symbol>
      <symbol id="sm-168">
         <name>_DCL_runDF23ic</name>
         <value>0x212</value>
         <object_component_ref idref="oc-47"/>
      </symbol>
      <symbol id="sm-169">
         <name>__cla_DCL_runDF23c_sp</name>
         <value>0x2</value>
         <object_component_ref idref="oc-46"/>
      </symbol>
      <symbol id="sm-175">
         <name>_DCL_runPI</name>
         <value>0xa22c</value>
         <object_component_ref idref="oc-4c"/>
      </symbol>
      <symbol id="sm-181">
         <name>_DCL_runPID</name>
         <value>0xa1c5</value>
         <object_component_ref idref="oc-51"/>
      </symbol>
      <symbol id="sm-196">
         <name>__cla_DCL_runPIDc_sp</name>
         <value>0x2</value>
         <object_component_ref idref="oc-56"/>
      </symbol>
      <symbol id="sm-197">
         <name>_DCL_runPIDc</name>
         <value>0x2bc</value>
         <object_component_ref idref="oc-57"/>
      </symbol>
      <symbol id="sm-1a8">
         <name>__cla_DCL_runPIc_sp</name>
         <value>0x2</value>
         <object_component_ref idref="oc-5c"/>
      </symbol>
      <symbol id="sm-1a9">
         <name>_DCL_runPIc</name>
         <value>0x300</value>
         <object_component_ref idref="oc-5d"/>
      </symbol>
      <symbol id="sm-1b6">
         <name>code_start</name>
         <value>0x80000</value>
         <object_component_ref idref="oc-17"/>
      </symbol>
      <symbol id="sm-1c6">
         <name>_Device_initGPIO</name>
         <value>0x828cb</value>
         <object_component_ref idref="oc-bb"/>
      </symbol>
      <symbol id="sm-1c7">
         <name>___error__</name>
         <value>0x8285e</value>
         <object_component_ref idref="oc-bb"/>
      </symbol>
      <symbol id="sm-1c8">
         <name>_Device_enableUnbondedGPIOPullupsFor176Pin</name>
         <value>0x82861</value>
         <object_component_ref idref="oc-bb"/>
      </symbol>
      <symbol id="sm-1c9">
         <name>_Device_enableUnbondedGPIOPullups</name>
         <value>0x828a3</value>
         <object_component_ref idref="oc-bb"/>
      </symbol>
      <symbol id="sm-1ca">
         <name>_Device_init</name>
         <value>0x82988</value>
         <object_component_ref idref="oc-bb"/>
      </symbol>
      <symbol id="sm-1cb">
         <name>_Device_enableUnbondedGPIOPullupsFor100Pin</name>
         <value>0x8287c</value>
         <object_component_ref idref="oc-bb"/>
      </symbol>
      <symbol id="sm-1cc">
         <name>_Device_enableAllPeripherals</name>
         <value>0x828e9</value>
         <object_component_ref idref="oc-bb"/>
      </symbol>
      <symbol id="sm-1ea">
         <name>_ADC_setMode</name>
         <value>0x829d2</value>
         <object_component_ref idref="oc-bf"/>
      </symbol>
      <symbol id="sm-22e">
         <name>_Flash_initModule</name>
         <value>0x8000</value>
         <object_component_ref idref="oc-c9"/>
      </symbol>
      <symbol id="sm-258">
         <name>_GPIO_setMasterCore</name>
         <value>0x82e3c</value>
         <object_component_ref idref="oc-b6"/>
      </symbol>
      <symbol id="sm-259">
         <name>_GPIO_setPinConfig</name>
         <value>0x82dff</value>
         <object_component_ref idref="oc-b7"/>
      </symbol>
      <symbol id="sm-25a">
         <name>_GPIO_setDirectionMode</name>
         <value>0x82f15</value>
         <object_component_ref idref="oc-b8"/>
      </symbol>
      <symbol id="sm-25b">
         <name>_GPIO_setQualificationMode</name>
         <value>0x82e74</value>
         <object_component_ref idref="oc-ba"/>
      </symbol>
      <symbol id="sm-25c">
         <name>_GPIO_setPadConfig</name>
         <value>0x82c99</value>
         <object_component_ref idref="oc-b9"/>
      </symbol>
      <symbol id="sm-28e">
         <name>_Interrupt_enable</name>
         <value>0x82ee2</value>
         <object_component_ref idref="oc-be"/>
      </symbol>
      <symbol id="sm-28f">
         <name>_Interrupt_initVectorTable</name>
         <value>0x82fde</value>
         <object_component_ref idref="oc-c1"/>
      </symbol>
      <symbol id="sm-290">
         <name>_Interrupt_initModule</name>
         <value>0x82c45</value>
         <object_component_ref idref="oc-c0"/>
      </symbol>
      <symbol id="sm-2d5">
         <name>_SCI_clearInterruptStatus</name>
         <value>0x82d38</value>
         <object_component_ref idref="oc-bd"/>
      </symbol>
      <symbol id="sm-2d6">
         <name>_SCI_setConfig</name>
         <value>0x82dbf</value>
         <object_component_ref idref="oc-bc"/>
      </symbol>
      <symbol id="sm-2d7">
         <name>_SCI_writeCharArray</name>
         <value>0x82d7e</value>
         <object_component_ref idref="oc-b2"/>
      </symbol>
      <symbol id="sm-328">
         <name>_SysCtl_delay</name>
         <value>0x8131</value>
         <object_component_ref idref="oc-8a"/>
      </symbol>
      <symbol id="sm-329">
         <name>_SysCtl_selectOscSource</name>
         <value>0x82ceb</value>
         <object_component_ref idref="oc-e1"/>
      </symbol>
      <symbol id="sm-32a">
         <name>_SysCtl_setClock</name>
         <value>0x8263d</value>
         <object_component_ref idref="oc-ca"/>
      </symbol>
      <symbol id="sm-32b">
         <name>_SysCtl_getLowSpeedClock</name>
         <value>0x83056</value>
         <object_component_ref idref="oc-cc"/>
      </symbol>
      <symbol id="sm-32c">
         <name>_SysCtl_getClock</name>
         <value>0x82b81</value>
         <object_component_ref idref="oc-cb"/>
      </symbol>
      <symbol id="sm-347">
         <name>_c_int00</name>
         <value>0x82bef</value>
         <object_component_ref idref="oc-90"/>
      </symbol>
      <symbol id="sm-348">
         <name>__stack</name>
         <value>0x400</value>
         <object_component_ref idref="oc-91"/>
      </symbol>
      <symbol id="sm-35c">
         <name>C$$EXIT</name>
         <value>0x82f6f</value>
         <object_component_ref idref="oc-ac"/>
      </symbol>
      <symbol id="sm-35d">
         <name>_exit</name>
         <value>0x82f71</value>
         <object_component_ref idref="oc-ac"/>
      </symbol>
      <symbol id="sm-35e">
         <name>___TI_cleanup_ptr</name>
         <value>0xa8fa</value>
         <object_component_ref idref="oc-99"/>
      </symbol>
      <symbol id="sm-35f">
         <name>___TI_enable_exit_profile_output</name>
         <value>0xa8f8</value>
         <object_component_ref idref="oc-99"/>
      </symbol>
      <symbol id="sm-360">
         <name>_abort</name>
         <value>0x82f6f</value>
         <object_component_ref idref="oc-ac"/>
      </symbol>
      <symbol id="sm-361">
         <name>___TI_dtors_ptr</name>
         <value>0xa8fc</value>
         <object_component_ref idref="oc-99"/>
      </symbol>
      <symbol id="sm-372">
         <name>FS$$DIV</name>
         <value>0x82af9</value>
         <object_component_ref idref="oc-9e"/>
      </symbol>
      <symbol id="sm-381">
         <name>__args_main</name>
         <value>0x830a2</value>
         <object_component_ref idref="oc-ab"/>
      </symbol>
   </symbol_table>
   <title>Link successful</title>
</link_info>
