******************************************************************************
             TMS320C2000 Linker PC v16.9.6                     
******************************************************************************
>> Linked Thu May 31 14:30:59 2018

OUTPUT FILE NAME:   <SmartWinchDualCore.out>
ENTRY POINT SYMBOL: "code_start"  address: 00080000


MEMORY CONFIGURATION

         name            origin    length      used     unused   attr    fill
----------------------  --------  ---------  --------  --------  ----  --------
PAGE 0:
  RAMM0                 00000122   000002de  00000206  000000d8  RWIX
  RAMLS0                00008000   00000800  00000004  000007fc  RWIX
  RAMLS1                00008800   00000800  00000000  00000800  RWIX
  RAMLS2                00009000   00000800  00000000  00000800  RWIX
  RAMLS3                00009800   00000800  00000000  00000800  RWIX
  RAMLS4                0000a000   00000800  00000000  00000800  RWIX
  RAMD0                 0000b000   00000800  00000000  00000800  RWIX
  RAMGS14               0001a000   00001000  00000000  00001000  RWIX
  RAMGS15               0001b000   00001000  00000000  00001000  RWIX
  BEGIN                 00080000   00000002  00000002  00000000  RWIX
  FLASHA                00080002   00001ffe  00000266  00001d98  RWIX
  FLASHB                00082000   00002000  00001fff  00000001  RWIX
  FLASHC                00084000   00002000  00002000  00000000  RWIX
  FLASHD                00086000   00002000  00002000  00000000  RWIX
  FLASHE                00088000   00008000  000014cc  00006b34  RWIX
  FLASHF                00090000   00008000  00000d54  000072ac  RWIX
  FLASHG                00098000   00008000  00000000  00008000  RWIX
  FLASHH                000a0000   00008000  00000000  00008000  RWIX
  FLASHI                000a8000   00008000  00000000  00008000  RWIX
  FLASHJ                000b0000   00008000  00000000  00008000  RWIX
  FLASHK                000b8000   00002000  00000000  00002000  RWIX
  FLASHL                000ba000   00002000  00000000  00002000  RWIX
  FLASHM                000bc000   00002000  00000000  00002000  RWIX
  FLASHN                000be000   00002000  00000000  00002000  RWIX
  RESET                 003fffc0   00000002  00000000  00000002  RWIX

PAGE 1:
  BOOT_RSVD             00000002   00000120  0000000a  00000116  RWIX
  RAMM1                 00000400   00000400  00000100  00000300  RWIX
  RAMLS5                0000a800   00000800  00000800  00000000  RWIX
  RAMD1                 0000b800   00000800  00000000  00000800  RWIX
  RAMGS0                0000c000   00001000  00000fff  00000001  RWIX
  RAMGS1                0000d000   00001000  0000086a  00000796  RWIX
  RAMGS2                0000e000   00001000  00000000  00001000  RWIX
  RAMGS3                0000f000   00001000  00000000  00001000  RWIX
  RAMGS4                00010000   00001000  00000000  00001000  RWIX
  RAMGS5                00011000   00001000  00000000  00001000  RWIX
  RAMGS6                00012000   00001000  00000000  00001000  RWIX
  RAMGS7                00013000   00001000  00000000  00001000  RWIX
  RAMGS8                00014000   00001000  00000000  00001000  RWIX
  RAMGS9                00015000   00001000  00000000  00001000  RWIX
  RAMGS10               00016000   00001000  00000000  00001000  RWIX
  RAMGS11               00017000   00001000  00000000  00001000  RWIX
  RAMGS12               00018000   00001000  00000000  00001000  RWIX
  RAMGS13               00019000   00001000  00000000  00001000  RWIX
  CPU2TOCPU1RAM         0003f800   00000400  00000000  00000400  RWIX
  CPU1TOCPU2RAM         0003fc00   00000400  00000000  00000400  RWIX


SECTION ALLOCATION MAP

 output                                  attributes/
section   page    origin      length       input sections
--------  ----  ----------  ----------   ----------------
codestart 
*          0    00080000    00000002     
                  00080000    00000002     F2837xD_CodeStartBranch.obj (codestart)

dclfuncs   0    00080002    00000266     
                  00080002    000000af     DCL_DF13.obj (dclfuncs)
                  000800b1    0000009d     DCL_DF23.obj (dclfuncs)
                  0008014e    00000079     DCL_DF22.obj (dclfuncs)
                  000801c7    00000067     DCL_PID.obj (dclfuncs)
                  0008022e    0000003a     DCL_PI.obj (dclfuncs)

.cinit     0    00082000    00000103     
                  00082000    0000002e     interrupt_handlers.obj (.cinit)
                  0008202e    0000001b     task_scheduler.obj (.cinit)
                  00082049    00000018     buffered_serial.obj (.cinit)
                  00082061    00000018     buffered_serial_B.obj (.cinit)
                  00082079    00000018     buffered_serial_C.obj (.cinit)
                  00082091    00000018     interwinch_comms.obj (.cinit)
                  000820a9    0000000e     autonomous_mode.obj (.cinit)
                  000820b7    0000000e     modbusRTU.obj (.cinit)
                  000820c5    0000000e     rts2800_fpu32.lib : exit.obj (.cinit)
                  000820d3    0000000a     main.obj (.cinit)
                  000820dd    00000009     RoboClaw.obj (.cinit)
                  000820e6    00000005     rts2800_fpu32.lib : _lock.obj (.cinit:__lock)
                  000820eb    00000005                       : _lock.obj (.cinit:__unlock)
                  000820f0    00000005     safety_routines.obj (.cinit)
                  000820f5    00000004     ModbusMaster.obj (.cinit)
                  000820f9    00000004     rts2800_fpu32.lib : errno.obj (.cinit)
                  000820fd    00000004                       : memory.obj (.cinit)
                  00082101    00000002     --HOLE-- [fill = 0]

.pinit     0    00082000    00000000     UNINITIALIZED

.TI.ramfunc 
*          0    00086000    00000004     RUN ADDR = 00008000
                  00086000    00000004     driverlib.lib : sysctl.obj (.TI.ramfunc)

.stack     1    00000400    00000100     UNINITIALIZED
                  00000400    00000100     --HOLE--

.esysmem   1    0000a800    00000400     UNINITIALIZED
                  0000a800    00000001     rts2800_fpu32.lib : memory.obj (.esysmem)
                  0000a801    000003ff     --HOLE--

.reset     0    003fffc0    00000002     DSECT
                  003fffc0    00000002     rts2800_fpu32.lib : boot28.obj (.reset)

GETBUFFER 
*          0    0003f800    00000000     DSECT

GETWRITEIDX 
*          0    0003f800    00000000     DSECT

PUTREADIDX 
*          0    0003f800    00000000     DSECT

Cla1Prog   0    00000122    00000206     
                  00000122    000000b4     DCL_DF13_CLA.obj (Cla1Prog:_DCL_runDF13c)
                  000001d6    0000008c     DCL_DF23_CLA.obj (Cla1Prog:_DCL_runDF23c)
                  00000262    0000005a     DCL_DF22_CLA.obj (Cla1Prog:_DCL_runDF22c)
                  000002bc    00000044     DCL_PID_CLA.obj (Cla1Prog:_DCL_runPIDc)
                  00000300    00000028     DCL_PI_CLA.obj (Cla1Prog:_DCL_runPIc)

.text.1    0    00082104    00001efc     
                  00082104    000012d8     kinematics.obj (.text)
                  000833dc    00000756     task_scheduler.obj (.text)
                  00083b32    0000040b     autonomous_mode.obj (.text)
                  00083f3d    000000bd     rts2800_fpu32.lib : k_expf.obj (.text)
                  00083ffa    00000002     driverlib.lib : interrupt.obj (.text:_Interrupt_illegalOperationHandler)
                  00083ffc    00000002                   : interrupt.obj (.text:_Interrupt_nmiHandler)
                  00083ffe    00000002     rts2800_fpu32.lib : pre_init.obj (.text)

.text.2    0    00084000    00002000     
                  00084000    00000ec1     device_init.obj (.text)
                  00084ec1    00000ea2     RoboClaw.obj (.text)
                  00085d63    00000258     FM25W256.obj (.text)
                  00085fbb    00000044     driverlib.lib : sci.obj (.text:_SCI_enableInterrupt)
                  00085fff    00000001     rts2800_fpu32.lib : startup.obj (.text)

.text.3    0    00086004    00001ffc     
                  00086004    000005ed     ModbusMaster.obj (.text)
                  000865f1    00000380     rts2800_fpu32.lib : e_powf.obj (.text)
                  00086971    0000034e     modbusRTU.obj (.text)
                  00086cbf    00000322     intermediate_waypoints.obj (.text)
                  00086fe1    000002d0     main.obj (.text)
                  000872b1    000002bf     MotionProfile.obj (.text)
                  00087570    00000221     driverlib.lib : sysctl.obj (.text:_SysCtl_setClock)
                  00087791    000001d8     device.obj (.text)
                  00087969    000001d6     interrupt_handlers.obj (.text)
                  00087b3f    000001a6     interrupt_handlers.obj (.text:retain)
                  00087ce5    00000177     rts2800_fpu32.lib : s_log1pf.obj (.text)
                  00087e5c    00000164                       : s_expm1f.obj (.text)
                  00087fc0    00000040     driverlib.lib : sci.obj (.text:_SCI_setConfig)

.text.4    0    00088000    000014cc     
                  00088000    0000012e     safety_routines.obj (.text)
                  0008812e    0000012b     rts2800_fpu32.lib : e_logf.obj (.text)
                  00088259    0000011c     buffered_serial_B.obj (.text)
                  00088375    0000011a     buffered_serial.obj (.text)
                  0008848f    00000115     buffered_serial_C.obj (.text)
                  000885a4    00000110     interwinch_comms.obj (.text)
                  000886b4    00000110     rts2800_fpu32.lib : e_expf.obj (.text)
                  000887c4    000000cb                       : s_atanf.obj (.text)
                  0008888f    000000aa     motor_driver.obj (.text)
                  00088939    0000009a     driverlib.lib : adc.obj (.text:_ADC_setMode)
                  000889d3    00000088     rts2800_fpu32.lib : fs_div28.obj (.text)
                  00088a5b    00000085     driverlib.lib : interrupt.obj (.text:_Interrupt_clearIFR)
                  00088ae0    00000082     rts2800_fpu32.lib : e_sinhf.obj (.text)
                  00088b62    00000074                       : s_asinhf.obj (.text)
                  00088bd6    0000006e     driverlib.lib : sysctl.obj (.text:_SysCtl_getClock)
                  00088c44    00000062     rts2800_fpu32.lib : s_scalbnf.obj (.text)
                  00088ca6    00000061                       : s_cosf.obj (.text)
                  00088d07    00000061                       : s_tanf.obj (.text)
                  00088d68    0000005c     driverlib.lib : spi.obj (.text:_SPI_setConfig)
                  00088dc4    00000058     rts2800_fpu32.lib : s_sinf.obj (.text)
                  00088e1c    00000057                       : s_floorf.obj (.text)
                  00088e73    00000056                       : boot28.obj (.text)
                  00088ec9    00000056                       : s_ceilf.obj (.text)
                  00088f1f    00000054     driverlib.lib : interrupt.obj (.text:_Interrupt_initModule)
                  00088f73    00000052                   : gpio.obj (.text:_GPIO_setPadConfig)
                  00088fc5    0000004d                   : sysctl.obj (.text:_SysCtl_selectOscSource)
                  00089012    0000004a                   : interrupt.obj (.text:_Interrupt_disable)
                  0008905c    00000046                   : sci.obj (.text:_SCI_clearInterruptStatus)
                  000890a2    00000046                   : sci.obj (.text:_SCI_disableInterrupt)
                  000890e8    00000041                   : sci.obj (.text:_SCI_writeCharArray)
                  00089129    0000003d                   : gpio.obj (.text:_GPIO_setPinConfig)
                  00089166    00000038                   : gpio.obj (.text:_GPIO_setMasterCore)
                  0008919e    00000038                   : gpio.obj (.text:_GPIO_setQualificationMode)
                  000891d6    00000033                   : interrupt.obj (.text:_Interrupt_enable)
                  00089209    00000031                   : gpio.obj (.text:_GPIO_setDirectionMode)
                  0008923a    0000002a     rts2800_fpu32.lib : l_div28.obj (.text)
                  00089264    00000029                       : exit.obj (.text)
                  0008928d    00000001     --HOLE-- [fill = 0]
                  0008928e    00000025                       : e_sqrtf.obj (.text)
                  000892b3    00000024                       : cpy_tbl.obj (.text)
                  000892d7    00000022     driverlib.lib : sci.obj (.text:_SCI_isFIFOEnabled)
                  000892f9    00000022     rts2800_fpu32.lib : i_div28.obj (.text)
                  0008931b    00000020     driverlib.lib : interrupt.obj (.text:_Interrupt_initVectorTable)
                  0008933b    0000001f                   : sci.obj (.text:_SCI_isBaseValid)
                  0008935a    0000001e     rts2800_fpu32.lib : memcpy.obj (.text)
                  00089378    0000001b     driverlib.lib : sci.obj (.text:_SCI_isSpaceAvailableNonFIFO)
                  00089393    0000001a                   : cputimer.obj (.text:_CPUTimer_isBaseValid)
                  000893ad    0000001a                   : spi.obj (.text:_SPI_isBaseValid)
                  000893c7    0000001a                   : sysctl.obj (.text:_SysCtl_getLowSpeedClock)
                  000893e1    00000019                   : sci.obj (.text:_SCI_disableModule)
                  000893fa    00000019                   : sci.obj (.text:_SCI_performSoftwareReset)
                  00089413    00000019     rts2800_fpu32.lib : args_main.obj (.text)
                  0008942c    00000015     driverlib.lib : sci.obj (.text:_SCI_getTxFIFOStatus)
                  00089441    00000014                   : sci.obj (.text:_SCI_enableModule)
                  00089455    00000013                   : cputimer.obj (.text:_CPUTimer_setEmulationMode)
                  00089468    00000011     rts2800_fpu32.lib : s_copysignf.obj (.text)
                  00089479    0000000e     driverlib.lib : gpio.obj (.text:_GPIO_isPinValid)
                  00089487    0000000e                   : interrupt.obj (.text:_Interrupt_defaultHandler)
                  00089495    0000000d                   : interrupt.obj (.text:_Interrupt_disableMaster)
                  000894a2    0000000d                   : interrupt.obj (.text:_Interrupt_enableMaster)
                  000894af    0000000b                   : sysctl.obj (.text:_SysCtl_isMCDClockFailureDetected)
                  000894ba    00000009                   : sysctl.obj (.text:_SysCtl_serviceWatchdog)
                  000894c3    00000009     rts2800_fpu32.lib : _lock.obj (.text)

.econst    0    00090000    00000d54     
                  00090000    00000225     device_init.obj (.econst:.string)
                  00090225    00000001     MotionProfile.obj (.econst)
                  00090226    00000113     task_scheduler.obj (.econst:.string)
                  00090339    00000001     --HOLE-- [fill = 0]
                  0009033a    0000010f     interrupt_handlers.obj (.econst:.string)
                  00090449    00000001     --HOLE-- [fill = 0]
                  0009044a    000000c8     driverlib.lib : gpio.obj (.econst:.string)
                  00090512    000000c7                   : sci.obj (.econst:.string)
                  000905d9    00000001     --HOLE-- [fill = 0]
                  000905da    000000bf     main.obj (.econst:.string)
                  00090699    00000001     --HOLE-- [fill = 0]
                  0009069a    0000008c     RoboClaw.obj (.econst:.string)
                  00090726    0000008c     safety_routines.obj (.econst:.string)
                  000907b2    00000069     driverlib.lib : interrupt.obj (.econst:.string)
                  0009081b    00000001     --HOLE-- [fill = 0]
                  0009081c    00000068                   : cputimer.obj (.econst:.string)
                  00090884    00000066                   : sysctl.obj (.econst:.string)
                  000908ea    00000063                   : adc.obj (.econst:.string)
                  0009094d    00000001     --HOLE-- [fill = 0]
                  0009094e    00000063                   : spi.obj (.econst:.string)
                  000909b1    00000001     --HOLE-- [fill = 0]
                  000909b2    00000048     ModbusMaster.obj (.econst:.string)
                  000909fa    00000048     MotionProfile.obj (.econst:.string)
                  00090a42    00000048     autonomous_mode.obj (.econst:.string)
                  00090a8a    00000048     interwinch_comms.obj (.econst:.string)
                  00090ad2    00000048     modbusRTU.obj (.econst:.string)
                  00090b1a    00000045     motor_driver.obj (.econst:.string)
                  00090b5f    00000001     --HOLE-- [fill = 0]
                  00090b60    00000043     FM25W256.obj (.econst:.string)
                  00090ba3    00000001     --HOLE-- [fill = 0]
                  00090ba4    00000043     buffered_serial.obj (.econst:.string)
                  00090be7    00000001     --HOLE-- [fill = 0]
                  00090be8    00000043     buffered_serial_B.obj (.econst:.string)
                  00090c2b    00000001     --HOLE-- [fill = 0]
                  00090c2c    00000043     buffered_serial_C.obj (.econst:.string)
                  00090c6f    00000001     --HOLE-- [fill = 0]
                  00090c70    00000032     rts2800_fpu32.lib : e_powf.obj (.econst)
                  00090ca2    00000016                       : s_log1pf.obj (.econst)
                  00090cb8    00000013     device.obj (.econst:.string)
                  00090ccb    00000001     --HOLE-- [fill = 0]
                  00090ccc    00000010     rts2800_fpu32.lib : e_expf.obj (.econst)
                  00090cdc    00000010                       : e_logf.obj (.econst)
                  00090cec    00000010                       : s_expm1f.obj (.econst)
                  00090cfc    0000000a                       : s_atanf.obj (.econst:_aT)
                  00090d06    00000008                       : s_atanf.obj (.econst:_atanhi)
                  00090d0e    00000008                       : s_atanf.obj (.econst:_atanlo)
                  00090d16    00000006     ModbusMaster.obj (.econst)
                  00090d1c    00000006     rts2800_fpu32.lib : s_asinhf.obj (.econst)
                  00090d22    00000006                       : s_scalbnf.obj (.econst)
                  00090d28    00000004                       : e_powf.obj (.econst:_bp)
                  00090d2c    00000004                       : e_powf.obj (.econst:_dp_h)
                  00090d30    00000004                       : e_powf.obj (.econst:_dp_l)
                  00090d34    00000004                       : e_expf.obj (.econst:_halF)
                  00090d38    00000004                       : e_expf.obj (.econst:_ln2HI)
                  00090d3c    00000004                       : e_expf.obj (.econst:_ln2LO)
                  00090d40    00000004                       : e_sinhf.obj (.econst)
                  00090d44    00000004                       : k_expf.obj (.econst)
                  00090d48    00000004                       : s_atanf.obj (.econst)
                  00090d4c    00000003     modbusRTU.obj (.econst:.string:_fsupported)
                  00090d4f    00000001     --HOLE-- [fill = 0]
                  00090d50    00000002     rts2800_fpu32.lib : s_ceilf.obj (.econst)
                  00090d52    00000002                       : s_floorf.obj (.econst)

.scratchpad 
*          1    00000002    0000000a     UNINITIALIZED
                  00000002    00000006     DCL_DF13_CLA.obj (.scratchpad:Cla1Prog:_DCL_runDF13c)
                  00000002    00000002     DCL_DF22_CLA.obj (.scratchpad:Cla1Prog:_DCL_runDF22c)
                  00000002    00000002     DCL_DF23_CLA.obj (.scratchpad:Cla1Prog:_DCL_runDF23c)
                  00000002    0000000a     DCL_PID_CLA.obj (.scratchpad:Cla1Prog:_DCL_runPIDc)
                  00000002    00000005     DCL_PI_CLA.obj (.scratchpad:Cla1Prog:_DCL_runPIc)

.ebss.1    1    0000ac00    00000400     UNINITIALIZED
                  0000ac00    0000023f     buffered_serial_B.obj (.ebss)
                  0000ae3f    00000001     rts2800_fpu32.lib : errno.obj (.ebss)
                  0000ae40    000000c0     ModbusMaster.obj (.ebss)
                  0000af00    000000c0     main.obj (.ebss)
                  0000afc0    00000032     task_scheduler.obj (.ebss)
                  0000aff2    0000000a     interwinch_comms.obj (.ebss)
                  0000affc    00000004     RoboClaw.obj (.ebss)

.ebss.2    1    0000c000    00000fff     UNINITIALIZED
                  0000c000    00000c40     kinematics.obj (.ebss)
                  0000cc40    0000023f     buffered_serial_C.obj (.ebss)
                  0000ce7f    00000001     --HOLE--
                  0000ce80    000000c0     modbusRTU.obj (.ebss)
                  0000cf40    000000bf     buffered_serial.obj (.ebss)

.ebss.3    1    0000d000    0000086a     UNINITIALIZED
                  0000d000    00000800     modbus_regs.obj (.ebss)
                  0000d800    00000022     interrupt_handlers.obj (.ebss)
                  0000d822    00000016     MotionProfile.obj (.ebss)
                  0000d838    00000008     motion_buffer.obj (.ebss)
                  0000d840    00000016     autonomous_mode.obj (.ebss)
                  0000d856    00000008     rts2800_fpu32.lib : memory.obj (.ebss)
                  0000d85e    00000006                       : exit.obj (.ebss)
                  0000d864    00000002                       : _lock.obj (.ebss:__lock)
                  0000d866    00000002                       : _lock.obj (.ebss:__unlock)
                  0000d868    00000002     safety_routines.obj (.ebss)

MODULE SUMMARY

       Module                        code    initialized data   uninitialized data
       ------                        ----    ----------------   ------------------
    .\
       kinematics.obj                4824    0                  3136              
       device_init.obj               3777    549                0                 
       RoboClaw.obj                  3746    149                4                 
       task_scheduler.obj            1878    302                50                
       modbus_regs.obj               0       0                  2048              
       ModbusMaster.obj              1517    82                 192               
       interrupt_handlers.obj        892     317                34                
       autonomous_mode.obj           1035    86                 22                
       modbusRTU.obj                 846     89                 192               
       main.obj                      720     201                192               
       buffered_serial_B.obj         284     91                 575               
       buffered_serial_C.obj         277     91                 575               
       intermediate_waypoints.obj    802     0                  0                 
       MotionProfile.obj             703     73                 22                
       FM25W256.obj                  600     67                 0                 
       buffered_serial.obj           282     91                 191               
       safety_routines.obj           302     145                2                 
       interwinch_comms.obj          272     96                 10                
       motor_driver.obj              170     69                 0                 
       motion_buffer.obj             0       0                  8                 
    +--+-----------------------------+-------+------------------+--------------------+
       Total:                        22927   2498               7253              
                                                                                  
    .\DCL\source\
       DCL_DF13_CLA.obj              180     0                  6                 
       DCL_DF13.obj                  175     0                  0                 
       DCL_DF23.obj                  157     0                  0                 
       DCL_DF23_CLA.obj              140     0                  2                 
       DCL_DF22.obj                  121     0                  0                 
       DCL_PID.obj                   103     0                  0                 
       DCL_DF22_CLA.obj              90      0                  2                 
       DCL_PID_CLA.obj               68      0                  10                
       DCL_PI.obj                    58      0                  0                 
       DCL_PI_CLA.obj                40      0                  5                 
    +--+-----------------------------+-------+------------------+--------------------+
       Total:                        1132    0                  25                
                                                                                  
    .\device\
       device.obj                    472     19                 0                 
       F2837xD_CodeStartBranch.obj   2       0                  0                 
    +--+-----------------------------+-------+------------------+--------------------+
       Total:                        474     19                 0                 
                                                                                  
    ../driverlib.lib
       sysctl.obj                    786     102                0                 
       sci.obj                       520     199                0                 
       interrupt.obj                 418     105                0                 
       gpio.obj                      318     200                0                 
       adc.obj                       154     99                 0                 
       spi.obj                       118     99                 0                 
       cputimer.obj                  45      104                0                 
    +--+-----------------------------+-------+------------------+--------------------+
       Total:                        2359    908                0                 
                                                                                  
    C:\Z\Games\ti\ccsv7\tools\compiler\ti-cgt-c2000_16.9.6.LTS\lib\rts2800_fpu32.lib
       e_powf.obj                    896     62                 0                 
       s_log1pf.obj                  375     22                 0                 
       s_expm1f.obj                  356     16                 0                 
       e_logf.obj                    299     16                 0                 
       e_expf.obj                    272     28                 0                 
       s_atanf.obj                   203     30                 0                 
       k_expf.obj                    189     4                  0                 
       fs_div28.obj                  136     0                  0                 
       e_sinhf.obj                   130     4                  0                 
       s_asinhf.obj                  116     6                  0                 
       s_scalbnf.obj                 98      6                  0                 
       s_cosf.obj                    97      0                  0                 
       s_tanf.obj                    97      0                  0                 
       s_floorf.obj                  87      2                  0                 
       s_ceilf.obj                   86      2                  0                 
       s_sinf.obj                    88      0                  0                 
       boot28.obj                    86      0                  0                 
       exit.obj                      41      14                 6                 
       l_div28.obj                   42      0                  0                 
       e_sqrtf.obj                   37      0                  0                 
       cpy_tbl.obj                   36      0                  0                 
       i_div28.obj                   34      0                  0                 
       memcpy.obj                    30      0                  0                 
       args_main.obj                 25      0                  0                 
       _lock.obj                     9       10                 4                 
       s_copysignf.obj               17      0                  0                 
       memory.obj                    0       4                  8                 
       errno.obj                     0       4                  1                 
       pre_init.obj                  2       0                  0                 
       startup.obj                   1       0                  0                 
    +--+-----------------------------+-------+------------------+--------------------+
       Total:                        3885    230                19                
                                                                                  
       Heap:                         0       0                  1024              
       Stack:                        0       0                  256               
    +--+-----------------------------+-------+------------------+--------------------+
       Grand Total:                  30777   3655               8577              


GLOBAL DATA SYMBOLS: SORTED BY DATA PAGE

address     data page           name
--------    ----------------    ----
00000002       0 (00000000)     __cla_DCL_runDF13c_sp
00000002       0 (00000000)     __cla_DCL_runDF22c_sp
00000002       0 (00000000)     __cla_DCL_runDF23c_sp
00000002       0 (00000000)     __cla_DCL_runPIDc_sp
00000002       0 (00000000)     __cla_DCL_runPIc_sp

00000400      10 (00000400)     __stack

0000a800     2a0 (0000a800)     __sys_memory

0000ac03     2b0 (0000ac00)     _eusartTxBufferRemaining_B
0000ac04     2b0 (0000ac00)     _TXIE_B

0000ae3f     2b8 (0000ae00)     _errno

0000ae40     2b9 (0000ae40)     _ku16MBResponseTimeout
0000ae41     2b9 (0000ae40)     __u16ReadAddress
0000ae42     2b9 (0000ae40)     _u16TransmitBufferLength
0000ae43     2b9 (0000ae40)     __u8TransmitBufferIndex
0000ae44     2b9 (0000ae40)     __u16ReadQty
0000ae45     2b9 (0000ae40)     __u16WriteQty
0000ae46     2b9 (0000ae40)     __u8ResponseBufferLength
0000ae47     2b9 (0000ae40)     __u8ResponseBufferIndex
0000ae48     2b9 (0000ae40)     __u8MBSlave
0000ae49     2b9 (0000ae40)     __u16WriteAddress
0000ae4a     2b9 (0000ae40)     __idle
0000ae4c     2b9 (0000ae40)     __preTransmission
0000ae4e     2b9 (0000ae40)     __postTransmission
0000ae50     2b9 (0000ae40)     _rxBuffer
0000ae52     2b9 (0000ae40)     _txBuffer

0000ae80     2ba (0000ae80)     __u16ResponseBuffer

0000aec0     2bb (0000aec0)     __u16TransmitBuffer

0000af00     2bc (0000af00)     _msg
0000af06     2bc (0000af00)     _receivedChar

0000af40     2bd (0000af40)     _str

0000afc0     2bf (0000afc0)     _homing_workaround
0000afc1     2bf (0000afc0)     _dip_switch
0000affa     2bf (0000afc0)     _polling_time
0000affc     2bf (0000afc0)     _crc
0000affe     2bf (0000afc0)     _timeout

0000c000     300 (0000c000)     _total_path_points

0000c040     301 (0000c040)     _generated_path

0000cc43     331 (0000cc40)     _eusartTxBufferRemaining_C
0000cc44     331 (0000cc40)     _TXIE_C

0000ce80     33a (0000ce80)     _modbusRTU_Written
0000ce82     33a (0000ce80)     _addressed_slave
0000ce83     33a (0000ce80)     _DEBUGGING
0000ce84     33a (0000ce80)     _slave
0000ce88     33a (0000ce80)     _T35

0000cec0     33b (0000cec0)     _modbusRTU_written_register_flags

0000cf43     33d (0000cf40)     _eusartTxBufferRemaining
0000cf44     33d (0000cf40)     _TXIE

0000d000     340 (0000d000)     _modbus_holding_regs

0000d802     360 (0000d800)     _rk
0000d804     360 (0000d800)     _yk
0000d806     360 (0000d800)     _uk
0000d808     360 (0000d800)     _lk
0000d80a     360 (0000d800)     _pid1
0000d822     360 (0000d800)     _sampleTime
0000d823     360 (0000d800)     _isFinished
0000d824     360 (0000d800)     _compFactor
0000d825     360 (0000d800)     _method
0000d826     360 (0000d800)     _oldVelocity
0000d828     360 (0000d800)     _acceleration
0000d82a     360 (0000d800)     _delta
0000d82c     360 (0000d800)     _lastTime
0000d82e     360 (0000d800)     _maxVelocity
0000d830     360 (0000d800)     _maxAcceleration
0000d832     360 (0000d800)     _oldPosition
0000d834     360 (0000d800)     _velocity
0000d836     360 (0000d800)     _position
0000d838     360 (0000d800)     _cbuf

0000d85e     361 (0000d840)     ___TI_enable_exit_profile_output
0000d860     361 (0000d840)     ___TI_cleanup_ptr
0000d862     361 (0000d840)     ___TI_dtors_ptr
0000d864     361 (0000d840)     __lock
0000d866     361 (0000d840)     __unlock

00090d4c    2435 (00090d40)     _fsupported


GLOBAL SYMBOLS: SORTED ALPHABETICALLY BY Name 

page  address   name                                      
----  -------   ----                                      
abs   ffffffff  .text                                     
0     00089264  C$$EXIT                                   
0     000889d3  FS$$DIV                                   
0     000892f9  I$$DIV                                    
0     0008930a  I$$MOD                                    
0     0008923a  L$$DIV                                    
0     00089249  L$$MOD                                    
0     00089257  UL$$DIV                                   
0     0008925e  UL$$MOD                                   
0     00088939  _ADC_setMode                              
0     00089455  _CPUTimer_setEmulationMode                
0     00080002  _DCL_runDF13                              
0     00000122  _DCL_runDF13c                             
0     00080050  _DCL_runDF13i                             
0     00000174  _DCL_runDF13ic                            
0     0008005d  _DCL_runDF13p                             
0     00000184  _DCL_runDF13pc                            
0     0008014e  _DCL_runDF22                              
0     00000262  _DCL_runDF22c                             
0     00080189  _DCL_runDF22i                             
0     00000288  _DCL_runDF22ic                            
0     00080198  _DCL_runDF22p                             
0     00000292  _DCL_runDF22pc                            
0     000800b1  _DCL_runDF23                              
0     000001d6  _DCL_runDF23c                             
0     000800fd  _DCL_runDF23i                             
0     00000212  _DCL_runDF23ic                            
0     0008010c  _DCL_runDF23p                             
0     00000222  _DCL_runDF23pc                            
0     0008022e  _DCL_runPI                                
0     000801c7  _DCL_runPID                               
0     000002bc  _DCL_runPIDc                              
0     00000300  _DCL_runPIc                               
1     0000ce83  _DEBUGGING                                
0     00087802  _Device_enableAllPeripherals              
0     0008794c  _Device_enableUnbondedGPIOPullups         
0     00087929  _Device_enableUnbondedGPIOPullupsFor100Pin
0     00087912  _Device_enableUnbondedGPIOPullupsFor176Pin
0     000877d3  _Device_init                              
0     000878f1  _Device_initGPIO                          
0     00085fb7  _FM25W256_clear_write_protect             
0     00085eb6  _FM25W256_read                            
0     00085f02  _FM25W256_read_multiple                   
0     00085f8f  _FM25W256_read_status                     
0     00085fae  _FM25W256_set_write_protect               
0     00085e13  _FM25W256_write                           
0     00085e5f  _FM25W256_write_multiple                  
0     00085f58  _FM25W256_write_status                    
0     00089209  _GPIO_setDirectionMode                    
0     00089166  _GPIO_setMasterCore                       
0     00088f73  _GPIO_setPadConfig                        
0     00089129  _GPIO_setPinConfig                        
0     0008919e  _GPIO_setQualificationMode                
0     00089012  _Interrupt_disable                        
0     000891d6  _Interrupt_enable                         
0     00088f1f  _Interrupt_initModule                     
0     0008931b  _Interrupt_initVectorTable                
0     000861c2  _ModbusMasterTransaction                  
0     000860c2  _ModbusMaster_available                   
0     00086052  _ModbusMaster_begin                       
0     00086067  _ModbusMaster_beginTransmission           
0     00086060  _ModbusMaster_change_slave                
0     000860fc  _ModbusMaster_clearResponseBuffer         
0     0008611e  _ModbusMaster_clearTransmitBuffer         
0     000860ef  _ModbusMaster_getResponseBuffer           
0     000860d7  _ModbusMaster_idle                        
0     0008619d  _ModbusMaster_maskWriteRegister           
0     000860e7  _ModbusMaster_postTransmission            
0     000860df  _ModbusMaster_preTransmission             
0     0008612d  _ModbusMaster_readCoils                   
0     0008613a  _ModbusMaster_readDiscreteInputs          
0     00086147  _ModbusMaster_readHoldingRegisters        
0     00086154  _ModbusMaster_readInputRegisters          
0     000861af  _ModbusMaster_readWriteMultipleRegisters  
0     000860c7  _ModbusMaster_receive                     
0     00086070  _ModbusMaster_requestFrom                 
0     000860ae  _ModbusMaster_send                        
0     00086081  _ModbusMaster_sendBit                     
0     0008610b  _ModbusMaster_setTransmitBuffer           
0     00086183  _ModbusMaster_writeMultipleCoils          
0     00086190  _ModbusMaster_writeMultipleRegisters      
0     00086161  _ModbusMaster_writeSingleCoil             
0     00086173  _ModbusMaster_writeSingleRegister         
0     000872dc  _MotionProfile                            
0     0008753c  _MotionProfile_getFinished                
0     00087537  _MotionProfile_pause                      
0     00087559  _MotionProfile_reset                      
0     00087567  _MotionProfile_reset_position             
0     00087552  _MotionProfile_setCompFactor              
0     00087549  _MotionProfile_setMaxAcceleration         
0     00087540  _MotionProfile_setMaxVelocity             
0     0008730a  _MotionProfile_update                     
0     00086004  _RamfuncsLoadEnd                          
abs   00000004  _RamfuncsLoadSize                         
0     00086000  _RamfuncsLoadStart                        
0     00008004  _RamfuncsRunEnd                           
abs   00000004  _RamfuncsRunSize                          
0     00008000  _RamfuncsRunStart                         
0     00085078  _Read1                                    
0     000850c4  _Read2                                    
0     0008511d  _Read4                                    
0     0008519a  _Read4_1                                  
0     00085236  _RoboClaw_BackwardM1                      
0     00085272  _RoboClaw_BackwardM2                      
0     000852ae  _RoboClaw_BackwardMixed                   
0     000857b4  _RoboClaw_DutyAccelM1                     
0     000857f4  _RoboClaw_DutyAccelM1M2                   
0     000857d4  _RoboClaw_DutyAccelM2                     
0     000854b0  _RoboClaw_DutyM1                          
0     000854d4  _RoboClaw_DutyM1M2                        
0     000854c2  _RoboClaw_DutyM2                          
0     00085281  _RoboClaw_ForwardBackwardM1               
0     00085290  _RoboClaw_ForwardBackwardM2               
0     000852db  _RoboClaw_ForwardBackwardMixed            
0     00085228  _RoboClaw_ForwardM1                       
0     00085263  _RoboClaw_ForwardM2                       
0     0008529f  _RoboClaw_ForwardMixed                    
0     00085cc0  _RoboClaw_GetConfig                       
0     00085bf0  _RoboClaw_GetDeadBand                     
0     00085d51  _RoboClaw_GetPWMMode                      
0     00085b78  _RoboClaw_GetPinFunctions                 
0     000852ea  _RoboClaw_LeftRightMixed                  
0     000856ea  _RoboClaw_ReadBuffers                     
0     00085717  _RoboClaw_ReadCurrents                    
0     000852f9  _RoboClaw_ReadEncM1                       
0     00085302  _RoboClaw_ReadEncM2                       
0     00085c59  _RoboClaw_ReadEncoderModes                
0     00085c07  _RoboClaw_ReadEncoders                    
0     00085c51  _RoboClaw_ReadError                       
0     0008549e  _RoboClaw_ReadISpeedM1                    
0     000854a7  _RoboClaw_ReadISpeedM2                    
0     00085c18  _RoboClaw_ReadISpeeds                     
0     000853c4  _RoboClaw_ReadLogicBatteryVoltage         
0     00085d0e  _RoboClaw_ReadM1MaxCurrent                
0     000859dd  _RoboClaw_ReadM1PositionPID               
0     00085823  _RoboClaw_ReadM1VelocityPID               
0     00085d28  _RoboClaw_ReadM2MaxCurrent                
0     00085a1a  _RoboClaw_ReadM2PositionPID               
0     0008585a  _RoboClaw_ReadM2VelocityPID               
0     000853bc  _RoboClaw_ReadMainBatteryVoltage          
0     000858d7  _RoboClaw_ReadMinMaxLogicVoltages         
0     000858c1  _RoboClaw_ReadMinMaxMainVoltages          
0     00085ca2  _RoboClaw_ReadNVM                         
0     00085701  _RoboClaw_ReadPWMs                        
0     0008530b  _RoboClaw_ReadSpeedM1                     
0     00085314  _RoboClaw_ReadSpeedM2                     
0     00085c35  _RoboClaw_ReadTemp                        
0     00085c43  _RoboClaw_ReadTemp2                       
0     00085329  _RoboClaw_ReadVersion                     
0     0008531d  _RoboClaw_ResetEncoders                   
0     00085c29  _RoboClaw_RestoreDefaults                 
0     00085cae  _RoboClaw_SetConfig                       
0     00085bde  _RoboClaw_SetDeadBand                     
0     00085388  _RoboClaw_SetEncM1                        
0     000853a2  _RoboClaw_SetEncM2                        
0     000858a9  _RoboClaw_SetLogicVoltages                
0     00085b2f  _RoboClaw_SetM1DefaultAccel               
0     00085c70  _RoboClaw_SetM1EncoderMode                
0     00085cd2  _RoboClaw_SetM1MaxCurrent                 
0     000858ed  _RoboClaw_SetM1PositionPID                
0     000853ea  _RoboClaw_SetM1VelocityPID                
0     00085b49  _RoboClaw_SetM2DefaultAccel               
0     00085c7f  _RoboClaw_SetM2EncoderMode                
0     00085cf0  _RoboClaw_SetM2MaxCurrent                 
0     00085965  _RoboClaw_SetM2PositionPID                
0     00085444  _RoboClaw_SetM2VelocityPID                
0     00085891  _RoboClaw_SetMainVoltages                 
0     000853db  _RoboClaw_SetMaxVoltageLogicBattery       
0     00085254  _RoboClaw_SetMaxVoltageMainBattery        
0     000853cc  _RoboClaw_SetMinVoltageLogicBattery       
0     00085245  _RoboClaw_SetMinVoltageMainBattery        
0     00085d42  _RoboClaw_SetPWMMode                      
0     00085b63  _RoboClaw_SetPinFunctions                 
0     00085a57  _RoboClaw_SpeedAccelDeccelPositionM1      
0     00085acd  _RoboClaw_SpeedAccelDeccelPositionM1M2    
0     00085a92  _RoboClaw_SpeedAccelDeccelPositionM2      
0     00085643  _RoboClaw_SpeedAccelDistanceM1            
0     000856a5  _RoboClaw_SpeedAccelDistanceM1M2          
0     00085765  _RoboClaw_SpeedAccelDistanceM1M2_2        
0     00085674  _RoboClaw_SpeedAccelDistanceM2            
0     00085544  _RoboClaw_SpeedAccelM1                    
0     0008558c  _RoboClaw_SpeedAccelM1M2                  
0     0008572d  _RoboClaw_SpeedAccelM1M2_2                
0     00085568  _RoboClaw_SpeedAccelM2                    
0     000855ba  _RoboClaw_SpeedDistanceM1                 
0     00085608  _RoboClaw_SpeedDistanceM1M2               
0     000855e1  _RoboClaw_SpeedDistanceM2                 
0     000854ec  _RoboClaw_SpeedM1                         
0     00085520  _RoboClaw_SpeedM1M2                       
0     00085506  _RoboClaw_SpeedM2                         
0     000852cc  _RoboClaw_TurnLeftMixed                   
0     000852bd  _RoboClaw_TurnRightMixed                  
0     00085c8e  _RoboClaw_WriteNVM                        
0     00084f22  _RoboClaw_library_version                 
0     0008905c  _SCI_clearInterruptStatus                 
0     000890a2  _SCI_disableInterrupt                     
0     00085fbb  _SCI_enableInterrupt                      
0     00087fc0  _SCI_setConfig                            
0     000890e8  _SCI_writeCharArray                       
0     00088d68  _SPI_setConfig                            
0     00008000  _SysCtl_delay                             
0     00088bd6  _SysCtl_getClock                          
0     000893c7  _SysCtl_getLowSpeedClock                  
0     00088fc5  _SysCtl_selectOscSource                   
0     00087570  _SysCtl_setClock                          
1     0000ce88  _T35                                      
1     0000cf44  _TXIE                                     
1     0000ac04  _TXIE_B                                   
1     0000cc44  _TXIE_C                                   
0     000822a2  _XYZ_to_length4                           
1     00000500  __STACK_END                               
abs   00000100  __STACK_SIZE                              
abs   00000400  __SYSMEM_SIZE                             
1     0000d860  ___TI_cleanup_ptr                         
1     0000d862  ___TI_dtors_ptr                           
1     0000d85e  ___TI_enable_exit_profile_output          
abs   ffffffff  ___TI_pprof_out_hndl                      
abs   ffffffff  ___TI_prof_data_size                      
abs   ffffffff  ___TI_prof_data_start                     
abs   ffffffff  ___binit__                                
abs   ffffffff  ___c_args__                               
0     00082000  ___cinit__                                
0     00087962  ___error__                                
abs   ffffffff  ___etext__                                
0     00083f72  ___ldexp_cexpf                            
0     00083f58  ___ldexp_expf                             
abs   ffffffff  ___pinit__                                
abs   ffffffff  ___text__                                 
0     00089413  __args_main                               
1     00000002  __cla_DCL_runDF13c_sp                     
1     00000002  __cla_DCL_runDF22c_sp                     
1     00000002  __cla_DCL_runDF23c_sp                     
1     00000002  __cla_DCL_runPIDc_sp                      
1     00000002  __cla_DCL_runPIc_sp                       
1     0000ae4a  __idle                                    
1     0000d864  __lock                                    
0     000894cb  __nop                                     
1     0000ae4e  __postTransmission                        
1     0000ae4c  __preTransmission                         
0     000894c7  __register_lock                           
0     000894c3  __register_unlock                         
1     00000400  __stack                                   
1     0000a800  __sys_memory                              
0     00085fff  __system_post_cinit                       
0     00083ffe  __system_pre_init                         
1     0000ae41  __u16ReadAddress                          
1     0000ae44  __u16ReadQty                              
1     0000ae80  __u16ResponseBuffer                       
1     0000aec0  __u16TransmitBuffer                       
1     0000ae49  __u16WriteAddress                         
1     0000ae45  __u16WriteQty                             
1     0000ae48  __u8MBSlave                               
1     0000ae47  __u8ResponseBufferIndex                   
1     0000ae46  __u8ResponseBufferLength                  
1     0000ae43  __u8TransmitBufferIndex                   
1     0000d866  __unlock                                  
0     00089264  _abort                                    
1     0000d828  _acceleration                             
1     0000ce82  _addressed_slave                          
0     00082b67  _angle2tensions                           
0     00088b62  _asinh                                    
0     00088b62  _asinhf                                   
0     000887c4  _atan                                     
0     000887c4  _atanf                                    
0     0008383b  _auto_mode                                
0     00084f2c  _available                                
0     00088902  _bidirectional_motor                      
0     000870d2  _blinking_led                             
0     000832f0  _brensenham3d                             
0     0008861b  _broadcast_status                         
0     0008830f  _buffered_serial_B_available              
0     00088319  _buffered_serial_B_flush                  
0     000882f5  _buffered_serial_B_read                   
0     00088325  _buffered_serial_B_receive                
0     00088344  _buffered_serial_B_transmit               
0     000882b9  _buffered_serial_B_write                  
0     00088545  _buffered_serial_C_available              
0     0008854f  _buffered_serial_C_flush                  
0     0008852b  _buffered_serial_C_read                   
0     00088554  _buffered_serial_C_receive                
0     00088573  _buffered_serial_C_transmit               
0     000884ef  _buffered_serial_C_write                  
0     0008842b  _buffered_serial_available                
0     00088434  _buffered_serial_flush                    
0     00088411  _buffered_serial_read                     
0     0008843f  _buffered_serial_receive                  
0     0008845e  _buffered_serial_transmit                 
0     000883d5  _buffered_serial_write                    
0     00086a15  _build_error_packet                       
0     000869c8  _build_read_packet                        
0     000869da  _build_write_packet                       
0     000869f6  _build_write_single_packet                
0     00088e73  _c_int00                                  
0     000873d5  _calculateConstantVelocityProfile         
0     0008741f  _calculateTrapezoidalProfile              
1     0000d838  _cbuf                                     
0     00088ec9  _ceil                                     
0     00088ec9  _ceilf                                    
0     000835fa  _check_current_coordinate                 
0     000885cf  _check_network_health                     
1     0000d824  _compFactor                               
0     00082c48  _coord2ten_sag                            
0     000892b3  _copy_in                                  
0     00089468  _copysign                                 
0     00089468  _copysignf                                
0     00088ca6  _cos                                      
0     00088ca6  _cosf                                     
1     0000affc  _crc                                      
0     00084f78  _crc_clear                                
0     00084f9a  _crc_get                                  
0     00084f7c  _crc_update                               
1     0000d82a  _delta                                    
1     0000afc1  _dip_switch                               
0     000833b9  _encoder_pulses_to_length                 
0     00087b3f  _epwm3ISR                                 
1     0000ae3f  _errno                                    
1     0000cf43  _eusartTxBufferRemaining                  
1     0000ac03  _eusartTxBufferRemaining_B                
1     0000cc43  _eusartTxBufferRemaining_C                
0     00089266  _exit                                     
0     000886b4  _exp                                      
0     000886b4  _expf                                     
0     00087e5c  _expm1                                    
0     00087e5c  _expm1f                                   
0     00088e1c  _floor                                    
0     00088e1c  _floorf                                   
0     00084f2f  _flush                                    
0     00090d4c  _fsupported                               
1     0000c040  _generated_path                           
0     0008355c  _homing_routine                           
1     0000afc0  _homing_workaround                        
0     000872ef  _init                                     
0     00084c72  _init_adc                                 
0     00084e25  _init_ads1220                             
0     00084b1b  _init_eqep                                
0     00084823  _init_gpio                                
0     00084b96  _init_pwm                                 
0     00084e66  _init_roboclaw                            
0     0008708f  _init_settings                            
0     00084e98  _init_smartwinch                          
0     00084d0d  _init_spi_A                               
0     00084da0  _init_spi_B                               
0     00084ce5  _init_timer                               
0     00084946  _init_uart_A                              
0     000849df  _init_uart_B                              
0     00084a7d  _init_uart_C                              
0     00086cbf  _intermediate_waypoint                    
0     000886a8  _interwinch_comms_handler                 
1     0000d823  _isFinished                               
0     00083a21  _is_tether_close_to_target_length         
1     0000ae40  _ku16MBResponseTimeout                    
1     0000d82c  _lastTime                                 
0     00088c44  _ldexp                                    
0     00088c44  _ldexpf                                   
0     00085e0d  _left_justified                           
0     000821df  _length4_to_XYZ                           
0     000833a8  _length_to_encoder_pulses                 
1     0000d808  _lk                                       
0     0008812e  _log                                      
0     00087ce5  _log1p                                    
0     00087ce5  _log1pf                                   
0     0008812e  _logf                                     
0     000870f1  _main                                     
0     0008369d  _manual_control                           
0     00088652  _master_winch_comms                       
0     00082349  _matrix_inv_3x3                           
0     00082472  _matrix_mul_3x3_3x1                       
0     00083252  _max                                      
1     0000d830  _maxAcceleration                          
1     0000d82e  _maxVelocity                              
0     000824cb  _max_val4                                 
0     0008213b  _max_val4_loc                             
0     0008935a  _memcpy                                   
1     0000d825  _method                                   
0     0008253d  _min_max_diff                             
0     00082104  _min_val4_loc                             
0     00086be7  _modbusRTU_Update                         
1     0000ce80  _modbusRTU_Written                        
0     00086cad  _modbusRTU_init                           
1     0000cec0  _modbusRTU_written_register_flags         
0     0008699c  _modbus_crc                               
1     0000d000  _modbus_holding_regs                      
0     00086a27  _modbus_reply                             
0     00086a95  _modbus_request                           
0     0008806a  _motor_driving_with_safety_check          
1     0000af00  _msg                                      
1     0000d832  _oldPosition                              
1     0000d826  _oldVelocity                              
0     00087a7a  _old_pid                                  
1     0000d80a  _pid1                                     
1     0000affa  _polling_time                             
1     0000d836  _position                                 
0     000865f1  _pow                                      
0     000865f1  _powf                                     
0     00086b4a  _preset_multiple_registers                
0     0008338d  _pulse_length_scaler                      
0     00084f32  _read                                     
0     00083a4b  _read_DIP_switch                          
0     00083645  _read_all_adc                             
0     0008383e  _read_current_cable_length_from_mcp266    
0     00086b8d  _read_holding_registers                   
0     00083936  _read_load_cell                           
0     000838a2  _read_mcp266_pids                         
0     00083918  _read_mcp266_pwm                          
0     00084fd3  _read_n                                   
0     00086a61  _receive_request                          
1     0000af06  _receivedChar                             
0     00083678  _relative_control                         
1     0000d802  _rk                                       
0     00082172  _rotate_about_center                      
0     00082518  _round1dp                                 
1     0000ae50  _rxBuffer                                 
1     0000d822  _sampleTime                               
0     00088c44  _scalbn                                   
0     00088c44  _scalbnf                                  
0     00087bb6  _sciaRXFIFOISR                            
0     00087b7c  _sciaTXFIFOISR                            
0     00087c2f  _scibRXFIFOISR                            
0     00087bf5  _scibTXFIFOISR                            
0     00087ca7  _scicRXFIFOISR                            
0     00087c6e  _scicTXFIFOISR                            
0     0008250b  _sec                                      
0     00086a3b  _send_reply                               
0     00088dc4  _sin                                      
0     00088dc4  _sinf                                     
0     00088ae0  _sinh                                     
0     00088ae0  _sinhf                                    
1     0000ce84  _slave                                    
0     0008866f  _slave_winch_comms                        
0     0008928e  _sqrt                                     
0     0008928e  _sqrtf                                    
0     000873a6  _stateCalculation                         
1     0000af40  _str                                      
0     00088d07  _tan                                      
0     00088d07  _tanf                                     
0     00083afb  _task_scheduler_handler                   
0     00082596  _ten2hten                                 
0     0008260f  _tenandsag2coord                          
0     00087378  _timeCalculation                          
1     0000affe  _timeout                                  
1     0000c000  _total_path_points                        
1     0000ae52  _txBuffer                                 
1     0000ae42  _u16TransmitBufferLength                  
1     0000d806  _uk                                       
0     00083aaf  _underrun_error_check                     
0     0008385f  _update_mcp266_pids                       
0     00083269  _update_scaled_velocity                   
0     00086ad0  _validate_request                         
1     0000d834  _velocity                                 
0     00083b5d  _waypoint_follower                        
0     000833ca  _waypoints                                
0     0008602f  _word                                     
0     00084f24  _write                                    
0     00084f9e  _write_n                                  
0     00086b29  _write_regs                               
0     00086b6b  _write_single_register                    
1     0000d804  _yk                                       
0     00083a33  _zero_force_mode                          
abs   ffffffff  binit                                     
0     00082000  cinit                                     
0     00080000  code_start                                
abs   ffffffff  etext                                     
abs   ffffffff  pinit                                     


GLOBAL SYMBOLS: SORTED BY Symbol Address 

page  address   name                                      
----  -------   ----                                      
0     00000122  _DCL_runDF13c                             
0     00000174  _DCL_runDF13ic                            
0     00000184  _DCL_runDF13pc                            
0     000001d6  _DCL_runDF23c                             
0     00000212  _DCL_runDF23ic                            
0     00000222  _DCL_runDF23pc                            
0     00000262  _DCL_runDF22c                             
0     00000288  _DCL_runDF22ic                            
0     00000292  _DCL_runDF22pc                            
0     000002bc  _DCL_runPIDc                              
0     00000300  _DCL_runPIc                               
0     00008000  _RamfuncsRunStart                         
0     00008000  _SysCtl_delay                             
0     00008004  _RamfuncsRunEnd                           
0     00080000  code_start                                
0     00080002  _DCL_runDF13                              
0     00080050  _DCL_runDF13i                             
0     0008005d  _DCL_runDF13p                             
0     000800b1  _DCL_runDF23                              
0     000800fd  _DCL_runDF23i                             
0     0008010c  _DCL_runDF23p                             
0     0008014e  _DCL_runDF22                              
0     00080189  _DCL_runDF22i                             
0     00080198  _DCL_runDF22p                             
0     000801c7  _DCL_runPID                               
0     0008022e  _DCL_runPI                                
0     00082000  ___cinit__                                
0     00082000  cinit                                     
0     00082104  _min_val4_loc                             
0     0008213b  _max_val4_loc                             
0     00082172  _rotate_about_center                      
0     000821df  _length4_to_XYZ                           
0     000822a2  _XYZ_to_length4                           
0     00082349  _matrix_inv_3x3                           
0     00082472  _matrix_mul_3x3_3x1                       
0     000824cb  _max_val4                                 
0     0008250b  _sec                                      
0     00082518  _round1dp                                 
0     0008253d  _min_max_diff                             
0     00082596  _ten2hten                                 
0     0008260f  _tenandsag2coord                          
0     00082b67  _angle2tensions                           
0     00082c48  _coord2ten_sag                            
0     00083252  _max                                      
0     00083269  _update_scaled_velocity                   
0     000832f0  _brensenham3d                             
0     0008338d  _pulse_length_scaler                      
0     000833a8  _length_to_encoder_pulses                 
0     000833b9  _encoder_pulses_to_length                 
0     000833ca  _waypoints                                
0     0008355c  _homing_routine                           
0     000835fa  _check_current_coordinate                 
0     00083645  _read_all_adc                             
0     00083678  _relative_control                         
0     0008369d  _manual_control                           
0     0008383b  _auto_mode                                
0     0008383e  _read_current_cable_length_from_mcp266    
0     0008385f  _update_mcp266_pids                       
0     000838a2  _read_mcp266_pids                         
0     00083918  _read_mcp266_pwm                          
0     00083936  _read_load_cell                           
0     00083a21  _is_tether_close_to_target_length         
0     00083a33  _zero_force_mode                          
0     00083a4b  _read_DIP_switch                          
0     00083aaf  _underrun_error_check                     
0     00083afb  _task_scheduler_handler                   
0     00083b5d  _waypoint_follower                        
0     00083f58  ___ldexp_expf                             
0     00083f72  ___ldexp_cexpf                            
0     00083ffe  __system_pre_init                         
0     00084823  _init_gpio                                
0     00084946  _init_uart_A                              
0     000849df  _init_uart_B                              
0     00084a7d  _init_uart_C                              
0     00084b1b  _init_eqep                                
0     00084b96  _init_pwm                                 
0     00084c72  _init_adc                                 
0     00084ce5  _init_timer                               
0     00084d0d  _init_spi_A                               
0     00084da0  _init_spi_B                               
0     00084e25  _init_ads1220                             
0     00084e66  _init_roboclaw                            
0     00084e98  _init_smartwinch                          
0     00084f22  _RoboClaw_library_version                 
0     00084f24  _write                                    
0     00084f2c  _available                                
0     00084f2f  _flush                                    
0     00084f32  _read                                     
0     00084f78  _crc_clear                                
0     00084f7c  _crc_update                               
0     00084f9a  _crc_get                                  
0     00084f9e  _write_n                                  
0     00084fd3  _read_n                                   
0     00085078  _Read1                                    
0     000850c4  _Read2                                    
0     0008511d  _Read4                                    
0     0008519a  _Read4_1                                  
0     00085228  _RoboClaw_ForwardM1                       
0     00085236  _RoboClaw_BackwardM1                      
0     00085245  _RoboClaw_SetMinVoltageMainBattery        
0     00085254  _RoboClaw_SetMaxVoltageMainBattery        
0     00085263  _RoboClaw_ForwardM2                       
0     00085272  _RoboClaw_BackwardM2                      
0     00085281  _RoboClaw_ForwardBackwardM1               
0     00085290  _RoboClaw_ForwardBackwardM2               
0     0008529f  _RoboClaw_ForwardMixed                    
0     000852ae  _RoboClaw_BackwardMixed                   
0     000852bd  _RoboClaw_TurnRightMixed                  
0     000852cc  _RoboClaw_TurnLeftMixed                   
0     000852db  _RoboClaw_ForwardBackwardMixed            
0     000852ea  _RoboClaw_LeftRightMixed                  
0     000852f9  _RoboClaw_ReadEncM1                       
0     00085302  _RoboClaw_ReadEncM2                       
0     0008530b  _RoboClaw_ReadSpeedM1                     
0     00085314  _RoboClaw_ReadSpeedM2                     
0     0008531d  _RoboClaw_ResetEncoders                   
0     00085329  _RoboClaw_ReadVersion                     
0     00085388  _RoboClaw_SetEncM1                        
0     000853a2  _RoboClaw_SetEncM2                        
0     000853bc  _RoboClaw_ReadMainBatteryVoltage          
0     000853c4  _RoboClaw_ReadLogicBatteryVoltage         
0     000853cc  _RoboClaw_SetMinVoltageLogicBattery       
0     000853db  _RoboClaw_SetMaxVoltageLogicBattery       
0     000853ea  _RoboClaw_SetM1VelocityPID                
0     00085444  _RoboClaw_SetM2VelocityPID                
0     0008549e  _RoboClaw_ReadISpeedM1                    
0     000854a7  _RoboClaw_ReadISpeedM2                    
0     000854b0  _RoboClaw_DutyM1                          
0     000854c2  _RoboClaw_DutyM2                          
0     000854d4  _RoboClaw_DutyM1M2                        
0     000854ec  _RoboClaw_SpeedM1                         
0     00085506  _RoboClaw_SpeedM2                         
0     00085520  _RoboClaw_SpeedM1M2                       
0     00085544  _RoboClaw_SpeedAccelM1                    
0     00085568  _RoboClaw_SpeedAccelM2                    
0     0008558c  _RoboClaw_SpeedAccelM1M2                  
0     000855ba  _RoboClaw_SpeedDistanceM1                 
0     000855e1  _RoboClaw_SpeedDistanceM2                 
0     00085608  _RoboClaw_SpeedDistanceM1M2               
0     00085643  _RoboClaw_SpeedAccelDistanceM1            
0     00085674  _RoboClaw_SpeedAccelDistanceM2            
0     000856a5  _RoboClaw_SpeedAccelDistanceM1M2          
0     000856ea  _RoboClaw_ReadBuffers                     
0     00085701  _RoboClaw_ReadPWMs                        
0     00085717  _RoboClaw_ReadCurrents                    
0     0008572d  _RoboClaw_SpeedAccelM1M2_2                
0     00085765  _RoboClaw_SpeedAccelDistanceM1M2_2        
0     000857b4  _RoboClaw_DutyAccelM1                     
0     000857d4  _RoboClaw_DutyAccelM2                     
0     000857f4  _RoboClaw_DutyAccelM1M2                   
0     00085823  _RoboClaw_ReadM1VelocityPID               
0     0008585a  _RoboClaw_ReadM2VelocityPID               
0     00085891  _RoboClaw_SetMainVoltages                 
0     000858a9  _RoboClaw_SetLogicVoltages                
0     000858c1  _RoboClaw_ReadMinMaxMainVoltages          
0     000858d7  _RoboClaw_ReadMinMaxLogicVoltages         
0     000858ed  _RoboClaw_SetM1PositionPID                
0     00085965  _RoboClaw_SetM2PositionPID                
0     000859dd  _RoboClaw_ReadM1PositionPID               
0     00085a1a  _RoboClaw_ReadM2PositionPID               
0     00085a57  _RoboClaw_SpeedAccelDeccelPositionM1      
0     00085a92  _RoboClaw_SpeedAccelDeccelPositionM2      
0     00085acd  _RoboClaw_SpeedAccelDeccelPositionM1M2    
0     00085b2f  _RoboClaw_SetM1DefaultAccel               
0     00085b49  _RoboClaw_SetM2DefaultAccel               
0     00085b63  _RoboClaw_SetPinFunctions                 
0     00085b78  _RoboClaw_GetPinFunctions                 
0     00085bde  _RoboClaw_SetDeadBand                     
0     00085bf0  _RoboClaw_GetDeadBand                     
0     00085c07  _RoboClaw_ReadEncoders                    
0     00085c18  _RoboClaw_ReadISpeeds                     
0     00085c29  _RoboClaw_RestoreDefaults                 
0     00085c35  _RoboClaw_ReadTemp                        
0     00085c43  _RoboClaw_ReadTemp2                       
0     00085c51  _RoboClaw_ReadError                       
0     00085c59  _RoboClaw_ReadEncoderModes                
0     00085c70  _RoboClaw_SetM1EncoderMode                
0     00085c7f  _RoboClaw_SetM2EncoderMode                
0     00085c8e  _RoboClaw_WriteNVM                        
0     00085ca2  _RoboClaw_ReadNVM                         
0     00085cae  _RoboClaw_SetConfig                       
0     00085cc0  _RoboClaw_GetConfig                       
0     00085cd2  _RoboClaw_SetM1MaxCurrent                 
0     00085cf0  _RoboClaw_SetM2MaxCurrent                 
0     00085d0e  _RoboClaw_ReadM1MaxCurrent                
0     00085d28  _RoboClaw_ReadM2MaxCurrent                
0     00085d42  _RoboClaw_SetPWMMode                      
0     00085d51  _RoboClaw_GetPWMMode                      
0     00085e0d  _left_justified                           
0     00085e13  _FM25W256_write                           
0     00085e5f  _FM25W256_write_multiple                  
0     00085eb6  _FM25W256_read                            
0     00085f02  _FM25W256_read_multiple                   
0     00085f58  _FM25W256_write_status                    
0     00085f8f  _FM25W256_read_status                     
0     00085fae  _FM25W256_set_write_protect               
0     00085fb7  _FM25W256_clear_write_protect             
0     00085fbb  _SCI_enableInterrupt                      
0     00085fff  __system_post_cinit                       
0     00086000  _RamfuncsLoadStart                        
0     00086004  _RamfuncsLoadEnd                          
0     0008602f  _word                                     
0     00086052  _ModbusMaster_begin                       
0     00086060  _ModbusMaster_change_slave                
0     00086067  _ModbusMaster_beginTransmission           
0     00086070  _ModbusMaster_requestFrom                 
0     00086081  _ModbusMaster_sendBit                     
0     000860ae  _ModbusMaster_send                        
0     000860c2  _ModbusMaster_available                   
0     000860c7  _ModbusMaster_receive                     
0     000860d7  _ModbusMaster_idle                        
0     000860df  _ModbusMaster_preTransmission             
0     000860e7  _ModbusMaster_postTransmission            
0     000860ef  _ModbusMaster_getResponseBuffer           
0     000860fc  _ModbusMaster_clearResponseBuffer         
0     0008610b  _ModbusMaster_setTransmitBuffer           
0     0008611e  _ModbusMaster_clearTransmitBuffer         
0     0008612d  _ModbusMaster_readCoils                   
0     0008613a  _ModbusMaster_readDiscreteInputs          
0     00086147  _ModbusMaster_readHoldingRegisters        
0     00086154  _ModbusMaster_readInputRegisters          
0     00086161  _ModbusMaster_writeSingleCoil             
0     00086173  _ModbusMaster_writeSingleRegister         
0     00086183  _ModbusMaster_writeMultipleCoils          
0     00086190  _ModbusMaster_writeMultipleRegisters      
0     0008619d  _ModbusMaster_maskWriteRegister           
0     000861af  _ModbusMaster_readWriteMultipleRegisters  
0     000861c2  _ModbusMasterTransaction                  
0     000865f1  _pow                                      
0     000865f1  _powf                                     
0     0008699c  _modbus_crc                               
0     000869c8  _build_read_packet                        
0     000869da  _build_write_packet                       
0     000869f6  _build_write_single_packet                
0     00086a15  _build_error_packet                       
0     00086a27  _modbus_reply                             
0     00086a3b  _send_reply                               
0     00086a61  _receive_request                          
0     00086a95  _modbus_request                           
0     00086ad0  _validate_request                         
0     00086b29  _write_regs                               
0     00086b4a  _preset_multiple_registers                
0     00086b6b  _write_single_register                    
0     00086b8d  _read_holding_registers                   
0     00086be7  _modbusRTU_Update                         
0     00086cad  _modbusRTU_init                           
0     00086cbf  _intermediate_waypoint                    
0     0008708f  _init_settings                            
0     000870d2  _blinking_led                             
0     000870f1  _main                                     
0     000872dc  _MotionProfile                            
0     000872ef  _init                                     
0     0008730a  _MotionProfile_update                     
0     00087378  _timeCalculation                          
0     000873a6  _stateCalculation                         
0     000873d5  _calculateConstantVelocityProfile         
0     0008741f  _calculateTrapezoidalProfile              
0     00087537  _MotionProfile_pause                      
0     0008753c  _MotionProfile_getFinished                
0     00087540  _MotionProfile_setMaxVelocity             
0     00087549  _MotionProfile_setMaxAcceleration         
0     00087552  _MotionProfile_setCompFactor              
0     00087559  _MotionProfile_reset                      
0     00087567  _MotionProfile_reset_position             
0     00087570  _SysCtl_setClock                          
0     000877d3  _Device_init                              
0     00087802  _Device_enableAllPeripherals              
0     000878f1  _Device_initGPIO                          
0     00087912  _Device_enableUnbondedGPIOPullupsFor176Pin
0     00087929  _Device_enableUnbondedGPIOPullupsFor100Pin
0     0008794c  _Device_enableUnbondedGPIOPullups         
0     00087962  ___error__                                
0     00087a7a  _old_pid                                  
0     00087b3f  _epwm3ISR                                 
0     00087b7c  _sciaTXFIFOISR                            
0     00087bb6  _sciaRXFIFOISR                            
0     00087bf5  _scibTXFIFOISR                            
0     00087c2f  _scibRXFIFOISR                            
0     00087c6e  _scicTXFIFOISR                            
0     00087ca7  _scicRXFIFOISR                            
0     00087ce5  _log1p                                    
0     00087ce5  _log1pf                                   
0     00087e5c  _expm1                                    
0     00087e5c  _expm1f                                   
0     00087fc0  _SCI_setConfig                            
0     0008806a  _motor_driving_with_safety_check          
0     0008812e  _log                                      
0     0008812e  _logf                                     
0     000882b9  _buffered_serial_B_write                  
0     000882f5  _buffered_serial_B_read                   
0     0008830f  _buffered_serial_B_available              
0     00088319  _buffered_serial_B_flush                  
0     00088325  _buffered_serial_B_receive                
0     00088344  _buffered_serial_B_transmit               
0     000883d5  _buffered_serial_write                    
0     00088411  _buffered_serial_read                     
0     0008842b  _buffered_serial_available                
0     00088434  _buffered_serial_flush                    
0     0008843f  _buffered_serial_receive                  
0     0008845e  _buffered_serial_transmit                 
0     000884ef  _buffered_serial_C_write                  
0     0008852b  _buffered_serial_C_read                   
0     00088545  _buffered_serial_C_available              
0     0008854f  _buffered_serial_C_flush                  
0     00088554  _buffered_serial_C_receive                
0     00088573  _buffered_serial_C_transmit               
0     000885cf  _check_network_health                     
0     0008861b  _broadcast_status                         
0     00088652  _master_winch_comms                       
0     0008866f  _slave_winch_comms                        
0     000886a8  _interwinch_comms_handler                 
0     000886b4  _exp                                      
0     000886b4  _expf                                     
0     000887c4  _atan                                     
0     000887c4  _atanf                                    
0     00088902  _bidirectional_motor                      
0     00088939  _ADC_setMode                              
0     000889d3  FS$$DIV                                   
0     00088ae0  _sinh                                     
0     00088ae0  _sinhf                                    
0     00088b62  _asinh                                    
0     00088b62  _asinhf                                   
0     00088bd6  _SysCtl_getClock                          
0     00088c44  _ldexp                                    
0     00088c44  _ldexpf                                   
0     00088c44  _scalbn                                   
0     00088c44  _scalbnf                                  
0     00088ca6  _cos                                      
0     00088ca6  _cosf                                     
0     00088d07  _tan                                      
0     00088d07  _tanf                                     
0     00088d68  _SPI_setConfig                            
0     00088dc4  _sin                                      
0     00088dc4  _sinf                                     
0     00088e1c  _floor                                    
0     00088e1c  _floorf                                   
0     00088e73  _c_int00                                  
0     00088ec9  _ceil                                     
0     00088ec9  _ceilf                                    
0     00088f1f  _Interrupt_initModule                     
0     00088f73  _GPIO_setPadConfig                        
0     00088fc5  _SysCtl_selectOscSource                   
0     00089012  _Interrupt_disable                        
0     0008905c  _SCI_clearInterruptStatus                 
0     000890a2  _SCI_disableInterrupt                     
0     000890e8  _SCI_writeCharArray                       
0     00089129  _GPIO_setPinConfig                        
0     00089166  _GPIO_setMasterCore                       
0     0008919e  _GPIO_setQualificationMode                
0     000891d6  _Interrupt_enable                         
0     00089209  _GPIO_setDirectionMode                    
0     0008923a  L$$DIV                                    
0     00089249  L$$MOD                                    
0     00089257  UL$$DIV                                   
0     0008925e  UL$$MOD                                   
0     00089264  C$$EXIT                                   
0     00089264  _abort                                    
0     00089266  _exit                                     
0     0008928e  _sqrt                                     
0     0008928e  _sqrtf                                    
0     000892b3  _copy_in                                  
0     000892f9  I$$DIV                                    
0     0008930a  I$$MOD                                    
0     0008931b  _Interrupt_initVectorTable                
0     0008935a  _memcpy                                   
0     000893c7  _SysCtl_getLowSpeedClock                  
0     00089413  __args_main                               
0     00089455  _CPUTimer_setEmulationMode                
0     00089468  _copysign                                 
0     00089468  _copysignf                                
0     000894c3  __register_unlock                         
0     000894c7  __register_lock                           
0     000894cb  __nop                                     
0     00090d4c  _fsupported                               
1     00000002  __cla_DCL_runDF13c_sp                     
1     00000002  __cla_DCL_runDF22c_sp                     
1     00000002  __cla_DCL_runDF23c_sp                     
1     00000002  __cla_DCL_runPIDc_sp                      
1     00000002  __cla_DCL_runPIc_sp                       
1     00000400  __stack                                   
1     00000500  __STACK_END                               
1     0000a800  __sys_memory                              
1     0000ac03  _eusartTxBufferRemaining_B                
1     0000ac04  _TXIE_B                                   
1     0000ae3f  _errno                                    
1     0000ae40  _ku16MBResponseTimeout                    
1     0000ae41  __u16ReadAddress                          
1     0000ae42  _u16TransmitBufferLength                  
1     0000ae43  __u8TransmitBufferIndex                   
1     0000ae44  __u16ReadQty                              
1     0000ae45  __u16WriteQty                             
1     0000ae46  __u8ResponseBufferLength                  
1     0000ae47  __u8ResponseBufferIndex                   
1     0000ae48  __u8MBSlave                               
1     0000ae49  __u16WriteAddress                         
1     0000ae4a  __idle                                    
1     0000ae4c  __preTransmission                         
1     0000ae4e  __postTransmission                        
1     0000ae50  _rxBuffer                                 
1     0000ae52  _txBuffer                                 
1     0000ae80  __u16ResponseBuffer                       
1     0000aec0  __u16TransmitBuffer                       
1     0000af00  _msg                                      
1     0000af06  _receivedChar                             
1     0000af40  _str                                      
1     0000afc0  _homing_workaround                        
1     0000afc1  _dip_switch                               
1     0000affa  _polling_time                             
1     0000affc  _crc                                      
1     0000affe  _timeout                                  
1     0000c000  _total_path_points                        
1     0000c040  _generated_path                           
1     0000cc43  _eusartTxBufferRemaining_C                
1     0000cc44  _TXIE_C                                   
1     0000ce80  _modbusRTU_Written                        
1     0000ce82  _addressed_slave                          
1     0000ce83  _DEBUGGING                                
1     0000ce84  _slave                                    
1     0000ce88  _T35                                      
1     0000cec0  _modbusRTU_written_register_flags         
1     0000cf43  _eusartTxBufferRemaining                  
1     0000cf44  _TXIE                                     
1     0000d000  _modbus_holding_regs                      
1     0000d802  _rk                                       
1     0000d804  _yk                                       
1     0000d806  _uk                                       
1     0000d808  _lk                                       
1     0000d80a  _pid1                                     
1     0000d822  _sampleTime                               
1     0000d823  _isFinished                               
1     0000d824  _compFactor                               
1     0000d825  _method                                   
1     0000d826  _oldVelocity                              
1     0000d828  _acceleration                             
1     0000d82a  _delta                                    
1     0000d82c  _lastTime                                 
1     0000d82e  _maxVelocity                              
1     0000d830  _maxAcceleration                          
1     0000d832  _oldPosition                              
1     0000d834  _velocity                                 
1     0000d836  _position                                 
1     0000d838  _cbuf                                     
1     0000d85e  ___TI_enable_exit_profile_output          
1     0000d860  ___TI_cleanup_ptr                         
1     0000d862  ___TI_dtors_ptr                           
1     0000d864  __lock                                    
1     0000d866  __unlock                                  
abs   00000004  _RamfuncsLoadSize                         
abs   00000004  _RamfuncsRunSize                          
abs   00000100  __STACK_SIZE                              
abs   00000400  __SYSMEM_SIZE                             
abs   ffffffff  .text                                     
abs   ffffffff  ___TI_pprof_out_hndl                      
abs   ffffffff  ___TI_prof_data_size                      
abs   ffffffff  ___TI_prof_data_start                     
abs   ffffffff  ___binit__                                
abs   ffffffff  ___c_args__                               
abs   ffffffff  ___etext__                                
abs   ffffffff  ___pinit__                                
abs   ffffffff  ___text__                                 
abs   ffffffff  binit                                     
abs   ffffffff  etext                                     
abs   ffffffff  pinit                                     

[463 symbols]
