******************************************************************************
             TMS320C2000 Linker PC v16.9.6                     
******************************************************************************
>> Linked Thu May 31 19:45:32 2018

OUTPUT FILE NAME:   <SmartWinchDualCore.out>
ENTRY POINT SYMBOL: "code_start"  address: 00080000


MEMORY CONFIGURATION

         name            origin    length      used     unused   attr    fill
----------------------  --------  ---------  --------  --------  ----  --------
PAGE 0:
  RAMM0                 00000122   000002de  00000206  000000d8  RWIX
  RAMLS0                00008000   00000800  00000004  000007fc  RWIX
  RAMLS1                00008800   00000800  00000000  00000800  RWIX
  RAMLS2                00009000   00000800  00000000  00000800  RWIX
  RAMLS3                00009800   00000800  00000000  00000800  RWIX
  RAMLS4                0000a000   00000800  00000000  00000800  RWIX
  RAMD0                 0000b000   00000800  00000000  00000800  RWIX
  RAMGS14               0001a000   00001000  00000000  00001000  RWIX
  RAMGS15               0001b000   00001000  00000000  00001000  RWIX
  BEGIN                 00080000   00000002  00000002  00000000  RWIX
  FLASHA                00080002   00001ffe  00000266  00001d98  RWIX
  FLASHB                00082000   00002000  00001ffe  00000002  RWIX
  FLASHC                00084000   00002000  00001fff  00000001  RWIX
  FLASHD                00086000   00002000  00002000  00000000  RWIX
  FLASHE                00088000   00008000  0000373e  000048c2  RWIX
  FLASHF                00090000   00008000  00000ef8  00007108  RWIX
  FLASHG                00098000   00008000  00000000  00008000  RWIX
  FLASHH                000a0000   00008000  00000000  00008000  RWIX
  FLASHI                000a8000   00008000  00000000  00008000  RWIX
  FLASHJ                000b0000   00008000  00000000  00008000  RWIX
  FLASHK                000b8000   00002000  00000000  00002000  RWIX
  FLASHL                000ba000   00002000  00000000  00002000  RWIX
  FLASHM                000bc000   00002000  00000000  00002000  RWIX
  FLASHN                000be000   00002000  00000000  00002000  RWIX
  RESET                 003fffc0   00000002  00000000  00000002  RWIX

PAGE 1:
  BOOT_RSVD             00000002   00000120  0000000a  00000116  RWIX
  RAMM1                 00000400   00000400  00000100  00000300  RWIX
  RAMLS5                0000a800   00000800  00000800  00000000  RWIX
  RAMD1                 0000b800   00000800  00000000  00000800  RWIX
  RAMGS0                0000c000   00001000  00000fef  00000011  RWIX
  RAMGS1                0000d000   00001000  00000b88  00000478  RWIX
  RAMGS2                0000e000   00001000  00000000  00001000  RWIX
  RAMGS3                0000f000   00001000  00000000  00001000  RWIX
  RAMGS4                00010000   00001000  00000000  00001000  RWIX
  RAMGS5                00011000   00001000  00000000  00001000  RWIX
  RAMGS6                00012000   00001000  00000000  00001000  RWIX
  RAMGS7                00013000   00001000  00000000  00001000  RWIX
  RAMGS8                00014000   00001000  00000000  00001000  RWIX
  RAMGS9                00015000   00001000  00000000  00001000  RWIX
  RAMGS10               00016000   00001000  00000000  00001000  RWIX
  RAMGS11               00017000   00001000  00000000  00001000  RWIX
  RAMGS12               00018000   00001000  00000000  00001000  RWIX
  RAMGS13               00019000   00001000  00000000  00001000  RWIX
  CPU2TOCPU1RAM         0003f800   00000400  00000000  00000400  RWIX
  CPU1TOCPU2RAM         0003fc00   00000400  00000000  00000400  RWIX


SECTION ALLOCATION MAP

 output                                  attributes/
section   page    origin      length       input sections
--------  ----  ----------  ----------   ----------------
codestart 
*          0    00080000    00000002     
                  00080000    00000002     F2837xD_CodeStartBranch.obj (codestart)

dclfuncs   0    00080002    00000266     
                  00080002    000000af     DCL_DF13.obj (dclfuncs)
                  000800b1    0000009d     DCL_DF23.obj (dclfuncs)
                  0008014e    00000079     DCL_DF22.obj (dclfuncs)
                  000801c7    00000067     DCL_PID.obj (dclfuncs)
                  0008022e    0000003a     DCL_PI.obj (dclfuncs)

.cinit     0    00082000    0000015e     
                  00082000    0000002e     interrupt_handlers.obj (.cinit)
                  0008202e    0000002a     rts2800_fpu32.lib : defs.obj (.cinit)
                  00082058    00000029                       : write.obj (.cinit)
                  00082081    0000001b     task_scheduler.obj (.cinit)
                  0008209c    00000018     buffered_serial.obj (.cinit)
                  000820b4    00000018     buffered_serial_B.obj (.cinit)
                  000820cc    00000018     buffered_serial_C.obj (.cinit)
                  000820e4    00000018     interwinch_comms.obj (.cinit)
                  000820fc    0000000e     autonomous_mode.obj (.cinit)
                  0008210a    0000000e     modbusRTU.obj (.cinit)
                  00082118    0000000e     rts2800_fpu32.lib : exit.obj (.cinit)
                  00082126    0000000a     main.obj (.cinit)
                  00082130    00000009     RoboClaw.obj (.cinit)
                  00082139    00000005     rts2800_fpu32.lib : _lock.obj (.cinit:__lock)
                  0008213e    00000005                       : _lock.obj (.cinit:__unlock)
                  00082143    00000005     safety_routines.obj (.cinit)
                  00082148    00000004     ModbusMaster.obj (.cinit)
                  0008214c    00000004     rts2800_fpu32.lib : errno.obj (.cinit)
                  00082150    00000004                       : fopen.obj (.cinit)
                  00082154    00000004                       : memory.obj (.cinit)
                  00082158    00000004                       : open.obj (.cinit)
                  0008215c    00000002     --HOLE-- [fill = 0]

.pinit     0    00082000    00000000     UNINITIALIZED

.TI.ramfunc 
*          0    00086000    00000004     RUN ADDR = 00008000
                  00086000    00000004     driverlib.lib : sysctl.obj (.TI.ramfunc)

.stack     1    00000400    00000100     UNINITIALIZED
                  00000400    00000100     --HOLE--

.esysmem   1    0000a800    00000400     UNINITIALIZED
                  0000a800    00000001     rts2800_fpu32.lib : memory.obj (.esysmem)
                  0000a801    000003ff     --HOLE--

.cio       1    0000ac00    00000120     UNINITIALIZED
                  0000ac00    00000120     rts2800_fpu32.lib : trgmsg.obj (.cio)

.reset     0    003fffc0    00000002     DSECT
                  003fffc0    00000002     rts2800_fpu32.lib : boot28.obj (.reset)

GETBUFFER 
*          0    0003f800    00000000     DSECT

GETWRITEIDX 
*          0    0003f800    00000000     DSECT

PUTREADIDX 
*          0    0003f800    00000000     DSECT

Cla1Prog   0    00000122    00000206     
                  00000122    000000b4     DCL_DF13_CLA.obj (Cla1Prog:_DCL_runDF13c)
                  000001d6    0000008c     DCL_DF23_CLA.obj (Cla1Prog:_DCL_runDF23c)
                  00000262    0000005a     DCL_DF22_CLA.obj (Cla1Prog:_DCL_runDF22c)
                  000002bc    00000044     DCL_PID_CLA.obj (Cla1Prog:_DCL_runPIDc)
                  00000300    00000028     DCL_PI_CLA.obj (Cla1Prog:_DCL_runPIc)

.text.1    0    00082160    00001ea0     
                  00082160    00001a8f     kinematics.obj (.text)
                  00083bef    00000380     rts2800_fpu32.lib : e_powf.obj (.text)
                  00083f6f    0000008b                       : fd_div28.obj (.text)
                  00083ffa    00000005                       : strcpy.obj (.text)
                  00083fff    00000001                       : startup.obj (.text)

.text.2    0    00084000    00001fff     
                  00084000    00000ec1     device_init.obj (.text)
                  00084ec1    00000ea2     RoboClaw.obj (.text)
                  00085d63    00000258     FM25W256.obj (.text)
                  00085fbb    00000044     driverlib.lib : sci.obj (.text:_SCI_enableInterrupt)

.text.3    0    00086004    00001ffc     
                  00086004    00000c16     rts2800_fpu32.lib : _printfi.obj (.text)
                  00086c1a    00000721     task_scheduler.obj (.text)
                  0008733b    000005ed     ModbusMaster.obj (.text)
                  00087928    000004a6     autonomous_mode.obj (.text)
                  00087dce    00000221     driverlib.lib : sysctl.obj (.text:_SysCtl_setClock)
                  00087fef    00000011     rts2800_fpu32.lib : s_copysignf.obj (.text)

.text.4    0    00088000    0000373e     
                  00088000    0000034e     modbusRTU.obj (.text)
                  0008834e    00000322     intermediate_waypoints.obj (.text)
                  00088670    000002bf     MotionProfile.obj (.text)
                  0008892f    000001d8     device.obj (.text)
                  00088b07    000001d6     interrupt_handlers.obj (.text)
                  00088cdd    000001d2     rts2800_fpu32.lib : memory.obj (.text)
                  00088eaf    000001a6     interrupt_handlers.obj (.text:retain)
                  00089055    00000193     main.obj (.text)
                  000891e8    00000177     rts2800_fpu32.lib : s_log1pf.obj (.text)
                  0008935f    00000164                       : s_expm1f.obj (.text)
                  000894c3    0000012e     safety_routines.obj (.text)
                  000895f1    0000012b     rts2800_fpu32.lib : e_logf.obj (.text)
                  0008971c    0000011c     buffered_serial_B.obj (.text)
                  00089838    0000011a     buffered_serial.obj (.text)
                  00089952    00000115     buffered_serial_C.obj (.text)
                  00089a67    00000110     interwinch_comms.obj (.text)
                  00089b77    00000110     rts2800_fpu32.lib : e_expf.obj (.text)
                  00089c87    00000107                       : ll_div28.obj (.text)
                  00089d8e    000000f9                       : fopen.obj (.text)
                  00089e87    000000cb                       : s_atanf.obj (.text)
                  00089f52    000000bd                       : k_expf.obj (.text)
                  0008a00f    000000bc                       : s_scalbn.obj (.text)
                  0008a0cb    000000b0                       : fputs.obj (.text)
                  0008a17b    000000aa     motor_driver.obj (.text)
                  0008a225    0000009c     rts2800_fpu32.lib : fd_add28.obj (.text)
                  0008a2c1    0000009a     driverlib.lib : adc.obj (.text:_ADC_setMode)
                  0008a35b    00000001     --HOLE-- [fill = 0]
                  0008a35c    00000094     rts2800_fpu32.lib : trgmsg.obj (.text)
                  0008a3f0    00000089                       : setvbuf.obj (.text)
                  0008a479    00000088                       : fs_div28.obj (.text)
                  0008a501    00000085     driverlib.lib : interrupt.obj (.text:_Interrupt_clearIFR)
                  0008a586    00000083     rts2800_fpu32.lib : fd_mpy28.obj (.text)
                  0008a609    00000082                       : e_sinhf.obj (.text)
                  0008a68b    00000074                       : s_asinhf.obj (.text)
                  0008a6ff    00000073                       : fflush.obj (.text)
                  0008a772    00000071                       : open.obj (.text)
                  0008a7e3    0000006e     driverlib.lib : sysctl.obj (.text:_SysCtl_getClock)
                  0008a851    00000067     rts2800_fpu32.lib : _io_perm.obj (.text)
                  0008a8b8    00000062                       : s_scalbnf.obj (.text)
                  0008a91a    00000061                       : hostlseek.obj (.text)
                  0008a97b    00000061                       : s_cosf.obj (.text)
                  0008a9dc    00000061                       : s_tanf.obj (.text)
                  0008aa3d    0000005f                       : fclose.obj (.text)
                  0008aa9c    0000005c     driverlib.lib : spi.obj (.text:_SPI_setConfig)
                  0008aaf8    0000005a     rts2800_fpu32.lib : s_frexp.obj (.text)
                  0008ab52    00000058                       : s_sinf.obj (.text)
                  0008abaa    00000057                       : s_floorf.obj (.text)
                  0008ac01    00000056                       : boot28.obj (.text)
                  0008ac57    00000056                       : s_ceilf.obj (.text)
                  0008acad    00000054     driverlib.lib : interrupt.obj (.text:_Interrupt_initModule)
                  0008ad01    00000053     rts2800_fpu32.lib : fputc.obj (.text)
                  0008ad54    00000052     driverlib.lib : gpio.obj (.text:_GPIO_setPadConfig)
                  0008ada6    0000004e     rts2800_fpu32.lib : getdevice.obj (.text)
                  0008adf4    0000004d     driverlib.lib : sysctl.obj (.text:_SysCtl_selectOscSource)
                  0008ae41    0000004a                   : interrupt.obj (.text:_Interrupt_disable)
                  0008ae8b    00000046                   : sci.obj (.text:_SCI_clearInterruptStatus)
                  0008aed1    00000046                   : sci.obj (.text:_SCI_disableInterrupt)
                  0008af17    00000041                   : sci.obj (.text:_SCI_writeCharArray)
                  0008af58    00000040                   : sci.obj (.text:_SCI_setConfig)
                  0008af98    00000040     rts2800_fpu32.lib : hostopen.obj (.text)
                  0008afd8    0000003f                       : hostread.obj (.text)
                  0008b017    0000003e                       : hostrename.obj (.text)
                  0008b055    0000003d     driverlib.lib : gpio.obj (.text:_GPIO_setPinConfig)
                  0008b092    0000003d     rts2800_fpu32.lib : fseek.obj (.text)
                  0008b0cf    00000038     driverlib.lib : gpio.obj (.text:_GPIO_setMasterCore)
                  0008b107    00000038                   : gpio.obj (.text:_GPIO_setQualificationMode)
                  0008b13f    00000038     rts2800_fpu32.lib : hostwrite.obj (.text)
                  0008b177    00000034                       : printf.obj (.text)
                  0008b1ab    00000033     driverlib.lib : interrupt.obj (.text:_Interrupt_enable)
                  0008b1de    00000033     rts2800_fpu32.lib : close.obj (.text)
                  0008b211    00000031     driverlib.lib : gpio.obj (.text:_GPIO_setDirectionMode)
                  0008b242    00000031     rts2800_fpu32.lib : atoi.obj (.text)
                  0008b273    0000002e                       : ltoa.obj (.text)
                  0008b2a1    0000002a                       : fd_cmp28.obj (.text)
                  0008b2cb    0000002a                       : l_div28.obj (.text)
                  0008b2f5    00000029                       : exit.obj (.text)
                  0008b31e    00000029                       : hostclose.obj (.text)
                  0008b347    00000001     --HOLE-- [fill = 0]
                  0008b348    00000025                       : e_sqrtf.obj (.text)
                  0008b36d    00000024                       : cpy_tbl.obj (.text)
                  0008b391    00000024                       : hostunlink.obj (.text)
                  0008b3b5    00000024                       : s_copysign.obj (.text)
                  0008b3d9    00000022     driverlib.lib : sci.obj (.text:_SCI_isFIFOEnabled)
                  0008b3fb    00000022     rts2800_fpu32.lib : i_div28.obj (.text)
                  0008b41d    00000021                       : fd_toi28.obj (.text)
                  0008b43e    00000020     driverlib.lib : interrupt.obj (.text:_Interrupt_initVectorTable)
                  0008b45e    0000001f                   : sci.obj (.text:_SCI_isBaseValid)
                  0008b47d    0000001f     rts2800_fpu32.lib : fd_tol28.obj (.text)
                  0008b49c    0000001e                       : ll_cmp28.obj (.text)
                  0008b4ba    0000001e                       : memcpy.obj (.text)
                  0008b4d8    0000001e                       : strncpy.obj (.text)
                  0008b4f6    0000001d                       : i_tofd28.obj (.text)
                  0008b513    0000001c                       : fs_tofdfpu32.obj (.text)
                  0008b52f    0000001c                       : l_tofd28.obj (.text)
                  0008b54b    0000001b     driverlib.lib : sci.obj (.text:_SCI_isSpaceAvailableNonFIFO)
                  0008b566    0000001a                   : cputimer.obj (.text:_CPUTimer_isBaseValid)
                  0008b580    0000001a                   : spi.obj (.text:_SPI_isBaseValid)
                  0008b59a    0000001a                   : sysctl.obj (.text:_SysCtl_getLowSpeedClock)
                  0008b5b4    00000019                   : sci.obj (.text:_SCI_disableModule)
                  0008b5cd    00000019                   : sci.obj (.text:_SCI_performSoftwareReset)
                  0008b5e6    00000019     rts2800_fpu32.lib : args_main.obj (.text)
                  0008b5ff    00000019                       : unlink.obj (.text)
                  0008b618    00000018                       : ll_aox28.obj (.text)
                  0008b630    00000018                       : lseek.obj (.text)
                  0008b648    00000015     driverlib.lib : sci.obj (.text:_SCI_getTxFIFOStatus)
                  0008b65d    00000014                   : sci.obj (.text:_SCI_enableModule)
                  0008b671    00000013                   : cputimer.obj (.text:_CPUTimer_setEmulationMode)
                  0008b684    00000010     rts2800_fpu32.lib : memchr.obj (.text)
                  0008b694    0000000e     driverlib.lib : gpio.obj (.text:_GPIO_isPinValid)
                  0008b6a2    0000000e                   : interrupt.obj (.text:_Interrupt_defaultHandler)
                  0008b6b0    0000000e     rts2800_fpu32.lib : fd_sub28.obj (.text)
                  0008b6be    0000000d     driverlib.lib : interrupt.obj (.text:_Interrupt_disableMaster)
                  0008b6cb    0000000d                   : interrupt.obj (.text:_Interrupt_enableMaster)
                  0008b6d8    0000000d     rts2800_fpu32.lib : memccpy.obj (.text)
                  0008b6e5    0000000c                       : memset.obj (.text)
                  0008b6f1    0000000c                       : strchr.obj (.text)
                  0008b6fd    0000000b     driverlib.lib : sysctl.obj (.text:_SysCtl_isMCDClockFailureDetected)
                  0008b708    0000000a     rts2800_fpu32.lib : strcmp.obj (.text)
                  0008b712    00000009     driverlib.lib : sysctl.obj (.text:_SysCtl_serviceWatchdog)
                  0008b71b    00000009     rts2800_fpu32.lib : _lock.obj (.text)
                  0008b724    00000009                       : fd_neg28.obj (.text)
                  0008b72d    00000008                       : strlen.obj (.text)
                  0008b735    00000003                       : remove.obj (.text)
                  0008b738    00000002     driverlib.lib : interrupt.obj (.text:_Interrupt_illegalOperationHandler)
                  0008b73a    00000002                   : interrupt.obj (.text:_Interrupt_nmiHandler)
                  0008b73c    00000002     rts2800_fpu32.lib : pre_init.obj (.text)

.econst    0    00090000    00000ef8     
                  00090000    00000225     device_init.obj (.econst:.string)
                  00090225    00000001     MotionProfile.obj (.econst)
                  00090226    00000113     task_scheduler.obj (.econst:.string)
                  00090339    00000001     --HOLE-- [fill = 0]
                  0009033a    0000010f     interrupt_handlers.obj (.econst:.string)
                  00090449    00000101     rts2800_fpu32.lib : ctype.obj (.econst:.string:__ctypes_)
                  0009054a    000000c8     driverlib.lib : gpio.obj (.econst:.string)
                  00090612    000000c7                   : sci.obj (.econst:.string)
                  000906d9    00000001     --HOLE-- [fill = 0]
                  000906da    000000bf     main.obj (.econst:.string)
                  00090799    00000001     --HOLE-- [fill = 0]
                  0009079a    0000008c     RoboClaw.obj (.econst:.string)
                  00090826    0000008c     safety_routines.obj (.econst:.string)
                  000908b2    00000069     driverlib.lib : interrupt.obj (.econst:.string)
                  0009091b    00000001     --HOLE-- [fill = 0]
                  0009091c    00000068                   : cputimer.obj (.econst:.string)
                  00090984    00000066                   : sysctl.obj (.econst:.string)
                  000909ea    00000063                   : adc.obj (.econst:.string)
                  00090a4d    00000001     --HOLE-- [fill = 0]
                  00090a4e    00000063                   : spi.obj (.econst:.string)
                  00090ab1    00000001     --HOLE-- [fill = 0]
                  00090ab2    00000048     ModbusMaster.obj (.econst:.string)
                  00090afa    00000048     MotionProfile.obj (.econst:.string)
                  00090b42    00000048     autonomous_mode.obj (.econst:.string)
                  00090b8a    00000048     interwinch_comms.obj (.econst:.string)
                  00090bd2    00000048     modbusRTU.obj (.econst:.string)
                  00090c1a    00000045     motor_driver.obj (.econst:.string)
                  00090c5f    00000001     --HOLE-- [fill = 0]
                  00090c60    00000043     FM25W256.obj (.econst:.string)
                  00090ca3    00000001     --HOLE-- [fill = 0]
                  00090ca4    00000043     buffered_serial.obj (.econst:.string)
                  00090ce7    00000001     --HOLE-- [fill = 0]
                  00090ce8    00000043     buffered_serial_B.obj (.econst:.string)
                  00090d2b    00000001     --HOLE-- [fill = 0]
                  00090d2c    00000043     buffered_serial_C.obj (.econst:.string)
                  00090d6f    00000001     --HOLE-- [fill = 0]
                  00090d70    00000035     kinematics.obj (.econst:.string)
                  00090da5    00000001     --HOLE-- [fill = 0]
                  00090da6    00000032     rts2800_fpu32.lib : e_powf.obj (.econst)
                  00090dd8    00000026                       : _printfi.obj (.econst:.string)
                  00090dfe    0000001c                       : _printfi.obj (.econst)
                  00090e1a    0000001c                       : s_scalbn.obj (.econst)
                  00090e36    00000016                       : s_log1pf.obj (.econst)
                  00090e4c    00000013     device.obj (.econst:.string)
                  00090e5f    00000001     --HOLE-- [fill = 0]
                  00090e60    00000010     rts2800_fpu32.lib : e_expf.obj (.econst)
                  00090e70    00000010                       : e_logf.obj (.econst)
                  00090e80    00000010                       : s_expm1f.obj (.econst)
                  00090e90    0000000a                       : s_atanf.obj (.econst:_aT)
                  00090e9a    00000008                       : s_atanf.obj (.econst:_atanhi)
                  00090ea2    00000008                       : s_atanf.obj (.econst:_atanlo)
                  00090eaa    00000008                       : s_frexp.obj (.econst)
                  00090eb2    00000006     ModbusMaster.obj (.econst)
                  00090eb8    00000006     rts2800_fpu32.lib : s_asinhf.obj (.econst)
                  00090ebe    00000006                       : s_scalbnf.obj (.econst)
                  00090ec4    00000005     kinematics.obj (.econst:_$P$T2$1)
                  00090ec9    00000001     --HOLE-- [fill = 0]
                  00090eca    00000004     rts2800_fpu32.lib : e_powf.obj (.econst:_bp)
                  00090ece    00000004                       : e_powf.obj (.econst:_dp_h)
                  00090ed2    00000004                       : e_powf.obj (.econst:_dp_l)
                  00090ed6    00000004                       : e_expf.obj (.econst:_halF)
                  00090eda    00000004                       : e_expf.obj (.econst:_ln2HI)
                  00090ede    00000004                       : e_expf.obj (.econst:_ln2LO)
                  00090ee2    00000004                       : e_sinhf.obj (.econst)
                  00090ee6    00000004                       : k_expf.obj (.econst)
                  00090eea    00000004                       : s_atanf.obj (.econst)
                  00090eee    00000003     modbusRTU.obj (.econst:.string:_fsupported)
                  00090ef1    00000001     --HOLE-- [fill = 0]
                  00090ef2    00000002     rts2800_fpu32.lib : fputs.obj (.econst:.string)
                  00090ef4    00000002                       : s_ceilf.obj (.econst)
                  00090ef6    00000002                       : s_floorf.obj (.econst)

.scratchpad 
*          1    00000002    0000000a     UNINITIALIZED
                  00000002    00000006     DCL_DF13_CLA.obj (.scratchpad:Cla1Prog:_DCL_runDF13c)
                  00000002    00000002     DCL_DF22_CLA.obj (.scratchpad:Cla1Prog:_DCL_runDF22c)
                  00000002    00000002     DCL_DF23_CLA.obj (.scratchpad:Cla1Prog:_DCL_runDF23c)
                  00000002    0000000a     DCL_PID_CLA.obj (.scratchpad:Cla1Prog:_DCL_runPIDc)
                  00000002    00000005     DCL_PI_CLA.obj (.scratchpad:Cla1Prog:_DCL_runPIc)

.ebss.1    1    0000ad20    000002e0     UNINITIALIZED
                  0000ad20    00000016     MotionProfile.obj (.ebss)
                  0000ad36    0000000a     interwinch_comms.obj (.ebss)
                  0000ad40    0000023f     buffered_serial_B.obj (.ebss)
                  0000af7f    00000001     rts2800_fpu32.lib : errno.obj (.ebss)
                  0000af80    0000002e     task_scheduler.obj (.ebss)
                  0000afae    00000008     motion_buffer.obj (.ebss)
                  0000afb6    00000008     rts2800_fpu32.lib : hostopen.obj (.ebss)
                  0000afbe    00000002                       : _lock.obj (.ebss:__lock)
                  0000afc0    00000022     interrupt_handlers.obj (.ebss)
                  0000afe2    00000016     autonomous_mode.obj (.ebss)
                  0000aff8    00000008     rts2800_fpu32.lib : memory.obj (.ebss)

.ebss.2    1    0000c000    00000fef     UNINITIALIZED
                  0000c000    00000c40     kinematics.obj (.ebss)
                  0000cc40    0000023f     buffered_serial_C.obj (.ebss)
                  0000ce7f    00000001     rts2800_fpu32.lib : fopen.obj (.ebss)
                  0000ce80    00000160                       : defs.obj (.ebss)
                  0000cfe0    00000006                       : exit.obj (.ebss)
                  0000cfe6    00000004     RoboClaw.obj (.ebss)
                  0000cfea    00000002     rts2800_fpu32.lib : _lock.obj (.ebss:__unlock)
                  0000cfec    00000002     safety_routines.obj (.ebss)
                  0000cfee    00000001     rts2800_fpu32.lib : open.obj (.ebss)

.ebss.3    1    0000d000    00000b88     UNINITIALIZED
                  0000d000    00000800     modbus_regs.obj (.ebss)
                  0000d800    000000c0     ModbusMaster.obj (.ebss)
                  0000d8c0    000000c0     main.obj (.ebss)
                  0000d980    000000c0     modbusRTU.obj (.ebss)
                  0000da40    000000bf     buffered_serial.obj (.ebss)
                  0000daff    00000001     --HOLE--
                  0000db00    00000088     rts2800_fpu32.lib : write.obj (.ebss)

MODULE SUMMARY

       Module                        code    initialized data   uninitialized data
       ------                        ----    ----------------   ------------------
    .\
       kinematics.obj                6799    58                 3136              
       device_init.obj               3777    549                0                 
       RoboClaw.obj                  3746    149                4                 
       task_scheduler.obj            1825    302                46                
       modbus_regs.obj               0       0                  2048              
       ModbusMaster.obj              1517    82                 192               
       autonomous_mode.obj           1190    86                 22                
       interrupt_handlers.obj        892     317                34                
       modbusRTU.obj                 846     89                 192               
       buffered_serial_B.obj         284     91                 575               
       buffered_serial_C.obj         277     91                 575               
       intermediate_waypoints.obj    802     0                  0                 
       MotionProfile.obj             703     73                 22                
       main.obj                      403     201                192               
       FM25W256.obj                  600     67                 0                 
       buffered_serial.obj           282     91                 191               
       safety_routines.obj           302     145                2                 
       interwinch_comms.obj          272     96                 10                
       motor_driver.obj              170     69                 0                 
       motion_buffer.obj             0       0                  8                 
    +--+-----------------------------+-------+------------------+--------------------+
       Total:                        24687   2556               7249              
                                                                                  
    .\DCL\source\
       DCL_DF13_CLA.obj              180     0                  6                 
       DCL_DF13.obj                  175     0                  0                 
       DCL_DF23.obj                  157     0                  0                 
       DCL_DF23_CLA.obj              140     0                  2                 
       DCL_DF22.obj                  121     0                  0                 
       DCL_PID.obj                   103     0                  0                 
       DCL_DF22_CLA.obj              90      0                  2                 
       DCL_PID_CLA.obj               68      0                  10                
       DCL_PI.obj                    58      0                  0                 
       DCL_PI_CLA.obj                40      0                  5                 
    +--+-----------------------------+-------+------------------+--------------------+
       Total:                        1132    0                  25                
                                                                                  
    .\device\
       device.obj                    472     19                 0                 
       F2837xD_CodeStartBranch.obj   2       0                  0                 
    +--+-----------------------------+-------+------------------+--------------------+
       Total:                        474     19                 0                 
                                                                                  
    ../driverlib.lib
       sysctl.obj                    786     102                0                 
       sci.obj                       520     199                0                 
       interrupt.obj                 418     105                0                 
       gpio.obj                      318     200                0                 
       adc.obj                       154     99                 0                 
       spi.obj                       118     99                 0                 
       cputimer.obj                  45      104                0                 
    +--+-----------------------------+-------+------------------+--------------------+
       Total:                        2359    908                0                 
                                                                                  
    C:\Z\Games\ti\ccsv7\tools\compiler\ti-cgt-c2000_16.9.6.LTS\lib\rts2800_fpu32.lib
       _printfi.obj                  3094    66                 0                 
       e_powf.obj                    896     62                 0                 
       memory.obj                    466     4                  8                 
       trgmsg.obj                    148     0                  288               
       s_log1pf.obj                  375     22                 0                 
       defs.obj                      0       42                 352               
       s_expm1f.obj                  356     16                 0                 
       e_logf.obj                    299     16                 0                 
       e_expf.obj                    272     28                 0                 
       ll_div28.obj                  263     0                  0                 
       ctype.obj                     0       257                0                 
       fopen.obj                     249     4                  1                 
       s_atanf.obj                   203     30                 0                 
       s_scalbn.obj                  188     28                 0                 
       k_expf.obj                    189     4                  0                 
       fputs.obj                     176     2                  0                 
       write.obj                     0       41                 136               
       fd_add28.obj                  156     0                  0                 
       fd_div28.obj                  139     0                  0                 
       setvbuf.obj                   137     0                  0                 
       fs_div28.obj                  136     0                  0                 
       e_sinhf.obj                   130     4                  0                 
       fd_mpy28.obj                  131     0                  0                 
       s_asinhf.obj                  116     6                  0                 
       open.obj                      113     4                  1                 
       fflush.obj                    115     0                  0                 
       s_scalbnf.obj                 98      6                  0                 
       _io_perm.obj                  103     0                  0                 
       s_frexp.obj                   90      8                  0                 
       hostlseek.obj                 97      0                  0                 
       s_cosf.obj                    97      0                  0                 
       s_tanf.obj                    97      0                  0                 
       fclose.obj                    95      0                  0                 
       s_floorf.obj                  87      2                  0                 
       s_ceilf.obj                   86      2                  0                 
       s_sinf.obj                    88      0                  0                 
       boot28.obj                    86      0                  0                 
       fputc.obj                     83      0                  0                 
       getdevice.obj                 78      0                  0                 
       hostopen.obj                  64      0                  8                 
       hostread.obj                  63      0                  0                 
       hostrename.obj                62      0                  0                 
       exit.obj                      41      14                 6                 
       fseek.obj                     61      0                  0                 
       hostwrite.obj                 56      0                  0                 
       printf.obj                    52      0                  0                 
       close.obj                     51      0                  0                 
       atoi.obj                      49      0                  0                 
       ltoa.obj                      46      0                  0                 
       fd_cmp28.obj                  42      0                  0                 
       l_div28.obj                   42      0                  0                 
       hostclose.obj                 41      0                  0                 
       e_sqrtf.obj                   37      0                  0                 
       cpy_tbl.obj                   36      0                  0                 
       hostunlink.obj                36      0                  0                 
       s_copysign.obj                36      0                  0                 
       i_div28.obj                   34      0                  0                 
       fd_toi28.obj                  33      0                  0                 
       fd_tol28.obj                  31      0                  0                 
       ll_cmp28.obj                  30      0                  0                 
       memcpy.obj                    30      0                  0                 
       strncpy.obj                   30      0                  0                 
       i_tofd28.obj                  29      0                  0                 
       fs_tofdfpu32.obj              28      0                  0                 
       l_tofd28.obj                  28      0                  0                 
       args_main.obj                 25      0                  0                 
       unlink.obj                    25      0                  0                 
       ll_aox28.obj                  24      0                  0                 
       lseek.obj                     24      0                  0                 
       _lock.obj                     9       10                 4                 
       s_copysignf.obj               17      0                  0                 
       memchr.obj                    16      0                  0                 
       fd_sub28.obj                  14      0                  0                 
       memccpy.obj                   13      0                  0                 
       memset.obj                    12      0                  0                 
       strchr.obj                    12      0                  0                 
       strcmp.obj                    10      0                  0                 
       fd_neg28.obj                  9       0                  0                 
       strlen.obj                    8       0                  0                 
       errno.obj                     0       4                  1                 
       strcpy.obj                    5       0                  0                 
       remove.obj                    3       0                  0                 
       pre_init.obj                  2       0                  0                 
       startup.obj                   1       0                  0                 
    +--+-----------------------------+-------+------------------+--------------------+
       Total:                        10849   682                805               
                                                                                  
       Heap:                         0       0                  1024              
       Stack:                        0       0                  256               
    +--+-----------------------------+-------+------------------+--------------------+
       Grand Total:                  39501   4165               9359              


GLOBAL DATA SYMBOLS: SORTED BY DATA PAGE

address     data page           name
--------    ----------------    ----
00000002       0 (00000000)     __cla_DCL_runDF13c_sp
00000002       0 (00000000)     __cla_DCL_runDF22c_sp
00000002       0 (00000000)     __cla_DCL_runDF23c_sp
00000002       0 (00000000)     __cla_DCL_runPIDc_sp
00000002       0 (00000000)     __cla_DCL_runPIc_sp

00000400      10 (00000400)     __stack

0000a800     2a0 (0000a800)     __sys_memory

0000ac00     2b0 (0000ac00)     __CIOBUF_

0000ad20     2b4 (0000ad00)     _sampleTime
0000ad21     2b4 (0000ad00)     _isFinished
0000ad22     2b4 (0000ad00)     _compFactor
0000ad23     2b4 (0000ad00)     _method
0000ad24     2b4 (0000ad00)     _oldVelocity
0000ad26     2b4 (0000ad00)     _acceleration
0000ad28     2b4 (0000ad00)     _delta
0000ad2a     2b4 (0000ad00)     _lastTime
0000ad2c     2b4 (0000ad00)     _maxVelocity
0000ad2e     2b4 (0000ad00)     _maxAcceleration
0000ad30     2b4 (0000ad00)     _oldPosition
0000ad32     2b4 (0000ad00)     _velocity
0000ad34     2b4 (0000ad00)     _position
0000ad3e     2b4 (0000ad00)     _polling_time

0000ad43     2b5 (0000ad40)     _eusartTxBufferRemaining_B
0000ad44     2b5 (0000ad40)     _TXIE_B

0000af7f     2bd (0000af40)     _errno

0000af80     2be (0000af80)     _dip_switch
0000af82     2be (0000af80)     _homing_workaround
0000afae     2be (0000af80)     _cbuf
0000afb6     2be (0000af80)     _parmbuf
0000afbe     2be (0000af80)     __lock

0000afc2     2bf (0000afc0)     _rk
0000afc4     2bf (0000afc0)     _yk
0000afc6     2bf (0000afc0)     _uk
0000afc8     2bf (0000afc0)     _lk
0000afca     2bf (0000afc0)     _pid1

0000c000     300 (0000c000)     _total_path_points

0000c040     301 (0000c040)     _generated_path

0000cc43     331 (0000cc40)     _eusartTxBufferRemaining_C
0000cc44     331 (0000cc40)     _TXIE_C

0000ce80     33a (0000ce80)     ___TI_ft_end

0000cec0     33b (0000cec0)     __ftable

0000cf40     33d (0000cf40)     ___TI_tmpnams

0000cfe0     33f (0000cfc0)     ___TI_enable_exit_profile_output
0000cfe2     33f (0000cfc0)     ___TI_cleanup_ptr
0000cfe4     33f (0000cfc0)     ___TI_dtors_ptr
0000cfe6     33f (0000cfc0)     _crc
0000cfe8     33f (0000cfc0)     _timeout
0000cfea     33f (0000cfc0)     __unlock

0000d000     340 (0000d000)     _modbus_holding_regs

0000d800     360 (0000d800)     _ku16MBResponseTimeout
0000d801     360 (0000d800)     __u16ReadAddress
0000d802     360 (0000d800)     _u16TransmitBufferLength
0000d803     360 (0000d800)     __u8TransmitBufferIndex
0000d804     360 (0000d800)     __u16ReadQty
0000d805     360 (0000d800)     __u16WriteQty
0000d806     360 (0000d800)     __u8ResponseBufferLength
0000d807     360 (0000d800)     __u8ResponseBufferIndex
0000d808     360 (0000d800)     __u8MBSlave
0000d809     360 (0000d800)     __u16WriteAddress
0000d80a     360 (0000d800)     __idle
0000d80c     360 (0000d800)     __preTransmission
0000d80e     360 (0000d800)     __postTransmission
0000d810     360 (0000d800)     _rxBuffer
0000d812     360 (0000d800)     _txBuffer

0000d840     361 (0000d840)     __u16ResponseBuffer

0000d880     362 (0000d880)     __u16TransmitBuffer

0000d8c0     363 (0000d8c0)     _msg
0000d8c6     363 (0000d8c0)     _receivedChar

0000d900     364 (0000d900)     _str

0000d980     366 (0000d980)     _modbusRTU_Written
0000d982     366 (0000d980)     _addressed_slave
0000d983     366 (0000d980)     _DEBUGGING
0000d984     366 (0000d980)     _slave
0000d988     366 (0000d980)     _T35

0000d9c0     367 (0000d9c0)     _modbusRTU_written_register_flags

0000da43     369 (0000da40)     _eusartTxBufferRemaining
0000da44     369 (0000da40)     _TXIE

0000db00     36c (0000db00)     __stream

0000db40     36d (0000db40)     __device

00090449    2411 (00090440)     __ctypes_

00090eee    243b (00090ec0)     _fsupported


GLOBAL SYMBOLS: SORTED ALPHABETICALLY BY Name 

page  address   name                                      
----  -------   ----                                      
abs   ffffffff  .text                                     
0     0008b2f5  C$$EXIT                                   
0     0008a3af  C$$IO$$                                   
0     0008a225  FD$$ADD                                   
0     0008b2a1  FD$$CMP                                   
0     00083f6f  FD$$DIV                                   
0     0008a586  FD$$MPY                                   
0     0008b724  FD$$NEG                                   
0     0008b6b0  FD$$SUB                                   
0     0008b41d  FD$$TOI                                   
0     0008b47d  FD$$TOL                                   
0     0008a479  FS$$DIV                                   
0     0008b513  FS$$TOFD                                  
0     0008b3fb  I$$DIV                                    
0     0008b40c  I$$MOD                                    
0     0008b4f6  I$$TOFD                                   
0     0008b2cb  L$$DIV                                    
0     0008b2da  L$$MOD                                    
0     0008b52f  L$$TOFD                                   
0     0008b618  LL$$AND                                   
0     0008b49c  LL$$CMP                                   
0     00089c87  LL$$DIV                                   
0     00089cc3  LL$$MOD                                   
0     0008b620  LL$$OR                                    
0     0008b628  LL$$XOR                                   
0     0008b2e8  UL$$DIV                                   
0     0008b2ef  UL$$MOD                                   
0     0008b4ae  ULL$$CMP                                  
0     00089cfd  ULL$$DIV                                  
0     00089d2c  ULL$$MOD                                  
0     0008a2c1  _ADC_setMode                              
0     0008b671  _CPUTimer_setEmulationMode                
0     00080002  _DCL_runDF13                              
0     00000122  _DCL_runDF13c                             
0     00080050  _DCL_runDF13i                             
0     00000174  _DCL_runDF13ic                            
0     0008005d  _DCL_runDF13p                             
0     00000184  _DCL_runDF13pc                            
0     0008014e  _DCL_runDF22                              
0     00000262  _DCL_runDF22c                             
0     00080189  _DCL_runDF22i                             
0     00000288  _DCL_runDF22ic                            
0     00080198  _DCL_runDF22p                             
0     00000292  _DCL_runDF22pc                            
0     000800b1  _DCL_runDF23                              
0     000001d6  _DCL_runDF23c                             
0     000800fd  _DCL_runDF23i                             
0     00000212  _DCL_runDF23ic                            
0     0008010c  _DCL_runDF23p                             
0     00000222  _DCL_runDF23pc                            
0     0008022e  _DCL_runPI                                
0     000801c7  _DCL_runPID                               
0     000002bc  _DCL_runPIDc                              
0     00000300  _DCL_runPIc                               
1     0000d983  _DEBUGGING                                
0     000889a0  _Device_enableAllPeripherals              
0     00088aea  _Device_enableUnbondedGPIOPullups         
0     00088ac7  _Device_enableUnbondedGPIOPullupsFor100Pin
0     00088ab0  _Device_enableUnbondedGPIOPullupsFor176Pin
0     00088971  _Device_init                              
0     00088a8f  _Device_initGPIO                          
0     00085fb7  _FM25W256_clear_write_protect             
0     00085eb6  _FM25W256_read                            
0     00085f02  _FM25W256_read_multiple                   
0     00085f8f  _FM25W256_read_status                     
0     00085fae  _FM25W256_set_write_protect               
0     00085e13  _FM25W256_write                           
0     00085e5f  _FM25W256_write_multiple                  
0     00085f58  _FM25W256_write_status                    
0     0008b211  _GPIO_setDirectionMode                    
0     0008b0cf  _GPIO_setMasterCore                       
0     0008ad54  _GPIO_setPadConfig                        
0     0008b055  _GPIO_setPinConfig                        
0     0008b107  _GPIO_setQualificationMode                
0     0008b31e  _HOSTclose                                
0     0008a91a  _HOSTlseek                                
0     0008af98  _HOSTopen                                 
0     0008afd8  _HOSTread                                 
0     0008b017  _HOSTrename                               
0     0008b391  _HOSTunlink                               
0     0008b13f  _HOSTwrite                                
0     0008ae41  _Interrupt_disable                        
0     0008b1ab  _Interrupt_enable                         
0     0008acad  _Interrupt_initModule                     
0     0008b43e  _Interrupt_initVectorTable                
0     000874f9  _ModbusMasterTransaction                  
0     000873f9  _ModbusMaster_available                   
0     00087389  _ModbusMaster_begin                       
0     0008739e  _ModbusMaster_beginTransmission           
0     00087397  _ModbusMaster_change_slave                
0     00087433  _ModbusMaster_clearResponseBuffer         
0     00087455  _ModbusMaster_clearTransmitBuffer         
0     00087426  _ModbusMaster_getResponseBuffer           
0     0008740e  _ModbusMaster_idle                        
0     000874d4  _ModbusMaster_maskWriteRegister           
0     0008741e  _ModbusMaster_postTransmission            
0     00087416  _ModbusMaster_preTransmission             
0     00087464  _ModbusMaster_readCoils                   
0     00087471  _ModbusMaster_readDiscreteInputs          
0     0008747e  _ModbusMaster_readHoldingRegisters        
0     0008748b  _ModbusMaster_readInputRegisters          
0     000874e6  _ModbusMaster_readWriteMultipleRegisters  
0     000873fe  _ModbusMaster_receive                     
0     000873a7  _ModbusMaster_requestFrom                 
0     000873e5  _ModbusMaster_send                        
0     000873b8  _ModbusMaster_sendBit                     
0     00087442  _ModbusMaster_setTransmitBuffer           
0     000874ba  _ModbusMaster_writeMultipleCoils          
0     000874c7  _ModbusMaster_writeMultipleRegisters      
0     00087498  _ModbusMaster_writeSingleCoil             
0     000874aa  _ModbusMaster_writeSingleRegister         
0     0008869b  _MotionProfile                            
0     000888fb  _MotionProfile_getFinished                
0     000888f6  _MotionProfile_pause                      
0     00088918  _MotionProfile_reset                      
0     00088926  _MotionProfile_reset_position             
0     00088911  _MotionProfile_setCompFactor              
0     00088908  _MotionProfile_setMaxAcceleration         
0     000888ff  _MotionProfile_setMaxVelocity             
0     000886c9  _MotionProfile_update                     
0     00086004  _RamfuncsLoadEnd                          
abs   00000004  _RamfuncsLoadSize                         
0     00086000  _RamfuncsLoadStart                        
0     00008004  _RamfuncsRunEnd                           
abs   00000004  _RamfuncsRunSize                          
0     00008000  _RamfuncsRunStart                         
0     00085078  _Read1                                    
0     000850c4  _Read2                                    
0     0008511d  _Read4                                    
0     0008519a  _Read4_1                                  
0     00085236  _RoboClaw_BackwardM1                      
0     00085272  _RoboClaw_BackwardM2                      
0     000852ae  _RoboClaw_BackwardMixed                   
0     000857b4  _RoboClaw_DutyAccelM1                     
0     000857f4  _RoboClaw_DutyAccelM1M2                   
0     000857d4  _RoboClaw_DutyAccelM2                     
0     000854b0  _RoboClaw_DutyM1                          
0     000854d4  _RoboClaw_DutyM1M2                        
0     000854c2  _RoboClaw_DutyM2                          
0     00085281  _RoboClaw_ForwardBackwardM1               
0     00085290  _RoboClaw_ForwardBackwardM2               
0     000852db  _RoboClaw_ForwardBackwardMixed            
0     00085228  _RoboClaw_ForwardM1                       
0     00085263  _RoboClaw_ForwardM2                       
0     0008529f  _RoboClaw_ForwardMixed                    
0     00085cc0  _RoboClaw_GetConfig                       
0     00085bf0  _RoboClaw_GetDeadBand                     
0     00085d51  _RoboClaw_GetPWMMode                      
0     00085b78  _RoboClaw_GetPinFunctions                 
0     000852ea  _RoboClaw_LeftRightMixed                  
0     000856ea  _RoboClaw_ReadBuffers                     
0     00085717  _RoboClaw_ReadCurrents                    
0     000852f9  _RoboClaw_ReadEncM1                       
0     00085302  _RoboClaw_ReadEncM2                       
0     00085c59  _RoboClaw_ReadEncoderModes                
0     00085c07  _RoboClaw_ReadEncoders                    
0     00085c51  _RoboClaw_ReadError                       
0     0008549e  _RoboClaw_ReadISpeedM1                    
0     000854a7  _RoboClaw_ReadISpeedM2                    
0     00085c18  _RoboClaw_ReadISpeeds                     
0     000853c4  _RoboClaw_ReadLogicBatteryVoltage         
0     00085d0e  _RoboClaw_ReadM1MaxCurrent                
0     000859dd  _RoboClaw_ReadM1PositionPID               
0     00085823  _RoboClaw_ReadM1VelocityPID               
0     00085d28  _RoboClaw_ReadM2MaxCurrent                
0     00085a1a  _RoboClaw_ReadM2PositionPID               
0     0008585a  _RoboClaw_ReadM2VelocityPID               
0     000853bc  _RoboClaw_ReadMainBatteryVoltage          
0     000858d7  _RoboClaw_ReadMinMaxLogicVoltages         
0     000858c1  _RoboClaw_ReadMinMaxMainVoltages          
0     00085ca2  _RoboClaw_ReadNVM                         
0     00085701  _RoboClaw_ReadPWMs                        
0     0008530b  _RoboClaw_ReadSpeedM1                     
0     00085314  _RoboClaw_ReadSpeedM2                     
0     00085c35  _RoboClaw_ReadTemp                        
0     00085c43  _RoboClaw_ReadTemp2                       
0     00085329  _RoboClaw_ReadVersion                     
0     0008531d  _RoboClaw_ResetEncoders                   
0     00085c29  _RoboClaw_RestoreDefaults                 
0     00085cae  _RoboClaw_SetConfig                       
0     00085bde  _RoboClaw_SetDeadBand                     
0     00085388  _RoboClaw_SetEncM1                        
0     000853a2  _RoboClaw_SetEncM2                        
0     000858a9  _RoboClaw_SetLogicVoltages                
0     00085b2f  _RoboClaw_SetM1DefaultAccel               
0     00085c70  _RoboClaw_SetM1EncoderMode                
0     00085cd2  _RoboClaw_SetM1MaxCurrent                 
0     000858ed  _RoboClaw_SetM1PositionPID                
0     000853ea  _RoboClaw_SetM1VelocityPID                
0     00085b49  _RoboClaw_SetM2DefaultAccel               
0     00085c7f  _RoboClaw_SetM2EncoderMode                
0     00085cf0  _RoboClaw_SetM2MaxCurrent                 
0     00085965  _RoboClaw_SetM2PositionPID                
0     00085444  _RoboClaw_SetM2VelocityPID                
0     00085891  _RoboClaw_SetMainVoltages                 
0     000853db  _RoboClaw_SetMaxVoltageLogicBattery       
0     00085254  _RoboClaw_SetMaxVoltageMainBattery        
0     000853cc  _RoboClaw_SetMinVoltageLogicBattery       
0     00085245  _RoboClaw_SetMinVoltageMainBattery        
0     00085d42  _RoboClaw_SetPWMMode                      
0     00085b63  _RoboClaw_SetPinFunctions                 
0     00085a57  _RoboClaw_SpeedAccelDeccelPositionM1      
0     00085acd  _RoboClaw_SpeedAccelDeccelPositionM1M2    
0     00085a92  _RoboClaw_SpeedAccelDeccelPositionM2      
0     00085643  _RoboClaw_SpeedAccelDistanceM1            
0     000856a5  _RoboClaw_SpeedAccelDistanceM1M2          
0     00085765  _RoboClaw_SpeedAccelDistanceM1M2_2        
0     00085674  _RoboClaw_SpeedAccelDistanceM2            
0     00085544  _RoboClaw_SpeedAccelM1                    
0     0008558c  _RoboClaw_SpeedAccelM1M2                  
0     0008572d  _RoboClaw_SpeedAccelM1M2_2                
0     00085568  _RoboClaw_SpeedAccelM2                    
0     000855ba  _RoboClaw_SpeedDistanceM1                 
0     00085608  _RoboClaw_SpeedDistanceM1M2               
0     000855e1  _RoboClaw_SpeedDistanceM2                 
0     000854ec  _RoboClaw_SpeedM1                         
0     00085520  _RoboClaw_SpeedM1M2                       
0     00085506  _RoboClaw_SpeedM2                         
0     000852cc  _RoboClaw_TurnLeftMixed                   
0     000852bd  _RoboClaw_TurnRightMixed                  
0     00085c8e  _RoboClaw_WriteNVM                        
0     00084f22  _RoboClaw_library_version                 
0     0008ae8b  _SCI_clearInterruptStatus                 
0     0008aed1  _SCI_disableInterrupt                     
0     00085fbb  _SCI_enableInterrupt                      
0     0008af58  _SCI_setConfig                            
0     0008af17  _SCI_writeCharArray                       
0     0008aa9c  _SPI_setConfig                            
0     00008000  _SysCtl_delay                             
0     0008a7e3  _SysCtl_getClock                          
0     0008b59a  _SysCtl_getLowSpeedClock                  
0     0008adf4  _SysCtl_selectOscSource                   
0     00087dce  _SysCtl_setClock                          
1     0000d988  _T35                                      
1     0000da44  _TXIE                                     
1     0000ad44  _TXIE_B                                   
1     0000cc44  _TXIE_C                                   
0     00082d40  _XYZ_to_length4                           
1     0000ac00  __CIOBUF_                                 
1     00000500  __STACK_END                               
abs   00000100  __STACK_SIZE                              
abs   00000400  __SYSMEM_SIZE                             
0     00089e06  ___TI_cleanup                             
1     0000cfe2  ___TI_cleanup_ptr                         
0     0008aa3d  ___TI_closefile                           
0     0008a6ff  ___TI_doflush                             
1     0000cfe4  ___TI_dtors_ptr                           
1     0000cfe0  ___TI_enable_exit_profile_output          
1     0000ce80  ___TI_ft_end                              
abs   ffffffff  ___TI_pprof_out_hndl                      
0     00086ae7  ___TI_printfi                             
abs   ffffffff  ___TI_prof_data_size                      
abs   ffffffff  ___TI_prof_data_start                     
0     0008a88c  ___TI_rd_ok                               
0     0008a3b4  ___TI_readmsg                             
1     0000cf40  ___TI_tmpnams                             
0     0008a35c  ___TI_writemsg                            
0     0008a851  ___TI_wrt_ok                              
abs   ffffffff  ___binit__                                
abs   ffffffff  ___c_args__                               
0     00082000  ___cinit__                                
0     00088b00  ___error__                                
abs   ffffffff  ___etext__                                
0     00089f87  ___ldexp_cexpf                            
0     00089f6d  ___ldexp_expf                             
abs   ffffffff  ___pinit__                                
abs   ffffffff  ___text__                                 
0     0008b5e6  __args_main                               
1     00000002  __cla_DCL_runDF13c_sp                     
1     00000002  __cla_DCL_runDF22c_sp                     
1     00000002  __cla_DCL_runDF23c_sp                     
1     00000002  __cla_DCL_runPIDc_sp                      
1     00000002  __cla_DCL_runPIc_sp                       
0     00090449  __ctypes_                                 
1     0000db40  __device                                  
1     0000cec0  __ftable                                  
1     0000d80a  __idle                                    
1     0000afbe  __lock                                    
0     0008b723  __nop                                     
1     0000d80e  __postTransmission                        
1     0000d80c  __preTransmission                         
0     0008b71f  __register_lock                           
0     0008b71b  __register_unlock                         
1     00000400  __stack                                   
1     0000db00  __stream                                  
1     0000a800  __sys_memory                              
0     00083fff  __system_post_cinit                       
0     0008b73c  __system_pre_init                         
1     0000d801  __u16ReadAddress                          
1     0000d804  __u16ReadQty                              
1     0000d840  __u16ResponseBuffer                       
1     0000d880  __u16TransmitBuffer                       
1     0000d809  __u16WriteAddress                         
1     0000d805  __u16WriteQty                             
1     0000d808  __u8MBSlave                               
1     0000d807  __u8ResponseBufferIndex                   
1     0000d806  __u8ResponseBufferLength                  
1     0000d803  __u8TransmitBufferIndex                   
1     0000cfea  __unlock                                  
0     0008b2f5  _abort                                    
1     0000ad26  _acceleration                             
1     0000d982  _addressed_slave                          
0     00082e37  _angle2tensions                           
0     0008a68b  _asinh                                    
0     0008a68b  _asinhf                                   
0     00089e87  _atan                                     
0     00089e87  _atanf                                    
0     0008b242  _atoi                                     
0     00087044  _auto_mode                                
0     00084f2c  _available                                
0     0008a1ee  _bidirectional_motor                      
0     00089152  _blinking_led                             
0     00083b03  _brensenham3d                             
0     00089ade  _broadcast_status                         
0     000897d2  _buffered_serial_B_available              
0     000897dc  _buffered_serial_B_flush                  
0     000897b8  _buffered_serial_B_read                   
0     000897e8  _buffered_serial_B_receive                
0     00089807  _buffered_serial_B_transmit               
0     0008977c  _buffered_serial_B_write                  
0     00089a08  _buffered_serial_C_available              
0     00089a12  _buffered_serial_C_flush                  
0     000899ee  _buffered_serial_C_read                   
0     00089a17  _buffered_serial_C_receive                
0     00089a36  _buffered_serial_C_transmit               
0     000899b2  _buffered_serial_C_write                  
0     000898ee  _buffered_serial_available                
0     000898f7  _buffered_serial_flush                    
0     000898d4  _buffered_serial_read                     
0     00089902  _buffered_serial_receive                  
0     00089921  _buffered_serial_transmit                 
0     00089898  _buffered_serial_write                    
0     000880a4  _build_error_packet                       
0     00088057  _build_read_packet                        
0     00088069  _build_write_packet                       
0     00088085  _build_write_single_packet                
0     0008ac01  _c_int00                                  
0     00088794  _calculateConstantVelocityProfile         
0     000887de  _calculateTrapezoidalProfile              
0     00088e98  _calloc                                   
1     0000afae  _cbuf                                     
0     0008ac57  _ceil                                     
0     0008ac57  _ceilf                                    
0     00086e1b  _check_current_coordinate                 
0     00089a92  _check_network_health                     
0     00088e96  _chkheap                                  
0     0008b1de  _close                                    
1     0000ad22  _compFactor                               
0     00082f18  _coord2ten_sag                            
0     0008b36d  _copy_in                                  
0     00087fef  _copysign                                 
0     00087fef  _copysignf                                
0     0008b3b5  _copysignl                                
0     0008a97b  _cos                                      
0     0008a97b  _cosf                                     
1     0000cfe6  _crc                                      
0     00084f78  _crc_clear                                
0     00084f9a  _crc_get                                  
0     00084f7c  _crc_update                               
1     0000ad28  _delta                                    
1     0000af80  _dip_switch                               
0     00083bcc  _encoder_pulses_to_length                 
0     00088eaf  _epwm3ISR                                 
1     0000af7f  _errno                                    
1     0000da43  _eusartTxBufferRemaining                  
1     0000ad43  _eusartTxBufferRemaining_B                
1     0000cc43  _eusartTxBufferRemaining_C                
0     0008b2f7  _exit                                     
0     00089b77  _exp                                      
0     00089b77  _expf                                     
0     0008935f  _expm1                                    
0     0008935f  _expm1f                                   
0     0008aa81  _fclose                                   
0     0008a72e  _fflush                                   
0     0008ada6  _finddevice                               
0     0008abaa  _floor                                    
0     0008abaa  _floorf                                   
0     00084f2f  _flush                                    
0     00089e41  _fopen                                    
0     0008ad01  _fputc                                    
0     0008a0cb  _fputs                                    
0     00088cdd  _free                                     
0     00088e78  _free_memory                              
0     00089e23  _freopen                                  
0     0008aaf8  _frexpl                                   
0     0008b092  _fseek                                    
0     00090eee  _fsupported                               
1     0000c040  _generated_path                           
0     0008adc2  _getdevice                                
0     00086d9a  _homing_routine                           
1     0000af82  _homing_workaround                        
0     000886ae  _init                                     
0     00084c72  _init_adc                                 
0     00084e25  _init_ads1220                             
0     00084b1b  _init_eqep                                
0     00084823  _init_gpio                                
0     00084b96  _init_pwm                                 
0     00084e66  _init_roboclaw                            
0     00089103  _init_settings                            
0     00084e98  _init_smartwinch                          
0     00084d0d  _init_spi_A                               
0     00084da0  _init_spi_B                               
0     00084ce5  _init_timer                               
0     00084946  _init_uart_A                              
0     000849df  _init_uart_B                              
0     00084a7d  _init_uart_C                              
0     0008834e  _intermediate_waypoint                    
0     00089b6b  _interwinch_comms_handler                 
1     0000ad21  _isFinished                               
0     0008722a  _is_tether_close_to_target_length         
1     0000d800  _ku16MBResponseTimeout                    
1     0000ad2a  _lastTime                                 
0     0008a8b8  _ldexp                                    
0     0008a8b8  _ldexpf                                   
0     0008a00f  _ldexpl                                   
0     00085e0d  _left_justified                           
0     0008241b  _length4_to_XYZ                           
0     00083bbb  _length_to_encoder_pulses                 
1     0000afc8  _lk                                       
0     000895f1  _log                                      
0     000891e8  _log1p                                    
0     000891e8  _log1pf                                   
0     000895f1  _logf                                     
0     0008b630  _lseek                                    
0     0008b273  _ltoa                                     
0     00089171  _main                                     
0     00088d46  _malloc                                   
0     00086edd  _manual_control                           
0     00089b15  _master_winch_comms                       
0     00082160  _matrix_inv_3x3                           
0     000822c0  _matrix_mul_3x3_3x1                       
0     00083a66  _max                                      
1     0000ad2e  _maxAcceleration                          
1     0000ad2c  _maxVelocity                              
0     00088e56  _max_free                                 
0     00082350  _max_val4                                 
0     00082319  _max_val4_loc                             
0     0008b6d8  _memccpy                                  
0     0008b684  _memchr                                   
0     0008b4ba  _memcpy                                   
0     0008b6e5  _memset                                   
1     0000ad23  _method                                   
0     000823c2  _min_max_diff                             
0     00082289  _min_val4_loc                             
0     00088d21  _minit                                    
0     00088276  _modbusRTU_Update                         
1     0000d980  _modbusRTU_Written                        
0     0008833c  _modbusRTU_init                           
1     0000d9c0  _modbusRTU_written_register_flags         
0     0008802b  _modbus_crc                               
1     0000d000  _modbus_holding_regs                      
0     000880b6  _modbus_reply                             
0     00088124  _modbus_request                           
0     0008397b  _mot_coord2sides                          
0     0008952d  _motor_driving_with_safety_check          
1     0000d8c0  _msg                                      
1     0000ad30  _oldPosition                              
1     0000ad24  _oldVelocity                              
0     00088c18  _old_pid                                  
0     0008a772  _open                                     
1     0000afb6  _parmbuf                                  
1     0000afca  _pid1                                     
1     0000ad3e  _polling_time                             
1     0000ad34  _position                                 
0     00083bef  _pow                                      
0     00083bef  _powf                                     
0     000881d9  _preset_multiple_registers                
0     0008b17d  _printf                                   
0     00083ba0  _pulse_length_scaler                      
0     0008ad01  _putc                                     
0     0008ad4f  _putchar                                  
0     0008a168  _puts                                     
0     00084f32  _read                                     
0     00087254  _read_DIP_switch                          
0     00086e85  _read_all_adc                             
0     00087047  _read_current_cable_length_from_mcp266    
0     0008821c  _read_holding_registers                   
0     0008713f  _read_load_cell                           
0     000870ab  _read_mcp266_pids                         
0     00087121  _read_mcp266_pwm                          
0     00084fd3  _read_n                                   
0     00088da4  _realloc                                  
0     000880f0  _receive_request                          
1     0000d8c6  _receivedChar                             
0     00086eb8  _relative_control                         
0     0008b735  _remove                                   
1     0000afc2  _rk                                       
0     0008239d  _round1dp                                 
1     0000d810  _rxBuffer                                 
1     0000ad20  _sampleTime                               
0     0008a8b8  _scalbn                                   
0     0008a8b8  _scalbnf                                  
0     0008a00f  _scalbnl                                  
0     00088f26  _sciaRXFIFOISR                            
0     00088eec  _sciaTXFIFOISR                            
0     00088f9f  _scibRXFIFOISR                            
0     00088f65  _scibTXFIFOISR                            
0     00089017  _scicRXFIFOISR                            
0     00088fde  _scicTXFIFOISR                            
0     00082390  _sec                                      
0     000880ca  _send_reply                               
0     00083884  _set_motor_coord                          
0     0008a3f0  _setvbuf                                  
0     0008ab52  _sin                                      
0     0008ab52  _sinf                                     
0     0008a609  _sinh                                     
0     0008a609  _sinhf                                    
1     0000d984  _slave                                    
0     00089b32  _slave_winch_comms                        
0     0008b348  _sqrt                                     
0     0008b348  _sqrtf                                    
0     00088765  _stateCalculation                         
1     0000d900  _str                                      
0     0008b6f1  _strchr                                   
0     0008b708  _strcmp                                   
0     00083ffa  _strcpy                                   
0     0008b72d  _strlen                                   
0     0008b4d8  _strncpy                                  
0     0008a9dc  _tan                                      
0     0008a9dc  _tanf                                     
0     00087304  _task_scheduler_handler                   
0     00082518  _ten2hten                                 
0     0008258f  _tenandsag2coord                          
0     00088737  _timeCalculation                          
1     0000cfe8  _timeout                                  
1     0000c000  _total_path_points                        
1     0000d812  _txBuffer                                 
1     0000d802  _u16TransmitBufferLength                  
1     0000afc6  _uk                                       
0     000872b8  _underrun_error_check                     
0     0008b5ff  _unlink                                   
0     00087068  _update_mcp266_pids                       
0     00083a7d  _update_scaled_velocity                   
0     0008815f  _validate_request                         
1     0000ad32  _velocity                                 
0     00087953  _waypoint_follower                        
0     00083bdd  _waypoints                                
0     00087366  _word                                     
0     00084f24  _write                                    
0     00084f9e  _write_n                                  
0     000881b8  _write_regs                               
0     000881fa  _write_single_register                    
1     0000afc4  _yk                                       
0     0008723c  _zero_force_mode                          
abs   ffffffff  binit                                     
0     00082000  cinit                                     
0     00080000  code_start                                
abs   ffffffff  etext                                     
abs   ffffffff  pinit                                     


GLOBAL SYMBOLS: SORTED BY Symbol Address 

page  address   name                                      
----  -------   ----                                      
0     00000122  _DCL_runDF13c                             
0     00000174  _DCL_runDF13ic                            
0     00000184  _DCL_runDF13pc                            
0     000001d6  _DCL_runDF23c                             
0     00000212  _DCL_runDF23ic                            
0     00000222  _DCL_runDF23pc                            
0     00000262  _DCL_runDF22c                             
0     00000288  _DCL_runDF22ic                            
0     00000292  _DCL_runDF22pc                            
0     000002bc  _DCL_runPIDc                              
0     00000300  _DCL_runPIc                               
0     00008000  _RamfuncsRunStart                         
0     00008000  _SysCtl_delay                             
0     00008004  _RamfuncsRunEnd                           
0     00080000  code_start                                
0     00080002  _DCL_runDF13                              
0     00080050  _DCL_runDF13i                             
0     0008005d  _DCL_runDF13p                             
0     000800b1  _DCL_runDF23                              
0     000800fd  _DCL_runDF23i                             
0     0008010c  _DCL_runDF23p                             
0     0008014e  _DCL_runDF22                              
0     00080189  _DCL_runDF22i                             
0     00080198  _DCL_runDF22p                             
0     000801c7  _DCL_runPID                               
0     0008022e  _DCL_runPI                                
0     00082000  ___cinit__                                
0     00082000  cinit                                     
0     00082160  _matrix_inv_3x3                           
0     00082289  _min_val4_loc                             
0     000822c0  _matrix_mul_3x3_3x1                       
0     00082319  _max_val4_loc                             
0     00082350  _max_val4                                 
0     00082390  _sec                                      
0     0008239d  _round1dp                                 
0     000823c2  _min_max_diff                             
0     0008241b  _length4_to_XYZ                           
0     00082518  _ten2hten                                 
0     0008258f  _tenandsag2coord                          
0     00082d40  _XYZ_to_length4                           
0     00082e37  _angle2tensions                           
0     00082f18  _coord2ten_sag                            
0     00083884  _set_motor_coord                          
0     0008397b  _mot_coord2sides                          
0     00083a66  _max                                      
0     00083a7d  _update_scaled_velocity                   
0     00083b03  _brensenham3d                             
0     00083ba0  _pulse_length_scaler                      
0     00083bbb  _length_to_encoder_pulses                 
0     00083bcc  _encoder_pulses_to_length                 
0     00083bdd  _waypoints                                
0     00083bef  _pow                                      
0     00083bef  _powf                                     
[...]
0     000873fe  _ModbusMaster_receive                     
0     0008740e  _ModbusMaster_idle                        
0     00087416  _ModbusMaster_preTransmission             
0     0008741e  _ModbusMaster_postTransmission            
0     00087426  _ModbusMaster_getResponseBuffer           
0     00087433  _ModbusMaster_clearResponseBuffer         
0     00087442  _ModbusMaster_setTransmitBuffer           
0     00087455  _ModbusMaster_clearTransmitBuffer         
0     00087464  _ModbusMaster_readCoils                   
0     00087471  _ModbusMaster_readDiscreteInputs          
0     0008747e  _ModbusMaster_readHoldingRegisters        
0     0008748b  _ModbusMaster_readInputRegisters          
0     00087498  _ModbusMaster_writeSingleCoil             
0     000874aa  _ModbusMaster_writeSingleRegister         
0     000874ba  _ModbusMaster_writeMultipleCoils          
0     000874c7  _ModbusMaster_writeMultipleRegisters      
0     000874d4  _ModbusMaster_maskWriteRegister           
0     000874e6  _ModbusMaster_readWriteMultipleRegisters  
0     000874f9  _ModbusMasterTransaction                  
0     00087953  _waypoint_follower                        
0     00087dce  _SysCtl_setClock                          
0     00087fef  _copysign                                 
0     00087fef  _copysignf                                
0     0008802b  _modbus_crc                               
0     00088057  _build_read_packet                        
0     00088069  _build_write_packet                       
0     00088085  _build_write_single_packet                
0     000880a4  _build_error_packet                       
0     000880b6  _modbus_reply                             
0     000880ca  _send_reply                               
0     000880f0  _receive_request                          
0     00088124  _modbus_request                           
0     0008815f  _validate_request                         
0     000881b8  _write_regs                               
0     000881d9  _preset_multiple_registers                
0     000881fa  _write_single_register                    
0     0008821c  _read_holding_registers                   
0     00088276  _modbusRTU_Update                         
0     0008833c  _modbusRTU_init                           
0     0008834e  _intermediate_waypoint                    
0     0008869b  _MotionProfile                            
0     000886ae  _init                                     
0     000886c9  _MotionProfile_update                     
0     00088737  _timeCalculation                          
0     00088765  _stateCalculation                         
0     00088794  _calculateConstantVelocityProfile         
0     000887de  _calculateTrapezoidalProfile              
0     000888f6  _MotionProfile_pause                      
0     000888fb  _MotionProfile_getFinished                
0     000888ff  _MotionProfile_setMaxVelocity             
0     00088908  _MotionProfile_setMaxAcceleration         
0     00088911  _MotionProfile_setCompFactor              
0     00088918  _MotionProfile_reset                      
0     00088926  _MotionProfile_reset_position             
0     00088971  _Device_init                              
0     000889a0  _Device_enableAllPeripherals              
0     00088a8f  _Device_initGPIO                          
0     00088ab0  _Device_enableUnbondedGPIOPullupsFor176Pin
0     00088ac7  _Device_enableUnbondedGPIOPullupsFor100Pin
0     00088aea  _Device_enableUnbondedGPIOPullups         
0     00088b00  ___error__                                
0     00088c18  _old_pid                                  
0     00088cdd  _free                                     
0     00088d21  _minit                                    
0     00088d46  _malloc                                   
0     00088da4  _realloc                                  
0     00088e56  _max_free                                 
0     00088e78  _free_memory                              
0     00088e96  _chkheap                                  
0     00088e98  _calloc                                   
0     00088eaf  _epwm3ISR                                 
0     00088eec  _sciaTXFIFOISR                            
0     00088f26  _sciaRXFIFOISR                            
0     00088f65  _scibTXFIFOISR                            
0     00088f9f  _scibRXFIFOISR                            
0     00088fde  _scicTXFIFOISR                            
0     00089017  _scicRXFIFOISR                            
0     00089103  _init_settings                            
0     00089152  _blinking_led                             
0     00089171  _main                                     
0     000891e8  _log1p                                    
0     000891e8  _log1pf                                   
0     0008935f  _expm1                                    
0     0008935f  _expm1f                                   
0     0008952d  _motor_driving_with_safety_check          
0     000895f1  _log                                      
0     000895f1  _logf                                     
0     0008977c  _buffered_serial_B_write                  
0     000897b8  _buffered_serial_B_read                   
0     000897d2  _buffered_serial_B_available              
0     000897dc  _buffered_serial_B_flush                  
0     000897e8  _buffered_serial_B_receive                
0     00089807  _buffered_serial_B_transmit               
0     00089898  _buffered_serial_write                    
0     000898d4  _buffered_serial_read                     
0     000898ee  _buffered_serial_available                
0     000898f7  _buffered_serial_flush                    
0     00089902  _buffered_serial_receive                  
0     00089921  _buffered_serial_transmit                 
0     000899b2  _buffered_serial_C_write                  
0     000899ee  _buffered_serial_C_read                   
0     00089a08  _buffered_serial_C_available              
0     00089a12  _buffered_serial_C_flush                  
0     00089a17  _buffered_serial_C_receive                
0     00089a36  _buffered_serial_C_transmit               
0     00089a92  _check_network_health                     
0     00089ade  _broadcast_status                         
0     00089b15  _master_winch_comms                       
0     00089b32  _slave_winch_comms                        
0     00089b6b  _interwinch_comms_handler                 
0     00089b77  _exp                                      
0     00089b77  _expf                                     
0     00089c87  LL$$DIV                                   
0     00089cc3  LL$$MOD                                   
0     00089cfd  ULL$$DIV                                  
0     00089d2c  ULL$$MOD                                  
0     00089e06  ___TI_cleanup                             
0     00089e23  _freopen                                  
0     00089e41  _fopen                                    
0     00089e87  _atan                                     
0     00089e87  _atanf                                    
0     00089f6d  ___ldexp_expf                             
0     00089f87  ___ldexp_cexpf                            
0     0008a00f  _ldexpl                                   
0     0008a00f  _scalbnl                                  
0     0008a0cb  _fputs                                    
0     0008a168  _puts                                     
0     0008a1ee  _bidirectional_motor                      
0     0008a225  FD$$ADD                                   
0     0008a2c1  _ADC_setMode                              
0     0008a35c  ___TI_writemsg                            
0     0008a3af  C$$IO$$                                   
0     0008a3b4  ___TI_readmsg                             
0     0008a3f0  _setvbuf                                  
0     0008a479  FS$$DIV                                   
0     0008a586  FD$$MPY                                   
0     0008a609  _sinh                                     
0     0008a609  _sinhf                                    
0     0008a68b  _asinh                                    
0     0008a68b  _asinhf                                   
0     0008a6ff  ___TI_doflush                             
0     0008a72e  _fflush                                   
0     0008a772  _open                                     
0     0008a7e3  _SysCtl_getClock                          
0     0008a851  ___TI_wrt_ok                              
0     0008a88c  ___TI_rd_ok                               
0     0008a8b8  _ldexp                                    
0     0008a8b8  _ldexpf                                   
0     0008a8b8  _scalbn                                   
0     0008a8b8  _scalbnf                                  
0     0008a91a  _HOSTlseek                                
0     0008a97b  _cos                                      
0     0008a97b  _cosf                                     
0     0008a9dc  _tan                                      
0     0008a9dc  _tanf                                     
0     0008aa3d  ___TI_closefile                           
0     0008aa81  _fclose                                   
0     0008aa9c  _SPI_setConfig                            
0     0008aaf8  _frexpl                                   
0     0008ab52  _sin                                      
0     0008ab52  _sinf                                     
0     0008abaa  _floor                                    
0     0008abaa  _floorf                                   
0     0008ac01  _c_int00                                  
0     0008ac57  _ceil                                     
0     0008ac57  _ceilf                                    
0     0008acad  _Interrupt_initModule                     
0     0008ad01  _fputc                                    
0     0008ad01  _putc                                     
0     0008ad4f  _putchar                                  
0     0008ad54  _GPIO_setPadConfig                        
0     0008ada6  _finddevice                               
0     0008adc2  _getdevice                                
0     0008adf4  _SysCtl_selectOscSource                   
0     0008ae41  _Interrupt_disable                        
0     0008ae8b  _SCI_clearInterruptStatus                 
0     0008aed1  _SCI_disableInterrupt                     
0     0008af17  _SCI_writeCharArray                       
0     0008af58  _SCI_setConfig                            
0     0008af98  _HOSTopen                                 
0     0008afd8  _HOSTread                                 
0     0008b017  _HOSTrename                               
0     0008b055  _GPIO_setPinConfig                        
0     0008b092  _fseek                                    
0     0008b0cf  _GPIO_setMasterCore                       
0     0008b107  _GPIO_setQualificationMode                
0     0008b13f  _HOSTwrite                                
0     0008b17d  _printf                                   
0     0008b1ab  _Interrupt_enable                         
0     0008b1de  _close                                    
0     0008b211  _GPIO_setDirectionMode                    
0     0008b242  _atoi                                     
0     0008b273  _ltoa                                     
0     0008b2a1  FD$$CMP                                   
0     0008b2cb  L$$DIV                                    
0     0008b2da  L$$MOD                                    
0     0008b2e8  UL$$DIV                                   
0     0008b2ef  UL$$MOD                                   
0     0008b2f5  C$$EXIT                                   
0     0008b2f5  _abort                                    
0     0008b2f7  _exit                                     
0     0008b31e  _HOSTclose                                
0     0008b348  _sqrt                                     
0     0008b348  _sqrtf                                    
0     0008b36d  _copy_in                                  
0     0008b391  _HOSTunlink                               
0     0008b3b5  _copysignl                                
0     0008b3fb  I$$DIV                                    
0     0008b40c  I$$MOD                                    
0     0008b41d  FD$$TOI                                   
0     0008b43e  _Interrupt_initVectorTable                
0     0008b47d  FD$$TOL                                   
0     0008b49c  LL$$CMP                                   
0     0008b4ae  ULL$$CMP                                  
0     0008b4ba  _memcpy                                   
0     0008b4d8  _strncpy                                  
0     0008b4f6  I$$TOFD                                   
0     0008b513  FS$$TOFD                                  
0     0008b52f  L$$TOFD                                   
0     0008b59a  _SysCtl_getLowSpeedClock                  
0     0008b5e6  __args_main                               
0     0008b5ff  _unlink                                   
0     0008b618  LL$$AND                                   
0     0008b620  LL$$OR                                    
0     0008b628  LL$$XOR                                   
0     0008b630  _lseek                                    
0     0008b671  _CPUTimer_setEmulationMode                
0     0008b684  _memchr                                   
0     0008b6b0  FD$$SUB                                   
0     0008b6d8  _memccpy                                  
0     0008b6e5  _memset                                   
0     0008b6f1  _strchr                                   
0     0008b708  _strcmp                                   
0     0008b71b  __register_unlock                         
0     0008b71f  __register_lock                           
0     0008b723  __nop                                     
0     0008b724  FD$$NEG                                   
0     0008b72d  _strlen                                   
0     0008b735  _remove                                   
0     0008b73c  __system_pre_init                         
0     00090449  __ctypes_                                 
0     00090eee  _fsupported                               
1     00000002  __cla_DCL_runDF13c_sp                     
1     00000002  __cla_DCL_runDF22c_sp                     
1     00000002  __cla_DCL_runDF23c_sp                     
1     00000002  __cla_DCL_runPIDc_sp                      
1     00000002  __cla_DCL_runPIc_sp                       
1     00000400  __stack                                   
1     00000500  __STACK_END                               
1     0000a800  __sys_memory                              
1     0000ac00  __CIOBUF_                                 
1     0000ad20  _sampleTime                               
1     0000ad21  _isFinished                               
1     0000ad22  _compFactor                               
1     0000ad23  _method                                   
1     0000ad24  _oldVelocity                              
1     0000ad26  _acceleration                             
1     0000ad28  _delta                                    
1     0000ad2a  _lastTime                                 
1     0000ad2c  _maxVelocity                              
1     0000ad2e  _maxAcceleration                          
1     0000ad30  _oldPosition                              
1     0000ad32  _velocity                                 
1     0000ad34  _position                                 
1     0000ad3e  _polling_time                             
1     0000ad43  _eusartTxBufferRemaining_B                
1     0000ad44  _TXIE_B                                   
1     0000af7f  _errno                                    
1     0000af80  _dip_switch                               
1     0000af82  _homing_workaround                        
1     0000afae  _cbuf                                     
1     0000afb6  _parmbuf                                  
1     0000afbe  __lock                                    
1     0000afc2  _rk                                       
1     0000afc4  _yk                                       
1     0000afc6  _uk                                       
1     0000afc8  _lk                                       
1     0000afca  _pid1                                     
1     0000c000  _total_path_points                        
1     0000c040  _generated_path                           
1     0000cc43  _eusartTxBufferRemaining_C                
1     0000cc44  _TXIE_C                                   
1     0000ce80  ___TI_ft_end                              
1     0000cec0  __ftable                                  
1     0000cf40  ___TI_tmpnams                             
1     0000cfe0  ___TI_enable_exit_profile_output          
1     0000cfe2  ___TI_cleanup_ptr                         
1     0000cfe4  ___TI_dtors_ptr                           
1     0000cfe6  _crc                                      
1     0000cfe8  _timeout                                  
1     0000cfea  __unlock                                  
1     0000d000  _modbus_holding_regs                      
1     0000d800  _ku16MBResponseTimeout                    
1     0000d801  __u16ReadAddress                          
1     0000d802  _u16TransmitBufferLength                  
1     0000d803  __u8TransmitBufferIndex                   
1     0000d804  __u16ReadQty                              
1     0000d805  __u16WriteQty                             
1     0000d806  __u8ResponseBufferLength                  
1     0000d807  __u8ResponseBufferIndex                   
1     0000d808  __u8MBSlave                               
1     0000d809  __u16WriteAddress                         
1     0000d80a  __idle                                    
1     0000d80c  __preTransmission                         
1     0000d80e  __postTransmission                        
1     0000d810  _rxBuffer                                 
1     0000d812  _txBuffer                                 
1     0000d840  __u16ResponseBuffer                       
1     0000d880  __u16TransmitBuffer                       
1     0000d8c0  _msg                                      
1     0000d8c6  _receivedChar                             
1     0000d900  _str                                      
1     0000d980  _modbusRTU_Written                        
1     0000d982  _addressed_slave                          
1     0000d983  _DEBUGGING                                
1     0000d984  _slave                                    
1     0000d988  _T35                                      
1     0000d9c0  _modbusRTU_written_register_flags         
1     0000da43  _eusartTxBufferRemaining                  
1     0000da44  _TXIE                                     
1     0000db00  __stream                                  
1     0000db40  __device                                  
abs   00000004  _RamfuncsLoadSize                         
abs   00000004  _RamfuncsRunSize                          
abs   00000100  __STACK_SIZE                              
abs   00000400  __SYSMEM_SIZE                             
abs   ffffffff  .text                                     
abs   ffffffff  ___TI_pprof_out_hndl                      
abs   ffffffff  ___TI_prof_data_size                      
abs   ffffffff  ___TI_prof_data_start                     
abs   ffffffff  ___binit__                                
abs   ffffffff  ___c_args__                               
abs   ffffffff  ___etext__                                
abs   ffffffff  ___pinit__                                
abs   ffffffff  ___text__                                 
abs   ffffffff  binit                                     
abs   ffffffff  etext                                     
abs   ffffffff  pinit                                     

[549 symbols]
