<?xml version="1.0"?>
<link_info>
   <banner>TMS320C2000 Linker PC v16.9.6.LTS</banner>
   <copyright>Copyright (c) 1996-2017 Texas Instruments Incorporated</copyright>
   <link_time>0x5b1026ac</link_time>
   <link_errors>0x1</link_errors>
   <output_file>SmartWinchDualCore.out</output_file>
   <entry_point>
      <name>code_start</name>
      <address>0x80000</address>
   </entry_point>
   <input_file_list>
      <input_file id="fl-2">
         <path>.\</path>
         <kind>object</kind>
         <file>FM25W256.obj</file>
         <name>FM25W256.obj</name>
      </input_file>
      <input_file id="fl-3">
         <path>.\</path>
         <kind>object</kind>
         <file>ModbusMaster.obj</file>
         <name>ModbusMaster.obj</name>
      </input_file>
      <input_file id="fl-4">
         <path>.\</path>
         <kind>object</kind>
         <file>MotionProfile.obj</file>
         <name>MotionProfile.obj</name>
      </input_file>
      <input_file id="fl-5">
         <path>.\</path>
         <kind>object</kind>
         <file>RoboClaw.obj</file>
         <name>RoboClaw.obj</name>
      </input_file>
      <input_file id="fl-6">
         <path>.\</path>
         <kind>object</kind>
         <file>autonomous_mode.obj</file>
         <name>autonomous_mode.obj</name>
      </input_file>
      <input_file id="fl-7">
         <path>.\</path>
         <kind>object</kind>
         <file>buffered_serial.obj</file>
         <name>buffered_serial.obj</name>
      </input_file>
      <input_file id="fl-8">
         <path>.\</path>
         <kind>object</kind>
         <file>buffered_serial_B.obj</file>
         <name>buffered_serial_B.obj</name>
      </input_file>
      <input_file id="fl-9">
         <path>.\</path>
         <kind>object</kind>
         <file>buffered_serial_C.obj</file>
         <name>buffered_serial_C.obj</name>
      </input_file>
      <input_file id="fl-a">
         <path>.\</path>
         <kind>object</kind>
         <file>device_init.obj</file>
         <name>device_init.obj</name>
      </input_file>
      <input_file id="fl-b">
         <path>.\</path>
         <kind>object</kind>
         <file>intermediate_waypoints.obj</file>
         <name>intermediate_waypoints.obj</name>
      </input_file>
      <input_file id="fl-c">
         <path>.\</path>
         <kind>object</kind>
         <file>interrupt_handlers.obj</file>
         <name>interrupt_handlers.obj</name>
      </input_file>
      <input_file id="fl-d">
         <path>.\</path>
         <kind>object</kind>
         <file>interwinch_comms.obj</file>
         <name>interwinch_comms.obj</name>
      </input_file>
      <input_file id="fl-e">
         <path>.\</path>
         <kind>object</kind>
         <file>kinematics.obj</file>
         <name>kinematics.obj</name>
      </input_file>
      <input_file id="fl-f">
         <path>.\</path>
         <kind>object</kind>
         <file>main.obj</file>
         <name>main.obj</name>
      </input_file>
      <input_file id="fl-10">
         <path>.\</path>
         <kind>object</kind>
         <file>modbusRTU.obj</file>
         <name>modbusRTU.obj</name>
      </input_file>
      <input_file id="fl-11">
         <path>.\</path>
         <kind>object</kind>
         <file>modbus_regs.obj</file>
         <name>modbus_regs.obj</name>
      </input_file>
      <input_file id="fl-12">
         <path>.\</path>
         <kind>object</kind>
         <file>motion_buffer.obj</file>
         <name>motion_buffer.obj</name>
      </input_file>
      <input_file id="fl-13">
         <path>.\</path>
         <kind>object</kind>
         <file>motor_driver.obj</file>
         <name>motor_driver.obj</name>
      </input_file>
      <input_file id="fl-14">
         <path>.\</path>
         <kind>object</kind>
         <file>safety_routines.obj</file>
         <name>safety_routines.obj</name>
      </input_file>
      <input_file id="fl-15">
         <path>.\</path>
         <kind>object</kind>
         <file>task_scheduler.obj</file>
         <name>task_scheduler.obj</name>
      </input_file>
      <input_file id="fl-16">
         <path>.\DCL\source\</path>
         <kind>object</kind>
         <file>DCL_DF13.obj</file>
         <name>DCL_DF13.obj</name>
      </input_file>
      <input_file id="fl-17">
         <path>.\DCL\source\</path>
         <kind>object</kind>
         <file>DCL_DF13_CLA.obj</file>
         <name>DCL_DF13_CLA.obj</name>
      </input_file>
      <input_file id="fl-18">
         <path>.\DCL\source\</path>
         <kind>object</kind>
         <file>DCL_DF22.obj</file>
         <name>DCL_DF22.obj</name>
      </input_file>
      <input_file id="fl-19">
         <path>.\DCL\source\</path>
         <kind>object</kind>
         <file>DCL_DF22_CLA.obj</file>
         <name>DCL_DF22_CLA.obj</name>
      </input_file>
      <input_file id="fl-1a">
         <path>.\DCL\source\</path>
         <kind>object</kind>
         <file>DCL_DF23.obj</file>
         <name>DCL_DF23.obj</name>
      </input_file>
      <input_file id="fl-1b">
         <path>.\DCL\source\</path>
         <kind>object</kind>
         <file>DCL_DF23_CLA.obj</file>
         <name>DCL_DF23_CLA.obj</name>
      </input_file>
      <input_file id="fl-1c">
         <path>.\DCL\source\</path>
         <kind>object</kind>
         <file>DCL_PI.obj</file>
         <name>DCL_PI.obj</name>
      </input_file>
      <input_file id="fl-1d">
         <path>.\DCL\source\</path>
         <kind>object</kind>
         <file>DCL_PID.obj</file>
         <name>DCL_PID.obj</name>
      </input_file>
      <input_file id="fl-1e">
         <path>.\DCL\source\</path>
         <kind>object</kind>
         <file>DCL_PID_CLA.obj</file>
         <name>DCL_PID_CLA.obj</name>
      </input_file>
      <input_file id="fl-1f">
         <path>.\DCL\source\</path>
         <kind>object</kind>
         <file>DCL_PI_CLA.obj</file>
         <name>DCL_PI_CLA.obj</name>
      </input_file>
      <input_file id="fl-20">
         <path>.\device\</path>
         <kind>object</kind>
         <file>F2837xD_CodeStartBranch.obj</file>
         <name>F2837xD_CodeStartBranch.obj</name>
      </input_file>
      <input_file id="fl-21">
         <path>.\device\</path>
         <kind>object</kind>
         <file>device.obj</file>
         <name>device.obj</name>
      </input_file>
      <input_file id="fl-26">
         <kind>object</kind>
         <file>&lt;internal&gt;</file>
         <name>&lt;internal&gt;</name>
      </input_file>
      <input_file id="fl-27">
         <path>..\</path>
         <kind>archive</kind>
         <file>driverlib.lib</file>
         <name>adc.obj</name>
      </input_file>
      <input_file id="fl-28">
         <path>..\</path>
         <kind>archive</kind>
         <file>driverlib.lib</file>
         <name>cputimer.obj</name>
      </input_file>
      <input_file id="fl-29">
         <path>..\</path>
         <kind>archive</kind>
         <file>driverlib.lib</file>
         <name>gpio.obj</name>
      </input_file>
      <input_file id="fl-2a">
         <path>..\</path>
         <kind>archive</kind>
         <file>driverlib.lib</file>
         <name>interrupt.obj</name>
      </input_file>
      <input_file id="fl-2b">
         <path>..\</path>
         <kind>archive</kind>
         <file>driverlib.lib</file>
         <name>sci.obj</name>
      </input_file>
      <input_file id="fl-2c">
         <path>..\</path>
         <kind>archive</kind>
         <file>driverlib.lib</file>
         <name>spi.obj</name>
      </input_file>
      <input_file id="fl-2d">
         <path>..\</path>
         <kind>archive</kind>
         <file>driverlib.lib</file>
         <name>sysctl.obj</name>
      </input_file>
      <input_file id="fl-3b">
         <path>C:\Z\Games\ti\ccsv7\tools\compiler\ti-cgt-c2000_16.9.6.LTS\lib\</path>
         <kind>archive</kind>
         <file>rts2800_fpu32.lib</file>
         <name>boot28.obj</name>
      </input_file>
      <input_file id="fl-3c">
         <path>C:\Z\Games\ti\ccsv7\tools\compiler\ti-cgt-c2000_16.9.6.LTS\lib\</path>
         <kind>archive</kind>
         <file>rts2800_fpu32.lib</file>
         <name>cpy_tbl.obj</name>
      </input_file>
      <input_file id="fl-3d">
         <path>C:\Z\Games\ti\ccsv7\tools\compiler\ti-cgt-c2000_16.9.6.LTS\lib\</path>
         <kind>archive</kind>
         <file>rts2800_fpu32.lib</file>
         <name>e_powf.obj</name>
      </input_file>
      <input_file id="fl-3e">
         <path>C:\Z\Games\ti\ccsv7\tools\compiler\ti-cgt-c2000_16.9.6.LTS\lib\</path>
         <kind>archive</kind>
         <file>rts2800_fpu32.lib</file>
         <name>e_sinhf.obj</name>
      </input_file>
      <input_file id="fl-3f">
         <path>C:\Z\Games\ti\ccsv7\tools\compiler\ti-cgt-c2000_16.9.6.LTS\lib\</path>
         <kind>archive</kind>
         <file>rts2800_fpu32.lib</file>
         <name>e_sqrtf.obj</name>
      </input_file>
      <input_file id="fl-40">
         <path>C:\Z\Games\ti\ccsv7\tools\compiler\ti-cgt-c2000_16.9.6.LTS\lib\</path>
         <kind>archive</kind>
         <file>rts2800_fpu32.lib</file>
         <name>errno.obj</name>
      </input_file>
      <input_file id="fl-41">
         <path>C:\Z\Games\ti\ccsv7\tools\compiler\ti-cgt-c2000_16.9.6.LTS\lib\</path>
         <kind>archive</kind>
         <file>rts2800_fpu32.lib</file>
         <name>exit.obj</name>
      </input_file>
      <input_file id="fl-42">
         <path>C:\Z\Games\ti\ccsv7\tools\compiler\ti-cgt-c2000_16.9.6.LTS\lib\</path>
         <kind>archive</kind>
         <file>rts2800_fpu32.lib</file>
         <name>fs_div28.obj</name>
      </input_file>
      <input_file id="fl-43">
         <path>C:\Z\Games\ti\ccsv7\tools\compiler\ti-cgt-c2000_16.9.6.LTS\lib\</path>
         <kind>archive</kind>
         <file>rts2800_fpu32.lib</file>
         <name>i_div28.obj</name>
      </input_file>
      <input_file id="fl-44">
         <path>C:\Z\Games\ti\ccsv7\tools\compiler\ti-cgt-c2000_16.9.6.LTS\lib\</path>
         <kind>archive</kind>
         <file>rts2800_fpu32.lib</file>
         <name>k_expf.obj</name>
      </input_file>
      <input_file id="fl-45">
         <path>C:\Z\Games\ti\ccsv7\tools\compiler\ti-cgt-c2000_16.9.6.LTS\lib\</path>
         <kind>archive</kind>
         <file>rts2800_fpu32.lib</file>
         <name>l_div28.obj</name>
      </input_file>
      <input_file id="fl-46">
         <path>C:\Z\Games\ti\ccsv7\tools\compiler\ti-cgt-c2000_16.9.6.LTS\lib\</path>
         <kind>archive</kind>
         <file>rts2800_fpu32.lib</file>
         <name>memcpy.obj</name>
      </input_file>
      <input_file id="fl-47">
         <path>C:\Z\Games\ti\ccsv7\tools\compiler\ti-cgt-c2000_16.9.6.LTS\lib\</path>
         <kind>archive</kind>
         <file>rts2800_fpu32.lib</file>
         <name>memory.obj</name>
      </input_file>
      <input_file id="fl-48">
         <path>C:\Z\Games\ti\ccsv7\tools\compiler\ti-cgt-c2000_16.9.6.LTS\lib\</path>
         <kind>archive</kind>
         <file>rts2800_fpu32.lib</file>
         <name>pre_init.obj</name>
      </input_file>
      <input_file id="fl-49">
         <path>C:\Z\Games\ti\ccsv7\tools\compiler\ti-cgt-c2000_16.9.6.LTS\lib\</path>
         <kind>archive</kind>
         <file>rts2800_fpu32.lib</file>
         <name>printf.obj</name>
      </input_file>
      <input_file id="fl-4a">
         <path>C:\Z\Games\ti\ccsv7\tools\compiler\ti-cgt-c2000_16.9.6.LTS\lib\</path>
         <kind>archive</kind>
         <file>rts2800_fpu32.lib</file>
         <name>s_asinhf.obj</name>
      </input_file>
      <input_file id="fl-4b">
         <path>C:\Z\Games\ti\ccsv7\tools\compiler\ti-cgt-c2000_16.9.6.LTS\lib\</path>
         <kind>archive</kind>
         <file>rts2800_fpu32.lib</file>
         <name>s_atanf.obj</name>
      </input_file>
      <input_file id="fl-4c">
         <path>C:\Z\Games\ti\ccsv7\tools\compiler\ti-cgt-c2000_16.9.6.LTS\lib\</path>
         <kind>archive</kind>
         <file>rts2800_fpu32.lib</file>
         <name>s_ceilf.obj</name>
      </input_file>
      <input_file id="fl-4d">
         <path>C:\Z\Games\ti\ccsv7\tools\compiler\ti-cgt-c2000_16.9.6.LTS\lib\</path>
         <kind>archive</kind>
         <file>rts2800_fpu32.lib</file>
         <name>s_copysignf.obj</name>
      </input_file>
      <input_file id="fl-4e">
         <path>C:\Z\Games\ti\ccsv7\tools\compiler\ti-cgt-c2000_16.9.6.LTS\lib\</path>
         <kind>archive</kind>
         <file>rts2800_fpu32.lib</file>
         <name>s_cosf.obj</name>
      </input_file>
      <input_file id="fl-4f">
         <path>C:\Z\Games\ti\ccsv7\tools\compiler\ti-cgt-c2000_16.9.6.LTS\lib\</path>
         <kind>archive</kind>
         <file>rts2800_fpu32.lib</file>
         <name>s_expm1f.obj</name>
      </input_file>
      <input_file id="fl-50">
         <path>C:\Z\Games\ti\ccsv7\tools\compiler\ti-cgt-c2000_16.9.6.LTS\lib\</path>
         <kind>archive</kind>
         <file>rts2800_fpu32.lib</file>
         <name>s_floorf.obj</name>
      </input_file>
      <input_file id="fl-51">
         <path>C:\Z\Games\ti\ccsv7\tools\compiler\ti-cgt-c2000_16.9.6.LTS\lib\</path>
         <kind>archive</kind>
         <file>rts2800_fpu32.lib</file>
         <name>s_log1pf.obj</name>
      </input_file>
      <input_file id="fl-52">
         <path>C:\Z\Games\ti\ccsv7\tools\compiler\ti-cgt-c2000_16.9.6.LTS\lib\</path>
         <kind>archive</kind>
         <file>rts2800_fpu32.lib</file>
         <name>s_scalbnf.obj</name>
      </input_file>
      <input_file id="fl-53">
         <path>C:\Z\Games\ti\ccsv7\tools\compiler\ti-cgt-c2000_16.9.6.LTS\lib\</path>
         <kind>archive</kind>
         <file>rts2800_fpu32.lib</file>
         <name>s_sinf.obj</name>
      </input_file>
      <input_file id="fl-54">
         <path>C:\Z\Games\ti\ccsv7\tools\compiler\ti-cgt-c2000_16.9.6.LTS\lib\</path>
         <kind>archive</kind>
         <file>rts2800_fpu32.lib</file>
         <name>s_tanf.obj</name>
      </input_file>
      <input_file id="fl-55">
         <path>C:\Z\Games\ti\ccsv7\tools\compiler\ti-cgt-c2000_16.9.6.LTS\lib\</path>
         <kind>archive</kind>
         <file>rts2800_fpu32.lib</file>
         <name>startup.obj</name>
      </input_file>
      <input_file id="fl-56">
         <path>C:\Z\Games\ti\ccsv7\tools\compiler\ti-cgt-c2000_16.9.6.LTS\lib\</path>
         <kind>archive</kind>
         <file>rts2800_fpu32.lib</file>
         <name>_lock.obj</name>
      </input_file>
      <input_file id="fl-57">
         <path>C:\Z\Games\ti\ccsv7\tools\compiler\ti-cgt-c2000_16.9.6.LTS\lib\</path>
         <kind>archive</kind>
         <file>rts2800_fpu32.lib</file>
         <name>_printfi.obj</name>
      </input_file>
      <input_file id="fl-58">
         <path>C:\Z\Games\ti\ccsv7\tools\compiler\ti-cgt-c2000_16.9.6.LTS\lib\</path>
         <kind>archive</kind>
         <file>rts2800_fpu32.lib</file>
         <name>args_main.obj</name>
      </input_file>
      <input_file id="fl-59">
         <path>C:\Z\Games\ti\ccsv7\tools\compiler\ti-cgt-c2000_16.9.6.LTS\lib\</path>
         <kind>archive</kind>
         <file>rts2800_fpu32.lib</file>
         <name>atoi.obj</name>
      </input_file>
      <input_file id="fl-5a">
         <path>C:\Z\Games\ti\ccsv7\tools\compiler\ti-cgt-c2000_16.9.6.LTS\lib\</path>
         <kind>archive</kind>
         <file>rts2800_fpu32.lib</file>
         <name>ctype.obj</name>
      </input_file>
      <input_file id="fl-5b">
         <path>C:\Z\Games\ti\ccsv7\tools\compiler\ti-cgt-c2000_16.9.6.LTS\lib\</path>
         <kind>archive</kind>
         <file>rts2800_fpu32.lib</file>
         <name>defs.obj</name>
      </input_file>
      <input_file id="fl-5c">
         <path>C:\Z\Games\ti\ccsv7\tools\compiler\ti-cgt-c2000_16.9.6.LTS\lib\</path>
         <kind>archive</kind>
         <file>rts2800_fpu32.lib</file>
         <name>e_expf.obj</name>
      </input_file>
      <input_file id="fl-5d">
         <path>C:\Z\Games\ti\ccsv7\tools\compiler\ti-cgt-c2000_16.9.6.LTS\lib\</path>
         <kind>archive</kind>
         <file>rts2800_fpu32.lib</file>
         <name>e_logf.obj</name>
      </input_file>
      <input_file id="fl-5e">
         <path>C:\Z\Games\ti\ccsv7\tools\compiler\ti-cgt-c2000_16.9.6.LTS\lib\</path>
         <kind>archive</kind>
         <file>rts2800_fpu32.lib</file>
         <name>fd_cmp28.obj</name>
      </input_file>
      <input_file id="fl-5f">
         <path>C:\Z\Games\ti\ccsv7\tools\compiler\ti-cgt-c2000_16.9.6.LTS\lib\</path>
         <kind>archive</kind>
         <file>rts2800_fpu32.lib</file>
         <name>fd_div28.obj</name>
      </input_file>
      <input_file id="fl-60">
         <path>C:\Z\Games\ti\ccsv7\tools\compiler\ti-cgt-c2000_16.9.6.LTS\lib\</path>
         <kind>archive</kind>
         <file>rts2800_fpu32.lib</file>
         <name>fd_mpy28.obj</name>
      </input_file>
      <input_file id="fl-61">
         <path>C:\Z\Games\ti\ccsv7\tools\compiler\ti-cgt-c2000_16.9.6.LTS\lib\</path>
         <kind>archive</kind>
         <file>rts2800_fpu32.lib</file>
         <name>fd_neg28.obj</name>
      </input_file>
      <input_file id="fl-62">
         <path>C:\Z\Games\ti\ccsv7\tools\compiler\ti-cgt-c2000_16.9.6.LTS\lib\</path>
         <kind>archive</kind>
         <file>rts2800_fpu32.lib</file>
         <name>fd_sub28.obj</name>
      </input_file>
      <input_file id="fl-63">
         <path>C:\Z\Games\ti\ccsv7\tools\compiler\ti-cgt-c2000_16.9.6.LTS\lib\</path>
         <kind>archive</kind>
         <file>rts2800_fpu32.lib</file>
         <name>fd_toi28.obj</name>
      </input_file>
      <input_file id="fl-64">
         <path>C:\Z\Games\ti\ccsv7\tools\compiler\ti-cgt-c2000_16.9.6.LTS\lib\</path>
         <kind>archive</kind>
         <file>rts2800_fpu32.lib</file>
         <name>fd_tol28.obj</name>
      </input_file>
      <input_file id="fl-65">
         <path>C:\Z\Games\ti\ccsv7\tools\compiler\ti-cgt-c2000_16.9.6.LTS\lib\</path>
         <kind>archive</kind>
         <file>rts2800_fpu32.lib</file>
         <name>fputc.obj</name>
      </input_file>
      <input_file id="fl-66">
         <path>C:\Z\Games\ti\ccsv7\tools\compiler\ti-cgt-c2000_16.9.6.LTS\lib\</path>
         <kind>archive</kind>
         <file>rts2800_fpu32.lib</file>
         <name>fputs.obj</name>
      </input_file>
      <input_file id="fl-67">
         <path>C:\Z\Games\ti\ccsv7\tools\compiler\ti-cgt-c2000_16.9.6.LTS\lib\</path>
         <kind>archive</kind>
         <file>rts2800_fpu32.lib</file>
         <name>fs_tofdfpu32.obj</name>
      </input_file>
      <input_file id="fl-68">
         <path>C:\Z\Games\ti\ccsv7\tools\compiler\ti-cgt-c2000_16.9.6.LTS\lib\</path>
         <kind>archive</kind>
         <file>rts2800_fpu32.lib</file>
         <name>i_tofd28.obj</name>
      </input_file>
      <input_file id="fl-69">
         <path>C:\Z\Games\ti\ccsv7\tools\compiler\ti-cgt-c2000_16.9.6.LTS\lib\</path>
         <kind>archive</kind>
         <file>rts2800_fpu32.lib</file>
         <name>l_tofd28.obj</name>
      </input_file>
      <input_file id="fl-6a">
         <path>C:\Z\Games\ti\ccsv7\tools\compiler\ti-cgt-c2000_16.9.6.LTS\lib\</path>
         <kind>archive</kind>
         <file>rts2800_fpu32.lib</file>
         <name>ll_aox28.obj</name>
      </input_file>
      <input_file id="fl-6b">
         <path>C:\Z\Games\ti\ccsv7\tools\compiler\ti-cgt-c2000_16.9.6.LTS\lib\</path>
         <kind>archive</kind>
         <file>rts2800_fpu32.lib</file>
         <name>ll_cmp28.obj</name>
      </input_file>
      <input_file id="fl-6c">
         <path>C:\Z\Games\ti\ccsv7\tools\compiler\ti-cgt-c2000_16.9.6.LTS\lib\</path>
         <kind>archive</kind>
         <file>rts2800_fpu32.lib</file>
         <name>ll_div28.obj</name>
      </input_file>
      <input_file id="fl-6d">
         <path>C:\Z\Games\ti\ccsv7\tools\compiler\ti-cgt-c2000_16.9.6.LTS\lib\</path>
         <kind>archive</kind>
         <file>rts2800_fpu32.lib</file>
         <name>ltoa.obj</name>
      </input_file>
      <input_file id="fl-6e">
         <path>C:\Z\Games\ti\ccsv7\tools\compiler\ti-cgt-c2000_16.9.6.LTS\lib\</path>
         <kind>archive</kind>
         <file>rts2800_fpu32.lib</file>
         <name>memccpy.obj</name>
      </input_file>
      <input_file id="fl-6f">
         <path>C:\Z\Games\ti\ccsv7\tools\compiler\ti-cgt-c2000_16.9.6.LTS\lib\</path>
         <kind>archive</kind>
         <file>rts2800_fpu32.lib</file>
         <name>memchr.obj</name>
      </input_file>
      <input_file id="fl-70">
         <path>C:\Z\Games\ti\ccsv7\tools\compiler\ti-cgt-c2000_16.9.6.LTS\lib\</path>
         <kind>archive</kind>
         <file>rts2800_fpu32.lib</file>
         <name>memset.obj</name>
      </input_file>
      <input_file id="fl-71">
         <path>C:\Z\Games\ti\ccsv7\tools\compiler\ti-cgt-c2000_16.9.6.LTS\lib\</path>
         <kind>archive</kind>
         <file>rts2800_fpu32.lib</file>
         <name>s_frexp.obj</name>
      </input_file>
      <input_file id="fl-72">
         <path>C:\Z\Games\ti\ccsv7\tools\compiler\ti-cgt-c2000_16.9.6.LTS\lib\</path>
         <kind>archive</kind>
         <file>rts2800_fpu32.lib</file>
         <name>s_scalbn.obj</name>
      </input_file>
      <input_file id="fl-73">
         <path>C:\Z\Games\ti\ccsv7\tools\compiler\ti-cgt-c2000_16.9.6.LTS\lib\</path>
         <kind>archive</kind>
         <file>rts2800_fpu32.lib</file>
         <name>strchr.obj</name>
      </input_file>
      <input_file id="fl-74">
         <path>C:\Z\Games\ti\ccsv7\tools\compiler\ti-cgt-c2000_16.9.6.LTS\lib\</path>
         <kind>archive</kind>
         <file>rts2800_fpu32.lib</file>
         <name>strcpy.obj</name>
      </input_file>
      <input_file id="fl-75">
         <path>C:\Z\Games\ti\ccsv7\tools\compiler\ti-cgt-c2000_16.9.6.LTS\lib\</path>
         <kind>archive</kind>
         <file>rts2800_fpu32.lib</file>
         <name>strlen.obj</name>
      </input_file>
      <input_file id="fl-76">
         <path>C:\Z\Games\ti\ccsv7\tools\compiler\ti-cgt-c2000_16.9.6.LTS\lib\</path>
         <kind>archive</kind>
         <file>rts2800_fpu32.lib</file>
         <name>_io_perm.obj</name>
      </input_file>
      <input_file id="fl-77">
         <path>C:\Z\Games\ti\ccsv7\tools\compiler\ti-cgt-c2000_16.9.6.LTS\lib\</path>
         <kind>archive</kind>
         <file>rts2800_fpu32.lib</file>
         <name>fd_add28.obj</name>
      </input_file>
      <input_file id="fl-78">
         <path>C:\Z\Games\ti\ccsv7\tools\compiler\ti-cgt-c2000_16.9.6.LTS\lib\</path>
         <kind>archive</kind>
         <file>rts2800_fpu32.lib</file>
         <name>fflush.obj</name>
      </input_file>
      <input_file id="fl-79">
         <path>C:\Z\Games\ti\ccsv7\tools\compiler\ti-cgt-c2000_16.9.6.LTS\lib\</path>
         <kind>archive</kind>
         <file>rts2800_fpu32.lib</file>
         <name>fseek.obj</name>
      </input_file>
      <input_file id="fl-7a">
         <path>C:\Z\Games\ti\ccsv7\tools\compiler\ti-cgt-c2000_16.9.6.LTS\lib\</path>
         <kind>archive</kind>
         <file>rts2800_fpu32.lib</file>
         <name>lseek.obj</name>
      </input_file>
      <input_file id="fl-7b">
         <path>C:\Z\Games\ti\ccsv7\tools\compiler\ti-cgt-c2000_16.9.6.LTS\lib\</path>
         <kind>archive</kind>
         <file>rts2800_fpu32.lib</file>
         <name>s_copysign.obj</name>
      </input_file>
      <input_file id="fl-7c">
         <path>C:\Z\Games\ti\ccsv7\tools\compiler\ti-cgt-c2000_16.9.6.LTS\lib\</path>
         <kind>archive</kind>
         <file>rts2800_fpu32.lib</file>
         <name>setvbuf.obj</name>
      </input_file>
      <input_file id="fl-7d">
         <path>C:\Z\Games\ti\ccsv7\tools\compiler\ti-cgt-c2000_16.9.6.LTS\lib\</path>
         <kind>archive</kind>
         <file>rts2800_fpu32.lib</file>
         <name>write.obj</name>
      </input_file>
      <input_file id="fl-7e">
         <path>C:\Z\Games\ti\ccsv7\tools\compiler\ti-cgt-c2000_16.9.6.LTS\lib\</path>
         <kind>archive</kind>
         <file>rts2800_fpu32.lib</file>
         <name>fopen.obj</name>
      </input_file>
      <input_file id="fl-7f">
         <path>C:\Z\Games\ti\ccsv7\tools\compiler\ti-cgt-c2000_16.9.6.LTS\lib\</path>
         <kind>archive</kind>
         <file>rts2800_fpu32.lib</file>
         <name>hostclose.obj</name>
      </input_file>
      <input_file id="fl-80">
         <path>C:\Z\Games\ti\ccsv7\tools\compiler\ti-cgt-c2000_16.9.6.LTS\lib\</path>
         <kind>archive</kind>
         <file>rts2800_fpu32.lib</file>
         <name>hostlseek.obj</name>
      </input_file>
      <input_file id="fl-81">
         <path>C:\Z\Games\ti\ccsv7\tools\compiler\ti-cgt-c2000_16.9.6.LTS\lib\</path>
         <kind>archive</kind>
         <file>rts2800_fpu32.lib</file>
         <name>hostopen.obj</name>
      </input_file>
      <input_file id="fl-82">
         <path>C:\Z\Games\ti\ccsv7\tools\compiler\ti-cgt-c2000_16.9.6.LTS\lib\</path>
         <kind>archive</kind>
         <file>rts2800_fpu32.lib</file>
         <name>hostread.obj</name>
      </input_file>
      <input_file id="fl-83">
         <path>C:\Z\Games\ti\ccsv7\tools\compiler\ti-cgt-c2000_16.9.6.LTS\lib\</path>
         <kind>archive</kind>
         <file>rts2800_fpu32.lib</file>
         <name>hostrename.obj</name>
      </input_file>
      <input_file id="fl-84">
         <path>C:\Z\Games\ti\ccsv7\tools\compiler\ti-cgt-c2000_16.9.6.LTS\lib\</path>
         <kind>archive</kind>
         <file>rts2800_fpu32.lib</file>
         <name>hostunlink.obj</name>
      </input_file>
      <input_file id="fl-85">
         <path>C:\Z\Games\ti\ccsv7\tools\compiler\ti-cgt-c2000_16.9.6.LTS\lib\</path>
         <kind>archive</kind>
         <file>rts2800_fpu32.lib</file>
         <name>hostwrite.obj</name>
      </input_file>
      <input_file id="fl-86">
         <path>C:\Z\Games\ti\ccsv7\tools\compiler\ti-cgt-c2000_16.9.6.LTS\lib\</path>
         <kind>archive</kind>
         <file>rts2800_fpu32.lib</file>
         <name>open.obj</name>
      </input_file>
      <input_file id="fl-87">
         <path>C:\Z\Games\ti\ccsv7\tools\compiler\ti-cgt-c2000_16.9.6.LTS\lib\</path>
         <kind>archive</kind>
         <file>rts2800_fpu32.lib</file>
         <name>trgmsg.obj</name>
      </input_file>
      <input_file id="fl-88">
         <path>C:\Z\Games\ti\ccsv7\tools\compiler\ti-cgt-c2000_16.9.6.LTS\lib\</path>
         <kind>archive</kind>
         <file>rts2800_fpu32.lib</file>
         <name>fclose.obj</name>
      </input_file>
      <input_file id="fl-89">
         <path>C:\Z\Games\ti\ccsv7\tools\compiler\ti-cgt-c2000_16.9.6.LTS\lib\</path>
         <kind>archive</kind>
         <file>rts2800_fpu32.lib</file>
         <name>getdevice.obj</name>
      </input_file>
      <input_file id="fl-8a">
         <path>C:\Z\Games\ti\ccsv7\tools\compiler\ti-cgt-c2000_16.9.6.LTS\lib\</path>
         <kind>archive</kind>
         <file>rts2800_fpu32.lib</file>
         <name>remove.obj</name>
      </input_file>
      <input_file id="fl-8b">
         <path>C:\Z\Games\ti\ccsv7\tools\compiler\ti-cgt-c2000_16.9.6.LTS\lib\</path>
         <kind>archive</kind>
         <file>rts2800_fpu32.lib</file>
         <name>strcmp.obj</name>
      </input_file>
      <input_file id="fl-8c">
         <path>C:\Z\Games\ti\ccsv7\tools\compiler\ti-cgt-c2000_16.9.6.LTS\lib\</path>
         <kind>archive</kind>
         <file>rts2800_fpu32.lib</file>
         <name>strncpy.obj</name>
      </input_file>
      <input_file id="fl-8d">
         <path>C:\Z\Games\ti\ccsv7\tools\compiler\ti-cgt-c2000_16.9.6.LTS\lib\</path>
         <kind>archive</kind>
         <file>rts2800_fpu32.lib</file>
         <name>unlink.obj</name>
      </input_file>
      <input_file id="fl-8e">
         <path>C:\Z\Games\ti\ccsv7\tools\compiler\ti-cgt-c2000_16.9.6.LTS\lib\</path>
         <kind>archive</kind>
         <file>rts2800_fpu32.lib</file>
         <name>close.obj</name>
      </input_file>
   </input_file_list>
   <object_component_list>
      <object_component id="oc-6e">
         <name>.cinit</name>
         <load_address>0x82000</load_address>
         <run_address>0x82000</run_address>
         <size>0x2e</size>
         <input_file_ref idref="fl-c"/>
      </object_component>
      <object_component id="oc-1d0">
         <name>.cinit</name>
         <load_address>0x8202e</load_address>
         <run_address>0x8202e</run_address>
         <size>0x2a</size>
         <input_file_ref idref="fl-5b"/>
      </object_component>
      <object_component id="oc-27e">
         <name>.cinit</name>
         <load_address>0x82058</load_address>
         <run_address>0x82058</run_address>
         <size>0x29</size>
         <input_file_ref idref="fl-7d"/>
      </object_component>
      <object_component id="oc-ad">
         <name>.cinit</name>
         <load_address>0x82081</load_address>
         <run_address>0x82081</run_address>
         <size>0x1b</size>
         <input_file_ref idref="fl-15"/>
      </object_component>
      <object_component id="oc-4b">
         <name>.cinit</name>
         <load_address>0x8209c</load_address>
         <run_address>0x8209c</run_address>
         <size>0x18</size>
         <input_file_ref idref="fl-7"/>
      </object_component>
      <object_component id="oc-53">
         <name>.cinit</name>
         <load_address>0x820b4</load_address>
         <run_address>0x820b4</run_address>
         <size>0x18</size>
         <input_file_ref idref="fl-8"/>
      </object_component>
      <object_component id="oc-5b">
         <name>.cinit</name>
         <load_address>0x820cc</load_address>
         <run_address>0x820cc</run_address>
         <size>0x18</size>
         <input_file_ref idref="fl-9"/>
      </object_component>
      <object_component id="oc-77">
         <name>.cinit</name>
         <load_address>0x820e4</load_address>
         <run_address>0x820e4</run_address>
         <size>0x18</size>
         <input_file_ref idref="fl-d"/>
      </object_component>
      <object_component id="oc-43">
         <name>.cinit</name>
         <load_address>0x820fc</load_address>
         <run_address>0x820fc</run_address>
         <size>0xe</size>
         <input_file_ref idref="fl-6"/>
      </object_component>
      <object_component id="oc-8e">
         <name>.cinit</name>
         <load_address>0x8210a</load_address>
         <run_address>0x8210a</run_address>
         <size>0xe</size>
         <input_file_ref idref="fl-10"/>
      </object_component>
      <object_component id="oc-142">
         <name>.cinit</name>
         <load_address>0x82118</load_address>
         <run_address>0x82118</run_address>
         <size>0xe</size>
         <input_file_ref idref="fl-41"/>
      </object_component>
      <object_component id="oc-86">
         <name>.cinit</name>
         <load_address>0x82126</load_address>
         <run_address>0x82126</run_address>
         <size>0xa</size>
         <input_file_ref idref="fl-f"/>
      </object_component>
      <object_component id="oc-3b">
         <name>.cinit</name>
         <load_address>0x82130</load_address>
         <run_address>0x82130</run_address>
         <size>0x9</size>
         <input_file_ref idref="fl-5"/>
      </object_component>
      <object_component id="oc-2fc">
         <name>.cinit:__lock</name>
         <load_address>0x82139</load_address>
         <run_address>0x82139</run_address>
         <size>0x5</size>
         <input_file_ref idref="fl-56"/>
      </object_component>
      <object_component id="oc-300">
         <name>.cinit:__unlock</name>
         <load_address>0x8213e</load_address>
         <run_address>0x8213e</run_address>
         <size>0x5</size>
         <input_file_ref idref="fl-56"/>
      </object_component>
      <object_component id="oc-a5">
         <name>.cinit</name>
         <load_address>0x82143</load_address>
         <run_address>0x82143</run_address>
         <size>0x5</size>
         <input_file_ref idref="fl-14"/>
      </object_component>
      <object_component id="oc-2a">
         <name>.cinit</name>
         <load_address>0x82148</load_address>
         <run_address>0x82148</run_address>
         <size>0x4</size>
         <input_file_ref idref="fl-3"/>
      </object_component>
      <object_component id="oc-13e">
         <name>.cinit</name>
         <load_address>0x8214c</load_address>
         <run_address>0x8214c</run_address>
         <size>0x4</size>
         <input_file_ref idref="fl-40"/>
      </object_component>
      <object_component id="oc-285">
         <name>.cinit</name>
         <load_address>0x82150</load_address>
         <run_address>0x82150</run_address>
         <size>0x4</size>
         <input_file_ref idref="fl-7e"/>
      </object_component>
      <object_component id="oc-163">
         <name>.cinit</name>
         <load_address>0x82154</load_address>
         <run_address>0x82154</run_address>
         <size>0x4</size>
         <input_file_ref idref="fl-47"/>
      </object_component>
      <object_component id="oc-2b0">
         <name>.cinit</name>
         <load_address>0x82158</load_address>
         <run_address>0x82158</run_address>
         <size>0x4</size>
         <input_file_ref idref="fl-86"/>
      </object_component>
      <object_component id="oc-305">
         <name>.text</name>
         <load_address>0x82160</load_address>
         <run_address>0x82160</run_address>
         <size>0x1a8f</size>
         <input_file_ref idref="fl-e"/>
      </object_component>
      <object_component id="oc-317">
         <name>.text</name>
         <load_address>0x83bef</load_address>
         <run_address>0x83bef</run_address>
         <size>0x380</size>
         <input_file_ref idref="fl-3d"/>
      </object_component>
      <object_component id="oc-1e4">
         <name>.text</name>
         <load_address>0x83f6f</load_address>
         <run_address>0x83f6f</run_address>
         <size>0x8b</size>
         <input_file_ref idref="fl-5f"/>
      </object_component>
      <object_component id="oc-301">
         <name>.text</name>
         <load_address>0x83ffa</load_address>
         <run_address>0x83ffa</run_address>
         <size>0x5</size>
         <input_file_ref idref="fl-74"/>
      </object_component>
      <object_component id="oc-2e6">
         <name>.text</name>
         <load_address>0x83fff</load_address>
         <run_address>0x83fff</run_address>
         <size>0x1</size>
         <input_file_ref idref="fl-55"/>
      </object_component>
      <object_component id="oc-30c">
         <name>.text</name>
         <load_address>0x84000</load_address>
         <run_address>0x84000</run_address>
         <size>0xec1</size>
         <input_file_ref idref="fl-a"/>
      </object_component>
      <object_component id="oc-2f2">
         <name>.text</name>
         <load_address>0x84ec1</load_address>
         <run_address>0x84ec1</run_address>
         <size>0xea2</size>
         <input_file_ref idref="fl-5"/>
      </object_component>
      <object_component id="oc-30f">
         <name>.text</name>
         <load_address>0x85d63</load_address>
         <run_address>0x85d63</run_address>
         <size>0x258</size>
         <input_file_ref idref="fl-2"/>
      </object_component>
      <object_component id="oc-327">
         <name>.text:_SCI_enableInterrupt</name>
         <load_address>0x85fbb</load_address>
         <run_address>0x85fbb</run_address>
         <size>0x44</size>
         <input_file_ref idref="fl-2b"/>
      </object_component>
      <object_component id="oc-341">
         <name>.text</name>
         <load_address>0x86004</load_address>
         <run_address>0x86004</run_address>
         <size>0xc16</size>
         <input_file_ref idref="fl-57"/>
      </object_component>
      <object_component id="oc-2f1">
         <name>.text</name>
         <load_address>0x86c1a</load_address>
         <run_address>0x86c1a</run_address>
         <size>0x721</size>
         <input_file_ref idref="fl-15"/>
      </object_component>
      <object_component id="oc-320">
         <name>.text</name>
         <load_address>0x8733b</load_address>
         <run_address>0x8733b</run_address>
         <size>0x5ed</size>
         <input_file_ref idref="fl-3"/>
      </object_component>
      <object_component id="oc-306">
         <name>.text</name>
         <load_address>0x87928</load_address>
         <run_address>0x87928</run_address>
         <size>0x4a6</size>
         <input_file_ref idref="fl-6"/>
      </object_component>
      <object_component id="oc-302">
         <name>.text:_SysCtl_setClock</name>
         <load_address>0x87dce</load_address>
         <run_address>0x87dce</run_address>
         <size>0x221</size>
         <input_file_ref idref="fl-2d"/>
      </object_component>
      <object_component id="oc-338">
         <name>.text</name>
         <load_address>0x87fef</load_address>
         <run_address>0x87fef</run_address>
         <size>0x11</size>
         <input_file_ref idref="fl-4d"/>
      </object_component>
      <object_component id="oc-30e">
         <name>.text</name>
         <load_address>0x88000</load_address>
         <run_address>0x88000</run_address>
         <size>0x34e</size>
         <input_file_ref idref="fl-10"/>
      </object_component>
      <object_component id="oc-31f">
         <name>.text</name>
         <load_address>0x8834e</load_address>
         <run_address>0x8834e</run_address>
         <size>0x322</size>
         <input_file_ref idref="fl-b"/>
      </object_component>
      <object_component id="oc-2f3">
         <name>.text</name>
         <load_address>0x88670</load_address>
         <run_address>0x88670</run_address>
         <size>0x2bf</size>
         <input_file_ref idref="fl-4"/>
      </object_component>
      <object_component id="oc-2f0">
         <name>.text</name>
         <load_address>0x8892f</load_address>
         <run_address>0x8892f</run_address>
         <size>0x1d8</size>
         <input_file_ref idref="fl-21"/>
      </object_component>
      <object_component id="oc-2df">
         <name>.text</name>
         <load_address>0x88b07</load_address>
         <run_address>0x88b07</run_address>
         <size>0x1d6</size>
         <input_file_ref idref="fl-c"/>
      </object_component>
      <object_component id="oc-35d">
         <name>.text</name>
         <load_address>0x88cdd</load_address>
         <run_address>0x88cdd</run_address>
         <size>0x1d2</size>
         <input_file_ref idref="fl-47"/>
      </object_component>
      <object_component id="oc-70">
         <name>.text:retain</name>
         <load_address>0x88eaf</load_address>
         <run_address>0x88eaf</run_address>
         <size>0x1a6</size>
         <input_file_ref idref="fl-c"/>
      </object_component>
      <object_component id="oc-2fa">
         <name>.text</name>
         <load_address>0x89055</load_address>
         <run_address>0x89055</run_address>
         <size>0x193</size>
         <input_file_ref idref="fl-f"/>
      </object_component>
      <object_component id="oc-33a">
         <name>.text</name>
         <load_address>0x891e8</load_address>
         <run_address>0x891e8</run_address>
         <size>0x177</size>
         <input_file_ref idref="fl-51"/>
      </object_component>
      <object_component id="oc-339">
         <name>.text</name>
         <load_address>0x8935f</load_address>
         <run_address>0x8935f</run_address>
         <size>0x164</size>
         <input_file_ref idref="fl-4f"/>
      </object_component>
      <object_component id="oc-308">
         <name>.text</name>
         <load_address>0x894c3</load_address>
         <run_address>0x894c3</run_address>
         <size>0x12e</size>
         <input_file_ref idref="fl-14"/>
      </object_component>
      <object_component id="oc-33b">
         <name>.text</name>
         <load_address>0x895f1</load_address>
         <run_address>0x895f1</run_address>
         <size>0x12b</size>
         <input_file_ref idref="fl-5d"/>
      </object_component>
      <object_component id="oc-2e2">
         <name>.text</name>
         <load_address>0x8971c</load_address>
         <run_address>0x8971c</run_address>
         <size>0x11c</size>
         <input_file_ref idref="fl-8"/>
      </object_component>
      <object_component id="oc-2e0">
         <name>.text</name>
         <load_address>0x89838</load_address>
         <run_address>0x89838</run_address>
         <size>0x11a</size>
         <input_file_ref idref="fl-7"/>
      </object_component>
      <object_component id="oc-2e3">
         <name>.text</name>
         <load_address>0x89952</load_address>
         <run_address>0x89952</run_address>
         <size>0x115</size>
         <input_file_ref idref="fl-9"/>
      </object_component>
      <object_component id="oc-307">
         <name>.text</name>
         <load_address>0x89a67</load_address>
         <run_address>0x89a67</run_address>
         <size>0x110</size>
         <input_file_ref idref="fl-d"/>
      </object_component>
      <object_component id="oc-336">
         <name>.text</name>
         <load_address>0x89b77</load_address>
         <run_address>0x89b77</run_address>
         <size>0x110</size>
         <input_file_ref idref="fl-5c"/>
      </object_component>
      <object_component id="oc-226">
         <name>.text</name>
         <load_address>0x89c87</load_address>
         <run_address>0x89c87</run_address>
         <size>0x107</size>
         <input_file_ref idref="fl-6c"/>
      </object_component>
      <object_component id="oc-35e">
         <name>.text</name>
         <load_address>0x89d8e</load_address>
         <run_address>0x89d8e</run_address>
         <size>0xf9</size>
         <input_file_ref idref="fl-7e"/>
      </object_component>
      <object_component id="oc-31b">
         <name>.text</name>
         <load_address>0x89e87</load_address>
         <run_address>0x89e87</run_address>
         <size>0xcb</size>
         <input_file_ref idref="fl-4b"/>
      </object_component>
      <object_component id="oc-337">
         <name>.text</name>
         <load_address>0x89f52</load_address>
         <run_address>0x89f52</run_address>
         <size>0xbd</size>
         <input_file_ref idref="fl-44"/>
      </object_component>
      <object_component id="oc-354">
         <name>.text</name>
         <load_address>0x8a00f</load_address>
         <run_address>0x8a00f</run_address>
         <size>0xbc</size>
         <input_file_ref idref="fl-72"/>
      </object_component>
      <object_component id="oc-340">
         <name>.text</name>
         <load_address>0x8a0cb</load_address>
         <run_address>0x8a0cb</run_address>
         <size>0xb0</size>
         <input_file_ref idref="fl-66"/>
      </object_component>
      <object_component id="oc-2f4">
         <name>.text</name>
         <load_address>0x8a17b</load_address>
         <run_address>0x8a17b</run_address>
         <size>0xaa</size>
         <input_file_ref idref="fl-13"/>
      </object_component>
      <object_component id="oc-25f">
         <name>.text</name>
         <load_address>0x8a225</load_address>
         <run_address>0x8a225</run_address>
         <size>0x9c</size>
         <input_file_ref idref="fl-77"/>
      </object_component>
      <object_component id="oc-329">
         <name>.text:_ADC_setMode</name>
         <load_address>0x8a2c1</load_address>
         <run_address>0x8a2c1</run_address>
         <size>0x9a</size>
         <input_file_ref idref="fl-27"/>
      </object_component>
      <object_component id="oc-2fe">
         <name>.text</name>
         <load_address>0x8a35c</load_address>
         <run_address>0x8a35c</run_address>
         <size>0x94</size>
         <input_file_ref idref="fl-87"/>
      </object_component>
      <object_component id="oc-359">
         <name>.text</name>
         <load_address>0x8a3f0</load_address>
         <run_address>0x8a3f0</run_address>
         <size>0x89</size>
         <input_file_ref idref="fl-7c"/>
      </object_component>
      <object_component id="oc-148">
         <name>.text</name>
         <load_address>0x8a479</load_address>
         <run_address>0x8a479</run_address>
         <size>0x88</size>
         <input_file_ref idref="fl-42"/>
      </object_component>
      <object_component id="oc-30a">
         <name>.text:_Interrupt_clearIFR</name>
         <load_address>0x8a501</load_address>
         <run_address>0x8a501</run_address>
         <size>0x85</size>
         <input_file_ref idref="fl-2a"/>
      </object_component>
      <object_component id="oc-1e9">
         <name>.text</name>
         <load_address>0x8a586</load_address>
         <run_address>0x8a586</run_address>
         <size>0x83</size>
         <input_file_ref idref="fl-60"/>
      </object_component>
      <object_component id="oc-319">
         <name>.text</name>
         <load_address>0x8a609</load_address>
         <run_address>0x8a609</run_address>
         <size>0x82</size>
         <input_file_ref idref="fl-3e"/>
      </object_component>
      <object_component id="oc-31a">
         <name>.text</name>
         <load_address>0x8a68b</load_address>
         <run_address>0x8a68b</run_address>
         <size>0x74</size>
         <input_file_ref idref="fl-4a"/>
      </object_component>
      <object_component id="oc-34f">
         <name>.text</name>
         <load_address>0x8a6ff</load_address>
         <run_address>0x8a6ff</run_address>
         <size>0x73</size>
         <input_file_ref idref="fl-78"/>
      </object_component>
      <object_component id="oc-35f">
         <name>.text</name>
         <load_address>0x8a772</load_address>
         <run_address>0x8a772</run_address>
         <size>0x71</size>
         <input_file_ref idref="fl-86"/>
      </object_component>
      <object_component id="oc-303">
         <name>.text:_SysCtl_getClock</name>
         <load_address>0x8a7e3</load_address>
         <run_address>0x8a7e3</run_address>
         <size>0x6e</size>
         <input_file_ref idref="fl-2d"/>
      </object_component>
      <object_component id="oc-34e">
         <name>.text</name>
         <load_address>0x8a851</load_address>
         <run_address>0x8a851</run_address>
         <size>0x67</size>
         <input_file_ref idref="fl-76"/>
      </object_component>
      <object_component id="oc-335">
         <name>.text</name>
         <load_address>0x8a8b8</load_address>
         <run_address>0x8a8b8</run_address>
         <size>0x62</size>
         <input_file_ref idref="fl-52"/>
      </object_component>
      <object_component id="oc-2ed">
         <name>.text</name>
         <load_address>0x8a91a</load_address>
         <run_address>0x8a91a</run_address>
         <size>0x61</size>
         <input_file_ref idref="fl-80"/>
      </object_component>
      <object_component id="oc-314">
         <name>.text</name>
         <load_address>0x8a97b</load_address>
         <run_address>0x8a97b</run_address>
         <size>0x61</size>
         <input_file_ref idref="fl-4e"/>
      </object_component>
      <object_component id="oc-31d">
         <name>.text</name>
         <load_address>0x8a9dc</load_address>
         <run_address>0x8a9dc</run_address>
         <size>0x61</size>
         <input_file_ref idref="fl-54"/>
      </object_component>
      <object_component id="oc-360">
         <name>.text</name>
         <load_address>0x8aa3d</load_address>
         <run_address>0x8aa3d</run_address>
         <size>0x5f</size>
         <input_file_ref idref="fl-88"/>
      </object_component>
      <object_component id="oc-32b">
         <name>.text:_SPI_setConfig</name>
         <load_address>0x8aa9c</load_address>
         <run_address>0x8aa9c</run_address>
         <size>0x5c</size>
         <input_file_ref idref="fl-2c"/>
      </object_component>
      <object_component id="oc-353">
         <name>.text</name>
         <load_address>0x8aaf8</load_address>
         <run_address>0x8aaf8</run_address>
         <size>0x5a</size>
         <input_file_ref idref="fl-71"/>
      </object_component>
      <object_component id="oc-34d">
         <name>.text</name>
         <load_address>0x8ab52</load_address>
         <run_address>0x8ab52</run_address>
         <size>0x58</size>
         <input_file_ref idref="fl-53"/>
      </object_component>
      <object_component id="oc-315">
         <name>.text</name>
         <load_address>0x8abaa</load_address>
         <run_address>0x8abaa</run_address>
         <size>0x57</size>
         <input_file_ref idref="fl-50"/>
      </object_component>
      <object_component id="oc-120">
         <name>.text</name>
         <load_address>0x8ac01</load_address>
         <run_address>0x8ac01</run_address>
         <size>0x56</size>
         <input_file_ref idref="fl-3b"/>
      </object_component>
      <object_component id="oc-316">
         <name>.text</name>
         <load_address>0x8ac57</load_address>
         <run_address>0x8ac57</run_address>
         <size>0x56</size>
         <input_file_ref idref="fl-4c"/>
      </object_component>
      <object_component id="oc-32c">
         <name>.text:_Interrupt_initModule</name>
         <load_address>0x8acad</load_address>
         <run_address>0x8acad</run_address>
         <size>0x54</size>
         <input_file_ref idref="fl-2a"/>
      </object_component>
      <object_component id="oc-33f">
         <name>.text</name>
         <load_address>0x8ad01</load_address>
         <run_address>0x8ad01</run_address>
         <size>0x53</size>
         <input_file_ref idref="fl-65"/>
      </object_component>
      <object_component id="oc-321">
         <name>.text:_GPIO_setPadConfig</name>
         <load_address>0x8ad54</load_address>
         <run_address>0x8ad54</run_address>
         <size>0x52</size>
         <input_file_ref idref="fl-29"/>
      </object_component>
      <object_component id="oc-361">
         <name>.text</name>
         <load_address>0x8ada6</load_address>
         <run_address>0x8ada6</run_address>
         <size>0x4e</size>
         <input_file_ref idref="fl-89"/>
      </object_component>
      <object_component id="oc-312">
         <name>.text:_SysCtl_selectOscSource</name>
         <load_address>0x8adf4</load_address>
         <run_address>0x8adf4</run_address>
         <size>0x4d</size>
         <input_file_ref idref="fl-2d"/>
      </object_component>
      <object_component id="oc-2f5">
         <name>.text:_Interrupt_disable</name>
         <load_address>0x8ae41</load_address>
         <run_address>0x8ae41</run_address>
         <size>0x4a</size>
         <input_file_ref idref="fl-2a"/>
      </object_component>
      <object_component id="oc-2e1">
         <name>.text:_SCI_clearInterruptStatus</name>
         <load_address>0x8ae8b</load_address>
         <run_address>0x8ae8b</run_address>
         <size>0x46</size>
         <input_file_ref idref="fl-2b"/>
      </object_component>
      <object_component id="oc-328">
         <name>.text:_SCI_disableInterrupt</name>
         <load_address>0x8aed1</load_address>
         <run_address>0x8aed1</run_address>
         <size>0x46</size>
         <input_file_ref idref="fl-2b"/>
      </object_component>
      <object_component id="oc-30d">
         <name>.text:_SCI_writeCharArray</name>
         <load_address>0x8af17</load_address>
         <run_address>0x8af17</run_address>
         <size>0x41</size>
         <input_file_ref idref="fl-2b"/>
      </object_component>
      <object_component id="oc-326">
         <name>.text:_SCI_setConfig</name>
         <load_address>0x8af58</load_address>
         <run_address>0x8af58</run_address>
         <size>0x40</size>
         <input_file_ref idref="fl-2b"/>
      </object_component>
      <object_component id="oc-2e9">
         <name>.text</name>
         <load_address>0x8af98</load_address>
         <run_address>0x8af98</run_address>
         <size>0x40</size>
         <input_file_ref idref="fl-81"/>
      </object_component>
      <object_component id="oc-2eb">
         <name>.text</name>
         <load_address>0x8afd8</load_address>
         <run_address>0x8afd8</run_address>
         <size>0x3f</size>
         <input_file_ref idref="fl-82"/>
      </object_component>
      <object_component id="oc-2ef">
         <name>.text</name>
         <load_address>0x8b017</load_address>
         <run_address>0x8b017</run_address>
         <size>0x3e</size>
         <input_file_ref idref="fl-83"/>
      </object_component>
      <object_component id="oc-323">
         <name>.text:_GPIO_setPinConfig</name>
         <load_address>0x8b055</load_address>
         <run_address>0x8b055</run_address>
         <size>0x3d</size>
         <input_file_ref idref="fl-29"/>
      </object_component>
      <object_component id="oc-358">
         <name>.text</name>
         <load_address>0x8b092</load_address>
         <run_address>0x8b092</run_address>
         <size>0x3d</size>
         <input_file_ref idref="fl-79"/>
      </object_component>
      <object_component id="oc-324">
         <name>.text:_GPIO_setMasterCore</name>
         <load_address>0x8b0cf</load_address>
         <run_address>0x8b0cf</run_address>
         <size>0x38</size>
         <input_file_ref idref="fl-29"/>
      </object_component>
      <object_component id="oc-325">
         <name>.text:_GPIO_setQualificationMode</name>
         <load_address>0x8b107</load_address>
         <run_address>0x8b107</run_address>
         <size>0x38</size>
         <input_file_ref idref="fl-29"/>
      </object_component>
      <object_component id="oc-2ec">
         <name>.text</name>
         <load_address>0x8b13f</load_address>
         <run_address>0x8b13f</run_address>
         <size>0x38</size>
         <input_file_ref idref="fl-85"/>
      </object_component>
      <object_component id="oc-31c">
         <name>.text</name>
         <load_address>0x8b177</load_address>
         <run_address>0x8b177</run_address>
         <size>0x34</size>
         <input_file_ref idref="fl-49"/>
      </object_component>
      <object_component id="oc-2f6">
         <name>.text:_Interrupt_enable</name>
         <load_address>0x8b1ab</load_address>
         <run_address>0x8b1ab</run_address>
         <size>0x33</size>
         <input_file_ref idref="fl-2a"/>
      </object_component>
      <object_component id="oc-362">
         <name>.text</name>
         <load_address>0x8b1de</load_address>
         <run_address>0x8b1de</run_address>
         <size>0x33</size>
         <input_file_ref idref="fl-8e"/>
      </object_component>
      <object_component id="oc-322">
         <name>.text:_GPIO_setDirectionMode</name>
         <load_address>0x8b211</load_address>
         <run_address>0x8b211</run_address>
         <size>0x31</size>
         <input_file_ref idref="fl-29"/>
      </object_component>
      <object_component id="oc-351">
         <name>.text</name>
         <load_address>0x8b242</load_address>
         <run_address>0x8b242</run_address>
         <size>0x31</size>
         <input_file_ref idref="fl-59"/>
      </object_component>
      <object_component id="oc-352">
         <name>.text</name>
         <load_address>0x8b273</load_address>
         <run_address>0x8b273</run_address>
         <size>0x2e</size>
         <input_file_ref idref="fl-6d"/>
      </object_component>
      <object_component id="oc-1df">
         <name>.text</name>
         <load_address>0x8b2a1</load_address>
         <run_address>0x8b2a1</run_address>
         <size>0x2a</size>
         <input_file_ref idref="fl-5e"/>
      </object_component>
      <object_component id="oc-158">
         <name>.text</name>
         <load_address>0x8b2cb</load_address>
         <run_address>0x8b2cb</run_address>
         <size>0x2a</size>
         <input_file_ref idref="fl-45"/>
      </object_component>
      <object_component id="oc-2e8">
         <name>.text</name>
         <load_address>0x8b2f5</load_address>
         <run_address>0x8b2f5</run_address>
         <size>0x29</size>
         <input_file_ref idref="fl-41"/>
      </object_component>
      <object_component id="oc-2ea">
         <name>.text</name>
         <load_address>0x8b31e</load_address>
         <run_address>0x8b31e</run_address>
         <size>0x29</size>
         <input_file_ref idref="fl-7f"/>
      </object_component>
      <object_component id="oc-318">
         <name>.text</name>
         <load_address>0x8b348</load_address>
         <run_address>0x8b348</run_address>
         <size>0x25</size>
         <input_file_ref idref="fl-3f"/>
      </object_component>
      <object_component id="oc-2e5">
         <name>.text</name>
         <load_address>0x8b36d</load_address>
         <run_address>0x8b36d</run_address>
         <size>0x24</size>
         <input_file_ref idref="fl-3c"/>
      </object_component>
      <object_component id="oc-2ee">
         <name>.text</name>
         <load_address>0x8b391</load_address>
         <run_address>0x8b391</run_address>
         <size>0x24</size>
         <input_file_ref idref="fl-84"/>
      </object_component>
      <object_component id="oc-35b">
         <name>.text</name>
         <load_address>0x8b3b5</load_address>
         <run_address>0x8b3b5</run_address>
         <size>0x24</size>
         <input_file_ref idref="fl-7b"/>
      </object_component>
      <object_component id="oc-32e">
         <name>.text:_SCI_isFIFOEnabled</name>
         <load_address>0x8b3d9</load_address>
         <run_address>0x8b3d9</run_address>
         <size>0x22</size>
         <input_file_ref idref="fl-2b"/>
      </object_component>
      <object_component id="oc-14d">
         <name>.text</name>
         <load_address>0x8b3fb</load_address>
         <run_address>0x8b3fb</run_address>
         <size>0x22</size>
         <input_file_ref idref="fl-43"/>
      </object_component>
      <object_component id="oc-1f8">
         <name>.text</name>
         <load_address>0x8b41d</load_address>
         <run_address>0x8b41d</run_address>
         <size>0x21</size>
         <input_file_ref idref="fl-63"/>
      </object_component>
      <object_component id="oc-32d">
         <name>.text:_Interrupt_initVectorTable</name>
         <load_address>0x8b43e</load_address>
         <run_address>0x8b43e</run_address>
         <size>0x20</size>
         <input_file_ref idref="fl-2a"/>
      </object_component>
      <object_component id="oc-2f7">
         <name>.text:_SCI_isBaseValid</name>
         <load_address>0x8b45e</load_address>
         <run_address>0x8b45e</run_address>
         <size>0x1f</size>
         <input_file_ref idref="fl-2b"/>
      </object_component>
      <object_component id="oc-1fd">
         <name>.text</name>
         <load_address>0x8b47d</load_address>
         <run_address>0x8b47d</run_address>
         <size>0x1f</size>
         <input_file_ref idref="fl-64"/>
      </object_component>
      <object_component id="oc-221">
         <name>.text</name>
         <load_address>0x8b49c</load_address>
         <run_address>0x8b49c</run_address>
         <size>0x1e</size>
         <input_file_ref idref="fl-6b"/>
      </object_component>
      <object_component id="oc-2f9">
         <name>.text</name>
         <load_address>0x8b4ba</load_address>
         <run_address>0x8b4ba</run_address>
         <size>0x1e</size>
         <input_file_ref idref="fl-46"/>
      </object_component>
      <object_component id="oc-365">
         <name>.text</name>
         <load_address>0x8b4d8</load_address>
         <run_address>0x8b4d8</run_address>
         <size>0x1e</size>
         <input_file_ref idref="fl-8c"/>
      </object_component>
      <object_component id="oc-212">
         <name>.text</name>
         <load_address>0x8b4f6</load_address>
         <run_address>0x8b4f6</run_address>
         <size>0x1d</size>
         <input_file_ref idref="fl-68"/>
      </object_component>
      <object_component id="oc-20d">
         <name>.text</name>
         <load_address>0x8b513</load_address>
         <run_address>0x8b513</run_address>
         <size>0x1c</size>
         <input_file_ref idref="fl-67"/>
      </object_component>
      <object_component id="oc-217">
         <name>.text</name>
         <load_address>0x8b52f</load_address>
         <run_address>0x8b52f</run_address>
         <size>0x1c</size>
         <input_file_ref idref="fl-69"/>
      </object_component>
      <object_component id="oc-330">
         <name>.text:_SCI_isSpaceAvailableNonFIFO</name>
         <load_address>0x8b54b</load_address>
         <run_address>0x8b54b</run_address>
         <size>0x1b</size>
         <input_file_ref idref="fl-2b"/>
      </object_component>
      <object_component id="oc-345">
         <name>.text:_CPUTimer_isBaseValid</name>
         <load_address>0x8b566</load_address>
         <run_address>0x8b566</run_address>
         <size>0x1a</size>
         <input_file_ref idref="fl-28"/>
      </object_component>
      <object_component id="oc-346">
         <name>.text:_SPI_isBaseValid</name>
         <load_address>0x8b580</load_address>
         <run_address>0x8b580</run_address>
         <size>0x1a</size>
         <input_file_ref idref="fl-2c"/>
      </object_component>
      <object_component id="oc-304">
         <name>.text:_SysCtl_getLowSpeedClock</name>
         <load_address>0x8b59a</load_address>
         <run_address>0x8b59a</run_address>
         <size>0x1a</size>
         <input_file_ref idref="fl-2d"/>
      </object_component>
      <object_component id="oc-343">
         <name>.text:_SCI_disableModule</name>
         <load_address>0x8b5b4</load_address>
         <run_address>0x8b5b4</run_address>
         <size>0x19</size>
         <input_file_ref idref="fl-2b"/>
      </object_component>
      <object_component id="oc-2f8">
         <name>.text:_SCI_performSoftwareReset</name>
         <load_address>0x8b5cd</load_address>
         <run_address>0x8b5cd</run_address>
         <size>0x19</size>
         <input_file_ref idref="fl-2b"/>
      </object_component>
      <object_component id="oc-2e7">
         <name>.text</name>
         <load_address>0x8b5e6</load_address>
         <run_address>0x8b5e6</run_address>
         <size>0x19</size>
         <input_file_ref idref="fl-58"/>
      </object_component>
      <object_component id="oc-366">
         <name>.text</name>
         <load_address>0x8b5ff</load_address>
         <run_address>0x8b5ff</run_address>
         <size>0x19</size>
         <input_file_ref idref="fl-8d"/>
      </object_component>
      <object_component id="oc-21c">
         <name>.text</name>
         <load_address>0x8b618</load_address>
         <run_address>0x8b618</run_address>
         <size>0x18</size>
         <input_file_ref idref="fl-6a"/>
      </object_component>
      <object_component id="oc-35c">
         <name>.text</name>
         <load_address>0x8b630</load_address>
         <run_address>0x8b630</run_address>
         <size>0x18</size>
         <input_file_ref idref="fl-7a"/>
      </object_component>
      <object_component id="oc-32f">
         <name>.text:_SCI_getTxFIFOStatus</name>
         <load_address>0x8b648</load_address>
         <run_address>0x8b648</run_address>
         <size>0x15</size>
         <input_file_ref idref="fl-2b"/>
      </object_component>
      <object_component id="oc-344">
         <name>.text:_SCI_enableModule</name>
         <load_address>0x8b65d</load_address>
         <run_address>0x8b65d</run_address>
         <size>0x14</size>
         <input_file_ref idref="fl-2b"/>
      </object_component>
      <object_component id="oc-32a">
         <name>.text:_CPUTimer_setEmulationMode</name>
         <load_address>0x8b671</load_address>
         <run_address>0x8b671</run_address>
         <size>0x13</size>
         <input_file_ref idref="fl-28"/>
      </object_component>
      <object_component id="oc-350">
         <name>.text</name>
         <load_address>0x8b684</load_address>
         <run_address>0x8b684</run_address>
         <size>0x10</size>
         <input_file_ref idref="fl-6f"/>
      </object_component>
      <object_component id="oc-342">
         <name>.text:_GPIO_isPinValid</name>
         <load_address>0x8b694</load_address>
         <run_address>0x8b694</run_address>
         <size>0xe</size>
         <input_file_ref idref="fl-29"/>
      </object_component>
      <object_component id="oc-347">
         <name>.text:_Interrupt_defaultHandler</name>
         <load_address>0x8b6a2</load_address>
         <run_address>0x8b6a2</run_address>
         <size>0xe</size>
         <input_file_ref idref="fl-2a"/>
      </object_component>
      <object_component id="oc-1f3">
         <name>.text</name>
         <load_address>0x8b6b0</load_address>
         <run_address>0x8b6b0</run_address>
         <size>0xe</size>
         <input_file_ref idref="fl-62"/>
      </object_component>
      <object_component id="oc-309">
         <name>.text:_Interrupt_disableMaster</name>
         <load_address>0x8b6be</load_address>
         <run_address>0x8b6be</run_address>
         <size>0xd</size>
         <input_file_ref idref="fl-2a"/>
      </object_component>
      <object_component id="oc-30b">
         <name>.text:_Interrupt_enableMaster</name>
         <load_address>0x8b6cb</load_address>
         <run_address>0x8b6cb</run_address>
         <size>0xd</size>
         <input_file_ref idref="fl-2a"/>
      </object_component>
      <object_component id="oc-357">
         <name>.text</name>
         <load_address>0x8b6d8</load_address>
         <run_address>0x8b6d8</run_address>
         <size>0xd</size>
         <input_file_ref idref="fl-6e"/>
      </object_component>
      <object_component id="oc-356">
         <name>.text</name>
         <load_address>0x8b6e5</load_address>
         <run_address>0x8b6e5</run_address>
         <size>0xc</size>
         <input_file_ref idref="fl-70"/>
      </object_component>
      <object_component id="oc-355">
         <name>.text</name>
         <load_address>0x8b6f1</load_address>
         <run_address>0x8b6f1</run_address>
         <size>0xc</size>
         <input_file_ref idref="fl-73"/>
      </object_component>
      <object_component id="oc-311">
         <name>.text:_SysCtl_isMCDClockFailureDetected</name>
         <load_address>0x8b6fd</load_address>
         <run_address>0x8b6fd</run_address>
         <size>0xb</size>
         <input_file_ref idref="fl-2d"/>
      </object_component>
      <object_component id="oc-364">
         <name>.text</name>
         <load_address>0x8b708</load_address>
         <run_address>0x8b708</run_address>
         <size>0xa</size>
         <input_file_ref idref="fl-8b"/>
      </object_component>
      <object_component id="oc-313">
         <name>.text:_SysCtl_serviceWatchdog</name>
         <load_address>0x8b712</load_address>
         <run_address>0x8b712</run_address>
         <size>0x9</size>
         <input_file_ref idref="fl-2d"/>
      </object_component>
      <object_component id="oc-310">
         <name>.text</name>
         <load_address>0x8b71b</load_address>
         <run_address>0x8b71b</run_address>
         <size>0x9</size>
         <input_file_ref idref="fl-56"/>
      </object_component>
      <object_component id="oc-1ee">
         <name>.text</name>
         <load_address>0x8b724</load_address>
         <run_address>0x8b724</run_address>
         <size>0x9</size>
         <input_file_ref idref="fl-61"/>
      </object_component>
      <object_component id="oc-2fd">
         <name>.text</name>
         <load_address>0x8b72d</load_address>
         <run_address>0x8b72d</run_address>
         <size>0x8</size>
         <input_file_ref idref="fl-75"/>
      </object_component>
      <object_component id="oc-363">
         <name>.text</name>
         <load_address>0x8b735</load_address>
         <run_address>0x8b735</run_address>
         <size>0x3</size>
         <input_file_ref idref="fl-8a"/>
      </object_component>
      <object_component id="oc-349">
         <name>.text:_Interrupt_illegalOperationHandler</name>
         <load_address>0x8b738</load_address>
         <run_address>0x8b738</run_address>
         <size>0x2</size>
         <input_file_ref idref="fl-2a"/>
      </object_component>
      <object_component id="oc-348">
         <name>.text:_Interrupt_nmiHandler</name>
         <load_address>0x8b73a</load_address>
         <run_address>0x8b73a</run_address>
         <size>0x2</size>
         <input_file_ref idref="fl-2a"/>
      </object_component>
      <object_component id="oc-2e4">
         <name>.text</name>
         <load_address>0x8b73c</load_address>
         <run_address>0x8b73c</run_address>
         <size>0x2</size>
         <input_file_ref idref="fl-48"/>
      </object_component>
      <object_component id="oc-22">
         <name>codestart</name>
         <load_address>0x80000</load_address>
         <run_address>0x80000</run_address>
         <size>0x2</size>
         <input_file_ref idref="fl-20"/>
      </object_component>
      <object_component id="oc-121">
         <name>.stack</name>
         <uninitialized>true</uninitialized>
         <run_address>0x400</run_address>
         <size>0x0</size>
         <input_file_ref idref="fl-3b"/>
      </object_component>
      <object_component id="oc-394">
         <name>.stack</name>
         <uninitialized>true</uninitialized>
         <run_address>0x400</run_address>
         <size>0x0</size>
      </object_component>
      <object_component id="oc-33">
         <name>.ebss</name>
         <uninitialized>true</uninitialized>
         <run_address>0xad20</run_address>
         <size>0x16</size>
         <input_file_ref idref="fl-4"/>
      </object_component>
      <object_component id="oc-78">
         <name>.ebss</name>
         <uninitialized>true</uninitialized>
         <run_address>0xad36</run_address>
         <size>0xa</size>
         <input_file_ref idref="fl-d"/>
      </object_component>
      <object_component id="oc-54">
         <name>.ebss</name>
         <uninitialized>true</uninitialized>
         <run_address>0xad40</run_address>
         <size>0x23f</size>
         <input_file_ref idref="fl-8"/>
      </object_component>
      <object_component id="oc-13f">
         <name>.ebss</name>
         <uninitialized>true</uninitialized>
         <run_address>0xaf7f</run_address>
         <size>0x1</size>
         <input_file_ref idref="fl-40"/>
      </object_component>
      <object_component id="oc-ae">
         <name>.ebss</name>
         <uninitialized>true</uninitialized>
         <run_address>0xaf80</run_address>
         <size>0x2e</size>
         <input_file_ref idref="fl-15"/>
      </object_component>
      <object_component id="oc-99">
         <name>.ebss</name>
         <uninitialized>true</uninitialized>
         <run_address>0xafae</run_address>
         <size>0x8</size>
         <input_file_ref idref="fl-12"/>
      </object_component>
      <object_component id="oc-296">
         <name>.ebss</name>
         <uninitialized>true</uninitialized>
         <run_address>0xafb6</run_address>
         <size>0x8</size>
         <input_file_ref idref="fl-81"/>
      </object_component>
      <object_component id="oc-2fb">
         <name>.ebss:__lock</name>
         <uninitialized>true</uninitialized>
         <run_address>0xafbe</run_address>
         <size>0x2</size>
         <input_file_ref idref="fl-56"/>
      </object_component>
      <object_component id="oc-6f">
         <name>.ebss</name>
         <uninitialized>true</uninitialized>
         <run_address>0xafc0</run_address>
         <size>0x22</size>
         <input_file_ref idref="fl-c"/>
      </object_component>
      <object_component id="oc-44">
         <name>.ebss</name>
         <uninitialized>true</uninitialized>
         <run_address>0xafe2</run_address>
         <size>0x16</size>
         <input_file_ref idref="fl-6"/>
      </object_component>
      <object_component id="oc-165">
         <name>.ebss</name>
         <uninitialized>true</uninitialized>
         <run_address>0xaff8</run_address>
         <size>0x8</size>
         <input_file_ref idref="fl-47"/>
      </object_component>
      <object_component id="oc-7f">
         <name>.ebss</name>
         <uninitialized>true</uninitialized>
         <run_address>0xc000</run_address>
         <size>0xc40</size>
         <input_file_ref idref="fl-e"/>
      </object_component>
      <object_component id="oc-5c">
         <name>.ebss</name>
         <uninitialized>true</uninitialized>
         <run_address>0xcc40</run_address>
         <size>0x23f</size>
         <input_file_ref idref="fl-9"/>
      </object_component>
      <object_component id="oc-286">
         <name>.ebss</name>
         <uninitialized>true</uninitialized>
         <run_address>0xce7f</run_address>
         <size>0x1</size>
         <input_file_ref idref="fl-7e"/>
      </object_component>
      <object_component id="oc-1d1">
         <name>.ebss</name>
         <uninitialized>true</uninitialized>
         <run_address>0xce80</run_address>
         <size>0x160</size>
         <input_file_ref idref="fl-5b"/>
      </object_component>
      <object_component id="oc-143">
         <name>.ebss</name>
         <uninitialized>true</uninitialized>
         <run_address>0xcfe0</run_address>
         <size>0x6</size>
         <input_file_ref idref="fl-41"/>
      </object_component>
      <object_component id="oc-3c">
         <name>.ebss</name>
         <uninitialized>true</uninitialized>
         <run_address>0xcfe6</run_address>
         <size>0x4</size>
         <input_file_ref idref="fl-5"/>
      </object_component>
      <object_component id="oc-2ff">
         <name>.ebss:__unlock</name>
         <uninitialized>true</uninitialized>
         <run_address>0xcfea</run_address>
         <size>0x2</size>
         <input_file_ref idref="fl-56"/>
      </object_component>
      <object_component id="oc-a6">
         <name>.ebss</name>
         <uninitialized>true</uninitialized>
         <run_address>0xcfec</run_address>
         <size>0x2</size>
         <input_file_ref idref="fl-14"/>
      </object_component>
      <object_component id="oc-2b1">
         <name>.ebss</name>
         <uninitialized>true</uninitialized>
         <run_address>0xcfee</run_address>
         <size>0x1</size>
         <input_file_ref idref="fl-86"/>
      </object_component>
      <object_component id="oc-96">
         <name>.ebss</name>
         <uninitialized>true</uninitialized>
         <run_address>0xd000</run_address>
         <size>0x800</size>
         <input_file_ref idref="fl-11"/>
      </object_component>
      <object_component id="oc-2b">
         <name>.ebss</name>
         <uninitialized>true</uninitialized>
         <run_address>0xd800</run_address>
         <size>0xc0</size>
         <input_file_ref idref="fl-3"/>
      </object_component>
      <object_component id="oc-87">
         <name>.ebss</name>
         <uninitialized>true</uninitialized>
         <run_address>0xd8c0</run_address>
         <size>0xc0</size>
         <input_file_ref idref="fl-f"/>
      </object_component>
      <object_component id="oc-8f">
         <name>.ebss</name>
         <uninitialized>true</uninitialized>
         <run_address>0xd980</run_address>
         <size>0xc0</size>
         <input_file_ref idref="fl-10"/>
      </object_component>
      <object_component id="oc-4c">
         <name>.ebss</name>
         <uninitialized>true</uninitialized>
         <run_address>0xda40</run_address>
         <size>0xbf</size>
         <input_file_ref idref="fl-7"/>
      </object_component>
      <object_component id="oc-27f">
         <name>.ebss</name>
         <uninitialized>true</uninitialized>
         <run_address>0xdb00</run_address>
         <size>0x88</size>
         <input_file_ref idref="fl-7d"/>
      </object_component>
      <object_component id="oc-164">
         <name>.esysmem</name>
         <uninitialized>true</uninitialized>
         <run_address>0xa800</run_address>
         <size>0x1</size>
         <input_file_ref idref="fl-47"/>
      </object_component>
      <object_component id="oc-395">
         <name>.esysmem</name>
         <uninitialized>true</uninitialized>
         <run_address>0xa800</run_address>
         <size>0x0</size>
      </object_component>
      <object_component id="oc-2b7">
         <name>.cio</name>
         <uninitialized>true</uninitialized>
         <run_address>0xac00</run_address>
         <size>0x120</size>
         <input_file_ref idref="fl-87"/>
      </object_component>
      <object_component id="oc-b4">
         <name>dclfuncs</name>
         <load_address>0x80002</load_address>
         <run_address>0x80002</run_address>
         <size>0xaf</size>
         <input_file_ref idref="fl-16"/>
      </object_component>
      <object_component id="oc-ca">
         <name>dclfuncs</name>
         <load_address>0x800b1</load_address>
         <run_address>0x800b1</run_address>
         <size>0x9d</size>
         <input_file_ref idref="fl-1a"/>
      </object_component>
      <object_component id="oc-bf">
         <name>dclfuncs</name>
         <load_address>0x8014e</load_address>
         <run_address>0x8014e</run_address>
         <size>0x79</size>
         <input_file_ref idref="fl-18"/>
      </object_component>
      <object_component id="oc-da">
         <name>dclfuncs</name>
         <load_address>0x801c7</load_address>
         <run_address>0x801c7</run_address>
         <size>0x67</size>
         <input_file_ref idref="fl-1d"/>
      </object_component>
      <object_component id="oc-d5">
         <name>dclfuncs</name>
         <load_address>0x8022e</load_address>
         <run_address>0x8022e</run_address>
         <size>0x3a</size>
         <input_file_ref idref="fl-1c"/>
      </object_component>
      <object_component id="oc-63">
         <name>.econst:.string</name>
         <load_address>0x90000</load_address>
         <run_address>0x90000</run_address>
         <size>0x225</size>
         <input_file_ref idref="fl-a"/>
      </object_component>
      <object_component id="oc-34">
         <name>.econst</name>
         <load_address>0x90225</load_address>
         <run_address>0x90225</run_address>
         <size>0x1</size>
         <input_file_ref idref="fl-4"/>
      </object_component>
      <object_component id="oc-af">
         <name>.econst:.string</name>
         <load_address>0x90226</load_address>
         <run_address>0x90226</run_address>
         <size>0x113</size>
         <input_file_ref idref="fl-15"/>
      </object_component>
      <object_component id="oc-71">
         <name>.econst:.string</name>
         <load_address>0x9033a</load_address>
         <run_address>0x9033a</run_address>
         <size>0x10f</size>
         <input_file_ref idref="fl-c"/>
      </object_component>
      <object_component id="oc-35a">
         <name>.econst:.string:__ctypes_</name>
         <load_address>0x90449</load_address>
         <run_address>0x90449</run_address>
         <size>0x101</size>
         <input_file_ref idref="fl-5a"/>
      </object_component>
      <object_component id="oc-102">
         <name>.econst:.string</name>
         <load_address>0x9054a</load_address>
         <run_address>0x9054a</run_address>
         <size>0xc8</size>
         <input_file_ref idref="fl-29"/>
      </object_component>
      <object_component id="oc-10e">
         <name>.econst:.string</name>
         <load_address>0x90612</load_address>
         <run_address>0x90612</run_address>
         <size>0xc7</size>
         <input_file_ref idref="fl-2b"/>
      </object_component>
      <object_component id="oc-88">
         <name>.econst:.string</name>
         <load_address>0x906da</load_address>
         <run_address>0x906da</run_address>
         <size>0xbf</size>
         <input_file_ref idref="fl-f"/>
      </object_component>
      <object_component id="oc-3d">
         <name>.econst:.string</name>
         <load_address>0x9079a</load_address>
         <run_address>0x9079a</run_address>
         <size>0x8c</size>
         <input_file_ref idref="fl-5"/>
[...]
      </symbol>
      <symbol id="sm-a26">
         <name>___ldexp_expf</name>
         <value>0x89f6d</value>
         <object_component_ref idref="oc-337"/>
      </symbol>
      <symbol id="sm-a27">
         <name>___ldexp_cexpf</name>
         <value>0x89f87</value>
         <object_component_ref idref="oc-337"/>
      </symbol>
      <symbol id="sm-a33">
         <name>UL$$MOD</name>
         <value>0x8b2ef</value>
         <object_component_ref idref="oc-158"/>
      </symbol>
      <symbol id="sm-a34">
         <name>L$$MOD</name>
         <value>0x8b2da</value>
         <object_component_ref idref="oc-158"/>
      </symbol>
      <symbol id="sm-a35">
         <name>L$$DIV</name>
         <value>0x8b2cb</value>
         <object_component_ref idref="oc-158"/>
      </symbol>
      <symbol id="sm-a36">
         <name>UL$$DIV</name>
         <value>0x8b2e8</value>
         <object_component_ref idref="oc-158"/>
      </symbol>
      <symbol id="sm-a47">
         <name>_memcpy</name>
         <value>0x8b4ba</value>
         <object_component_ref idref="oc-2f9"/>
      </symbol>
      <symbol id="sm-a8e">
         <name>__sys_memory</name>
         <value>0xa800</value>
         <object_component_ref idref="oc-164"/>
      </symbol>
      <symbol id="sm-a8f">
         <name>_chkheap</name>
         <value>0x88e96</value>
         <object_component_ref idref="oc-35d"/>
      </symbol>
      <symbol id="sm-a90">
         <name>_realloc</name>
         <value>0x88da4</value>
         <object_component_ref idref="oc-35d"/>
      </symbol>
      <symbol id="sm-a91">
         <name>_free_memory</name>
         <value>0x88e78</value>
         <object_component_ref idref="oc-35d"/>
      </symbol>
      <symbol id="sm-a92">
         <name>_max_free</name>
         <value>0x88e56</value>
         <object_component_ref idref="oc-35d"/>
      </symbol>
      <symbol id="sm-a93">
         <name>_free</name>
         <value>0x88cdd</value>
         <object_component_ref idref="oc-35d"/>
      </symbol>
      <symbol id="sm-a94">
         <name>_calloc</name>
         <value>0x88e98</value>
         <object_component_ref idref="oc-35d"/>
      </symbol>
      <symbol id="sm-a95">
         <name>_malloc</name>
         <value>0x88d46</value>
         <object_component_ref idref="oc-35d"/>
      </symbol>
      <symbol id="sm-a96">
         <name>_minit</name>
         <value>0x88d21</value>
         <object_component_ref idref="oc-35d"/>
      </symbol>
      <symbol id="sm-aa2">
         <name>__system_pre_init</name>
         <value>0x8b73c</value>
         <object_component_ref idref="oc-2e4"/>
      </symbol>
      <symbol id="sm-ab2">
         <name>_printf</name>
         <value>0x8b17d</value>
         <object_component_ref idref="oc-31c"/>
      </symbol>
      <symbol id="sm-ac9">
         <name>_asinh</name>
         <value>0x8a68b</value>
         <object_component_ref idref="oc-31a"/>
      </symbol>
      <symbol id="sm-aca">
         <name>_asinhf</name>
         <value>0x8a68b</value>
         <object_component_ref idref="oc-31a"/>
      </symbol>
      <symbol id="sm-aef">
         <name>_atan</name>
         <value>0x89e87</value>
         <object_component_ref idref="oc-31b"/>
      </symbol>
      <symbol id="sm-af0">
         <name>_atanf</name>
         <value>0x89e87</value>
         <object_component_ref idref="oc-31b"/>
      </symbol>
      <symbol id="sm-b06">
         <name>_ceilf</name>
         <value>0x8ac57</value>
         <object_component_ref idref="oc-316"/>
      </symbol>
      <symbol id="sm-b07">
         <name>_ceil</name>
         <value>0x8ac57</value>
         <object_component_ref idref="oc-316"/>
      </symbol>
      <symbol id="sm-b13">
         <name>_copysignf</name>
         <value>0x87fef</value>
         <object_component_ref idref="oc-338"/>
      </symbol>
      <symbol id="sm-b14">
         <name>_copysign</name>
         <value>0x87fef</value>
         <object_component_ref idref="oc-338"/>
      </symbol>
      <symbol id="sm-b22">
         <name>_cos</name>
         <value>0x8a97b</value>
         <object_component_ref idref="oc-314"/>
      </symbol>
      <symbol id="sm-b23">
         <name>_cosf</name>
         <value>0x8a97b</value>
         <object_component_ref idref="oc-314"/>
      </symbol>
      <symbol id="sm-b52">
         <name>_expm1f</name>
         <value>0x8935f</value>
         <object_component_ref idref="oc-339"/>
      </symbol>
      <symbol id="sm-b53">
         <name>_expm1</name>
         <value>0x8935f</value>
         <object_component_ref idref="oc-339"/>
      </symbol>
      <symbol id="sm-b69">
         <name>_floorf</name>
         <value>0x8abaa</value>
         <object_component_ref idref="oc-315"/>
      </symbol>
      <symbol id="sm-b6a">
         <name>_floor</name>
         <value>0x8abaa</value>
         <object_component_ref idref="oc-315"/>
      </symbol>
      <symbol id="sm-b98">
         <name>_log1p</name>
         <value>0x891e8</value>
         <object_component_ref idref="oc-33a"/>
      </symbol>
      <symbol id="sm-b99">
         <name>_log1pf</name>
         <value>0x891e8</value>
         <object_component_ref idref="oc-33a"/>
      </symbol>
      <symbol id="sm-bb0">
         <name>_scalbn</name>
         <value>0x8a8b8</value>
         <object_component_ref idref="oc-335"/>
      </symbol>
      <symbol id="sm-bb1">
         <name>_ldexp</name>
         <value>0x8a8b8</value>
         <object_component_ref idref="oc-335"/>
      </symbol>
      <symbol id="sm-bb2">
         <name>_scalbnf</name>
         <value>0x8a8b8</value>
         <object_component_ref idref="oc-335"/>
      </symbol>
      <symbol id="sm-bb3">
         <name>_ldexpf</name>
         <value>0x8a8b8</value>
         <object_component_ref idref="oc-335"/>
      </symbol>
      <symbol id="sm-bc0">
         <name>_sin</name>
         <value>0x8ab52</value>
         <object_component_ref idref="oc-34d"/>
      </symbol>
      <symbol id="sm-bc1">
         <name>_sinf</name>
         <value>0x8ab52</value>
         <object_component_ref idref="oc-34d"/>
      </symbol>
      <symbol id="sm-bd0">
         <name>_tanf</name>
         <value>0x8a9dc</value>
         <object_component_ref idref="oc-31d"/>
      </symbol>
      <symbol id="sm-bd1">
         <name>_tan</name>
         <value>0x8a9dc</value>
         <object_component_ref idref="oc-31d"/>
      </symbol>
      <symbol id="sm-bdd">
         <name>__system_post_cinit</name>
         <value>0x83fff</value>
         <object_component_ref idref="oc-2e6"/>
      </symbol>
      <symbol id="sm-bf1">
         <name>__unlock</name>
         <value>0xcfea</value>
         <object_component_ref idref="oc-2ff"/>
      </symbol>
      <symbol id="sm-bf2">
         <name>__lock</name>
         <value>0xafbe</value>
         <object_component_ref idref="oc-2fb"/>
      </symbol>
      <symbol id="sm-bf3">
         <name>__register_lock</name>
         <value>0x8b71f</value>
         <object_component_ref idref="oc-310"/>
      </symbol>
      <symbol id="sm-bf4">
         <name>__nop</name>
         <value>0x8b723</value>
         <object_component_ref idref="oc-310"/>
      </symbol>
      <symbol id="sm-bf5">
         <name>__register_unlock</name>
         <value>0x8b71b</value>
         <object_component_ref idref="oc-310"/>
      </symbol>
      <symbol id="sm-d20">
         <name>___TI_printfi</name>
         <value>0x86ae7</value>
         <object_component_ref idref="oc-341"/>
      </symbol>
      <symbol id="sm-d2f">
         <name>__args_main</name>
         <value>0x8b5e6</value>
         <object_component_ref idref="oc-2e7"/>
      </symbol>
      <symbol id="sm-d43">
         <name>_atoi</name>
         <value>0x8b242</value>
         <object_component_ref idref="oc-351"/>
      </symbol>
      <symbol id="sm-d4b">
         <name>__ctypes_</name>
         <value>0x90449</value>
         <object_component_ref idref="oc-35a"/>
      </symbol>
      <symbol id="sm-d56">
         <name>___TI_ft_end</name>
         <value>0xce80</value>
         <object_component_ref idref="oc-1d1"/>
      </symbol>
      <symbol id="sm-d57">
         <name>___TI_tmpnams</name>
         <value>0xcf40</value>
         <object_component_ref idref="oc-1d1"/>
      </symbol>
      <symbol id="sm-d58">
         <name>__ftable</name>
         <value>0xcec0</value>
         <object_component_ref idref="oc-1d1"/>
      </symbol>
      <symbol id="sm-d86">
         <name>_exp</name>
         <value>0x89b77</value>
         <object_component_ref idref="oc-336"/>
      </symbol>
      <symbol id="sm-d87">
         <name>_expf</name>
         <value>0x89b77</value>
         <object_component_ref idref="oc-336"/>
      </symbol>
      <symbol id="sm-dad">
         <name>_logf</name>
         <value>0x895f1</value>
         <object_component_ref idref="oc-33b"/>
      </symbol>
      <symbol id="sm-dae">
         <name>_log</name>
         <value>0x895f1</value>
         <object_component_ref idref="oc-33b"/>
      </symbol>
      <symbol id="sm-dbe">
         <name>FD$$CMP</name>
         <value>0x8b2a1</value>
         <object_component_ref idref="oc-1df"/>
      </symbol>
      <symbol id="sm-dd5">
         <name>FD$$DIV</name>
         <value>0x83f6f</value>
         <object_component_ref idref="oc-1e4"/>
      </symbol>
      <symbol id="sm-de7">
         <name>FD$$MPY</name>
         <value>0x8a586</value>
         <object_component_ref idref="oc-1e9"/>
      </symbol>
      <symbol id="sm-df4">
         <name>FD$$NEG</name>
         <value>0x8b724</value>
         <object_component_ref idref="oc-1ee"/>
      </symbol>
      <symbol id="sm-e00">
         <name>FD$$SUB</name>
         <value>0x8b6b0</value>
         <object_component_ref idref="oc-1f3"/>
      </symbol>
      <symbol id="sm-e0f">
         <name>FD$$TOI</name>
         <value>0x8b41d</value>
         <object_component_ref idref="oc-1f8"/>
      </symbol>
      <symbol id="sm-e1e">
         <name>FD$$TOL</name>
         <value>0x8b47d</value>
         <object_component_ref idref="oc-1fd"/>
      </symbol>
      <symbol id="sm-e31">
         <name>_putchar</name>
         <value>0x8ad4f</value>
         <object_component_ref idref="oc-33f"/>
      </symbol>
      <symbol id="sm-e32">
         <name>_putc</name>
         <value>0x8ad01</value>
         <object_component_ref idref="oc-33f"/>
      </symbol>
      <symbol id="sm-e33">
         <name>_fputc</name>
         <value>0x8ad01</value>
         <object_component_ref idref="oc-33f"/>
      </symbol>
      <symbol id="sm-e50">
         <name>_puts</name>
         <value>0x8a168</value>
         <object_component_ref idref="oc-340"/>
      </symbol>
      <symbol id="sm-e51">
         <name>_fputs</name>
         <value>0x8a0cb</value>
         <object_component_ref idref="oc-340"/>
      </symbol>
      <symbol id="sm-e61">
         <name>FS$$TOFD</name>
         <value>0x8b513</value>
         <object_component_ref idref="oc-20d"/>
      </symbol>
      <symbol id="sm-e71">
         <name>I$$TOFD</name>
         <value>0x8b4f6</value>
         <object_component_ref idref="oc-212"/>
      </symbol>
      <symbol id="sm-e81">
         <name>L$$TOFD</name>
         <value>0x8b52f</value>
         <object_component_ref idref="oc-217"/>
      </symbol>
      <symbol id="sm-e8d">
         <name>LL$$AND</name>
         <value>0x8b618</value>
         <object_component_ref idref="oc-21c"/>
      </symbol>
      <symbol id="sm-e8e">
         <name>LL$$OR</name>
         <value>0x8b620</value>
         <object_component_ref idref="oc-21c"/>
      </symbol>
      <symbol id="sm-e8f">
         <name>LL$$XOR</name>
         <value>0x8b628</value>
         <object_component_ref idref="oc-21c"/>
      </symbol>
      <symbol id="sm-e9d">
         <name>ULL$$CMP</name>
         <value>0x8b4ae</value>
         <object_component_ref idref="oc-221"/>
      </symbol>
      <symbol id="sm-e9e">
         <name>LL$$CMP</name>
         <value>0x8b49c</value>
         <object_component_ref idref="oc-221"/>
      </symbol>
      <symbol id="sm-eca">
         <name>ULL$$MOD</name>
         <value>0x89d2c</value>
         <object_component_ref idref="oc-226"/>
      </symbol>
      <symbol id="sm-ecb">
         <name>ULL$$DIV</name>
         <value>0x89cfd</value>
         <object_component_ref idref="oc-226"/>
      </symbol>
      <symbol id="sm-ecc">
         <name>LL$$MOD</name>
         <value>0x89cc3</value>
         <object_component_ref idref="oc-226"/>
      </symbol>
      <symbol id="sm-ecd">
         <name>LL$$DIV</name>
         <value>0x89c87</value>
         <object_component_ref idref="oc-226"/>
      </symbol>
      <symbol id="sm-edb">
         <name>_ltoa</name>
         <value>0x8b273</value>
         <object_component_ref idref="oc-352"/>
      </symbol>
      <symbol id="sm-eea">
         <name>_memccpy</name>
         <value>0x8b6d8</value>
         <object_component_ref idref="oc-357"/>
      </symbol>
      <symbol id="sm-ef9">
         <name>_memchr</name>
         <value>0x8b684</value>
         <object_component_ref idref="oc-350"/>
      </symbol>
      <symbol id="sm-f07">
         <name>_memset</name>
         <value>0x8b6e5</value>
         <object_component_ref idref="oc-356"/>
      </symbol>
      <symbol id="sm-f1a">
         <name>_frexpl</name>
         <value>0x8aaf8</value>
         <object_component_ref idref="oc-353"/>
      </symbol>
      <symbol id="sm-f37">
         <name>_scalbnl</name>
         <value>0x8a00f</value>
         <object_component_ref idref="oc-354"/>
      </symbol>
      <symbol id="sm-f38">
         <name>_ldexpl</name>
         <value>0x8a00f</value>
         <object_component_ref idref="oc-354"/>
      </symbol>
      <symbol id="sm-f47">
         <name>_strchr</name>
         <value>0x8b6f1</value>
         <object_component_ref idref="oc-355"/>
      </symbol>
      <symbol id="sm-f54">
         <name>_strcpy</name>
         <value>0x83ffa</value>
         <object_component_ref idref="oc-301"/>
      </symbol>
      <symbol id="sm-f61">
         <name>_strlen</name>
         <value>0x8b72d</value>
         <object_component_ref idref="oc-2fd"/>
      </symbol>
      <symbol id="sm-f78">
         <name>___TI_rd_ok</name>
         <value>0x8a88c</value>
         <object_component_ref idref="oc-34e"/>
      </symbol>
      <symbol id="sm-f79">
         <name>___TI_wrt_ok</name>
         <value>0x8a851</value>
         <object_component_ref idref="oc-34e"/>
      </symbol>
      <symbol id="sm-f94">
         <name>FD$$ADD</name>
         <value>0x8a225</value>
         <object_component_ref idref="oc-25f"/>
      </symbol>
      <symbol id="sm-faa">
         <name>___TI_doflush</name>
         <value>0x8a6ff</value>
         <object_component_ref idref="oc-34f"/>
      </symbol>
      <symbol id="sm-fab">
         <name>_fflush</name>
         <value>0x8a72e</value>
         <object_component_ref idref="oc-34f"/>
      </symbol>
      <symbol id="sm-fbb">
         <name>_fseek</name>
         <value>0x8b092</value>
         <object_component_ref idref="oc-358"/>
      </symbol>
      <symbol id="sm-fc8">
         <name>_lseek</name>
         <value>0x8b630</value>
         <object_component_ref idref="oc-35c"/>
      </symbol>
      <symbol id="sm-fd5">
         <name>_copysignl</name>
         <value>0x8b3b5</value>
         <object_component_ref idref="oc-35b"/>
      </symbol>
      <symbol id="sm-feb">
         <name>_setvbuf</name>
         <value>0x8a3f0</value>
         <object_component_ref idref="oc-359"/>
      </symbol>
      <symbol id="sm-ffb">
         <name>__device</name>
         <value>0xdb40</value>
         <object_component_ref idref="oc-27f"/>
      </symbol>
      <symbol id="sm-ffc">
         <name>__stream</name>
         <value>0xdb00</value>
         <object_component_ref idref="oc-27f"/>
      </symbol>
      <symbol id="sm-1031">
         <name>_fopen</name>
         <value>0x89e41</value>
         <object_component_ref idref="oc-35e"/>
      </symbol>
      <symbol id="sm-1032">
         <name>___TI_cleanup</name>
         <value>0x89e06</value>
         <object_component_ref idref="oc-35e"/>
      </symbol>
      <symbol id="sm-1033">
         <name>_freopen</name>
         <value>0x89e23</value>
         <object_component_ref idref="oc-35e"/>
      </symbol>
      <symbol id="sm-103f">
         <name>_HOSTclose</name>
         <value>0x8b31e</value>
         <object_component_ref idref="oc-2ea"/>
      </symbol>
      <symbol id="sm-104b">
         <name>_HOSTlseek</name>
         <value>0x8a91a</value>
         <object_component_ref idref="oc-2ed"/>
      </symbol>
      <symbol id="sm-105a">
         <name>_parmbuf</name>
         <value>0xafb6</value>
         <object_component_ref idref="oc-296"/>
      </symbol>
      <symbol id="sm-105b">
         <name>_HOSTopen</name>
         <value>0x8af98</value>
         <object_component_ref idref="oc-2e9"/>
      </symbol>
      <symbol id="sm-1068">
         <name>_HOSTread</name>
         <value>0x8afd8</value>
         <object_component_ref idref="oc-2eb"/>
      </symbol>
      <symbol id="sm-1074">
         <name>_HOSTrename</name>
         <value>0x8b017</value>
         <object_component_ref idref="oc-2ef"/>
      </symbol>
      <symbol id="sm-1080">
         <name>_HOSTunlink</name>
         <value>0x8b391</value>
         <object_component_ref idref="oc-2ee"/>
      </symbol>
      <symbol id="sm-108d">
         <name>_HOSTwrite</name>
         <value>0x8b13f</value>
         <object_component_ref idref="oc-2ec"/>
      </symbol>
      <symbol id="sm-10a8">
         <name>_open</name>
         <value>0x8a772</value>
         <object_component_ref idref="oc-35f"/>
      </symbol>
      <symbol id="sm-10c1">
         <name>___TI_readmsg</name>
         <value>0x8a3b4</value>
         <object_component_ref idref="oc-2fe"/>
      </symbol>
      <symbol id="sm-10c2">
         <name>C$$IO$$</name>
         <value>0x8a3af</value>
         <object_component_ref idref="oc-2fe"/>
      </symbol>
      <symbol id="sm-10c3">
         <name>__CIOBUF_</name>
         <value>0xac00</value>
         <object_component_ref idref="oc-2b7"/>
      </symbol>
      <symbol id="sm-10c4">
         <name>___TI_writemsg</name>
         <value>0x8a35c</value>
         <object_component_ref idref="oc-2fe"/>
      </symbol>
      <symbol id="sm-10d5">
         <name>___TI_closefile</name>
         <value>0x8aa3d</value>
         <object_component_ref idref="oc-360"/>
      </symbol>
      <symbol id="sm-10d6">
         <name>_fclose</name>
         <value>0x8aa81</value>
         <object_component_ref idref="oc-360"/>
      </symbol>
      <symbol id="sm-10e8">
         <name>_finddevice</name>
         <value>0x8ada6</value>
         <object_component_ref idref="oc-361"/>
      </symbol>
      <symbol id="sm-10e9">
         <name>_getdevice</name>
         <value>0x8adc2</value>
         <object_component_ref idref="oc-361"/>
      </symbol>
      <symbol id="sm-10f5">
         <name>_remove</name>
         <value>0x8b735</value>
         <object_component_ref idref="oc-363"/>
      </symbol>
      <symbol id="sm-1103">
         <name>_strcmp</name>
         <value>0x8b708</value>
         <object_component_ref idref="oc-364"/>
      </symbol>
      <symbol id="sm-1113">
         <name>_strncpy</name>
         <value>0x8b4d8</value>
         <object_component_ref idref="oc-365"/>
      </symbol>
      <symbol id="sm-111f">
         <name>_unlink</name>
         <value>0x8b5ff</value>
         <object_component_ref idref="oc-366"/>
      </symbol>
      <symbol id="sm-112f">
         <name>_close</name>
         <value>0x8b1de</value>
         <object_component_ref idref="oc-362"/>
      </symbol>
   </symbol_table>
   <title>Link errors: red sections failed placement</title>
</link_info>
