Archive member included to satisfy reference by file (symbol)

.\CortexM0\ARM_GCC_541\Release\Prototype.a(QuadDec.o)
                              .\CortexM0\ARM_GCC_541\Release\main.o (QuadDec_Start)
.\CortexM0\ARM_GCC_541\Release\Prototype.a(PWM.o)
                              .\CortexM0\ARM_GCC_541\Release\motor.o (PWM_Start)
.\CortexM0\ARM_GCC_541\Release\Prototype.a(PID_ISR.o)
                              .\CortexM0\ARM_GCC_541\Release\main.o (PID_ISR_StartEx)
.\CortexM0\ARM_GCC_541\Release\Prototype.a(Motor_Dir.o)
                              .\CortexM0\ARM_GCC_541\Release\motor.o (Motor_Dir_Write)
.\CortexM0\ARM_GCC_541\Release\Prototype.a(LED.o)
                              .\CortexM0\ARM_GCC_541\Release\nRF24_Adapter.o (LED_Write)
.\CortexM0\ARM_GCC_541\Release\Prototype.a(CyLib.o)
                              .\CortexM0\ARM_GCC_541\Release\cyfitter_cfg.o (CySysClkWriteImoFreq)
.\CortexM0\ARM_GCC_541\Release\Prototype.a(CyLFClk.o)
                              .\CortexM0\ARM_GCC_541\Release\Prototype.a(CyLib.o) (CySysClkWcoEnabled)
.\CortexM0\ARM_GCC_541\Release\Prototype.a(PID_Tick_Timer.o)
                              .\CortexM0\ARM_GCC_541\Release\main.o (PID_Tick_Timer_Start)
.\CortexM0\ARM_GCC_541\Release\Prototype.a(USB_UART.o)
                              .\CortexM0\ARM_GCC_541\Release\main.o (USB_UART_Start)
.\CortexM0\ARM_GCC_541\Release\Prototype.a(USB_UART_SPI_UART.o)
                              .\CortexM0\ARM_GCC_541\Release\modbusRTU.o (USB_UART_SpiUartGetRxBufferSize)
.\CortexM0\ARM_GCC_541\Release\Prototype.a(USB_UART_UART.o)
                              .\CortexM0\ARM_GCC_541\Release\Prototype.a(USB_UART.o) (USB_UART_UartInit)
.\CortexM0\ARM_GCC_541\Release\Prototype.a(Millis_TMR.o)
                              .\CortexM0\ARM_GCC_541\Release\millis.o (Millis_TMR_Start)
.\CortexM0\ARM_GCC_541\Release\Prototype.a(Millis_ISR.o)
                              .\CortexM0\ARM_GCC_541\Release\millis.o (Millis_ISR_StartEx)
.\CortexM0\ARM_GCC_541\Release\Prototype.a(ADC.o)
                              .\CortexM0\ARM_GCC_541\Release\main.o (ADC_Start)
.\CortexM0\ARM_GCC_541\Release\Prototype.a(ADC_INT.o)
                              .\CortexM0\ARM_GCC_541\Release\Prototype.a(ADC.o) (ADC_ISR)
.\CortexM0\ARM_GCC_541\Release\Prototype.a(nRF24_FUNCS.o)
                              .\CortexM0\ARM_GCC_541\Release\nRF24_Adapter.o (nRF24_start)
.\CortexM0\ARM_GCC_541\Release\Prototype.a(nRF24_LL_SPI.o)
                              .\CortexM0\ARM_GCC_541\Release\Prototype.a(nRF24_FUNCS.o) (nRF24_read_register)
.\CortexM0\ARM_GCC_541\Release\Prototype.a(nRF24_COMMANDS.o)
                              .\CortexM0\ARM_GCC_541\Release\Prototype.a(nRF24_FUNCS.o) (nRF24_reuse_tx_payload_cmd)
.\CortexM0\ARM_GCC_541\Release\Prototype.a(CE.o)
                              .\CortexM0\ARM_GCC_541\Release\Prototype.a(nRF24_FUNCS.o) (CE_Write)
.\CortexM0\ARM_GCC_541\Release\Prototype.a(SS.o)
                              .\CortexM0\ARM_GCC_541\Release\Prototype.a(nRF24_FUNCS.o) (SS_Write)
.\CortexM0\ARM_GCC_541\Release\Prototype.a(NRF_IRQ.o)
                              .\CortexM0\ARM_GCC_541\Release\nRF24_Adapter.o (NRF_IRQ_ClearInterrupt)
.\CortexM0\ARM_GCC_541\Release\Prototype.a(NRF_ISR.o)
                              .\CortexM0\ARM_GCC_541\Release\nRF24_Adapter.o (NRF_ISR_StartEx)
.\CortexM0\ARM_GCC_541\Release\Prototype.a(ID.o)
                              .\CortexM0\ARM_GCC_541\Release\main.o (ID_Read)
.\CortexM0\ARM_GCC_541\Release\Prototype.a(CyBootAsmGnu.o)
                              .\CortexM0\ARM_GCC_541\Release\Prototype.a(CyLib.o) (CyDelayCycles)
.\CortexM0\ARM_GCC_541\Release\Prototype.a(CyFlash.o)
                              .\CortexM0\ARM_GCC_541\Release\Prototype.a(CyLib.o) (CySysFlashSetWaitCycles)
.\CortexM0\ARM_GCC_541\Release\Prototype.a(USB_UART_SPI_UART_INT.o)
                              .\CortexM0\ARM_GCC_541\Release\Prototype.a(USB_UART_UART.o) (USB_UART_SPI_UART_ISR)
.\CortexM0\ARM_GCC_541\Release\Prototype.a(SPI.o)
                              .\CortexM0\ARM_GCC_541\Release\Prototype.a(nRF24_FUNCS.o) (SPI_Start)
.\CortexM0\ARM_GCC_541\Release\Prototype.a(SPI_SPI_UART.o)
                              .\CortexM0\ARM_GCC_541\Release\Prototype.a(nRF24_LL_SPI.o) (SPI_SpiUartReadRxData)
.\CortexM0\ARM_GCC_541\Release\Prototype.a(SPI_SPI.o)
                              .\CortexM0\ARM_GCC_541\Release\Prototype.a(SPI.o) (SPI_SpiInit)
.\CortexM0\ARM_GCC_541\Release\Prototype.a(SPI_sclk_m.o)
                              .\CortexM0\ARM_GCC_541\Release\Prototype.a(SPI_SPI.o) (SPI_sclk_m_Write)
c:/program files (x86)/cypress/psoc creator/4.1/psoc creator/import/gnu/arm/5.4.1/bin/../lib/gcc/arm-none-eabi/5.4.1/armv6-m\libgcc.a(_udivsi3.o)
                              .\CortexM0\ARM_GCC_541\Release\Prototype.a(CyLib.o) (__aeabi_uidiv)
[...]
Memory Configuration

Name             Origin             Length             Attributes
rom              0x00000000         0x00020000         xr
ram              0x20000000         0x00004000         xrw
*default*        0x00000000         0xffffffff

Linker script and memory map

LOAD c:/program files (x86)/cypress/psoc creator/4.1/psoc creator/import/gnu/arm/5.4.1/bin/../lib/gcc/arm-none-eabi/5.4.1/armv6-m/crti.o
LOAD c:/program files (x86)/cypress/psoc creator/4.1/psoc creator/import/gnu/arm/5.4.1/bin/../lib/gcc/arm-none-eabi/5.4.1/armv6-m/crtbegin.o
LOAD c:/program files (x86)/cypress/psoc creator/4.1/psoc creator/import/gnu/arm/5.4.1/bin/../lib/gcc/arm-none-eabi/5.4.1/../../../../arm-none-eabi/lib/armv6-m/crt0.o
START GROUP
LOAD .\CortexM0\ARM_GCC_541\Release\pid.o
LOAD .\CortexM0\ARM_GCC_541\Release\motor.o
LOAD .\CortexM0\ARM_GCC_541\Release\modbusRTU.o
LOAD .\CortexM0\ARM_GCC_541\Release\millis.o
LOAD .\CortexM0\ARM_GCC_541\Release\nRF24_Adapter.o
LOAD .\CortexM0\ARM_GCC_541\Release\main.o
LOAD .\CortexM0\ARM_GCC_541\Release\cyfitter_cfg.o
LOAD .\CortexM0\ARM_GCC_541\Release\cymetadata.o
LOAD .\CortexM0\ARM_GCC_541\Release\Cm0Start.o
LOAD .\CortexM0\ARM_GCC_541\Release\Prototype.a
LOAD C:\Program Files (x86)\Cypress\PSoC Creator\4.1\PSoC Creator\psoc\content\cycomponentlibrary\CyComponentLibrary.cylib\CortexM0\ARM_GCC_541\Release\CyComponentLibrary.a
END GROUP
START GROUP
LOAD c:/program files (x86)/cypress/psoc creator/4.1/psoc creator/import/gnu/arm/5.4.1/bin/../lib/gcc/arm-none-eabi/5.4.1/armv6-m\libgcc.a
LOAD c:/program files (x86)/cypress/psoc creator/4.1/psoc creator/import/gnu/arm/5.4.1/bin/../lib/gcc/arm-none-eabi/5.4.1/../../../../arm-none-eabi/lib/armv6-m\libg_nano.a
LOAD c:/program files (x86)/cypress/psoc creator/4.1/psoc creator/import/gnu/arm/5.4.1/bin/../lib/gcc/arm-none-eabi/5.4.1/../../../../arm-none-eabi/lib/armv6-m\libc_nano.a
END GROUP
START GROUP
LOAD c:/program files (x86)/cypress/psoc creator/4.1/psoc creator/import/gnu/arm/5.4.1/bin/../lib/gcc/arm-none-eabi/5.4.1/armv6-m\libgcc.a
LOAD c:/program files (x86)/cypress/psoc creator/4.1/psoc creator/import/gnu/arm/5.4.1/bin/../lib/gcc/arm-none-eabi/5.4.1/../../../../arm-none-eabi/lib/armv6-m\libc_nano.a
END GROUP
LOAD c:/program files (x86)/cypress/psoc creator/4.1/psoc creator/import/gnu/arm/5.4.1/bin/../lib/gcc/arm-none-eabi/5.4.1/armv6-m/crtend.o
LOAD c:/program files (x86)/cypress/psoc creator/4.1/psoc creator/import/gnu/arm/5.4.1/bin/../lib/gcc/arm-none-eabi/5.4.1/armv6-m/crtn.o
START GROUP
LOAD c:/program files (x86)/cypress/psoc creator/4.1/psoc creator/import/gnu/arm/5.4.1/bin/../lib/gcc/arm-none-eabi/5.4.1/armv6-m\libgcc.a
LOAD c:/program files (x86)/cypress/psoc creator/4.1/psoc creator/import/gnu/arm/5.4.1/bin/../lib/gcc/arm-none-eabi/5.4.1/../../../../arm-none-eabi/lib/armv6-m\libc.a
LOAD c:/program files (x86)/cypress/psoc creator/4.1/psoc creator/import/gnu/arm/5.4.1/bin/../lib/gcc/arm-none-eabi/5.4.1/../../../../arm-none-eabi/lib/armv6-m\libnosys.a
END GROUP
                0x00000000                CY_APPL_ORIGIN = 0x0
                0x00000080                CY_FLASH_ROW_SIZE = 0x80
                0x00000001                CY_APPL_NUM = 0x1
                0x00000001                CY_APPL_MAX = 0x1
                0x00000040                CY_METADATA_SIZE = 0x40
                0x00000000                CY_APPL_LOADABLE = 0x0
                0x00000000                CY_CHECKSUM_EXCLUDE_SIZE = ALIGN (0x0, CY_FLASH_ROW_SIZE)
                0x00000000                CY_APP_FOR_STACK_AND_COPIER = 0x0
                [!provide]                PROVIDE (__cy_heap_start, _end)
                0x00000001                PROVIDE (__cy_region_num, ((__cy_regions_end - __cy_regions) / 0x10))
                0x20004000                PROVIDE (__cy_stack, (ORIGIN (ram) + LENGTH (ram)))
                [!provide]                PROVIDE (__cy_heap_end, (__cy_stack - 0x800))

.cybootloader   0x00000000        0x0
 *(.cybootloader)
                0x00000000                appl1_start = CY_APPL_ORIGIN?CY_APPL_ORIGIN:ALIGN (CY_FLASH_ROW_SIZE)
                0x0000ff80                appl2_start = (appl1_start + ALIGN ((((LENGTH (rom) - appl1_start) - (0x2 * CY_FLASH_ROW_SIZE)) / 0x2), CY_FLASH_ROW_SIZE))
                0x00000000                appl_start = (CY_APPL_NUM == 0x1)?appl1_start:appl2_start
                0x00000001                cy_project_type_bootloader = (appl_start == 0x0)?0x1:0x0
                0x00000000                cy_project_type_app_for_stack_and_copier = (CY_APP_FOR_STACK_AND_COPIER == 0x1)?0x1:0x0

.text           0x00000000     0x4d4c
 CREATE_OBJECT_SYMBOLS
                0x00000000                PROVIDE (__cy_interrupt_vector, RomVectors)
 *(.romvectors)
 .romvectors    0x00000000       0x10 .\CortexM0\ARM_GCC_541\Release\Cm0Start.o
                0x00000000                RomVectors
                0x00000001                ASSERT ((. != __cy_interrupt_vector), No interrupt vector)
                0x00000001                ASSERT (CY_APPL_ORIGIN?(SIZEOF (.cybootloader) <= CY_APPL_ORIGIN):0x1, Wrong image location)
                0x00000010                PROVIDE (__cy_reset, Reset)
 *(.text.Reset)
 .text.Reset    0x00000010        0x8 .\CortexM0\ARM_GCC_541\Release\Cm0Start.o
                0x00000010                Reset
                0x00000001                ASSERT ((. != __cy_reset), No reset code)
 *(.psocinit)
 .psocinit      0x00000018      0x334 .\CortexM0\ARM_GCC_541\Release\cyfitter_cfg.o
                0x00000018                cyfitter_cfg
                0x0000034c                . = MAX (., 0x100)
 *(.text .text.* .gnu.linkonce.t.*)
 .text          0x0000034c       0x60 c:/program files (x86)/cypress/psoc creator/4.1/psoc creator/import/gnu/arm/5.4.1/bin/../lib/gcc/arm-none-eabi/5.4.1/armv6-m/crtbegin.o
 .text.PID_Set_Gains
                0x000003ac       0x10 .\CortexM0\ARM_GCC_541\Release\pid.o
                0x000003ac                PID_Set_Gains
 .text.PID_Init
                0x000003bc       0x28 .\CortexM0\ARM_GCC_541\Release\pid.o
                0x000003bc                PID_Init
 .text.PID_Set_Setpoint
                0x000003e4        0xc .\CortexM0\ARM_GCC_541\Release\pid.o
                0x000003e4                PID_Set_Setpoint
 .text.PID_Set_Input
                0x000003f0        0xc .\CortexM0\ARM_GCC_541\Release\pid.o
                0x000003f0                PID_Set_Input
 .text.PID_Set_Output
                0x000003fc        0xc .\CortexM0\ARM_GCC_541\Release\pid.o
                0x000003fc                PID_Set_Output
 .text.PID_Set_Output_Limits
                0x00000408        0xc .\CortexM0\ARM_GCC_541\Release\pid.o
                0x00000408                PID_Set_Output_Limits
 .text.PID_Tick
                0x00000414      0x110 .\CortexM0\ARM_GCC_541\Release\pid.o
                0x00000414                PID_Tick
 .text.Motor_Bidirectional
                0x00000524       0x3c .\CortexM0\ARM_GCC_541\Release\motor.o
                0x00000524                Motor_Bidirectional
 .text.Motor_Start
                0x00000560       0x14 .\CortexM0\ARM_GCC_541\Release\motor.o
                0x00000560                Motor_Start
 .text.modbus_request
                0x00000574       0xec .\CortexM0\ARM_GCC_541\Release\modbusRTU.o
                0x00000574                modbus_request
 .text.preset_multiple_registers
                0x00000660      0x5c4 .\CortexM0\ARM_GCC_541\Release\modbusRTU.o
                0x00000660                preset_multiple_registers
 .text.read_holding_registers
                0x00000c24      0x120 .\CortexM0\ARM_GCC_541\Release\modbusRTU.o
                0x00000c24                read_holding_registers
 .text.modbusRTU_Update
                0x00000d44      0x55c .\CortexM0\ARM_GCC_541\Release\modbusRTU.o
                0x00000d44                modbusRTU_Update
 .text.Millis_Tick
                0x000012a0       0x24 .\CortexM0\ARM_GCC_541\Release\millis.o
                0x000012a0                Millis_Tick
 .text.Millis_Start
                0x000012c4       0x14 .\CortexM0\ARM_GCC_541\Release\millis.o
                0x000012c4                Millis_Start
 .text.nRF24_ISR
                0x000012d8       0x28 .\CortexM0\ARM_GCC_541\Release\nRF24_Adapter.o
                0x000012d8                nRF24_ISR
 .text.nRF24_Adapter_Start
                0x00001300       0x14 .\CortexM0\ARM_GCC_541\Release\nRF24_Adapter.o
                0x00001300                nRF24_Adapter_Start
 .text.handle_rf
                0x00001314      0x1c8 .\CortexM0\ARM_GCC_541\Release\main.o
                0x00001314                handle_rf
 .text.startup.main
                0x000014dc      0x1bc .\CortexM0\ARM_GCC_541\Release\main.o
                0x000014dc                main
 .text.IntDefaultHandler
                0x00001698       0x10 .\CortexM0\ARM_GCC_541\Release\Cm0Start.o
                0x00001698                IntDefaultHandler
 .text.Start_c  0x000016a8       0x4c .\CortexM0\ARM_GCC_541\Release\Cm0Start.o
                0x000016a8                Start_c
 .text.startup.initialize_psoc
                0x000016f4       0x54 .\CortexM0\ARM_GCC_541\Release\Cm0Start.o
                0x000016f4                initialize_psoc
 .text.QuadDec_Start
                0x00001748       0x90 .\CortexM0\ARM_GCC_541\Release\Prototype.a(QuadDec.o)
                0x00001748                QuadDec_Start
 .text.QuadDec_WriteCounter
                0x000017d8       0x10 .\CortexM0\ARM_GCC_541\Release\Prototype.a(QuadDec.o)
                0x000017d8                QuadDec_WriteCounter
 .text.QuadDec_ReadCounter
                0x000017e8       0x10 .\CortexM0\ARM_GCC_541\Release\Prototype.a(QuadDec.o)
                0x000017e8                QuadDec_ReadCounter
 .text.PWM_Start
                0x000017f8       0x90 .\CortexM0\ARM_GCC_541\Release\Prototype.a(PWM.o)
                0x000017f8                PWM_Start
 .text.PWM_WriteCompare
                0x00001888       0x10 .\CortexM0\ARM_GCC_541\Release\Prototype.a(PWM.o)
                0x00001888                PWM_WriteCompare
 .text.PID_ISR_StartEx
                0x00001898       0x3c .\CortexM0\ARM_GCC_541\Release\Prototype.a(PID_ISR.o)
                0x00001898                PID_ISR_StartEx
 .text.PID_ISR_ClearPending
                0x000018d4       0x10 .\CortexM0\ARM_GCC_541\Release\Prototype.a(PID_ISR.o)
                0x000018d4                PID_ISR_ClearPending
 .text.Motor_Dir_Write
                0x000018e4        0xc .\CortexM0\ARM_GCC_541\Release\Prototype.a(Motor_Dir.o)
                0x000018e4                Motor_Dir_Write
 .text.LED_Write
                0x000018f0       0x1c .\CortexM0\ARM_GCC_541\Release\Prototype.a(LED.o)
                0x000018f0                LED_Write
 .text.LED_Read
                0x0000190c       0x10 .\CortexM0\ARM_GCC_541\Release\Prototype.a(LED.o)
                0x0000190c                LED_Read
 .text.CySysClkImoEnableWcoLock.part.0
                0x0000191c      0x110 .\CortexM0\ARM_GCC_541\Release\Prototype.a(CyLib.o)
 .text.CySysClkWriteImoFreq
                0x00001a2c       0x98 .\CortexM0\ARM_GCC_541\Release\Prototype.a(CyLib.o)
                0x00001a2c                CySysClkWriteImoFreq
 .text.CySysGetResetReason
                0x00001ac4       0x14 .\CortexM0\ARM_GCC_541\Release\Prototype.a(CyLib.o)
                0x00001ac4                CySysGetResetReason
 .text.CyIntSetVector
                0x00001ad8       0x10 .\CortexM0\ARM_GCC_541\Release\Prototype.a(CyLib.o)
                0x00001ad8                CyIntSetVector
 .text.CyIntSetPriority
                0x00001ae8       0x38 .\CortexM0\ARM_GCC_541\Release\Prototype.a(CyLib.o)
                0x00001ae8                CyIntSetPriority
 .text.CyIntEnable
                0x00001b20       0x14 .\CortexM0\ARM_GCC_541\Release\Prototype.a(CyLib.o)
                0x00001b20                CyIntEnable
 .text.CyIntDisable
                0x00001b34       0x14 .\CortexM0\ARM_GCC_541\Release\Prototype.a(CyLib.o)
                0x00001b34                CyIntDisable
 .text.CySoftwareReset
                0x00001b48       0x18 .\CortexM0\ARM_GCC_541\Release\Prototype.a(CyLib.o)
                0x00001b48                CySoftwareReset
 .text.CyDelay  0x00001b60       0x48 .\CortexM0\ARM_GCC_541\Release\Prototype.a(CyLib.o)
                0x00001b60                CyDelay
 .text.CyDelayUs
                0x00001ba8       0x14 .\CortexM0\ARM_GCC_541\Release\Prototype.a(CyLib.o)
                0x00001ba8                CyDelayUs
 .text.CySysClkWcoEnabled
                0x00001bbc        0xc .\CortexM0\ARM_GCC_541\Release\Prototype.a(CyLFClk.o)
                0x00001bbc                CySysClkWcoEnabled
 .text.CySysWdtEnable
                0x00001bc8       0x3c .\CortexM0\ARM_GCC_541\Release\Prototype.a(CyLFClk.o)
                0x00001bc8                CySysWdtEnable
 .text.CySysWdtIsr
                0x00001c04      0x1e4 .\CortexM0\ARM_GCC_541\Release\Prototype.a(CyLFClk.o)
                0x00001c04                CySysWdtIsr
 .text.CySysWatchdogFeed
                0x00001de8      0x22c .\CortexM0\ARM_GCC_541\Release\Prototype.a(CyLFClk.o)
                0x00001de8                CySysWatchdogFeed
 .text.PID_Tick_Timer_Start
                0x00002014       0x74 .\CortexM0\ARM_GCC_541\Release\Prototype.a(PID_Tick_Timer.o)
                0x00002014                PID_Tick_Timer_Start
 .text.PID_Tick_Timer_ClearInterrupt
                0x00002088        0xc .\CortexM0\ARM_GCC_541\Release\Prototype.a(PID_Tick_Timer.o)
                0x00002088                PID_Tick_Timer_ClearInterrupt
 .text.USB_UART_Start
                0x00002094       0x34 .\CortexM0\ARM_GCC_541\Release\Prototype.a(USB_UART.o)
                0x00002094                USB_UART_Start
 .text.USB_UART_SpiUartReadRxData
                0x000020c8       0x34 .\CortexM0\ARM_GCC_541\Release\Prototype.a(USB_UART_SPI_UART.o)
                0x000020c8                USB_UART_SpiUartReadRxData
 .text.USB_UART_SpiUartGetRxBufferSize
                0x000020fc       0x1c .\CortexM0\ARM_GCC_541\Release\Prototype.a(USB_UART_SPI_UART.o)
                0x000020fc                USB_UART_SpiUartGetRxBufferSize
 .text.USB_UART_SpiUartWriteTxData
                0x00002118       0x6c .\CortexM0\ARM_GCC_541\Release\Prototype.a(USB_UART_SPI_UART.o)
                0x00002118                USB_UART_SpiUartWriteTxData
 .text.USB_UART_UartInit
                0x00002184       0xf0 .\CortexM0\ARM_GCC_541\Release\Prototype.a(USB_UART_UART.o)
                0x00002184                USB_UART_UartInit
 .text.USB_UART_UartPostEnable
                0x00002274       0x24 .\CortexM0\ARM_GCC_541\Release\Prototype.a(USB_UART_UART.o)
                0x00002274                USB_UART_UartPostEnable
 .text.USB_UART_UartGetByte
                0x00002298       0x4c .\CortexM0\ARM_GCC_541\Release\Prototype.a(USB_UART_UART.o)
                0x00002298                USB_UART_UartGetByte
 .text.Millis_TMR_Start
                0x000022e4       0x70 .\CortexM0\ARM_GCC_541\Release\Prototype.a(Millis_TMR.o)
                0x000022e4                Millis_TMR_Start
 .text.Millis_TMR_ClearInterrupt
                0x00002354        0xc .\CortexM0\ARM_GCC_541\Release\Prototype.a(Millis_TMR.o)
                0x00002354                Millis_TMR_ClearInterrupt
 .text.Millis_ISR_StartEx
                0x00002360       0x3c .\CortexM0\ARM_GCC_541\Release\Prototype.a(Millis_ISR.o)
                0x00002360                Millis_ISR_StartEx
 .text.Millis_ISR_ClearPending
                0x0000239c       0x10 .\CortexM0\ARM_GCC_541\Release\Prototype.a(Millis_ISR.o)
                0x0000239c                Millis_ISR_ClearPending
 .text.ADC_Init
                0x000023ac      0x108 .\CortexM0\ARM_GCC_541\Release\Prototype.a(ADC.o)
                0x000023ac                ADC_Init
 .text.ADC_Start
                0x000024b4       0x44 .\CortexM0\ARM_GCC_541\Release\Prototype.a(ADC.o)
                0x000024b4                ADC_Start
 .text.ADC_StartConvert
                0x000024f8       0x14 .\CortexM0\ARM_GCC_541\Release\Prototype.a(ADC.o)
                0x000024f8                ADC_StartConvert
 .text.ADC_GetResult16
                0x0000250c       0x1c .\CortexM0\ARM_GCC_541\Release\Prototype.a(ADC.o)
                0x0000250c                ADC_GetResult16
 .text.ADC_ISR  0x00002528        0xc .\CortexM0\ARM_GCC_541\Release\Prototype.a(ADC_INT.o)
                0x00002528                ADC_ISR
 .text.nRF24_start
                0x00002534       0x80 .\CortexM0\ARM_GCC_541\Release\Prototype.a(nRF24_FUNCS.o)
                0x00002534                nRF24_start
 .text.nRF24_set_mode
                0x000025b4       0x18 .\CortexM0\ARM_GCC_541\Release\Prototype.a(nRF24_FUNCS.o)
                0x000025b4                nRF24_set_mode
 .text.nRF24_set_rx_mode
                0x000025cc        0xc .\CortexM0\ARM_GCC_541\Release\Prototype.a(nRF24_FUNCS.o)
                0x000025cc                nRF24_set_rx_mode
 .text.nRF24_set_tx_mode
                0x000025d8        0xc .\CortexM0\ARM_GCC_541\Release\Prototype.a(nRF24_FUNCS.o)
                0x000025d8                nRF24_set_tx_mode
 .text.nRF24_set_channel
                0x000025e4       0x14 .\CortexM0\ARM_GCC_541\Release\Prototype.a(nRF24_FUNCS.o)
                0x000025e4                nRF24_set_channel
 .text.nRF24_set_rx_pipe_0_address
                0x000025f8       0x1c .\CortexM0\ARM_GCC_541\Release\Prototype.a(nRF24_FUNCS.o)
                0x000025f8                nRF24_set_rx_pipe_0_address
 .text.nRF24_set_rx_pipe_1_address
                0x00002614       0x1c .\CortexM0\ARM_GCC_541\Release\Prototype.a(nRF24_FUNCS.o)
                0x00002614                nRF24_set_rx_pipe_1_address
 .text.nRF24_set_tx_address
                0x00002630       0x1c .\CortexM0\ARM_GCC_541\Release\Prototype.a(nRF24_FUNCS.o)
                0x00002630                nRF24_set_tx_address
 .text.nRF24_start_listening
                0x0000264c        0xc .\CortexM0\ARM_GCC_541\Release\Prototype.a(nRF24_FUNCS.o)
                0x0000264c                nRF24_start_listening
 .text.nRF24_transmit
                0x00002658       0x28 .\CortexM0\ARM_GCC_541\Release\Prototype.a(nRF24_FUNCS.o)
                0x00002658                nRF24_transmit
 .text.nRF24_is_data_ready
                0x00002680        0xc .\CortexM0\ARM_GCC_541\Release\Prototype.a(nRF24_FUNCS.o)
                0x00002680                nRF24_is_data_ready
 .text.nRF24_get_rx_payload
                0x0000268c       0x20 .\CortexM0\ARM_GCC_541\Release\Prototype.a(nRF24_FUNCS.o)
                0x0000268c                nRF24_get_rx_payload
 .text.nRF24_get_data_pipe_with_payload
                0x000026ac       0x10 .\CortexM0\ARM_GCC_541\Release\Prototype.a(nRF24_FUNCS.o)
                0x000026ac                nRF24_get_data_pipe_with_payload
 .text.nRF24_clear_all_irqs
                0x000026bc        0xc .\CortexM0\ARM_GCC_541\Release\Prototype.a(nRF24_FUNCS.o)
                0x000026bc                nRF24_clear_all_irqs
 .text.nRF24_clear_irq_flag
                0x000026c8       0x10 .\CortexM0\ARM_GCC_541\Release\Prototype.a(nRF24_FUNCS.o)
                0x000026c8                nRF24_clear_irq_flag
 .text.nRF24_get_irq_flag
                0x000026d8       0x28 .\CortexM0\ARM_GCC_541\Release\Prototype.a(nRF24_FUNCS.o)
                0x000026d8                nRF24_get_irq_flag
 .text.nRF24_read_register
                0x00002700       0x38 .\CortexM0\ARM_GCC_541\Release\Prototype.a(nRF24_LL_SPI.o)
                0x00002700                nRF24_read_register
 .text.nRF24_write_register
                0x00002738       0x34 .\CortexM0\ARM_GCC_541\Release\Prototype.a(nRF24_LL_SPI.o)
                0x00002738                nRF24_write_register
 .text.nRF24_write_long_register
                0x0000276c       0x38 .\CortexM0\ARM_GCC_541\Release\Prototype.a(nRF24_LL_SPI.o)
                0x0000276c                nRF24_write_long_register
 .text.nRF24_clear_bit
                0x000027a4       0x74 .\CortexM0\ARM_GCC_541\Release\Prototype.a(nRF24_LL_SPI.o)
                0x000027a4                nRF24_clear_bit
 .text.nRF24_set_bit
                0x00002818       0x78 .\CortexM0\ARM_GCC_541\Release\Prototype.a(nRF24_LL_SPI.o)
                0x00002818                nRF24_set_bit
 .text.nRF24_flush_rx_cmd
                0x00002890       0x24 .\CortexM0\ARM_GCC_541\Release\Prototype.a(nRF24_COMMANDS.o)
                0x00002890                nRF24_flush_rx_cmd
 .text.nRF24_flush_tx_cmd
                0x000028b4       0x24 .\CortexM0\ARM_GCC_541\Release\Prototype.a(nRF24_COMMANDS.o)
                0x000028b4                nRF24_flush_tx_cmd
 .text.nRF24_read_rx_payload_cmd
                0x000028d8       0x50 .\CortexM0\ARM_GCC_541\Release\Prototype.a(nRF24_COMMANDS.o)
                0x000028d8                nRF24_read_rx_payload_cmd
 .text.nRF24_write_tx_payload_cmd
                0x00002928       0x34 .\CortexM0\ARM_GCC_541\Release\Prototype.a(nRF24_COMMANDS.o)
                0x00002928                nRF24_write_tx_payload_cmd
 .text.nRF24_nop_cmd
                0x0000295c       0x2c .\CortexM0\ARM_GCC_541\Release\Prototype.a(nRF24_COMMANDS.o)
                0x0000295c                nRF24_nop_cmd
 .text.CE_Write
                0x00002988       0x1c .\CortexM0\ARM_GCC_541\Release\Prototype.a(CE.o)
                0x00002988                CE_Write
 .text.SS_Write
                0x000029a4       0x1c .\CortexM0\ARM_GCC_541\Release\Prototype.a(SS.o)
                0x000029a4                SS_Write
 .text.NRF_IRQ_ClearInterrupt
                0x000029c0       0x14 .\CortexM0\ARM_GCC_541\Release\Prototype.a(NRF_IRQ.o)
                0x000029c0                NRF_IRQ_ClearInterrupt
 .text.NRF_ISR_StartEx
                0x000029d4       0x34 .\CortexM0\ARM_GCC_541\Release\Prototype.a(NRF_ISR.o)
                0x000029d4                NRF_ISR_StartEx
 .text.NRF_ISR_ClearPending
                0x00002a08        0xc .\CortexM0\ARM_GCC_541\Release\Prototype.a(NRF_ISR.o)
                0x00002a08                NRF_ISR_ClearPending
 .text.ID_Read  0x00002a14       0x10 .\CortexM0\ARM_GCC_541\Release\Prototype.a(ID.o)
                0x00002a14                ID_Read
 *fill*         0x00002a24        0x4 
 .text          0x00002a28       0x20 .\CortexM0\ARM_GCC_541\Release\Prototype.a(CyBootAsmGnu.o)
                0x00002a28                CyDelayCycles
                0x00002a3a                CyEnterCriticalSection
                0x00002a42                CyExitCriticalSection
 .text.CySysFlashSetWaitCycles
                0x00002a48       0x48 .\CortexM0\ARM_GCC_541\Release\Prototype.a(CyFlash.o)
                0x00002a48                CySysFlashSetWaitCycles
 .text.USB_UART_SPI_UART_ISR
                0x00002a90      0x110 .\CortexM0\ARM_GCC_541\Release\Prototype.a(USB_UART_SPI_UART_INT.o)
                0x00002a90                USB_UART_SPI_UART_ISR
 .text.SPI_Start
                0x00002ba0       0x2c .\CortexM0\ARM_GCC_541\Release\Prototype.a(SPI.o)
                0x00002ba0                SPI_Start
 .text.SPI_SpiUartReadRxData
                0x00002bcc        0xc .\CortexM0\ARM_GCC_541\Release\Prototype.a(SPI_SPI_UART.o)
                0x00002bcc                SPI_SpiUartReadRxData
 .text.SPI_SpiUartGetRxBufferSize
                0x00002bd8       0x10 .\CortexM0\ARM_GCC_541\Release\Prototype.a(SPI_SPI_UART.o)
                0x00002bd8                SPI_SpiUartGetRxBufferSize
 .text.SPI_SpiUartClearRxBuffer
                0x00002be8       0x20 .\CortexM0\ARM_GCC_541\Release\Prototype.a(SPI_SPI_UART.o)
                0x00002be8                SPI_SpiUartClearRxBuffer
 .text.SPI_SpiUartWriteTxData
                0x00002c08       0x1c .\CortexM0\ARM_GCC_541\Release\Prototype.a(SPI_SPI_UART.o)
                0x00002c08                SPI_SpiUartWriteTxData
 .text.SPI_SpiUartPutArray
                0x00002c24       0x2c .\CortexM0\ARM_GCC_541\Release\Prototype.a(SPI_SPI_UART.o)
                0x00002c24                SPI_SpiUartPutArray
 .text.SPI_SpiUartClearTxBuffer
                0x00002c50       0x20 .\CortexM0\ARM_GCC_541\Release\Prototype.a(SPI_SPI_UART.o)
                0x00002c50                SPI_SpiUartClearTxBuffer
 .text.SPI_SpiInit
                0x00002c70       0x90 .\CortexM0\ARM_GCC_541\Release\Prototype.a(SPI_SPI.o)
                0x00002c70                SPI_SpiInit
 .text.SPI_SpiPostEnable
                0x00002d00       0x24 .\CortexM0\ARM_GCC_541\Release\Prototype.a(SPI_SPI.o)
                0x00002d00                SPI_SpiPostEnable
 .text          0x00002d24      0x114 c:/program files (x86)/cypress/psoc creator/4.1/psoc creator/import/gnu/arm/5.4.1/bin/../lib/gcc/arm-none-eabi/5.4.1/armv6-m\libgcc.a(_udivsi3.o)
                0x00002d24                __aeabi_uidiv
                0x00002d24                __udivsi3
                0x00002e30                __aeabi_uidivmod
 .text          0x00002e38        0x4 c:/program files (x86)/cypress/psoc creator/4.1/psoc creator/import/gnu/arm/5.4.1/bin/../lib/gcc/arm-none-eabi/5.4.1/armv6-m\libgcc.a(_dvmd_tls.o)
                0x00002e38                __aeabi_idiv0
                0x00002e38                __aeabi_ldiv0
 .text          0x00002e3c       0x74 c:/program files (x86)/cypress/psoc creator/4.1/psoc creator/import/gnu/arm/5.4.1/bin/../lib/gcc/arm-none-eabi/5.4.1/armv6-m\libgcc.a(_arm_cmpsf2.o)
                0x00002e3c                __aeabi_cfrcmple
                0x00002e44                __aeabi_cfcmpeq
                0x00002e44                __aeabi_cfcmple
                0x00002e54                __aeabi_fcmpeq
                0x00002e60                __aeabi_fcmplt
                0x00002e74                __aeabi_fcmple
                0x00002e88                __aeabi_fcmpgt
                0x00002e9c                __aeabi_fcmpge
 .text          0x00002eb0      0x2ec c:/program files (x86)/cypress/psoc creator/4.1/psoc creator/import/gnu/arm/5.4.1/bin/../lib/gcc/arm-none-eabi/5.4.1/armv6-m\libgcc.a(addsf3.o)
                0x00002eb0                __aeabi_fadd
 .text          0x0000319c       0x50 c:/program files (x86)/cypress/psoc creator/4.1/psoc creator/import/gnu/arm/5.4.1/bin/../lib/gcc/arm-none-eabi/5.4.1/armv6-m\libgcc.a(eqsf2.o)
                0x0000319c                __eqsf2
                0x0000319c                __nesf2
 .text          0x000031ec       0x88 c:/program files (x86)/cypress/psoc creator/4.1/psoc creator/import/gnu/arm/5.4.1/bin/../lib/gcc/arm-none-eabi/5.4.1/armv6-m\libgcc.a(gesf2.o)
                0x000031ec                __gesf2
                0x000031ec                __gtsf2
 .text          0x00003274       0x88 c:/program files (x86)/cypress/psoc creator/4.1/psoc creator/import/gnu/arm/5.4.1/bin/../lib/gcc/arm-none-eabi/5.4.1/armv6-m\libgcc.a(lesf2.o)
                0x00003274                __ltsf2
                0x00003274                __lesf2
 .text          0x000032fc      0x228 c:/program files (x86)/cypress/psoc creator/4.1/psoc creator/import/gnu/arm/5.4.1/bin/../lib/gcc/arm-none-eabi/5.4.1/armv6-m\libgcc.a(mulsf3.o)
                0x000032fc                __aeabi_fmul
 .text          0x00003524      0x30c c:/program files (x86)/cypress/psoc creator/4.1/psoc creator/import/gnu/arm/5.4.1/bin/../lib/gcc/arm-none-eabi/5.4.1/armv6-m\libgcc.a(subsf3.o)
                0x00003524                __aeabi_fsub
 .text          0x00003830       0x44 c:/program files (x86)/cypress/psoc creator/4.1/psoc creator/import/gnu/arm/5.4.1/bin/../lib/gcc/arm-none-eabi/5.4.1/armv6-m\libgcc.a(fixsfsi.o)
                0x00003830                __aeabi_f2iz
 .text          0x00003874       0x90 c:/program files (x86)/cypress/psoc creator/4.1/psoc creator/import/gnu/arm/5.4.1/bin/../lib/gcc/arm-none-eabi/5.4.1/armv6-m\libgcc.a(floatsisf.o)
                0x00003874                __aeabi_i2f
 .text          0x00003904      0x658 c:/program files (x86)/cypress/psoc creator/4.1/psoc creator/import/gnu/arm/5.4.1/bin/../lib/gcc/arm-none-eabi/5.4.1/armv6-m\libgcc.a(adddf3.o)
                0x00003904                __aeabi_dadd
 .text          0x00003f5c      0x62c c:/program files (x86)/cypress/psoc creator/4.1/psoc creator/import/gnu/arm/5.4.1/bin/../lib/gcc/arm-none-eabi/5.4.1/armv6-m\libgcc.a(divdf3.o)
                0x00003f5c                __aeabi_ddiv
 .text          0x00004588      0x4f4 c:/program files (x86)/cypress/psoc creator/4.1/psoc creator/import/gnu/arm/5.4.1/bin/../lib/gcc/arm-none-eabi/5.4.1/armv6-m\libgcc.a(muldf3.o)
                0x00004588                __aeabi_dmul
 .text          0x00004a7c       0x6c c:/program files (x86)/cypress/psoc creator/4.1/psoc creator/import/gnu/arm/5.4.1/bin/../lib/gcc/arm-none-eabi/5.4.1/armv6-m\libgcc.a(fixdfsi.o)
                0x00004a7c                __aeabi_d2iz
 .text          0x00004ae8       0xa8 c:/program files (x86)/cypress/psoc creator/4.1/psoc creator/import/gnu/arm/5.4.1/bin/../lib/gcc/arm-none-eabi/5.4.1/armv6-m\libgcc.a(extendsfdf2.o)
                0x00004ae8                __aeabi_f2d
 .text          0x00004b90      0x118 c:/program files (x86)/cypress/psoc creator/4.1/psoc creator/import/gnu/arm/5.4.1/bin/../lib/gcc/arm-none-eabi/5.4.1/armv6-m\libgcc.a(truncdfsf2.o)
                0x00004b90                __aeabi_d2f
 .text          0x00004ca8       0x3c c:/program files (x86)/cypress/psoc creator/4.1/psoc creator/import/gnu/arm/5.4.1/bin/../lib/gcc/arm-none-eabi/5.4.1/armv6-m\libgcc.a(_clzsi2.o)
                0x00004ca8                __clzsi2
 .text.__errno  0x00004ce4        0xc c:/program files (x86)/cypress/psoc creator/4.1/psoc creator/import/gnu/arm/5.4.1/bin/../lib/gcc/arm-none-eabi/5.4.1/../../../../arm-none-eabi/lib/armv6-m\libg_nano.a(lib_a-errno.o)
                0x00004ce4                __errno
 .text.__libc_init_array
                0x00004cf0       0x4c c:/program files (x86)/cypress/psoc creator/4.1/psoc creator/import/gnu/arm/5.4.1/bin/../lib/gcc/arm-none-eabi/5.4.1/../../../../arm-none-eabi/lib/armv6-m\libg_nano.a(lib_a-init.o)
                0x00004cf0                __libc_init_array
 .text.memset   0x00004d3c       0x10 c:/program files (x86)/cypress/psoc creator/4.1/psoc creator/import/gnu/arm/5.4.1/bin/../lib/gcc/arm-none-eabi/5.4.1/../../../../arm-none-eabi/lib/armv6-m\libg_nano.a(lib_a-memset.o)
                0x00004d3c                memset
 *(.plt)
 *(.gnu.warning)
 *(.glue_7t)
 .glue_7t       0x00004d4c        0x0 linker stubs
 *(.glue_7)
 .glue_7        0x00004d4c        0x0 linker stubs
 *(.vfp11_veneer)
 .vfp11_veneer  0x00004d4c        0x0 linker stubs
 *(.bootloader)
 *(.ARM.extab* .gnu.linkonce.armextab.*)
 *(.gcc_except_table)

.v4_bx          0x00004d4c        0x0
 .v4_bx         0x00004d4c        0x0 linker stubs

.iplt           0x00004d4c        0x0
 .iplt          0x00004d4c        0x0 c:/program files (x86)/cypress/psoc creator/4.1/psoc creator/import/gnu/arm/5.4.1/bin/../lib/gcc/arm-none-eabi/5.4.1/armv6-m/crtbegin.o

.eh_frame_hdr
 *(.eh_frame_hdr)

.eh_frame       0x00004d4c        0x4
 *(.eh_frame)
 .eh_frame      0x00004d4c        0x0 c:/program files (x86)/cypress/psoc creator/4.1/psoc creator/import/gnu/arm/5.4.1/bin/../lib/gcc/arm-none-eabi/5.4.1/armv6-m/crtbegin.o
 .eh_frame      0x00004d4c        0x4 c:/program files (x86)/cypress/psoc creator/4.1/psoc creator/import/gnu/arm/5.4.1/bin/../lib/gcc/arm-none-eabi/5.4.1/armv6-m/crtend.o
                [!provide]                PROVIDE (__exidx_start, .)

.ARM.exidx
 *(.ARM.exidx* .gnu.linkonce.armexidx.*)
                0x00004d50                __exidx_end = .

.rodata         0x00004d50      0x1e0
 *(.rodata .rodata.* .gnu.linkonce.r.*)
 .rodata        0x00004d50       0x1d .\CortexM0\ARM_GCC_541\Release\main.o
                0x00004d50                A2B
                0x00004d58                B2A
                0x00004d60                M2A
                0x00004d68                A2M
 *fill*         0x00004d6d        0x3 
 .rodata        0x00004d70       0x80 .\CortexM0\ARM_GCC_541\Release\cyfitter_cfg.o
 .rodata        0x00004df0       0x47 .\CortexM0\ARM_GCC_541\Release\Prototype.a(CyLib.o)
                0x00004df0                cyImoFreqMhz2Reg
                0x00004e20                cyImoFreqMhz2DpllOffset
 *fill*         0x00004e37        0x1 
 .rodata        0x00004e38       0x40 c:/program files (x86)/cypress/psoc creator/4.1/psoc creator/import/gnu/arm/5.4.1/bin/../lib/gcc/arm-none-eabi/5.4.1/armv6-m\libgcc.a(mulsf3.o)
 .rodata        0x00004e78       0x40 c:/program files (x86)/cypress/psoc creator/4.1/psoc creator/import/gnu/arm/5.4.1/bin/../lib/gcc/arm-none-eabi/5.4.1/armv6-m\libgcc.a(divdf3.o)
 .rodata        0x00004eb8       0x40 c:/program files (x86)/cypress/psoc creator/4.1/psoc creator/import/gnu/arm/5.4.1/bin/../lib/gcc/arm-none-eabi/5.4.1/armv6-m\libgcc.a(muldf3.o)
 .rodata.str1.1
                0x00004ef8        0x2 c:/program files (x86)/cypress/psoc creator/4.1/psoc creator/import/gnu/arm/5.4.1/bin/../lib/gcc/arm-none-eabi/5.4.1/../../../../arm-none-eabi/lib/armv6-m\libg_nano.a(lib_a-impure.o)
                0x00004efc                . = ALIGN (0x4)
 *fill*         0x00004efa        0x2 
 *(.init)
 .init          0x00004efc        0x4 c:/program files (x86)/cypress/psoc creator/4.1/psoc creator/import/gnu/arm/5.4.1/bin/../lib/gcc/arm-none-eabi/5.4.1/armv6-m/crti.o
                0x00004efc                _init
 .init          0x00004f00        0x8 c:/program files (x86)/cypress/psoc creator/4.1/psoc creator/import/gnu/arm/5.4.1/bin/../lib/gcc/arm-none-eabi/5.4.1/armv6-m/crtn.o
                0x00004f08                . = ALIGN (0x4)
                0x00004f08                __preinit_array_start = .
 *(.preinit_array)
                0x00004f08                __preinit_array_end = .
                0x00004f08                . = ALIGN (0x4)
                0x00004f08                __init_array_start = .
 *(SORT(.init_array.*))
 *(.init_array)
 .init_array    0x00004f08        0x4 c:/program files (x86)/cypress/psoc creator/4.1/psoc creator/import/gnu/arm/5.4.1/bin/../lib/gcc/arm-none-eabi/5.4.1/armv6-m/crtbegin.o
 .init_array    0x00004f0c        0x4 .\CortexM0\ARM_GCC_541\Release\Cm0Start.o
                0x00004f10                __init_array_end = .
                0x00004f10                . = ALIGN (0x4)
 *(.fini)
 .fini          0x00004f10        0x4 c:/program files (x86)/cypress/psoc creator/4.1/psoc creator/import/gnu/arm/5.4.1/bin/../lib/gcc/arm-none-eabi/5.4.1/armv6-m/crti.o
                0x00004f10                _fini
 .fini          0x00004f14        0x8 c:/program files (x86)/cypress/psoc creator/4.1/psoc creator/import/gnu/arm/5.4.1/bin/../lib/gcc/arm-none-eabi/5.4.1/armv6-m/crtn.o
                0x00004f1c                . = ALIGN (0x4)
                0x00004f1c                __fini_array_start = .
 *(.fini_array)
 .fini_array    0x00004f1c        0x4 c:/program files (x86)/cypress/psoc creator/4.1/psoc creator/import/gnu/arm/5.4.1/bin/../lib/gcc/arm-none-eabi/5.4.1/armv6-m/crtbegin.o
 *(SORT(.fini_array.*))
                0x00004f20                __fini_array_end = .
                0x00004f20                . = ALIGN (0x4)
 *crtbegin.o(.ctors)
 *(EXCLUDE_FILE(*crtend.o) .ctors)
 *(SORT(.ctors.*))
 *crtend.o(.ctors)
                0x00004f20                . = ALIGN (0x4)
 *crtbegin.o(.dtors)
 *(EXCLUDE_FILE(*crtend.o) .dtors)
 *(SORT(.dtors.*))
 *crtend.o(.dtors)
                0x00004f20                . = ALIGN (0x4)
                0x00004f20                __cy_regions = .
                0x00004f20        0x4 LONG 0x4f30 __cy_region_init_ram
                0x00004f24        0x4 LONG 0x200000c0 __cy_region_start_data
                0x00004f28        0x4 LONG 0x88 __cy_region_init_size_ram
                0x00004f2c        0x4 LONG 0x178 __cy_region_zero_size_ram
                0x00004f30                __cy_regions_end = .
                0x00004f30                . = ALIGN (0x8)
                0x00004f30                _etext = .

.cy_checksum_exclude
                0x00004f30        0x0
 *(.cy_checksum_exclude)

.ramvectors     0x20000000       0xc0
                0x20000000                __cy_region_start_ram = .
 *(.ramvectors)
 .ramvectors    0x20000000       0xc0 .\CortexM0\ARM_GCC_541\Release\Cm0Start.o
                0x20000000                CyRamVectors

.noinit
 *(.noinit)

.data           0x200000c0       0x88 load address 0x00004f30
                0x200000c0                __cy_region_start_data = .
 *(.jcr)
 .jcr           0x200000c0        0x0 c:/program files (x86)/cypress/psoc creator/4.1/psoc creator/import/gnu/arm/5.4.1/bin/../lib/gcc/arm-none-eabi/5.4.1/armv6-m/crtbegin.o
 .jcr           0x200000c0        0x4 c:/program files (x86)/cypress/psoc creator/4.1/psoc creator/import/gnu/arm/5.4.1/bin/../lib/gcc/arm-none-eabi/5.4.1/armv6-m/crtend.o
 *(.got.plt)
 *(.got)
 *(.shdata)
 *(.data .data.* .gnu.linkonce.d.*)
 .data          0x200000c4       0x14 .\CortexM0\ARM_GCC_541\Release\Prototype.a(CyLib.o)
                0x200000c4                cydelayFreqKhz
                0x200000c8                CySysClkPumpConfig
                0x200000cc                cydelayFreqMhz
                0x200000d0                cydelay32kMs
                0x200000d4                cydelayFreqHz
 .data          0x200000d8        0x8 .\CortexM0\ARM_GCC_541\Release\Prototype.a(CyLFClk.o)
 .data.impure_data
                0x200000e0       0x60 c:/program files (x86)/cypress/psoc creator/4.1/psoc creator/import/gnu/arm/5.4.1/bin/../lib/gcc/arm-none-eabi/5.4.1/../../../../arm-none-eabi/lib/armv6-m\libg_nano.a(lib_a-impure.o)
 .data._impure_ptr
                0x20000140        0x4 c:/program files (x86)/cypress/psoc creator/4.1/psoc creator/import/gnu/arm/5.4.1/bin/../lib/gcc/arm-none-eabi/5.4.1/../../../../arm-none-eabi/lib/armv6-m\libg_nano.a(lib_a-impure.o)
                0x20000140                _impure_ptr
                0x20000148                . = ALIGN (0x8)
 *fill*         0x20000144        0x4 
 *(.ram)
                0x20000148                _edata = .

.igot.plt       0x20000148        0x0 load address 0x00004fb8
 .igot.plt      0x20000148        0x0 c:/program files (x86)/cypress/psoc creator/4.1/psoc creator/import/gnu/arm/5.4.1/bin/../lib/gcc/arm-none-eabi/5.4.1/armv6-m/crtbegin.o

.bss            0x20000148      0x178 load address 0x00004fb8
                0x20000148                PROVIDE (__bss_start__, .)
 *(.shbss)
 *(.bss .bss.* .gnu.linkonce.b.*)
 .bss           0x20000148       0x1c c:/program files (x86)/cypress/psoc creator/4.1/psoc creator/import/gnu/arm/5.4.1/bin/../lib/gcc/arm-none-eabi/5.4.1/armv6-m/crtbegin.o
 .bss           0x20000164       0x28 .\CortexM0\ARM_GCC_541\Release\pid.o
 .bss           0x2000018c        0xc .\CortexM0\ARM_GCC_541\Release\modbusRTU.o
                0x2000018c                Nowdt
                0x20000190                modbusRTU_Written
                0x20000194                modbusRTU_written_register_flags
 .bss           0x20000198        0x8 .\CortexM0\ARM_GCC_541\Release\millis.o
                0x20000198                long_millis
 .bss           0x200001a0       0x38 .\CortexM0\ARM_GCC_541\Release\main.o
                0x200001a0                station_id
 .bss           0x200001d8        0x1 .\CortexM0\ARM_GCC_541\Release\Prototype.a(QuadDec.o)
                0x200001d8                QuadDec_initVar
 .bss           0x200001d9        0x1 .\CortexM0\ARM_GCC_541\Release\Prototype.a(PWM.o)
                0x200001d9                PWM_initVar
 *fill*         0x200001da        0x2 
 .bss           0x200001dc       0x28 .\CortexM0\ARM_GCC_541\Release\Prototype.a(CyLFClk.o)
 .bss           0x20000204        0x1 .\CortexM0\ARM_GCC_541\Release\Prototype.a(PID_Tick_Timer.o)
                0x20000204                PID_Tick_Timer_initVar
 *fill*         0x20000205        0x3 
 .bss           0x20000208        0xa .\CortexM0\ARM_GCC_541\Release\Prototype.a(USB_UART.o)
                0x20000208                USB_UART_initVar
                0x2000020c                USB_UART_customIntrHandler
                0x20000210                USB_UART_IntrTxMask
 .bss           0x20000212        0x1 .\CortexM0\ARM_GCC_541\Release\Prototype.a(Millis_TMR.o)
                0x20000212                Millis_TMR_initVar
 .bss           0x20000213        0x1 .\CortexM0\ARM_GCC_541\Release\Prototype.a(ADC.o)
                0x20000213                ADC_initVar
 .bss           0x20000214        0x4 .\CortexM0\ARM_GCC_541\Release\Prototype.a(SPI.o)
                0x20000214                SPI_initVar
                0x20000216                SPI_IntrTxMask
 *(COMMON)
 COMMON         0x20000218        0x5 .\CortexM0\ARM_GCC_541\Release\modbusRTU.o
                0x20000218                lastBytesReceived
                0x2000021c                slave
 COMMON         0x2000021d        0x1 .\CortexM0\ARM_GCC_541\Release\nRF24_Adapter.o
                0x2000021d                nRF24_Adapter_Flags
 *fill*         0x2000021e        0x2 
 COMMON         0x20000220       0x40 .\CortexM0\ARM_GCC_541\Release\main.o
                0x20000220                setpoint
                0x20000224                motor_pwm
                0x20000228                pid_fb
                0x2000022c                modbus_holding_regs
 COMMON         0x20000260       0x52 .\CortexM0\ARM_GCC_541\Release\Prototype.a(USB_UART_SPI_UART.o)
                0x20000260                USB_UART_txBufferTail
                0x20000264                USB_UART_rxBufferTail
                0x20000268                USB_UART_txBufferInternal
                0x20000288                USB_UART_rxBufferHead
                0x2000028c                USB_UART_txBufferHead
                0x20000290                USB_UART_rxBufferInternal
                0x200002b1                USB_UART_rxBufferOverflow
 *fill*         0x200002b2        0x2 
 COMMON         0x200002b4        0xc .\CortexM0\ARM_GCC_541\Release\Prototype.a(ADC.o)
                0x200002b4                ADC_countsPer10Volt
                0x200002bc                ADC_offset
                0x200002c0                . = ALIGN (0x8)
 *(.ram.b)
                0x200002c0                _end = .
                0x200002c0                __end = .
                0x200002c0                PROVIDE (end, .)
                0x200002c0                PROVIDE (__bss_end__, .)
                0x00004f30                __cy_region_init_ram = LOADADDR (.data)
                0x00000088                __cy_region_init_size_ram = (_edata - ADDR (.data))
                0x00000178                __cy_region_zero_size_ram = (_end - _edata)

.heap           0x200002c0       0x80 load address 0x00004fb8
                0x200002c0                . = _end
                0x20000340                . = (. + 0x80)
 *fill*         0x200002c0       0x80 
                0x20000340                __cy_heap_limit = .

.stack          0x20003800      0x800
                0x20003800                __cy_stack_limit = .
                0x20004000                . = (. + 0x800)
 *fill*         0x20003800      0x800 
                0x00000001                ASSERT ((__cy_stack_limit >= __cy_heap_limit), region RAM overflowed with stack)
                0x00000000                cy_checksum_exclude_size = (CY_APPL_LOADABLE == 0x1)?SIZEOF (.cy_checksum_exclude):0x0
                0x00000001                ASSERT ((cy_checksum_exclude_size <= CY_CHECKSUM_EXCLUDE_SIZE), CY_BOOT: Section .cy_checksum_exclude size exceedes specified limit.)
                0x0001ffc0                cyloadermeta_start = (cy_project_type_bootloader || cy_project_type_app_for_stack_and_copier)?(LENGTH (rom) - CY_METADATA_SIZE):0xf0000000

.cyloadermeta
 *(.cyloadermeta)
                0x0001ffc0                cyloadablemeta_start = cy_project_type_app_for_stack_and_copier?((LENGTH (rom) - CY_FLASH_ROW_SIZE) - CY_METADATA_SIZE):((LENGTH (rom) - (CY_FLASH_ROW_SIZE * (CY_APPL_NUM - 0x1))) - CY_METADATA_SIZE)

.cyloadablemeta
 *(.cyloadablemeta)

.cyflashprotect
                0x90400000       0x80
 *(.cyflashprotect)
 .cyflashprotect
                0x90400000       0x80 .\CortexM0\ARM_GCC_541\Release\cymetadata.o
                0x90400000                cy_meta_flashprotect

.cymeta         0x90500000        0xc
 *(.cymeta)
 .cymeta        0x90500000        0xc .\CortexM0\ARM_GCC_541\Release\cymetadata.o
                0x90500000                cy_metadata

.cychipprotect  0x90600000        0x1
 *(.cychipprotect)
 .cychipprotect
                0x90600000        0x1 .\CortexM0\ARM_GCC_541\Release\cymetadata.o
                0x90600000                cy_meta_chipprotect

.rel.dyn        0x00004fb8        0x0 load address 0x90600004
 .rel.iplt      0x00004fb8        0x0 c:/program files (x86)/cypress/psoc creator/4.1/psoc creator/import/gnu/arm/5.4.1/bin/../lib/gcc/arm-none-eabi/5.4.1/armv6-m/crtbegin.o

.stab
 *(.stab)

.stabstr
 *(.stabstr)

.debug
 *(.debug)

.line
 *(.line)

.debug_srcinfo
 *(.debug_srcinfo)

.debug_sfnames
 *(.debug_sfnames)

.debug_aranges  0x00000000     0x13c8
 *(.debug_aranges)
 .debug_aranges
                0x00000000       0x50 .\CortexM0\ARM_GCC_541\Release\pid.o
 .debug_aranges
                0x00000050       0x28 .\CortexM0\ARM_GCC_541\Release\motor.o
 .debug_aranges
                0x00000078       0x90 .\CortexM0\ARM_GCC_541\Release\modbusRTU.o
 .debug_aranges
                0x00000108       0x28 .\CortexM0\ARM_GCC_541\Release\millis.o
 .debug_aranges
                0x00000130       0x28 .\CortexM0\ARM_GCC_541\Release\nRF24_Adapter.o
 .debug_aranges
                0x00000158       0x28 .\CortexM0\ARM_GCC_541\Release\main.o
 .debug_aranges
                0x00000180       0x28 .\CortexM0\ARM_GCC_541\Release\cyfitter_cfg.o
 .debug_aranges
                0x000001a8       0x18 .\CortexM0\ARM_GCC_541\Release\cymetadata.o
 .debug_aranges
                0x000001c0       0x48 .\CortexM0\ARM_GCC_541\Release\Cm0Start.o
 .debug_aranges
                0x00000208      0x148 .\CortexM0\ARM_GCC_541\Release\Prototype.a(QuadDec.o)
 .debug_aranges
                0x00000350      0x148 .\CortexM0\ARM_GCC_541\Release\Prototype.a(PWM.o)
 .debug_aranges
                0x00000498       0x80 .\CortexM0\ARM_GCC_541\Release\Prototype.a(PID_ISR.o)
 .debug_aranges
                0x00000518       0x28 .\CortexM0\ARM_GCC_541\Release\Prototype.a(Motor_Dir.o)
 .debug_aranges
                0x00000540       0x48 .\CortexM0\ARM_GCC_541\Release\Prototype.a(LED.o)
 .debug_aranges
                0x00000588      0x1d0 .\CortexM0\ARM_GCC_541\Release\Prototype.a(CyLib.o)
 .debug_aranges
                0x00000758      0x168 .\CortexM0\ARM_GCC_541\Release\Prototype.a(CyLFClk.o)
 .debug_aranges
                0x000008c0      0x148 .\CortexM0\ARM_GCC_541\Release\Prototype.a(PID_Tick_Timer.o)
 .debug_aranges
                0x00000a08       0x50 .\CortexM0\ARM_GCC_541\Release\Prototype.a(USB_UART.o)
 .debug_aranges
                0x00000a58       0x60 .\CortexM0\ARM_GCC_541\Release\Prototype.a(USB_UART_SPI_UART.o)
 .debug_aranges
                0x00000ab8       0x90 .\CortexM0\ARM_GCC_541\Release\Prototype.a(USB_UART_UART.o)
 .debug_aranges
                0x00000b48      0x148 .\CortexM0\ARM_GCC_541\Release\Prototype.a(Millis_TMR.o)
 .debug_aranges
                0x00000c90       0x80 .\CortexM0\ARM_GCC_541\Release\Prototype.a(Millis_ISR.o)
 .debug_aranges
                0x00000d10       0xa8 .\CortexM0\ARM_GCC_541\Release\Prototype.a(ADC.o)
 .debug_aranges
                0x00000db8       0x20 .\CortexM0\ARM_GCC_541\Release\Prototype.a(ADC_INT.o)
 .debug_aranges
                0x00000dd8      0x1f0 .\CortexM0\ARM_GCC_541\Release\Prototype.a(nRF24_FUNCS.o)
 .debug_aranges
                0x00000fc8       0x58 .\CortexM0\ARM_GCC_541\Release\Prototype.a(nRF24_LL_SPI.o)
 .debug_aranges
                0x00001020       0x68 .\CortexM0\ARM_GCC_541\Release\Prototype.a(nRF24_COMMANDS.o)
 .debug_aranges
                0x00001088       0x48 .\CortexM0\ARM_GCC_541\Release\Prototype.a(CE.o)
 .debug_aranges
                0x000010d0       0x48 .\CortexM0\ARM_GCC_541\Release\Prototype.a(SS.o)
 .debug_aranges
                0x00001118       0x48 .\CortexM0\ARM_GCC_541\Release\Prototype.a(NRF_IRQ.o)
 .debug_aranges
                0x00001160       0x80 .\CortexM0\ARM_GCC_541\Release\Prototype.a(NRF_ISR.o)
 .debug_aranges
                0x000011e0       0x48 .\CortexM0\ARM_GCC_541\Release\Prototype.a(ID.o)
 .debug_aranges
                0x00001228       0x20 .\CortexM0\ARM_GCC_541\Release\Prototype.a(CyBootAsmGnu.o)
 .debug_aranges
                0x00001248       0x30 .\CortexM0\ARM_GCC_541\Release\Prototype.a(CyFlash.o)
 .debug_aranges
                0x00001278       0x20 .\CortexM0\ARM_GCC_541\Release\Prototype.a(USB_UART_SPI_UART_INT.o)
 .debug_aranges
                0x00001298       0x48 .\CortexM0\ARM_GCC_541\Release\Prototype.a(SPI.o)
 .debug_aranges
                0x000012e0       0x60 .\CortexM0\ARM_GCC_541\Release\Prototype.a(SPI_SPI_UART.o)
 .debug_aranges
                0x00001340       0x40 .\CortexM0\ARM_GCC_541\Release\Prototype.a(SPI_SPI.o)
 .debug_aranges
                0x00001380       0x48 .\CortexM0\ARM_GCC_541\Release\Prototype.a(SPI_sclk_m.o)

.debug_pubnames
 *(.debug_pubnames)

.debug_info     0x00000000     0xe179
 *(.debug_info .gnu.linkonce.wi.*)
 .debug_info    0x00000000      0x337 .\CortexM0\ARM_GCC_541\Release\pid.o
 .debug_info    0x00000337      0x152 .\CortexM0\ARM_GCC_541\Release\motor.o
 .debug_info    0x00000489     0x128c .\CortexM0\ARM_GCC_541\Release\modbusRTU.o
 .debug_info    0x00001715      0x1f0 .\CortexM0\ARM_GCC_541\Release\millis.o
 .debug_info    0x00001905      0x258 .\CortexM0\ARM_GCC_541\Release\nRF24_Adapter.o
 .debug_info    0x00001b5d      0x96a .\CortexM0\ARM_GCC_541\Release\main.o
 .debug_info    0x000024c7      0x44d .\CortexM0\ARM_GCC_541\Release\cyfitter_cfg.o
 .debug_info    0x00002914       0xf8 .\CortexM0\ARM_GCC_541\Release\cymetadata.o
 .debug_info    0x00002a0c      0x39e .\CortexM0\ARM_GCC_541\Release\Cm0Start.o
 .debug_info    0x00002daa      0xaf3 .\CortexM0\ARM_GCC_541\Release\Prototype.a(QuadDec.o)
 .debug_info    0x0000389d      0xaa4 .\CortexM0\ARM_GCC_541\Release\Prototype.a(PWM.o)
 .debug_info    0x00004341      0x3de .\CortexM0\ARM_GCC_541\Release\Prototype.a(PID_ISR.o)
 .debug_info    0x0000471f       0xd6 .\CortexM0\ARM_GCC_541\Release\Prototype.a(Motor_Dir.o)
 .debug_info    0x000047f5      0x19b .\CortexM0\ARM_GCC_541\Release\Prototype.a(LED.o)
 .debug_info    0x00004990      0xf92 .\CortexM0\ARM_GCC_541\Release\Prototype.a(CyLib.o)
 .debug_info    0x00005922     0x1bcd .\CortexM0\ARM_GCC_541\Release\Prototype.a(CyLFClk.o)
 .debug_info    0x000074ef      0xa5a .\CortexM0\ARM_GCC_541\Release\Prototype.a(PID_Tick_Timer.o)
 .debug_info    0x00007f49      0x33f .\CortexM0\ARM_GCC_541\Release\Prototype.a(USB_UART.o)
 .debug_info    0x00008288      0x3e5 .\CortexM0\ARM_GCC_541\Release\Prototype.a(USB_UART_SPI_UART.o)
 .debug_info    0x0000866d      0x4a1 .\CortexM0\ARM_GCC_541\Release\Prototype.a(USB_UART_UART.o)
 .debug_info    0x00008b0e      0xa5a .\CortexM0\ARM_GCC_541\Release\Prototype.a(Millis_TMR.o)
 .debug_info    0x00009568      0x3de .\CortexM0\ARM_GCC_541\Release\Prototype.a(Millis_ISR.o)
 .debug_info    0x00009946      0x564 .\CortexM0\ARM_GCC_541\Release\Prototype.a(ADC.o)
 .debug_info    0x00009eaa       0xcb .\CortexM0\ARM_GCC_541\Release\Prototype.a(ADC_INT.o)
 .debug_info    0x00009f75     0x179a .\CortexM0\ARM_GCC_541\Release\Prototype.a(nRF24_FUNCS.o)
 .debug_info    0x0000b70f      0xad3 .\CortexM0\ARM_GCC_541\Release\Prototype.a(nRF24_LL_SPI.o)
 .debug_info    0x0000c1e2      0x801 .\CortexM0\ARM_GCC_541\Release\Prototype.a(nRF24_COMMANDS.o)
 .debug_info    0x0000c9e3      0x19b .\CortexM0\ARM_GCC_541\Release\Prototype.a(CE.o)
 .debug_info    0x0000cb7e      0x19b .\CortexM0\ARM_GCC_541\Release\Prototype.a(SS.o)
 .debug_info    0x0000cd19      0x19b .\CortexM0\ARM_GCC_541\Release\Prototype.a(NRF_IRQ.o)
 .debug_info    0x0000ceb4      0x3de .\CortexM0\ARM_GCC_541\Release\Prototype.a(NRF_ISR.o)
 .debug_info    0x0000d292      0x19b .\CortexM0\ARM_GCC_541\Release\Prototype.a(ID.o)
 .debug_info    0x0000d42d       0xaf .\CortexM0\ARM_GCC_541\Release\Prototype.a(CyBootAsmGnu.o)
 .debug_info    0x0000d4dc      0x2f0 .\CortexM0\ARM_GCC_541\Release\Prototype.a(CyFlash.o)
 .debug_info    0x0000d7cc      0x186 .\CortexM0\ARM_GCC_541\Release\Prototype.a(USB_UART_SPI_UART_INT.o)
 .debug_info    0x0000d952      0x275 .\CortexM0\ARM_GCC_541\Release\Prototype.a(SPI.o)
 .debug_info    0x0000dbc7      0x245 .\CortexM0\ARM_GCC_541\Release\Prototype.a(SPI_SPI_UART.o)
 .debug_info    0x0000de0c      0x1d2 .\CortexM0\ARM_GCC_541\Release\Prototype.a(SPI_SPI.o)
 .debug_info    0x0000dfde      0x19b .\CortexM0\ARM_GCC_541\Release\Prototype.a(SPI_sclk_m.o)

.debug_abbrev   0x00000000     0x3965
 *(.debug_abbrev)
 .debug_abbrev  0x00000000      0x131 .\CortexM0\ARM_GCC_541\Release\pid.o
 .debug_abbrev  0x00000131       0xbc .\CortexM0\ARM_GCC_541\Release\motor.o
 .debug_abbrev  0x000001ed      0x2cf .\CortexM0\ARM_GCC_541\Release\modbusRTU.o
 .debug_abbrev  0x000004bc       0xdf .\CortexM0\ARM_GCC_541\Release\millis.o
 .debug_abbrev  0x0000059b       0xce .\CortexM0\ARM_GCC_541\Release\nRF24_Adapter.o
 .debug_abbrev  0x00000669      0x156 .\CortexM0\ARM_GCC_541\Release\main.o
 .debug_abbrev  0x000007bf      0x246 .\CortexM0\ARM_GCC_541\Release\cyfitter_cfg.o
 .debug_abbrev  0x00000a05       0x5d .\CortexM0\ARM_GCC_541\Release\cymetadata.o
 .debug_abbrev  0x00000a62      0x1d5 .\CortexM0\ARM_GCC_541\Release\Cm0Start.o
 .debug_abbrev  0x00000c37      0x1e4 .\CortexM0\ARM_GCC_541\Release\Prototype.a(QuadDec.o)
 .debug_abbrev  0x00000e1b      0x1e4 .\CortexM0\ARM_GCC_541\Release\Prototype.a(PWM.o)
 .debug_abbrev  0x00000fff      0x228 .\CortexM0\ARM_GCC_541\Release\Prototype.a(PID_ISR.o)
 .debug_abbrev  0x00001227       0x81 .\CortexM0\ARM_GCC_541\Release\Prototype.a(Motor_Dir.o)
 .debug_abbrev  0x000012a8       0xc6 .\CortexM0\ARM_GCC_541\Release\Prototype.a(LED.o)
 .debug_abbrev  0x0000136e      0x36c .\CortexM0\ARM_GCC_541\Release\Prototype.a(CyLib.o)
 .debug_abbrev  0x000016da      0x3a4 .\CortexM0\ARM_GCC_541\Release\Prototype.a(CyLFClk.o)
 .debug_abbrev  0x00001a7e      0x1e4 .\CortexM0\ARM_GCC_541\Release\Prototype.a(PID_Tick_Timer.o)
 .debug_abbrev  0x00001c62      0x172 .\CortexM0\ARM_GCC_541\Release\Prototype.a(USB_UART.o)
 .debug_abbrev  0x00001dd4      0x1d4 .\CortexM0\ARM_GCC_541\Release\Prototype.a(USB_UART_SPI_UART.o)
 .debug_abbrev  0x00001fa8      0x145 .\CortexM0\ARM_GCC_541\Release\Prototype.a(USB_UART_UART.o)
 .debug_abbrev  0x000020ed      0x1e4 .\CortexM0\ARM_GCC_541\Release\Prototype.a(Millis_TMR.o)
 .debug_abbrev  0x000022d1      0x228 .\CortexM0\ARM_GCC_541\Release\Prototype.a(Millis_ISR.o)
 .debug_abbrev  0x000024f9      0x1ab .\CortexM0\ARM_GCC_541\Release\Prototype.a(ADC.o)
 .debug_abbrev  0x000026a4       0x65 .\CortexM0\ARM_GCC_541\Release\Prototype.a(ADC_INT.o)
 .debug_abbrev  0x00002709      0x21c .\CortexM0\ARM_GCC_541\Release\Prototype.a(nRF24_FUNCS.o)
 .debug_abbrev  0x00002925      0x235 .\CortexM0\ARM_GCC_541\Release\Prototype.a(nRF24_LL_SPI.o)
 .debug_abbrev  0x00002b5a      0x1e7 .\CortexM0\ARM_GCC_541\Release\Prototype.a(nRF24_COMMANDS.o)
 .debug_abbrev  0x00002d41       0xc6 .\CortexM0\ARM_GCC_541\Release\Prototype.a(CE.o)
 .debug_abbrev  0x00002e07       0xc6 .\CortexM0\ARM_GCC_541\Release\Prototype.a(SS.o)
 .debug_abbrev  0x00002ecd       0xc6 .\CortexM0\ARM_GCC_541\Release\Prototype.a(NRF_IRQ.o)
 .debug_abbrev  0x00002f93      0x237 .\CortexM0\ARM_GCC_541\Release\Prototype.a(NRF_ISR.o)
 .debug_abbrev  0x000031ca       0xc6 .\CortexM0\ARM_GCC_541\Release\Prototype.a(ID.o)
 .debug_abbrev  0x00003290       0x14 .\CortexM0\ARM_GCC_541\Release\Prototype.a(CyBootAsmGnu.o)
 .debug_abbrev  0x000032a4      0x16e .\CortexM0\ARM_GCC_541\Release\Prototype.a(CyFlash.o)
 .debug_abbrev  0x00003412       0x9a .\CortexM0\ARM_GCC_541\Release\Prototype.a(USB_UART_SPI_UART_INT.o)
 .debug_abbrev  0x000034ac      0x11e .\CortexM0\ARM_GCC_541\Release\Prototype.a(SPI.o)
 .debug_abbrev  0x000035ca      0x188 .\CortexM0\ARM_GCC_541\Release\Prototype.a(SPI_SPI_UART.o)
 .debug_abbrev  0x00003752      0x14d .\CortexM0\ARM_GCC_541\Release\Prototype.a(SPI_SPI.o)
 .debug_abbrev  0x0000389f       0xc6 .\CortexM0\ARM_GCC_541\Release\Prototype.a(SPI_sclk_m.o)

.debug_line     0x00000000     0x5932
 *(.debug_line)
 .debug_line    0x00000000      0x161 .\CortexM0\ARM_GCC_541\Release\pid.o
 .debug_line    0x00000161       0x86 .\CortexM0\ARM_GCC_541\Release\motor.o
 .debug_line    0x000001e7      0x680 .\CortexM0\ARM_GCC_541\Release\modbusRTU.o
 .debug_line    0x00000867       0xae .\CortexM0\ARM_GCC_541\Release\millis.o
 .debug_line    0x00000915       0xb7 .\CortexM0\ARM_GCC_541\Release\nRF24_Adapter.o
 .debug_line    0x000009cc      0x31a .\CortexM0\ARM_GCC_541\Release\main.o
 .debug_line    0x00000ce6      0x1c2 .\CortexM0\ARM_GCC_541\Release\cyfitter_cfg.o
 .debug_line    0x00000ea8      0x141 .\CortexM0\ARM_GCC_541\Release\cymetadata.o
 .debug_line    0x00000fe9      0x258 .\CortexM0\ARM_GCC_541\Release\Cm0Start.o
 .debug_line    0x00001241      0x401 .\CortexM0\ARM_GCC_541\Release\Prototype.a(QuadDec.o)
 .debug_line    0x00001642      0x408 .\CortexM0\ARM_GCC_541\Release\Prototype.a(PWM.o)
 .debug_line    0x00001a4a      0x191 .\CortexM0\ARM_GCC_541\Release\Prototype.a(PID_ISR.o)
 .debug_line    0x00001bdb       0x76 .\CortexM0\ARM_GCC_541\Release\Prototype.a(Motor_Dir.o)
 .debug_line    0x00001c51       0xc7 .\CortexM0\ARM_GCC_541\Release\Prototype.a(LED.o)
 .debug_line    0x00001d18      0x665 .\CortexM0\ARM_GCC_541\Release\Prototype.a(CyLib.o)
 .debug_line    0x0000237d      0xa0c .\CortexM0\ARM_GCC_541\Release\Prototype.a(CyLFClk.o)
 .debug_line    0x00002d89      0x3fb .\CortexM0\ARM_GCC_541\Release\Prototype.a(PID_Tick_Timer.o)
 .debug_line    0x00003184      0x158 .\CortexM0\ARM_GCC_541\Release\Prototype.a(USB_UART.o)
 .debug_line    0x000032dc      0x1ba .\CortexM0\ARM_GCC_541\Release\Prototype.a(USB_UART_SPI_UART.o)
 .debug_line    0x00003496      0x25a .\CortexM0\ARM_GCC_541\Release\Prototype.a(USB_UART_UART.o)
 .debug_line    0x000036f0      0x3f7 .\CortexM0\ARM_GCC_541\Release\Prototype.a(Millis_TMR.o)
 .debug_line    0x00003ae7      0x198 .\CortexM0\ARM_GCC_541\Release\Prototype.a(Millis_ISR.o)
 .debug_line    0x00003c7f      0x2fe .\CortexM0\ARM_GCC_541\Release\Prototype.a(ADC.o)
 .debug_line    0x00003f7d       0x68 .\CortexM0\ARM_GCC_541\Release\Prototype.a(ADC_INT.o)
 .debug_line    0x00003fe5      0x709 .\CortexM0\ARM_GCC_541\Release\Prototype.a(nRF24_FUNCS.o)
 .debug_line    0x000046ee      0x36d .\CortexM0\ARM_GCC_541\Release\Prototype.a(nRF24_LL_SPI.o)
 .debug_line    0x00004a5b      0x344 .\CortexM0\ARM_GCC_541\Release\Prototype.a(nRF24_COMMANDS.o)
 .debug_line    0x00004d9f       0xc6 .\CortexM0\ARM_GCC_541\Release\Prototype.a(CE.o)
 .debug_line    0x00004e65       0xc6 .\CortexM0\ARM_GCC_541\Release\Prototype.a(SS.o)
 .debug_line    0x00004f2b       0xcb .\CortexM0\ARM_GCC_541\Release\Prototype.a(NRF_IRQ.o)
 .debug_line    0x00004ff6      0x1a7 .\CortexM0\ARM_GCC_541\Release\Prototype.a(NRF_ISR.o)
 .debug_line    0x0000519d       0xc6 .\CortexM0\ARM_GCC_541\Release\Prototype.a(ID.o)
 .debug_line    0x00005263       0x68 .\CortexM0\ARM_GCC_541\Release\Prototype.a(CyBootAsmGnu.o)
 .debug_line    0x000052cb      0x156 .\CortexM0\ARM_GCC_541\Release\Prototype.a(CyFlash.o)
 .debug_line    0x00005421       0xe6 .\CortexM0\ARM_GCC_541\Release\Prototype.a(USB_UART_SPI_UART_INT.o)
 .debug_line    0x00005507      0x115 .\CortexM0\ARM_GCC_541\Release\Prototype.a(SPI.o)
 .debug_line    0x0000561c      0x13b .\CortexM0\ARM_GCC_541\Release\Prototype.a(SPI_SPI_UART.o)
 .debug_line    0x00005757      0x10d .\CortexM0\ARM_GCC_541\Release\Prototype.a(SPI_SPI.o)
 .debug_line    0x00005864       0xce .\CortexM0\ARM_GCC_541\Release\Prototype.a(SPI_sclk_m.o)

.debug_frame    0x00000000     0x35fc
 *(.debug_frame)
 .debug_frame   0x00000000       0xa4 .\CortexM0\ARM_GCC_541\Release\pid.o
 .debug_frame   0x000000a4       0x48 .\CortexM0\ARM_GCC_541\Release\motor.o
 .debug_frame   0x000000ec      0x200 .\CortexM0\ARM_GCC_541\Release\modbusRTU.o
 .debug_frame   0x000002ec       0x4c .\CortexM0\ARM_GCC_541\Release\millis.o
 .debug_frame   0x00000338       0x48 .\CortexM0\ARM_GCC_541\Release\nRF24_Adapter.o
 .debug_frame   0x00000380       0x68 .\CortexM0\ARM_GCC_541\Release\main.o
 .debug_frame   0x000003e8       0x48 .\CortexM0\ARM_GCC_541\Release\cyfitter_cfg.o
 .debug_frame   0x00000430       0xc8 .\CortexM0\ARM_GCC_541\Release\Cm0Start.o
 .debug_frame   0x000004f8      0x394 .\CortexM0\ARM_GCC_541\Release\Prototype.a(QuadDec.o)
 .debug_frame   0x0000088c      0x384 .\CortexM0\ARM_GCC_541\Release\Prototype.a(PWM.o)
 .debug_frame   0x00000c10      0x104 .\CortexM0\ARM_GCC_541\Release\Prototype.a(PID_ISR.o)
 .debug_frame   0x00000d14       0x30 .\CortexM0\ARM_GCC_541\Release\Prototype.a(Motor_Dir.o)
 .debug_frame   0x00000d44       0x70 .\CortexM0\ARM_GCC_541\Release\Prototype.a(LED.o)
 .debug_frame   0x00000db4      0x460 .\CortexM0\ARM_GCC_541\Release\Prototype.a(CyLib.o)
 .debug_frame   0x00001214      0x400 .\CortexM0\ARM_GCC_541\Release\Prototype.a(CyLFClk.o)
 .debug_frame   0x00001614      0x384 .\CortexM0\ARM_GCC_541\Release\Prototype.a(PID_Tick_Timer.o)
 .debug_frame   0x00001998       0xb0 .\CortexM0\ARM_GCC_541\Release\Prototype.a(USB_UART.o)
 .debug_frame   0x00001a48       0xe8 .\CortexM0\ARM_GCC_541\Release\Prototype.a(USB_UART_SPI_UART.o)
 .debug_frame   0x00001b30      0x15c .\CortexM0\ARM_GCC_541\Release\Prototype.a(USB_UART_UART.o)
 .debug_frame   0x00001c8c      0x384 .\CortexM0\ARM_GCC_541\Release\Prototype.a(Millis_TMR.o)
 .debug_frame   0x00002010      0x104 .\CortexM0\ARM_GCC_541\Release\Prototype.a(Millis_ISR.o)
 .debug_frame   0x00002114      0x180 .\CortexM0\ARM_GCC_541\Release\Prototype.a(ADC.o)
 .debug_frame   0x00002294       0x20 .\CortexM0\ARM_GCC_541\Release\Prototype.a(ADC_INT.o)
 .debug_frame   0x000022b4      0x6d8 .\CortexM0\ARM_GCC_541\Release\Prototype.a(nRF24_FUNCS.o)
 .debug_frame   0x0000298c      0x124 .\CortexM0\ARM_GCC_541\Release\Prototype.a(nRF24_LL_SPI.o)
 .debug_frame   0x00002ab0      0x138 .\CortexM0\ARM_GCC_541\Release\Prototype.a(nRF24_COMMANDS.o)
 .debug_frame   0x00002be8       0x70 .\CortexM0\ARM_GCC_541\Release\Prototype.a(CE.o)
 .debug_frame   0x00002c58       0x70 .\CortexM0\ARM_GCC_541\Release\Prototype.a(SS.o)
 .debug_frame   0x00002cc8       0x70 .\CortexM0\ARM_GCC_541\Release\Prototype.a(NRF_IRQ.o)
 .debug_frame   0x00002d38      0x104 .\CortexM0\ARM_GCC_541\Release\Prototype.a(NRF_ISR.o)
 .debug_frame   0x00002e3c       0x70 .\CortexM0\ARM_GCC_541\Release\Prototype.a(ID.o)
 .debug_frame   0x00002eac       0x6c .\CortexM0\ARM_GCC_541\Release\Prototype.a(CyFlash.o)
 .debug_frame   0x00002f18       0x38 .\CortexM0\ARM_GCC_541\Release\Prototype.a(USB_UART_SPI_UART_INT.o)
 .debug_frame   0x00002f50       0xa0 .\CortexM0\ARM_GCC_541\Release\Prototype.a(SPI.o)
 .debug_frame   0x00002ff0       0xb0 .\CortexM0\ARM_GCC_541\Release\Prototype.a(SPI_SPI_UART.o)
 .debug_frame   0x000030a0       0x6c .\CortexM0\ARM_GCC_541\Release\Prototype.a(SPI_SPI.o)
 .debug_frame   0x0000310c       0x70 .\CortexM0\ARM_GCC_541\Release\Prototype.a(SPI_sclk_m.o)
 .debug_frame   0x0000317c       0x20 c:/program files (x86)/cypress/psoc creator/4.1/psoc creator/import/gnu/arm/5.4.1/bin/../lib/gcc/arm-none-eabi/5.4.1/armv6-m\libgcc.a(_udivsi3.o)
 .debug_frame   0x0000319c       0x20 c:/program files (x86)/cypress/psoc creator/4.1/psoc creator/import/gnu/arm/5.4.1/bin/../lib/gcc/arm-none-eabi/5.4.1/armv6-m\libgcc.a(_divsi3.o)
 .debug_frame   0x000031bc       0x34 c:/program files (x86)/cypress/psoc creator/4.1/psoc creator/import/gnu/arm/5.4.1/bin/../lib/gcc/arm-none-eabi/5.4.1/armv6-m\libgcc.a(_muldi3.o)
 .debug_frame   0x000031f0       0x30 c:/program files (x86)/cypress/psoc creator/4.1/psoc creator/import/gnu/arm/5.4.1/bin/../lib/gcc/arm-none-eabi/5.4.1/armv6-m\libgcc.a(bpabi.o)
 .debug_frame   0x00003220       0x30 c:/program files (x86)/cypress/psoc creator/4.1/psoc creator/import/gnu/arm/5.4.1/bin/../lib/gcc/arm-none-eabi/5.4.1/armv6-m\libgcc.a(addsf3.o)
 .debug_frame   0x00003250       0x3c c:/program files (x86)/cypress/psoc creator/4.1/psoc creator/import/gnu/arm/5.4.1/bin/../lib/gcc/arm-none-eabi/5.4.1/armv6-m\libgcc.a(divsf3.o)
 .debug_frame   0x0000328c       0x2c c:/program files (x86)/cypress/psoc creator/4.1/psoc creator/import/gnu/arm/5.4.1/bin/../lib/gcc/arm-none-eabi/5.4.1/armv6-m\libgcc.a(eqsf2.o)
 .debug_frame   0x000032b8       0x30 c:/program files (x86)/cypress/psoc creator/4.1/psoc creator/import/gnu/arm/5.4.1/bin/../lib/gcc/arm-none-eabi/5.4.1/armv6-m\libgcc.a(gesf2.o)
 .debug_frame   0x000032e8       0x30 c:/program files (x86)/cypress/psoc creator/4.1/psoc creator/import/gnu/arm/5.4.1/bin/../lib/gcc/arm-none-eabi/5.4.1/armv6-m\libgcc.a(lesf2.o)
 .debug_frame   0x00003318       0x38 c:/program files (x86)/cypress/psoc creator/4.1/psoc creator/import/gnu/arm/5.4.1/bin/../lib/gcc/arm-none-eabi/5.4.1/armv6-m\libgcc.a(mulsf3.o)
 .debug_frame   0x00003350       0x30 c:/program files (x86)/cypress/psoc creator/4.1/psoc creator/import/gnu/arm/5.4.1/bin/../lib/gcc/arm-none-eabi/5.4.1/armv6-m\libgcc.a(subsf3.o)
 .debug_frame   0x00003380       0x20 c:/program files (x86)/cypress/psoc creator/4.1/psoc creator/import/gnu/arm/5.4.1/bin/../lib/gcc/arm-none-eabi/5.4.1/armv6-m\libgcc.a(fixsfsi.o)
 .debug_frame   0x000033a0       0x2c c:/program files (x86)/cypress/psoc creator/4.1/psoc creator/import/gnu/arm/5.4.1/bin/../lib/gcc/arm-none-eabi/5.4.1/armv6-m\libgcc.a(floatsisf.o)
 .debug_frame   0x000033cc       0x3c c:/program files (x86)/cypress/psoc creator/4.1/psoc creator/import/gnu/arm/5.4.1/bin/../lib/gcc/arm-none-eabi/5.4.1/armv6-m\libgcc.a(adddf3.o)
 .debug_frame   0x00003408       0x3c c:/program files (x86)/cypress/psoc creator/4.1/psoc creator/import/gnu/arm/5.4.1/bin/../lib/gcc/arm-none-eabi/5.4.1/armv6-m\libgcc.a(divdf3.o)
 .debug_frame   0x00003444       0x3c c:/program files (x86)/cypress/psoc creator/4.1/psoc creator/import/gnu/arm/5.4.1/bin/../lib/gcc/arm-none-eabi/5.4.1/armv6-m\libgcc.a(muldf3.o)
 .debug_frame   0x00003480       0x2c c:/program files (x86)/cypress/psoc creator/4.1/psoc creator/import/gnu/arm/5.4.1/bin/../lib/gcc/arm-none-eabi/5.4.1/armv6-m\libgcc.a(fixdfsi.o)
 .debug_frame   0x000034ac       0x2c c:/program files (x86)/cypress/psoc creator/4.1/psoc creator/import/gnu/arm/5.4.1/bin/../lib/gcc/arm-none-eabi/5.4.1/armv6-m\libgcc.a(extendsfdf2.o)
 .debug_frame   0x000034d8       0x2c c:/program files (x86)/cypress/psoc creator/4.1/psoc creator/import/gnu/arm/5.4.1/bin/../lib/gcc/arm-none-eabi/5.4.1/armv6-m\libgcc.a(truncdfsf2.o)
 .debug_frame   0x00003504       0x3c c:/program files (x86)/cypress/psoc creator/4.1/psoc creator/import/gnu/arm/5.4.1/bin/../lib/gcc/arm-none-eabi/5.4.1/armv6-m\libgcc.a(_divdi3.o)
 .debug_frame   0x00003540       0x20 c:/program files (x86)/cypress/psoc creator/4.1/psoc creator/import/gnu/arm/5.4.1/bin/../lib/gcc/arm-none-eabi/5.4.1/../../../../arm-none-eabi/lib/armv6-m\libg_nano.a(lib_a-errno.o)
 .debug_frame   0x00003560       0x28 c:/program files (x86)/cypress/psoc creator/4.1/psoc creator/import/gnu/arm/5.4.1/bin/../lib/gcc/arm-none-eabi/5.4.1/../../../../arm-none-eabi/lib/armv6-m\libg_nano.a(lib_a-exit.o)
 .debug_frame   0x00003588       0x2c c:/program files (x86)/cypress/psoc creator/4.1/psoc creator/import/gnu/arm/5.4.1/bin/../lib/gcc/arm-none-eabi/5.4.1/../../../../arm-none-eabi/lib/armv6-m\libg_nano.a(lib_a-init.o)
 .debug_frame   0x000035b4       0x28 c:/program files (x86)/cypress/psoc creator/4.1/psoc creator/import/gnu/arm/5.4.1/bin/../lib/gcc/arm-none-eabi/5.4.1/../../../../arm-none-eabi/lib/armv6-m\libg_nano.a(lib_a-memcpy-stub.o)
 .debug_frame   0x000035dc       0x20 c:/program files (x86)/cypress/psoc creator/4.1/psoc creator/import/gnu/arm/5.4.1/bin/../lib/gcc/arm-none-eabi/5.4.1/../../../../arm-none-eabi/lib/armv6-m\libg_nano.a(lib_a-memset.o)

.debug_str      0x00000000     0x4814
 *(.debug_str)
 .debug_str     0x00000000      0x417 .\CortexM0\ARM_GCC_541\Release\pid.o
                                0x484 (size before relaxing)
 .debug_str     0x00000417       0x53 .\CortexM0\ARM_GCC_541\Release\motor.o
                                0x1ed (size before relaxing)
 .debug_str     0x0000046a      0x3a1 .\CortexM0\ARM_GCC_541\Release\modbusRTU.o
                                0x72e (size before relaxing)
 .debug_str     0x0000080b       0x78 .\CortexM0\ARM_GCC_541\Release\millis.o
                                0x3df (size before relaxing)
 .debug_str     0x00000883      0x105 .\CortexM0\ARM_GCC_541\Release\nRF24_Adapter.o
                                0x459 (size before relaxing)
 .debug_str     0x00000988      0x32e .\CortexM0\ARM_GCC_541\Release\main.o
                                0x7f6 (size before relaxing)
 .debug_str     0x00000cb6      0x14b .\CortexM0\ARM_GCC_541\Release\cyfitter_cfg.o
                                0x31c (size before relaxing)
 .debug_str     0x00000e01       0x59 .\CortexM0\ARM_GCC_541\Release\cymetadata.o
                                0x1e7 (size before relaxing)
 .debug_str     0x00000e5a      0x135 .\CortexM0\ARM_GCC_541\Release\Cm0Start.o
                                0x320 (size before relaxing)
 .debug_str     0x00000f8f      0x402 .\CortexM0\ARM_GCC_541\Release\Prototype.a(QuadDec.o)
                                0x5f9 (size before relaxing)
 .debug_str     0x00001391      0x295 .\CortexM0\ARM_GCC_541\Release\Prototype.a(PWM.o)
                                0x559 (size before relaxing)
 .debug_str     0x00001626      0x104 .\CortexM0\ARM_GCC_541\Release\Prototype.a(PID_ISR.o)
                                0x325 (size before relaxing)
 .debug_str     0x0000172a       0x3a .\CortexM0\ARM_GCC_541\Release\Prototype.a(Motor_Dir.o)
                                0x1da (size before relaxing)
 .debug_str     0x00001764       0x8a .\CortexM0\ARM_GCC_541\Release\Prototype.a(LED.o)
                                0x247 (size before relaxing)
 .debug_str     0x000017ee      0x5aa .\CortexM0\ARM_GCC_541\Release\Prototype.a(CyLib.o)
                                0x834 (size before relaxing)
 .debug_str     0x00001d98      0x6c1 .\CortexM0\ARM_GCC_541\Release\Prototype.a(CyLFClk.o)
                                0x935 (size before relaxing)
 .debug_str     0x00002459      0x435 .\CortexM0\ARM_GCC_541\Release\Prototype.a(PID_Tick_Timer.o)
                                0x711 (size before relaxing)
 .debug_str     0x0000288e      0x185 .\CortexM0\ARM_GCC_541\Release\Prototype.a(USB_UART.o)
                                0x373 (size before relaxing)
 .debug_str     0x00002a13      0x1d7 .\CortexM0\ARM_GCC_541\Release\Prototype.a(USB_UART_SPI_UART.o)
                                0x3e4 (size before relaxing)
 .debug_str     0x00002bea      0x1b1 .\CortexM0\ARM_GCC_541\Release\Prototype.a(USB_UART_UART.o)
                                0x4e8 (size before relaxing)
 .debug_str     0x00002d9b      0x39d .\CortexM0\ARM_GCC_541\Release\Prototype.a(Millis_TMR.o)
                                0x671 (size before relaxing)
 .debug_str     0x00003138      0x101 .\CortexM0\ARM_GCC_541\Release\Prototype.a(Millis_ISR.o)
                                0x34f (size before relaxing)
 .debug_str     0x00003239      0x1ba .\CortexM0\ARM_GCC_541\Release\Prototype.a(ADC.o)
                                0x3f0 (size before relaxing)
 .debug_str     0x000033f3       0x35 .\CortexM0\ARM_GCC_541\Release\Prototype.a(ADC_INT.o)
                                0x1dc (size before relaxing)
 .debug_str     0x00003428      0xbef .\CortexM0\ARM_GCC_541\Release\Prototype.a(nRF24_FUNCS.o)
                               0x1140 (size before relaxing)
 .debug_str     0x00004017      0x1a8 .\CortexM0\ARM_GCC_541\Release\Prototype.a(nRF24_LL_SPI.o)
                                0x5c2 (size before relaxing)
 .debug_str     0x000041bf       0x60 .\CortexM0\ARM_GCC_541\Release\Prototype.a(nRF24_COMMANDS.o)
                                0x49b (size before relaxing)
 .debug_str     0x0000421f       0x69 .\CortexM0\ARM_GCC_541\Release\Prototype.a(CE.o)
                                0x240 (size before relaxing)
 .debug_str     0x00004288       0x69 .\CortexM0\ARM_GCC_541\Release\Prototype.a(SS.o)
                                0x240 (size before relaxing)
 .debug_str     0x000042f1       0x7e .\CortexM0\ARM_GCC_541\Release\Prototype.a(NRF_IRQ.o)
                                0x263 (size before relaxing)
 .debug_str     0x0000436f       0xdd .\CortexM0\ARM_GCC_541\Release\Prototype.a(NRF_ISR.o)
                                0x325 (size before relaxing)
 .debug_str     0x0000444c       0x6a .\CortexM0\ARM_GCC_541\Release\Prototype.a(ID.o)
                                0x240 (size before relaxing)
 .debug_str     0x000044b6       0xa7 .\CortexM0\ARM_GCC_541\Release\Prototype.a(CyFlash.o)
                                0x2c8 (size before relaxing)
 .debug_str     0x0000455d       0x45 .\CortexM0\ARM_GCC_541\Release\Prototype.a(USB_UART_SPI_UART_INT.o)
                                0x2d0 (size before relaxing)
 .debug_str     0x000045a2       0xdd .\CortexM0\ARM_GCC_541\Release\Prototype.a(SPI.o)
                                0x2b7 (size before relaxing)
 .debug_str     0x0000467f       0x71 .\CortexM0\ARM_GCC_541\Release\Prototype.a(SPI_SPI_UART.o)
                                0x2e3 (size before relaxing)
 .debug_str     0x000046f0       0x8b .\CortexM0\ARM_GCC_541\Release\Prototype.a(SPI_SPI.o)
                                0x27b (size before relaxing)
 .debug_str     0x0000477b       0x99 .\CortexM0\ARM_GCC_541\Release\Prototype.a(SPI_sclk_m.o)
                                0x278 (size before relaxing)

.debug_loc      0x00000000     0x7f69
 *(.debug_loc)
 .debug_loc     0x00000000       0x29 .\CortexM0\ARM_GCC_541\Release\motor.o
 .debug_loc     0x00000029     0x179a .\CortexM0\ARM_GCC_541\Release\modbusRTU.o
 .debug_loc     0x000017c3       0x1e .\CortexM0\ARM_GCC_541\Release\main.o
 .debug_loc     0x000017e1      0x189 .\CortexM0\ARM_GCC_541\Release\cyfitter_cfg.o
 .debug_loc     0x0000196a      0x1a5 .\CortexM0\ARM_GCC_541\Release\Cm0Start.o
 .debug_loc     0x00001b0f      0x697 .\CortexM0\ARM_GCC_541\Release\Prototype.a(QuadDec.o)
 .debug_loc     0x000021a6      0x66d .\CortexM0\ARM_GCC_541\Release\Prototype.a(PWM.o)
 .debug_loc     0x00002813       0xe7 .\CortexM0\ARM_GCC_541\Release\Prototype.a(PID_ISR.o)
 .debug_loc     0x000028fa       0xa1 .\CortexM0\ARM_GCC_541\Release\Prototype.a(LED.o)
 .debug_loc     0x0000299b      0x93c .\CortexM0\ARM_GCC_541\Release\Prototype.a(CyLib.o)
 .debug_loc     0x000032d7     0x1954 .\CortexM0\ARM_GCC_541\Release\Prototype.a(CyLFClk.o)
 .debug_loc     0x00004c2b      0x641 .\CortexM0\ARM_GCC_541\Release\Prototype.a(PID_Tick_Timer.o)
 .debug_loc     0x0000526c       0x7e .\CortexM0\ARM_GCC_541\Release\Prototype.a(USB_UART.o)
 .debug_loc     0x000052ea      0x1d0 .\CortexM0\ARM_GCC_541\Release\Prototype.a(USB_UART_SPI_UART.o)
 .debug_loc     0x000054ba      0x255 .\CortexM0\ARM_GCC_541\Release\Prototype.a(USB_UART_UART.o)
 .debug_loc     0x0000570f      0x63f .\CortexM0\ARM_GCC_541\Release\Prototype.a(Millis_TMR.o)
 .debug_loc     0x00005d4e       0xe7 .\CortexM0\ARM_GCC_541\Release\Prototype.a(Millis_ISR.o)
 .debug_loc     0x00005e35      0x3a1 .\CortexM0\ARM_GCC_541\Release\Prototype.a(ADC.o)
 .debug_loc     0x000061d6      0xdfc .\CortexM0\ARM_GCC_541\Release\Prototype.a(nRF24_FUNCS.o)
 .debug_loc     0x00006fd2      0x48c .\CortexM0\ARM_GCC_541\Release\Prototype.a(nRF24_LL_SPI.o)
 .debug_loc     0x0000745e      0x2a5 .\CortexM0\ARM_GCC_541\Release\Prototype.a(nRF24_COMMANDS.o)
 .debug_loc     0x00007703       0xa1 .\CortexM0\ARM_GCC_541\Release\Prototype.a(CE.o)
 .debug_loc     0x000077a4       0xa1 .\CortexM0\ARM_GCC_541\Release\Prototype.a(SS.o)
 .debug_loc     0x00007845       0xa1 .\CortexM0\ARM_GCC_541\Release\Prototype.a(NRF_IRQ.o)
 .debug_loc     0x000078e6       0xe7 .\CortexM0\ARM_GCC_541\Release\Prototype.a(NRF_ISR.o)
 .debug_loc     0x000079cd       0xa1 .\CortexM0\ARM_GCC_541\Release\Prototype.a(ID.o)
 .debug_loc     0x00007a6e      0x18f .\CortexM0\ARM_GCC_541\Release\Prototype.a(CyFlash.o)
 .debug_loc     0x00007bfd       0x60 .\CortexM0\ARM_GCC_541\Release\Prototype.a(USB_UART_SPI_UART_INT.o)
 .debug_loc     0x00007c5d       0x7e .\CortexM0\ARM_GCC_541\Release\Prototype.a(SPI.o)
 .debug_loc     0x00007cdb       0xef .\CortexM0\ARM_GCC_541\Release\Prototype.a(SPI_SPI_UART.o)
 .debug_loc     0x00007dca       0xfe .\CortexM0\ARM_GCC_541\Release\Prototype.a(SPI_SPI.o)
 .debug_loc     0x00007ec8       0xa1 .\CortexM0\ARM_GCC_541\Release\Prototype.a(SPI_sclk_m.o)

.debug_macinfo
 *(.debug_macinfo)

.debug_ranges   0x00000000     0x1d30
 *(.debug_ranges)
 .debug_ranges  0x00000000       0x40 .\CortexM0\ARM_GCC_541\Release\pid.o
 .debug_ranges  0x00000040       0x18 .\CortexM0\ARM_GCC_541\Release\motor.o
 .debug_ranges  0x00000058      0x378 .\CortexM0\ARM_GCC_541\Release\modbusRTU.o
 .debug_ranges  0x000003d0       0x18 .\CortexM0\ARM_GCC_541\Release\millis.o
 .debug_ranges  0x000003e8       0x18 .\CortexM0\ARM_GCC_541\Release\nRF24_Adapter.o
 .debug_ranges  0x00000400       0x38 .\CortexM0\ARM_GCC_541\Release\main.o
 .debug_ranges  0x00000438       0xb8 .\CortexM0\ARM_GCC_541\Release\cyfitter_cfg.o
 .debug_ranges  0x000004f0       0x58 .\CortexM0\ARM_GCC_541\Release\Cm0Start.o
 .debug_ranges  0x00000548      0x168 .\CortexM0\ARM_GCC_541\Release\Prototype.a(QuadDec.o)
 .debug_ranges  0x000006b0      0x168 .\CortexM0\ARM_GCC_541\Release\Prototype.a(PWM.o)
 .debug_ranges  0x00000818       0xb8 .\CortexM0\ARM_GCC_541\Release\Prototype.a(PID_ISR.o)
 .debug_ranges  0x000008d0       0x18 .\CortexM0\ARM_GCC_541\Release\Prototype.a(Motor_Dir.o)
 .debug_ranges  0x000008e8       0x38 .\CortexM0\ARM_GCC_541\Release\Prototype.a(LED.o)
 .debug_ranges  0x00000920      0x2d0 .\CortexM0\ARM_GCC_541\Release\Prototype.a(CyLib.o)
 .debug_ranges  0x00000bf0      0x5c8 .\CortexM0\ARM_GCC_541\Release\Prototype.a(CyLFClk.o)
 .debug_ranges  0x000011b8      0x168 .\CortexM0\ARM_GCC_541\Release\Prototype.a(PID_Tick_Timer.o)
 .debug_ranges  0x00001320       0x70 .\CortexM0\ARM_GCC_541\Release\Prototype.a(USB_UART.o)
 .debug_ranges  0x00001390       0x70 .\CortexM0\ARM_GCC_541\Release\Prototype.a(USB_UART_SPI_UART.o)
 .debug_ranges  0x00001400       0x80 .\CortexM0\ARM_GCC_541\Release\Prototype.a(USB_UART_UART.o)
 .debug_ranges  0x00001480      0x168 .\CortexM0\ARM_GCC_541\Release\Prototype.a(Millis_TMR.o)
 .debug_ranges  0x000015e8       0xb8 .\CortexM0\ARM_GCC_541\Release\Prototype.a(Millis_ISR.o)
 .debug_ranges  0x000016a0       0x98 .\CortexM0\ARM_GCC_541\Release\Prototype.a(ADC.o)
 .debug_ranges  0x00001738       0x10 .\CortexM0\ARM_GCC_541\Release\Prototype.a(ADC_INT.o)
 .debug_ranges  0x00001748      0x210 .\CortexM0\ARM_GCC_541\Release\Prototype.a(nRF24_FUNCS.o)
 .debug_ranges  0x00001958       0x78 .\CortexM0\ARM_GCC_541\Release\Prototype.a(nRF24_LL_SPI.o)
 .debug_ranges  0x000019d0       0x58 .\CortexM0\ARM_GCC_541\Release\Prototype.a(nRF24_COMMANDS.o)
 .debug_ranges  0x00001a28       0x38 .\CortexM0\ARM_GCC_541\Release\Prototype.a(CE.o)
 .debug_ranges  0x00001a60       0x38 .\CortexM0\ARM_GCC_541\Release\Prototype.a(SS.o)
 .debug_ranges  0x00001a98       0x38 .\CortexM0\ARM_GCC_541\Release\Prototype.a(NRF_IRQ.o)
 .debug_ranges  0x00001ad0       0xd8 .\CortexM0\ARM_GCC_541\Release\Prototype.a(NRF_ISR.o)
 .debug_ranges  0x00001ba8       0x38 .\CortexM0\ARM_GCC_541\Release\Prototype.a(ID.o)
 .debug_ranges  0x00001be0       0x20 .\CortexM0\ARM_GCC_541\Release\Prototype.a(CyFlash.o)
 .debug_ranges  0x00001c00       0x10 .\CortexM0\ARM_GCC_541\Release\Prototype.a(USB_UART_SPI_UART_INT.o)
 .debug_ranges  0x00001c10       0x50 .\CortexM0\ARM_GCC_541\Release\Prototype.a(SPI.o)
 .debug_ranges  0x00001c60       0x68 .\CortexM0\ARM_GCC_541\Release\Prototype.a(SPI_SPI_UART.o)
 .debug_ranges  0x00001cc8       0x30 .\CortexM0\ARM_GCC_541\Release\Prototype.a(SPI_SPI.o)
 .debug_ranges  0x00001cf8       0x38 .\CortexM0\ARM_GCC_541\Release\Prototype.a(SPI_sclk_m.o)

.comment        0x00000000       0x6e
 .comment       0x00000000       0x6e .\CortexM0\ARM_GCC_541\Release\pid.o
                                 0x6f (size before relaxing)
 .comment       0x0000006e       0x6f .\CortexM0\ARM_GCC_541\Release\motor.o
 .comment       0x0000006e       0x6f .\CortexM0\ARM_GCC_541\Release\modbusRTU.o
 .comment       0x0000006e       0x6f .\CortexM0\ARM_GCC_541\Release\millis.o
 .comment       0x0000006e       0x6f .\CortexM0\ARM_GCC_541\Release\nRF24_Adapter.o
 .comment       0x0000006e       0x6f .\CortexM0\ARM_GCC_541\Release\main.o
 .comment       0x0000006e       0x6f .\CortexM0\ARM_GCC_541\Release\cyfitter_cfg.o
 .comment       0x0000006e       0x6f .\CortexM0\ARM_GCC_541\Release\cymetadata.o
 .comment       0x0000006e       0x6f .\CortexM0\ARM_GCC_541\Release\Cm0Start.o
 .comment       0x0000006e       0x6f .\CortexM0\ARM_GCC_541\Release\Prototype.a(QuadDec.o)
 .comment       0x0000006e       0x6f .\CortexM0\ARM_GCC_541\Release\Prototype.a(PWM.o)
 .comment       0x0000006e       0x6f .\CortexM0\ARM_GCC_541\Release\Prototype.a(PID_ISR.o)
 .comment       0x0000006e       0x6f .\CortexM0\ARM_GCC_541\Release\Prototype.a(Motor_Dir.o)
 .comment       0x0000006e       0x6f .\CortexM0\ARM_GCC_541\Release\Prototype.a(LED.o)
 .comment       0x0000006e       0x6f .\CortexM0\ARM_GCC_541\Release\Prototype.a(CyLib.o)
 .comment       0x0000006e       0x6f .\CortexM0\ARM_GCC_541\Release\Prototype.a(CyLFClk.o)
 .comment       0x0000006e       0x6f .\CortexM0\ARM_GCC_541\Release\Prototype.a(PID_Tick_Timer.o)
 .comment       0x0000006e       0x6f .\CortexM0\ARM_GCC_541\Release\Prototype.a(USB_UART.o)
 .comment       0x0000006e       0x6f .\CortexM0\ARM_GCC_541\Release\Prototype.a(USB_UART_SPI_UART.o)
 .comment       0x0000006e       0x6f .\CortexM0\ARM_GCC_541\Release\Prototype.a(USB_UART_UART.o)
 .comment       0x0000006e       0x6f .\CortexM0\ARM_GCC_541\Release\Prototype.a(Millis_TMR.o)
 .comment       0x0000006e       0x6f .\CortexM0\ARM_GCC_541\Release\Prototype.a(Millis_ISR.o)
 .comment       0x0000006e       0x6f .\CortexM0\ARM_GCC_541\Release\Prototype.a(ADC.o)
 .comment       0x0000006e       0x6f .\CortexM0\ARM_GCC_541\Release\Prototype.a(ADC_INT.o)
 .comment       0x0000006e       0x6f .\CortexM0\ARM_GCC_541\Release\Prototype.a(nRF24_FUNCS.o)
 .comment       0x0000006e       0x6f .\CortexM0\ARM_GCC_541\Release\Prototype.a(nRF24_LL_SPI.o)
 .comment       0x0000006e       0x6f .\CortexM0\ARM_GCC_541\Release\Prototype.a(nRF24_COMMANDS.o)
 .comment       0x0000006e       0x6f .\CortexM0\ARM_GCC_541\Release\Prototype.a(CE.o)
 .comment       0x0000006e       0x6f .\CortexM0\ARM_GCC_541\Release\Prototype.a(SS.o)
 .comment       0x0000006e       0x6f .\CortexM0\ARM_GCC_541\Release\Prototype.a(NRF_IRQ.o)
 .comment       0x0000006e       0x6f .\CortexM0\ARM_GCC_541\Release\Prototype.a(NRF_ISR.o)
 .comment       0x0000006e       0x6f .\CortexM0\ARM_GCC_541\Release\Prototype.a(ID.o)
 .comment       0x0000006e       0x6f .\CortexM0\ARM_GCC_541\Release\Prototype.a(CyFlash.o)
 .comment       0x0000006e       0x6f .\CortexM0\ARM_GCC_541\Release\Prototype.a(USB_UART_SPI_UART_INT.o)
 .comment       0x0000006e       0x6f .\CortexM0\ARM_GCC_541\Release\Prototype.a(SPI.o)
 .comment       0x0000006e       0x6f .\CortexM0\ARM_GCC_541\Release\Prototype.a(SPI_SPI_UART.o)
 .comment       0x0000006e       0x6f .\CortexM0\ARM_GCC_541\Release\Prototype.a(SPI_SPI.o)
 .comment       0x0000006e       0x6f .\CortexM0\ARM_GCC_541\Release\Prototype.a(SPI_sclk_m.o)

.debug_weaknames
 *(.debug_weaknames)

.debug_funcnames
 *(.debug_funcnames)

.debug_typenames
 *(.debug_typenames)

.debug_varnames
 *(.debug_varnames)

.note.gnu.arm.ident
 *(.note.gnu.arm.ident)

.ARM.attributes
                0x00000000       0x28
 *(.ARM.attributes)
 .ARM.attributes
                0x00000000       0x1e c:/program files (x86)/cypress/psoc creator/4.1/psoc creator/import/gnu/arm/5.4.1/bin/../lib/gcc/arm-none-eabi/5.4.1/armv6-m/crti.o
 .ARM.attributes
                0x0000001e       0x2c c:/program files (x86)/cypress/psoc creator/4.1/psoc creator/import/gnu/arm/5.4.1/bin/../lib/gcc/arm-none-eabi/5.4.1/armv6-m/crtbegin.o
 .ARM.attributes
                0x0000004a       0x1b c:/program files (x86)/cypress/psoc creator/4.1/psoc creator/import/gnu/arm/5.4.1/bin/../lib/gcc/arm-none-eabi/5.4.1/../../../../arm-none-eabi/lib/armv6-m/crt0.o
 .ARM.attributes
                0x00000065       0x31 .\CortexM0\ARM_GCC_541\Release\pid.o
 .ARM.attributes
                0x00000096       0x31 .\CortexM0\ARM_GCC_541\Release\motor.o
 .ARM.attributes
                0x000000c7       0x31 .\CortexM0\ARM_GCC_541\Release\modbusRTU.o
 .ARM.attributes
                0x000000f8       0x31 .\CortexM0\ARM_GCC_541\Release\millis.o
 .ARM.attributes
                0x00000129       0x31 .\CortexM0\ARM_GCC_541\Release\nRF24_Adapter.o
 .ARM.attributes
                0x0000015a       0x31 .\CortexM0\ARM_GCC_541\Release\main.o
 .ARM.attributes
                0x0000018b       0x31 .\CortexM0\ARM_GCC_541\Release\cyfitter_cfg.o
 .ARM.attributes
                0x000001bc       0x31 .\CortexM0\ARM_GCC_541\Release\cymetadata.o
 .ARM.attributes
                0x000001ed       0x31 .\CortexM0\ARM_GCC_541\Release\Cm0Start.o
 .ARM.attributes
                0x0000021e       0x31 .\CortexM0\ARM_GCC_541\Release\Prototype.a(QuadDec.o)
 .ARM.attributes
                0x0000024f       0x31 .\CortexM0\ARM_GCC_541\Release\Prototype.a(PWM.o)
 .ARM.attributes
                0x00000280       0x31 .\CortexM0\ARM_GCC_541\Release\Prototype.a(PID_ISR.o)
 .ARM.attributes
                0x000002b1       0x31 .\CortexM0\ARM_GCC_541\Release\Prototype.a(Motor_Dir.o)
 .ARM.attributes
                0x000002e2       0x31 .\CortexM0\ARM_GCC_541\Release\Prototype.a(LED.o)
 .ARM.attributes
                0x00000313       0x31 .\CortexM0\ARM_GCC_541\Release\Prototype.a(CyLib.o)
 .ARM.attributes
                0x00000344       0x31 .\CortexM0\ARM_GCC_541\Release\Prototype.a(CyLFClk.o)
 .ARM.attributes
                0x00000375       0x31 .\CortexM0\ARM_GCC_541\Release\Prototype.a(PID_Tick_Timer.o)
 .ARM.attributes
                0x000003a6       0x31 .\CortexM0\ARM_GCC_541\Release\Prototype.a(USB_UART.o)
 .ARM.attributes
                0x000003d7       0x31 .\CortexM0\ARM_GCC_541\Release\Prototype.a(USB_UART_SPI_UART.o)
 .ARM.attributes
                0x00000408       0x31 .\CortexM0\ARM_GCC_541\Release\Prototype.a(USB_UART_UART.o)
 .ARM.attributes
                0x00000439       0x31 .\CortexM0\ARM_GCC_541\Release\Prototype.a(Millis_TMR.o)
 .ARM.attributes
                0x0000046a       0x31 .\CortexM0\ARM_GCC_541\Release\Prototype.a(Millis_ISR.o)
 .ARM.attributes
                0x0000049b       0x31 .\CortexM0\ARM_GCC_541\Release\Prototype.a(ADC.o)
 .ARM.attributes
                0x000004cc       0x31 .\CortexM0\ARM_GCC_541\Release\Prototype.a(ADC_INT.o)
 .ARM.attributes
                0x000004fd       0x31 .\CortexM0\ARM_GCC_541\Release\Prototype.a(nRF24_FUNCS.o)
 .ARM.attributes
                0x0000052e       0x31 .\CortexM0\ARM_GCC_541\Release\Prototype.a(nRF24_LL_SPI.o)
 .ARM.attributes
                0x0000055f       0x31 .\CortexM0\ARM_GCC_541\Release\Prototype.a(nRF24_COMMANDS.o)
 .ARM.attributes
                0x00000590       0x31 .\CortexM0\ARM_GCC_541\Release\Prototype.a(CE.o)
 .ARM.attributes
                0x000005c1       0x31 .\CortexM0\ARM_GCC_541\Release\Prototype.a(SS.o)
 .ARM.attributes
                0x000005f2       0x31 .\CortexM0\ARM_GCC_541\Release\Prototype.a(NRF_IRQ.o)
 .ARM.attributes
                0x00000623       0x31 .\CortexM0\ARM_GCC_541\Release\Prototype.a(NRF_ISR.o)
 .ARM.attributes
                0x00000654       0x31 .\CortexM0\ARM_GCC_541\Release\Prototype.a(ID.o)
 .ARM.attributes
                0x00000685       0x21 .\CortexM0\ARM_GCC_541\Release\Prototype.a(CyBootAsmGnu.o)
 .ARM.attributes
                0x000006a6       0x31 .\CortexM0\ARM_GCC_541\Release\Prototype.a(CyFlash.o)
 .ARM.attributes
                0x000006d7       0x31 .\CortexM0\ARM_GCC_541\Release\Prototype.a(USB_UART_SPI_UART_INT.o)
 .ARM.attributes
                0x00000708       0x31 .\CortexM0\ARM_GCC_541\Release\Prototype.a(SPI.o)
 .ARM.attributes
                0x00000739       0x31 .\CortexM0\ARM_GCC_541\Release\Prototype.a(SPI_SPI_UART.o)
 .ARM.attributes
                0x0000076a       0x31 .\CortexM0\ARM_GCC_541\Release\Prototype.a(SPI_SPI.o)
 .ARM.attributes
                0x0000079b       0x31 .\CortexM0\ARM_GCC_541\Release\Prototype.a(SPI_sclk_m.o)
 .ARM.attributes
                0x000007cc       0x1e c:/program files (x86)/cypress/psoc creator/4.1/psoc creator/import/gnu/arm/5.4.1/bin/../lib/gcc/arm-none-eabi/5.4.1/armv6-m\libgcc.a(_udivsi3.o)
 .ARM.attributes
                0x000007ea       0x1e c:/program files (x86)/cypress/psoc creator/4.1/psoc creator/import/gnu/arm/5.4.1/bin/../lib/gcc/arm-none-eabi/5.4.1/armv6-m\libgcc.a(_divsi3.o)
 .ARM.attributes
                0x00000808       0x1e c:/program files (x86)/cypress/psoc creator/4.1/psoc creator/import/gnu/arm/5.4.1/bin/../lib/gcc/arm-none-eabi/5.4.1/armv6-m\libgcc.a(_dvmd_tls.o)
 .ARM.attributes
                0x00000826       0x1e c:/program files (x86)/cypress/psoc creator/4.1/psoc creator/import/gnu/arm/5.4.1/bin/../lib/gcc/arm-none-eabi/5.4.1/armv6-m\libgcc.a(_arm_cmpsf2.o)
 .ARM.attributes
                0x00000844       0x1e c:/program files (x86)/cypress/psoc creator/4.1/psoc creator/import/gnu/arm/5.4.1/bin/../lib/gcc/arm-none-eabi/5.4.1/armv6-m\libgcc.a(_aeabi_ldivmod.o)
 .ARM.attributes
                0x00000862       0x2c c:/program files (x86)/cypress/psoc creator/4.1/psoc creator/import/gnu/arm/5.4.1/bin/../lib/gcc/arm-none-eabi/5.4.1/armv6-m\libgcc.a(_muldi3.o)
 .ARM.attributes
                0x0000088e       0x2c c:/program files (x86)/cypress/psoc creator/4.1/psoc creator/import/gnu/arm/5.4.1/bin/../lib/gcc/arm-none-eabi/5.4.1/armv6-m\libgcc.a(bpabi.o)
 .ARM.attributes
                0x000008ba       0x2c c:/program files (x86)/cypress/psoc creator/4.1/psoc creator/import/gnu/arm/5.4.1/bin/../lib/gcc/arm-none-eabi/5.4.1/armv6-m\libgcc.a(addsf3.o)
 .ARM.attributes
                0x000008e6       0x2c c:/program files (x86)/cypress/psoc creator/4.1/psoc creator/import/gnu/arm/5.4.1/bin/../lib/gcc/arm-none-eabi/5.4.1/armv6-m\libgcc.a(divsf3.o)
 .ARM.attributes
                0x00000912       0x2c c:/program files (x86)/cypress/psoc creator/4.1/psoc creator/import/gnu/arm/5.4.1/bin/../lib/gcc/arm-none-eabi/5.4.1/armv6-m\libgcc.a(eqsf2.o)
 .ARM.attributes
                0x0000093e       0x2c c:/program files (x86)/cypress/psoc creator/4.1/psoc creator/import/gnu/arm/5.4.1/bin/../lib/gcc/arm-none-eabi/5.4.1/armv6-m\libgcc.a(gesf2.o)
 .ARM.attributes
                0x0000096a       0x2c c:/program files (x86)/cypress/psoc creator/4.1/psoc creator/import/gnu/arm/5.4.1/bin/../lib/gcc/arm-none-eabi/5.4.1/armv6-m\libgcc.a(lesf2.o)
 .ARM.attributes
                0x00000996       0x2c c:/program files (x86)/cypress/psoc creator/4.1/psoc creator/import/gnu/arm/5.4.1/bin/../lib/gcc/arm-none-eabi/5.4.1/armv6-m\libgcc.a(mulsf3.o)
 .ARM.attributes
                0x000009c2       0x2c c:/program files (x86)/cypress/psoc creator/4.1/psoc creator/import/gnu/arm/5.4.1/bin/../lib/gcc/arm-none-eabi/5.4.1/armv6-m\libgcc.a(subsf3.o)
 .ARM.attributes
                0x000009ee       0x2c c:/program files (x86)/cypress/psoc creator/4.1/psoc creator/import/gnu/arm/5.4.1/bin/../lib/gcc/arm-none-eabi/5.4.1/armv6-m\libgcc.a(fixsfsi.o)
 .ARM.attributes
                0x00000a1a       0x2c c:/program files (x86)/cypress/psoc creator/4.1/psoc creator/import/gnu/arm/5.4.1/bin/../lib/gcc/arm-none-eabi/5.4.1/armv6-m\libgcc.a(floatsisf.o)
 .ARM.attributes
                0x00000a46       0x2c c:/program files (x86)/cypress/psoc creator/4.1/psoc creator/import/gnu/arm/5.4.1/bin/../lib/gcc/arm-none-eabi/5.4.1/armv6-m\libgcc.a(adddf3.o)
 .ARM.attributes
                0x00000a72       0x2c c:/program files (x86)/cypress/psoc creator/4.1/psoc creator/import/gnu/arm/5.4.1/bin/../lib/gcc/arm-none-eabi/5.4.1/armv6-m\libgcc.a(divdf3.o)
 .ARM.attributes
                0x00000a9e       0x2c c:/program files (x86)/cypress/psoc creator/4.1/psoc creator/import/gnu/arm/5.4.1/bin/../lib/gcc/arm-none-eabi/5.4.1/armv6-m\libgcc.a(muldf3.o)
 .ARM.attributes
                0x00000aca       0x2c c:/program files (x86)/cypress/psoc creator/4.1/psoc creator/import/gnu/arm/5.4.1/bin/../lib/gcc/arm-none-eabi/5.4.1/armv6-m\libgcc.a(fixdfsi.o)
 .ARM.attributes
                0x00000af6       0x2c c:/program files (x86)/cypress/psoc creator/4.1/psoc creator/import/gnu/arm/5.4.1/bin/../lib/gcc/arm-none-eabi/5.4.1/armv6-m\libgcc.a(extendsfdf2.o)
 .ARM.attributes
                0x00000b22       0x2c c:/program files (x86)/cypress/psoc creator/4.1/psoc creator/import/gnu/arm/5.4.1/bin/../lib/gcc/arm-none-eabi/5.4.1/armv6-m\libgcc.a(truncdfsf2.o)
 .ARM.attributes
                0x00000b4e       0x1e c:/program files (x86)/cypress/psoc creator/4.1/psoc creator/import/gnu/arm/5.4.1/bin/../lib/gcc/arm-none-eabi/5.4.1/armv6-m\libgcc.a(_clzsi2.o)
 .ARM.attributes
                0x00000b6c       0x2c c:/program files (x86)/cypress/psoc creator/4.1/psoc creator/import/gnu/arm/5.4.1/bin/../lib/gcc/arm-none-eabi/5.4.1/armv6-m\libgcc.a(_divdi3.o)
 .ARM.attributes
                0x00000b98       0x1e c:/program files (x86)/cypress/psoc creator/4.1/psoc creator/import/gnu/arm/5.4.1/bin/../lib/gcc/arm-none-eabi/5.4.1/armv6-m\libgcc.a(_clzdi2.o)
 .ARM.attributes
                0x00000bb6       0x2c c:/program files (x86)/cypress/psoc creator/4.1/psoc creator/import/gnu/arm/5.4.1/bin/../lib/gcc/arm-none-eabi/5.4.1/../../../../arm-none-eabi/lib/armv6-m\libg_nano.a(lib_a-errno.o)
 .ARM.attributes
                0x00000be2       0x2c c:/program files (x86)/cypress/psoc creator/4.1/psoc creator/import/gnu/arm/5.4.1/bin/../lib/gcc/arm-none-eabi/5.4.1/../../../../arm-none-eabi/lib/armv6-m\libg_nano.a(lib_a-exit.o)
 .ARM.attributes