ARM GAS  C:\Users\AFDHAL~1\AppData\Local\Temp\cca7N1s1.s 			page 1


   1              		.syntax unified
   2              		.cpu cortex-m0
   3              		.fpu softvfp
   4              		.eabi_attribute 20, 1
   5              		.eabi_attribute 21, 1
   6              		.eabi_attribute 23, 3
   7              		.eabi_attribute 24, 1
   8              		.eabi_attribute 25, 1
   9              		.eabi_attribute 26, 1
  10              		.eabi_attribute 30, 2
  11              		.eabi_attribute 34, 0
  12              		.eabi_attribute 18, 4
  13              		.thumb
  14              		.syntax unified
  15              		.file	"SPI.c"
  16              		.text
  17              	.Ltext0:
  18              		.cfi_sections	.debug_frame
  19              		.section	.text.SPI_Init,"ax",%progbits
  20              		.align	2
  21              		.global	SPI_Init
  22              		.code	16
  23              		.thumb_func
  24              		.type	SPI_Init, %function
  25              	SPI_Init:
  26              	.LFB1:
  27              		.file 1 "Generated_Source\\PSoC4\\SPI.c"
   1:Generated_Source\PSoC4/SPI.c **** /***************************************************************************//**
   2:Generated_Source\PSoC4/SPI.c **** * \file SPI.c
   3:Generated_Source\PSoC4/SPI.c **** * \version 4.0
   4:Generated_Source\PSoC4/SPI.c **** *
   5:Generated_Source\PSoC4/SPI.c **** * \brief
   6:Generated_Source\PSoC4/SPI.c **** *  This file provides the source code to the API for the SCB Component.
   7:Generated_Source\PSoC4/SPI.c **** *
   8:Generated_Source\PSoC4/SPI.c **** * Note:
   9:Generated_Source\PSoC4/SPI.c **** *
  10:Generated_Source\PSoC4/SPI.c **** *******************************************************************************
  11:Generated_Source\PSoC4/SPI.c **** * \copyright
  12:Generated_Source\PSoC4/SPI.c **** * Copyright 2013-2017, Cypress Semiconductor Corporation.  All rights reserved.
  13:Generated_Source\PSoC4/SPI.c **** * You may use this file only in accordance with the license, terms, conditions,
  14:Generated_Source\PSoC4/SPI.c **** * disclaimers, and limitations in the end user license agreement accompanying
  15:Generated_Source\PSoC4/SPI.c **** * the software package with which this file was provided.
  16:Generated_Source\PSoC4/SPI.c **** *******************************************************************************/
  17:Generated_Source\PSoC4/SPI.c **** 
  18:Generated_Source\PSoC4/SPI.c **** #include "SPI_PVT.h"
  19:Generated_Source\PSoC4/SPI.c **** 
  20:Generated_Source\PSoC4/SPI.c **** #if (SPI_SCB_MODE_I2C_INC)
  21:Generated_Source\PSoC4/SPI.c ****     #include "SPI_I2C_PVT.h"
  22:Generated_Source\PSoC4/SPI.c **** #endif /* (SPI_SCB_MODE_I2C_INC) */
  23:Generated_Source\PSoC4/SPI.c **** 
  24:Generated_Source\PSoC4/SPI.c **** #if (SPI_SCB_MODE_EZI2C_INC)
  25:Generated_Source\PSoC4/SPI.c ****     #include "SPI_EZI2C_PVT.h"
  26:Generated_Source\PSoC4/SPI.c **** #endif /* (SPI_SCB_MODE_EZI2C_INC) */
  27:Generated_Source\PSoC4/SPI.c **** 
  28:Generated_Source\PSoC4/SPI.c **** #if (SPI_SCB_MODE_SPI_INC || SPI_SCB_MODE_UART_INC)
  29:Generated_Source\PSoC4/SPI.c ****     #include "SPI_SPI_UART_PVT.h"
  30:Generated_Source\PSoC4/SPI.c **** #endif /* (SPI_SCB_MODE_SPI_INC || SPI_SCB_MODE_UART_INC) */
ARM GAS  C:\Users\AFDHAL~1\AppData\Local\Temp\cca7N1s1.s 			page 2


  31:Generated_Source\PSoC4/SPI.c **** 
  32:Generated_Source\PSoC4/SPI.c **** 
  33:Generated_Source\PSoC4/SPI.c **** /***************************************
  34:Generated_Source\PSoC4/SPI.c **** *    Run Time Configuration Vars
  35:Generated_Source\PSoC4/SPI.c **** ***************************************/
  36:Generated_Source\PSoC4/SPI.c **** 
  37:Generated_Source\PSoC4/SPI.c **** /* Stores internal component configuration for Unconfigured mode */
  38:Generated_Source\PSoC4/SPI.c **** #if (SPI_SCB_MODE_UNCONFIG_CONST_CFG)
  39:Generated_Source\PSoC4/SPI.c ****     /* Common configuration variables */
  40:Generated_Source\PSoC4/SPI.c ****     uint8 SPI_scbMode = SPI_SCB_MODE_UNCONFIG;
  41:Generated_Source\PSoC4/SPI.c ****     uint8 SPI_scbEnableWake;
  42:Generated_Source\PSoC4/SPI.c ****     uint8 SPI_scbEnableIntr;
  43:Generated_Source\PSoC4/SPI.c **** 
  44:Generated_Source\PSoC4/SPI.c ****     /* I2C configuration variables */
  45:Generated_Source\PSoC4/SPI.c ****     uint8 SPI_mode;
  46:Generated_Source\PSoC4/SPI.c ****     uint8 SPI_acceptAddr;
  47:Generated_Source\PSoC4/SPI.c **** 
  48:Generated_Source\PSoC4/SPI.c ****     /* SPI/UART configuration variables */
  49:Generated_Source\PSoC4/SPI.c ****     volatile uint8 * SPI_rxBuffer;
  50:Generated_Source\PSoC4/SPI.c ****     uint8  SPI_rxDataBits;
  51:Generated_Source\PSoC4/SPI.c ****     uint32 SPI_rxBufferSize;
  52:Generated_Source\PSoC4/SPI.c **** 
  53:Generated_Source\PSoC4/SPI.c ****     volatile uint8 * SPI_txBuffer;
  54:Generated_Source\PSoC4/SPI.c ****     uint8  SPI_txDataBits;
  55:Generated_Source\PSoC4/SPI.c ****     uint32 SPI_txBufferSize;
  56:Generated_Source\PSoC4/SPI.c **** 
  57:Generated_Source\PSoC4/SPI.c ****     /* EZI2C configuration variables */
  58:Generated_Source\PSoC4/SPI.c ****     uint8 SPI_numberOfAddr;
  59:Generated_Source\PSoC4/SPI.c ****     uint8 SPI_subAddrSize;
  60:Generated_Source\PSoC4/SPI.c **** #endif /* (SPI_SCB_MODE_UNCONFIG_CONST_CFG) */
  61:Generated_Source\PSoC4/SPI.c **** 
  62:Generated_Source\PSoC4/SPI.c **** 
  63:Generated_Source\PSoC4/SPI.c **** /***************************************
  64:Generated_Source\PSoC4/SPI.c **** *     Common SCB Vars
  65:Generated_Source\PSoC4/SPI.c **** ***************************************/
  66:Generated_Source\PSoC4/SPI.c **** /**
  67:Generated_Source\PSoC4/SPI.c **** * \addtogroup group_general
  68:Generated_Source\PSoC4/SPI.c **** * \{
  69:Generated_Source\PSoC4/SPI.c **** */
  70:Generated_Source\PSoC4/SPI.c **** 
  71:Generated_Source\PSoC4/SPI.c **** /** SPI_initVar indicates whether the SPI 
  72:Generated_Source\PSoC4/SPI.c **** *  component has been initialized. The variable is initialized to 0 
  73:Generated_Source\PSoC4/SPI.c **** *  and set to 1 the first time SCB_Start() is called. This allows 
  74:Generated_Source\PSoC4/SPI.c **** *  the component to restart without reinitialization after the first 
  75:Generated_Source\PSoC4/SPI.c **** *  call to the SPI_Start() routine.
  76:Generated_Source\PSoC4/SPI.c **** *
  77:Generated_Source\PSoC4/SPI.c **** *  If re-initialization of the component is required, then the 
  78:Generated_Source\PSoC4/SPI.c **** *  SPI_Init() function can be called before the 
  79:Generated_Source\PSoC4/SPI.c **** *  SPI_Start() or SPI_Enable() function.
  80:Generated_Source\PSoC4/SPI.c **** */
  81:Generated_Source\PSoC4/SPI.c **** uint8 SPI_initVar = 0u;
  82:Generated_Source\PSoC4/SPI.c **** 
  83:Generated_Source\PSoC4/SPI.c **** 
  84:Generated_Source\PSoC4/SPI.c **** #if (! (SPI_SCB_MODE_I2C_CONST_CFG || \
  85:Generated_Source\PSoC4/SPI.c ****         SPI_SCB_MODE_EZI2C_CONST_CFG))
  86:Generated_Source\PSoC4/SPI.c ****     /** This global variable stores TX interrupt sources after 
  87:Generated_Source\PSoC4/SPI.c ****     * SPI_Stop() is called. Only these TX interrupt sources 
ARM GAS  C:\Users\AFDHAL~1\AppData\Local\Temp\cca7N1s1.s 			page 3


  88:Generated_Source\PSoC4/SPI.c ****     * will be restored on a subsequent SPI_Enable() call.
  89:Generated_Source\PSoC4/SPI.c ****     */
  90:Generated_Source\PSoC4/SPI.c ****     uint16 SPI_IntrTxMask = 0u;
  91:Generated_Source\PSoC4/SPI.c **** #endif /* (! (SPI_SCB_MODE_I2C_CONST_CFG || \
  92:Generated_Source\PSoC4/SPI.c ****               SPI_SCB_MODE_EZI2C_CONST_CFG)) */
  93:Generated_Source\PSoC4/SPI.c **** /** \} globals */
  94:Generated_Source\PSoC4/SPI.c **** 
  95:Generated_Source\PSoC4/SPI.c **** #if (SPI_SCB_IRQ_INTERNAL)
  96:Generated_Source\PSoC4/SPI.c **** #if !defined (CY_REMOVE_SPI_CUSTOM_INTR_HANDLER)
  97:Generated_Source\PSoC4/SPI.c ****     void (*SPI_customIntrHandler)(void) = NULL;
  98:Generated_Source\PSoC4/SPI.c **** #endif /* !defined (CY_REMOVE_SPI_CUSTOM_INTR_HANDLER) */
  99:Generated_Source\PSoC4/SPI.c **** #endif /* (SPI_SCB_IRQ_INTERNAL) */
 100:Generated_Source\PSoC4/SPI.c **** 
 101:Generated_Source\PSoC4/SPI.c **** 
 102:Generated_Source\PSoC4/SPI.c **** /***************************************
 103:Generated_Source\PSoC4/SPI.c **** *    Private Function Prototypes
 104:Generated_Source\PSoC4/SPI.c **** ***************************************/
 105:Generated_Source\PSoC4/SPI.c **** 
 106:Generated_Source\PSoC4/SPI.c **** static void SPI_ScbEnableIntr(void);
 107:Generated_Source\PSoC4/SPI.c **** static void SPI_ScbModeStop(void);
 108:Generated_Source\PSoC4/SPI.c **** static void SPI_ScbModePostEnable(void);
 109:Generated_Source\PSoC4/SPI.c **** 
 110:Generated_Source\PSoC4/SPI.c **** 
 111:Generated_Source\PSoC4/SPI.c **** /*******************************************************************************
 112:Generated_Source\PSoC4/SPI.c **** * Function Name: SPI_Init
 113:Generated_Source\PSoC4/SPI.c **** ****************************************************************************//**
 114:Generated_Source\PSoC4/SPI.c **** *
 115:Generated_Source\PSoC4/SPI.c **** *  Initializes the SPI component to operate in one of the selected
 116:Generated_Source\PSoC4/SPI.c **** *  configurations: I2C, SPI, UART or EZI2C.
 117:Generated_Source\PSoC4/SPI.c **** *  When the configuration is set to "Unconfigured SCB", this function does
 118:Generated_Source\PSoC4/SPI.c **** *  not do any initialization. Use mode-specific initialization APIs instead:
 119:Generated_Source\PSoC4/SPI.c **** *  SPI_I2CInit, SPI_SpiInit, 
 120:Generated_Source\PSoC4/SPI.c **** *  SPI_UartInit or SPI_EzI2CInit.
 121:Generated_Source\PSoC4/SPI.c **** *
 122:Generated_Source\PSoC4/SPI.c **** *******************************************************************************/
 123:Generated_Source\PSoC4/SPI.c **** void SPI_Init(void)
 124:Generated_Source\PSoC4/SPI.c **** {
  28              		.loc 1 124 0
  29              		.cfi_startproc
  30              		@ args = 0, pretend = 0, frame = 0
  31              		@ frame_needed = 0, uses_anonymous_args = 0
  32 0000 10B5     		push	{r4, lr}
  33              		.cfi_def_cfa_offset 8
  34              		.cfi_offset 4, -8
  35              		.cfi_offset 14, -4
 125:Generated_Source\PSoC4/SPI.c **** #if (SPI_SCB_MODE_UNCONFIG_CONST_CFG)
 126:Generated_Source\PSoC4/SPI.c ****     if (SPI_SCB_MODE_UNCONFIG_RUNTM_CFG)
 127:Generated_Source\PSoC4/SPI.c ****     {
 128:Generated_Source\PSoC4/SPI.c ****         SPI_initVar = 0u;
 129:Generated_Source\PSoC4/SPI.c ****     }
 130:Generated_Source\PSoC4/SPI.c ****     else
 131:Generated_Source\PSoC4/SPI.c ****     {
 132:Generated_Source\PSoC4/SPI.c ****         /* Initialization was done before this function call */
 133:Generated_Source\PSoC4/SPI.c ****     }
 134:Generated_Source\PSoC4/SPI.c **** 
 135:Generated_Source\PSoC4/SPI.c **** #elif (SPI_SCB_MODE_I2C_CONST_CFG)
 136:Generated_Source\PSoC4/SPI.c ****     SPI_I2CInit();
ARM GAS  C:\Users\AFDHAL~1\AppData\Local\Temp\cca7N1s1.s 			page 4


 137:Generated_Source\PSoC4/SPI.c **** 
 138:Generated_Source\PSoC4/SPI.c **** #elif (SPI_SCB_MODE_SPI_CONST_CFG)
 139:Generated_Source\PSoC4/SPI.c ****     SPI_SpiInit();
  36              		.loc 1 139 0
  37 0002 FFF7FEFF 		bl	SPI_SpiInit
  38              	.LVL0:
 140:Generated_Source\PSoC4/SPI.c **** 
 141:Generated_Source\PSoC4/SPI.c **** #elif (SPI_SCB_MODE_UART_CONST_CFG)
 142:Generated_Source\PSoC4/SPI.c ****     SPI_UartInit();
 143:Generated_Source\PSoC4/SPI.c **** 
 144:Generated_Source\PSoC4/SPI.c **** #elif (SPI_SCB_MODE_EZI2C_CONST_CFG)
 145:Generated_Source\PSoC4/SPI.c ****     SPI_EzI2CInit();
 146:Generated_Source\PSoC4/SPI.c **** 
 147:Generated_Source\PSoC4/SPI.c **** #endif /* (SPI_SCB_MODE_UNCONFIG_CONST_CFG) */
 148:Generated_Source\PSoC4/SPI.c **** }
  39              		.loc 1 148 0
  40              		@ sp needed
  41 0006 10BD     		pop	{r4, pc}
  42              		.cfi_endproc
  43              	.LFE1:
  44              		.size	SPI_Init, .-SPI_Init
  45              		.section	.text.SPI_Enable,"ax",%progbits
  46              		.align	2
  47              		.global	SPI_Enable
  48              		.code	16
  49              		.thumb_func
  50              		.type	SPI_Enable, %function
  51              	SPI_Enable:
  52              	.LFB2:
 149:Generated_Source\PSoC4/SPI.c **** 
 150:Generated_Source\PSoC4/SPI.c **** 
 151:Generated_Source\PSoC4/SPI.c **** /*******************************************************************************
 152:Generated_Source\PSoC4/SPI.c **** * Function Name: SPI_Enable
 153:Generated_Source\PSoC4/SPI.c **** ****************************************************************************//**
 154:Generated_Source\PSoC4/SPI.c **** *
 155:Generated_Source\PSoC4/SPI.c **** *  Enables SPI component operation: activates the hardware and 
 156:Generated_Source\PSoC4/SPI.c **** *  internal interrupt. It also restores TX interrupt sources disabled after the 
 157:Generated_Source\PSoC4/SPI.c **** *  SPI_Stop() function was called (note that level-triggered TX 
 158:Generated_Source\PSoC4/SPI.c **** *  interrupt sources remain disabled to not cause code lock-up).
 159:Generated_Source\PSoC4/SPI.c **** *  For I2C and EZI2C modes the interrupt is internal and mandatory for 
 160:Generated_Source\PSoC4/SPI.c **** *  operation. For SPI and UART modes the interrupt can be configured as none, 
 161:Generated_Source\PSoC4/SPI.c **** *  internal or external.
 162:Generated_Source\PSoC4/SPI.c **** *  The SPI configuration should be not changed when the component
 163:Generated_Source\PSoC4/SPI.c **** *  is enabled. Any configuration changes should be made after disabling the 
 164:Generated_Source\PSoC4/SPI.c **** *  component.
 165:Generated_Source\PSoC4/SPI.c **** *  When configuration is set to “Unconfigured SPI”, the component 
 166:Generated_Source\PSoC4/SPI.c **** *  must first be initialized to operate in one of the following configurations: 
 167:Generated_Source\PSoC4/SPI.c **** *  I2C, SPI, UART or EZ I2C, using the mode-specific initialization API. 
 168:Generated_Source\PSoC4/SPI.c **** *  Otherwise this function does not enable the component.
 169:Generated_Source\PSoC4/SPI.c **** *
 170:Generated_Source\PSoC4/SPI.c **** *******************************************************************************/
 171:Generated_Source\PSoC4/SPI.c **** void SPI_Enable(void)
 172:Generated_Source\PSoC4/SPI.c **** {
  53              		.loc 1 172 0
  54              		.cfi_startproc
  55              		@ args = 0, pretend = 0, frame = 0
  56              		@ frame_needed = 0, uses_anonymous_args = 0
ARM GAS  C:\Users\AFDHAL~1\AppData\Local\Temp\cca7N1s1.s 			page 5


 173:Generated_Source\PSoC4/SPI.c **** #if (SPI_SCB_MODE_UNCONFIG_CONST_CFG)
 174:Generated_Source\PSoC4/SPI.c ****     /* Enable SCB block, only if it is already configured */
 175:Generated_Source\PSoC4/SPI.c ****     if (!SPI_SCB_MODE_UNCONFIG_RUNTM_CFG)
 176:Generated_Source\PSoC4/SPI.c ****     {
 177:Generated_Source\PSoC4/SPI.c ****         SPI_CTRL_REG |= SPI_CTRL_ENABLED;
 178:Generated_Source\PSoC4/SPI.c **** 
 179:Generated_Source\PSoC4/SPI.c ****         SPI_ScbEnableIntr();
 180:Generated_Source\PSoC4/SPI.c **** 
 181:Generated_Source\PSoC4/SPI.c ****         /* Call PostEnable function specific to current operation mode */
 182:Generated_Source\PSoC4/SPI.c ****         SPI_ScbModePostEnable();
 183:Generated_Source\PSoC4/SPI.c ****     }
 184:Generated_Source\PSoC4/SPI.c **** #else
 185:Generated_Source\PSoC4/SPI.c ****     SPI_CTRL_REG |= SPI_CTRL_ENABLED;
  57              		.loc 1 185 0
  58 0000 8021     		movs	r1, #128
  59 0002 044A     		ldr	r2, .L3
 172:Generated_Source\PSoC4/SPI.c **** #if (SPI_SCB_MODE_UNCONFIG_CONST_CFG)
  60              		.loc 1 172 0
  61 0004 10B5     		push	{r4, lr}
  62              		.cfi_def_cfa_offset 8
  63              		.cfi_offset 4, -8
  64              		.cfi_offset 14, -4
  65              		.loc 1 185 0
  66 0006 1368     		ldr	r3, [r2]
  67 0008 0906     		lsls	r1, r1, #24
  68 000a 0B43     		orrs	r3, r1
  69 000c 1360     		str	r3, [r2]
  70              	.LBB14:
  71              	.LBB15:
 186:Generated_Source\PSoC4/SPI.c **** 
 187:Generated_Source\PSoC4/SPI.c ****     SPI_ScbEnableIntr();
 188:Generated_Source\PSoC4/SPI.c **** 
 189:Generated_Source\PSoC4/SPI.c ****     /* Call PostEnable function specific to current operation mode */
 190:Generated_Source\PSoC4/SPI.c ****     SPI_ScbModePostEnable();
 191:Generated_Source\PSoC4/SPI.c **** #endif /* (SPI_SCB_MODE_UNCONFIG_CONST_CFG) */
 192:Generated_Source\PSoC4/SPI.c **** }
 193:Generated_Source\PSoC4/SPI.c **** 
 194:Generated_Source\PSoC4/SPI.c **** 
 195:Generated_Source\PSoC4/SPI.c **** /*******************************************************************************
 196:Generated_Source\PSoC4/SPI.c **** * Function Name: SPI_Start
 197:Generated_Source\PSoC4/SPI.c **** ****************************************************************************//**
 198:Generated_Source\PSoC4/SPI.c **** *
 199:Generated_Source\PSoC4/SPI.c **** *  Invokes SPI_Init() and SPI_Enable().
 200:Generated_Source\PSoC4/SPI.c **** *  After this function call, the component is enabled and ready for operation.
 201:Generated_Source\PSoC4/SPI.c **** *  When configuration is set to "Unconfigured SCB", the component must first be
 202:Generated_Source\PSoC4/SPI.c **** *  initialized to operate in one of the following configurations: I2C, SPI, UART
 203:Generated_Source\PSoC4/SPI.c **** *  or EZI2C. Otherwise this function does not enable the component.
 204:Generated_Source\PSoC4/SPI.c **** *
 205:Generated_Source\PSoC4/SPI.c **** * \globalvars
 206:Generated_Source\PSoC4/SPI.c **** *  SPI_initVar - used to check initial configuration, modified
 207:Generated_Source\PSoC4/SPI.c **** *  on first function call.
 208:Generated_Source\PSoC4/SPI.c **** *
 209:Generated_Source\PSoC4/SPI.c **** *******************************************************************************/
 210:Generated_Source\PSoC4/SPI.c **** void SPI_Start(void)
 211:Generated_Source\PSoC4/SPI.c **** {
 212:Generated_Source\PSoC4/SPI.c ****     if (0u == SPI_initVar)
 213:Generated_Source\PSoC4/SPI.c ****     {
ARM GAS  C:\Users\AFDHAL~1\AppData\Local\Temp\cca7N1s1.s 			page 6


 214:Generated_Source\PSoC4/SPI.c ****         SPI_Init();
 215:Generated_Source\PSoC4/SPI.c ****         SPI_initVar = 1u; /* Component was initialized */
 216:Generated_Source\PSoC4/SPI.c ****     }
 217:Generated_Source\PSoC4/SPI.c **** 
 218:Generated_Source\PSoC4/SPI.c ****     SPI_Enable();
 219:Generated_Source\PSoC4/SPI.c **** }
 220:Generated_Source\PSoC4/SPI.c **** 
 221:Generated_Source\PSoC4/SPI.c **** 
 222:Generated_Source\PSoC4/SPI.c **** /*******************************************************************************
 223:Generated_Source\PSoC4/SPI.c **** * Function Name: SPI_Stop
 224:Generated_Source\PSoC4/SPI.c **** ****************************************************************************//**
 225:Generated_Source\PSoC4/SPI.c **** *
 226:Generated_Source\PSoC4/SPI.c **** *  Disables the SPI component: disable the hardware and internal 
 227:Generated_Source\PSoC4/SPI.c **** *  interrupt. It also disables all TX interrupt sources so as not to cause an 
 228:Generated_Source\PSoC4/SPI.c **** *  unexpected interrupt trigger because after the component is enabled, the 
 229:Generated_Source\PSoC4/SPI.c **** *  TX FIFO is empty.
 230:Generated_Source\PSoC4/SPI.c **** *  Refer to the function SPI_Enable() for the interrupt 
 231:Generated_Source\PSoC4/SPI.c **** *  configuration details.
 232:Generated_Source\PSoC4/SPI.c **** *  This function disables the SCB component without checking to see if 
 233:Generated_Source\PSoC4/SPI.c **** *  communication is in progress. Before calling this function it may be 
 234:Generated_Source\PSoC4/SPI.c **** *  necessary to check the status of communication to make sure communication 
 235:Generated_Source\PSoC4/SPI.c **** *  is complete. If this is not done then communication could be stopped mid 
 236:Generated_Source\PSoC4/SPI.c **** *  byte and corrupted data could result.
 237:Generated_Source\PSoC4/SPI.c **** *
 238:Generated_Source\PSoC4/SPI.c **** *******************************************************************************/
 239:Generated_Source\PSoC4/SPI.c **** void SPI_Stop(void)
 240:Generated_Source\PSoC4/SPI.c **** {
 241:Generated_Source\PSoC4/SPI.c **** #if (SPI_SCB_IRQ_INTERNAL)
 242:Generated_Source\PSoC4/SPI.c ****     SPI_DisableInt();
 243:Generated_Source\PSoC4/SPI.c **** #endif /* (SPI_SCB_IRQ_INTERNAL) */
 244:Generated_Source\PSoC4/SPI.c **** 
 245:Generated_Source\PSoC4/SPI.c ****     /* Call Stop function specific to current operation mode */
 246:Generated_Source\PSoC4/SPI.c ****     SPI_ScbModeStop();
 247:Generated_Source\PSoC4/SPI.c **** 
 248:Generated_Source\PSoC4/SPI.c ****     /* Disable SCB IP */
 249:Generated_Source\PSoC4/SPI.c ****     SPI_CTRL_REG &= (uint32) ~SPI_CTRL_ENABLED;
 250:Generated_Source\PSoC4/SPI.c **** 
 251:Generated_Source\PSoC4/SPI.c ****     /* Disable all TX interrupt sources so as not to cause an unexpected
 252:Generated_Source\PSoC4/SPI.c ****     * interrupt trigger after the component will be enabled because the 
 253:Generated_Source\PSoC4/SPI.c ****     * TX FIFO is empty.
 254:Generated_Source\PSoC4/SPI.c ****     * For SCB IP v0, it is critical as it does not mask-out interrupt
 255:Generated_Source\PSoC4/SPI.c ****     * sources when it is disabled. This can cause a code lock-up in the
 256:Generated_Source\PSoC4/SPI.c ****     * interrupt handler because TX FIFO cannot be loaded after the block
 257:Generated_Source\PSoC4/SPI.c ****     * is disabled.
 258:Generated_Source\PSoC4/SPI.c ****     */
 259:Generated_Source\PSoC4/SPI.c ****     SPI_SetTxInterruptMode(SPI_NO_INTR_SOURCES);
 260:Generated_Source\PSoC4/SPI.c **** 
 261:Generated_Source\PSoC4/SPI.c **** #if (SPI_SCB_IRQ_INTERNAL)
 262:Generated_Source\PSoC4/SPI.c ****     SPI_ClearPendingInt();
 263:Generated_Source\PSoC4/SPI.c **** #endif /* (SPI_SCB_IRQ_INTERNAL) */
 264:Generated_Source\PSoC4/SPI.c **** }
 265:Generated_Source\PSoC4/SPI.c **** 
 266:Generated_Source\PSoC4/SPI.c **** 
 267:Generated_Source\PSoC4/SPI.c **** /*******************************************************************************
 268:Generated_Source\PSoC4/SPI.c **** * Function Name: SPI_SetRxFifoLevel
 269:Generated_Source\PSoC4/SPI.c **** ****************************************************************************//**
 270:Generated_Source\PSoC4/SPI.c **** *
ARM GAS  C:\Users\AFDHAL~1\AppData\Local\Temp\cca7N1s1.s 			page 7


 271:Generated_Source\PSoC4/SPI.c **** *  Sets level in the RX FIFO to generate a RX level interrupt.
 272:Generated_Source\PSoC4/SPI.c **** *  When the RX FIFO has more entries than the RX FIFO level an RX level
 273:Generated_Source\PSoC4/SPI.c **** *  interrupt request is generated.
 274:Generated_Source\PSoC4/SPI.c **** *
 275:Generated_Source\PSoC4/SPI.c **** *  \param level: Level in the RX FIFO to generate RX level interrupt.
 276:Generated_Source\PSoC4/SPI.c **** *   The range of valid level values is between 0 and RX FIFO depth - 1.
 277:Generated_Source\PSoC4/SPI.c **** *
 278:Generated_Source\PSoC4/SPI.c **** *******************************************************************************/
 279:Generated_Source\PSoC4/SPI.c **** void SPI_SetRxFifoLevel(uint32 level)
 280:Generated_Source\PSoC4/SPI.c **** {
 281:Generated_Source\PSoC4/SPI.c ****     uint32 rxFifoCtrl;
 282:Generated_Source\PSoC4/SPI.c **** 
 283:Generated_Source\PSoC4/SPI.c ****     rxFifoCtrl = SPI_RX_FIFO_CTRL_REG;
 284:Generated_Source\PSoC4/SPI.c **** 
 285:Generated_Source\PSoC4/SPI.c ****     rxFifoCtrl &= ((uint32) ~SPI_RX_FIFO_CTRL_TRIGGER_LEVEL_MASK); /* Clear level mask bits */
 286:Generated_Source\PSoC4/SPI.c ****     rxFifoCtrl |= ((uint32) (SPI_RX_FIFO_CTRL_TRIGGER_LEVEL_MASK & level));
 287:Generated_Source\PSoC4/SPI.c **** 
 288:Generated_Source\PSoC4/SPI.c ****     SPI_RX_FIFO_CTRL_REG = rxFifoCtrl;
 289:Generated_Source\PSoC4/SPI.c **** }
 290:Generated_Source\PSoC4/SPI.c **** 
 291:Generated_Source\PSoC4/SPI.c **** 
 292:Generated_Source\PSoC4/SPI.c **** /*******************************************************************************
 293:Generated_Source\PSoC4/SPI.c **** * Function Name: SPI_SetTxFifoLevel
 294:Generated_Source\PSoC4/SPI.c **** ****************************************************************************//**
 295:Generated_Source\PSoC4/SPI.c **** *
 296:Generated_Source\PSoC4/SPI.c **** *  Sets level in the TX FIFO to generate a TX level interrupt.
 297:Generated_Source\PSoC4/SPI.c **** *  When the TX FIFO has less entries than the TX FIFO level an TX level
 298:Generated_Source\PSoC4/SPI.c **** *  interrupt request is generated.
 299:Generated_Source\PSoC4/SPI.c **** *
 300:Generated_Source\PSoC4/SPI.c **** *  \param level: Level in the TX FIFO to generate TX level interrupt.
 301:Generated_Source\PSoC4/SPI.c **** *   The range of valid level values is between 0 and TX FIFO depth - 1.
 302:Generated_Source\PSoC4/SPI.c **** *
 303:Generated_Source\PSoC4/SPI.c **** *******************************************************************************/
 304:Generated_Source\PSoC4/SPI.c **** void SPI_SetTxFifoLevel(uint32 level)
 305:Generated_Source\PSoC4/SPI.c **** {
 306:Generated_Source\PSoC4/SPI.c ****     uint32 txFifoCtrl;
 307:Generated_Source\PSoC4/SPI.c **** 
 308:Generated_Source\PSoC4/SPI.c ****     txFifoCtrl = SPI_TX_FIFO_CTRL_REG;
 309:Generated_Source\PSoC4/SPI.c **** 
 310:Generated_Source\PSoC4/SPI.c ****     txFifoCtrl &= ((uint32) ~SPI_TX_FIFO_CTRL_TRIGGER_LEVEL_MASK); /* Clear level mask bits */
 311:Generated_Source\PSoC4/SPI.c ****     txFifoCtrl |= ((uint32) (SPI_TX_FIFO_CTRL_TRIGGER_LEVEL_MASK & level));
 312:Generated_Source\PSoC4/SPI.c **** 
 313:Generated_Source\PSoC4/SPI.c ****     SPI_TX_FIFO_CTRL_REG = txFifoCtrl;
 314:Generated_Source\PSoC4/SPI.c **** }
 315:Generated_Source\PSoC4/SPI.c **** 
 316:Generated_Source\PSoC4/SPI.c **** 
 317:Generated_Source\PSoC4/SPI.c **** #if (SPI_SCB_IRQ_INTERNAL)
 318:Generated_Source\PSoC4/SPI.c ****     /*******************************************************************************
 319:Generated_Source\PSoC4/SPI.c ****     * Function Name: SPI_SetCustomInterruptHandler
 320:Generated_Source\PSoC4/SPI.c ****     ****************************************************************************//**
 321:Generated_Source\PSoC4/SPI.c ****     *
 322:Generated_Source\PSoC4/SPI.c ****     *  Registers a function to be called by the internal interrupt handler.
 323:Generated_Source\PSoC4/SPI.c ****     *  First the function that is registered is called, then the internal interrupt
 324:Generated_Source\PSoC4/SPI.c ****     *  handler performs any operation such as software buffer management functions
 325:Generated_Source\PSoC4/SPI.c ****     *  before the interrupt returns.  It is the user's responsibility not to break
 326:Generated_Source\PSoC4/SPI.c ****     *  the software buffer operations. Only one custom handler is supported, which
 327:Generated_Source\PSoC4/SPI.c ****     *  is the function provided by the most recent call.
ARM GAS  C:\Users\AFDHAL~1\AppData\Local\Temp\cca7N1s1.s 			page 8


 328:Generated_Source\PSoC4/SPI.c ****     *  At the initialization time no custom handler is registered.
 329:Generated_Source\PSoC4/SPI.c ****     *
 330:Generated_Source\PSoC4/SPI.c ****     *  \param func: Pointer to the function to register.
 331:Generated_Source\PSoC4/SPI.c ****     *        The value NULL indicates to remove the current custom interrupt
 332:Generated_Source\PSoC4/SPI.c ****     *        handler.
 333:Generated_Source\PSoC4/SPI.c ****     *
 334:Generated_Source\PSoC4/SPI.c ****     *******************************************************************************/
 335:Generated_Source\PSoC4/SPI.c ****     void SPI_SetCustomInterruptHandler(void (*func)(void))
 336:Generated_Source\PSoC4/SPI.c ****     {
 337:Generated_Source\PSoC4/SPI.c ****     #if !defined (CY_REMOVE_SPI_CUSTOM_INTR_HANDLER)
 338:Generated_Source\PSoC4/SPI.c ****         SPI_customIntrHandler = func; /* Register interrupt handler */
 339:Generated_Source\PSoC4/SPI.c ****     #else
 340:Generated_Source\PSoC4/SPI.c ****         if (NULL != func)
 341:Generated_Source\PSoC4/SPI.c ****         {
 342:Generated_Source\PSoC4/SPI.c ****             /* Suppress compiler warning */
 343:Generated_Source\PSoC4/SPI.c ****         }
 344:Generated_Source\PSoC4/SPI.c ****     #endif /* !defined (CY_REMOVE_SPI_CUSTOM_INTR_HANDLER) */
 345:Generated_Source\PSoC4/SPI.c ****     }
 346:Generated_Source\PSoC4/SPI.c **** #endif /* (SPI_SCB_IRQ_INTERNAL) */
 347:Generated_Source\PSoC4/SPI.c **** 
 348:Generated_Source\PSoC4/SPI.c **** 
 349:Generated_Source\PSoC4/SPI.c **** /*******************************************************************************
 350:Generated_Source\PSoC4/SPI.c **** * Function Name: SPI_ScbModeEnableIntr
 351:Generated_Source\PSoC4/SPI.c **** ****************************************************************************//**
 352:Generated_Source\PSoC4/SPI.c **** *
 353:Generated_Source\PSoC4/SPI.c **** *  Enables an interrupt for a specific mode.
 354:Generated_Source\PSoC4/SPI.c **** *
 355:Generated_Source\PSoC4/SPI.c **** *******************************************************************************/
 356:Generated_Source\PSoC4/SPI.c **** static void SPI_ScbEnableIntr(void)
 357:Generated_Source\PSoC4/SPI.c **** {
 358:Generated_Source\PSoC4/SPI.c **** #if (SPI_SCB_IRQ_INTERNAL)
 359:Generated_Source\PSoC4/SPI.c ****     /* Enable interrupt in NVIC */
 360:Generated_Source\PSoC4/SPI.c ****     #if (SPI_SCB_MODE_UNCONFIG_CONST_CFG)
 361:Generated_Source\PSoC4/SPI.c ****         if (0u != SPI_scbEnableIntr)
 362:Generated_Source\PSoC4/SPI.c ****         {
 363:Generated_Source\PSoC4/SPI.c ****             SPI_EnableInt();
 364:Generated_Source\PSoC4/SPI.c ****         }
 365:Generated_Source\PSoC4/SPI.c **** 
 366:Generated_Source\PSoC4/SPI.c ****     #else
 367:Generated_Source\PSoC4/SPI.c ****         SPI_EnableInt();
 368:Generated_Source\PSoC4/SPI.c **** 
 369:Generated_Source\PSoC4/SPI.c ****     #endif /* (SPI_SCB_MODE_UNCONFIG_CONST_CFG) */
 370:Generated_Source\PSoC4/SPI.c **** #endif /* (SPI_SCB_IRQ_INTERNAL) */
 371:Generated_Source\PSoC4/SPI.c **** }
 372:Generated_Source\PSoC4/SPI.c **** 
 373:Generated_Source\PSoC4/SPI.c **** 
 374:Generated_Source\PSoC4/SPI.c **** /*******************************************************************************
 375:Generated_Source\PSoC4/SPI.c **** * Function Name: SPI_ScbModePostEnable
 376:Generated_Source\PSoC4/SPI.c **** ****************************************************************************//**
 377:Generated_Source\PSoC4/SPI.c **** *
 378:Generated_Source\PSoC4/SPI.c **** *  Calls the PostEnable function for a specific operation mode.
 379:Generated_Source\PSoC4/SPI.c **** *
 380:Generated_Source\PSoC4/SPI.c **** *******************************************************************************/
 381:Generated_Source\PSoC4/SPI.c **** static void SPI_ScbModePostEnable(void)
 382:Generated_Source\PSoC4/SPI.c **** {
 383:Generated_Source\PSoC4/SPI.c **** #if (SPI_SCB_MODE_UNCONFIG_CONST_CFG)
 384:Generated_Source\PSoC4/SPI.c **** #if (!SPI_CY_SCBIP_V1)
ARM GAS  C:\Users\AFDHAL~1\AppData\Local\Temp\cca7N1s1.s 			page 9


 385:Generated_Source\PSoC4/SPI.c ****     if (SPI_SCB_MODE_SPI_RUNTM_CFG)
 386:Generated_Source\PSoC4/SPI.c ****     {
 387:Generated_Source\PSoC4/SPI.c ****         SPI_SpiPostEnable();
 388:Generated_Source\PSoC4/SPI.c ****     }
 389:Generated_Source\PSoC4/SPI.c ****     else if (SPI_SCB_MODE_UART_RUNTM_CFG)
 390:Generated_Source\PSoC4/SPI.c ****     {
 391:Generated_Source\PSoC4/SPI.c ****         SPI_UartPostEnable();
 392:Generated_Source\PSoC4/SPI.c ****     }
 393:Generated_Source\PSoC4/SPI.c ****     else
 394:Generated_Source\PSoC4/SPI.c ****     {
 395:Generated_Source\PSoC4/SPI.c ****         /* Unknown mode: do nothing */
 396:Generated_Source\PSoC4/SPI.c ****     }
 397:Generated_Source\PSoC4/SPI.c **** #endif /* (!SPI_CY_SCBIP_V1) */
 398:Generated_Source\PSoC4/SPI.c **** 
 399:Generated_Source\PSoC4/SPI.c **** #elif (SPI_SCB_MODE_SPI_CONST_CFG)
 400:Generated_Source\PSoC4/SPI.c ****     SPI_SpiPostEnable();
  72              		.loc 1 400 0
  73 000e FFF7FEFF 		bl	SPI_SpiPostEnable
  74              	.LVL1:
  75              	.LBE15:
  76              	.LBE14:
 192:Generated_Source\PSoC4/SPI.c **** 
  77              		.loc 1 192 0
  78              		@ sp needed
  79 0012 10BD     		pop	{r4, pc}
  80              	.L4:
  81              		.align	2
  82              	.L3:
  83 0014 00002440 		.word	1076101120
  84              		.cfi_endproc
  85              	.LFE2:
  86              		.size	SPI_Enable, .-SPI_Enable
  87              		.section	.text.SPI_Start,"ax",%progbits
  88              		.align	2
  89              		.global	SPI_Start
  90              		.code	16
  91              		.thumb_func
  92              		.type	SPI_Start, %function
  93              	SPI_Start:
  94              	.LFB3:
 211:Generated_Source\PSoC4/SPI.c ****     if (0u == SPI_initVar)
  95              		.loc 1 211 0
  96              		.cfi_startproc
  97              		@ args = 0, pretend = 0, frame = 0
  98              		@ frame_needed = 0, uses_anonymous_args = 0
  99 0000 10B5     		push	{r4, lr}
 100              		.cfi_def_cfa_offset 8
 101              		.cfi_offset 4, -8
 102              		.cfi_offset 14, -4
 212:Generated_Source\PSoC4/SPI.c ****     {
 103              		.loc 1 212 0
 104 0002 084C     		ldr	r4, .L8
 105 0004 2378     		ldrb	r3, [r4]
 106 0006 002B     		cmp	r3, #0
 107 0008 03D1     		bne	.L6
 108              	.LBB16:
 109              	.LBB17:
ARM GAS  C:\Users\AFDHAL~1\AppData\Local\Temp\cca7N1s1.s 			page 10


 139:Generated_Source\PSoC4/SPI.c **** 
 110              		.loc 1 139 0
 111 000a FFF7FEFF 		bl	SPI_SpiInit
 112              	.LVL2:
 113              	.LBE17:
 114              	.LBE16:
 215:Generated_Source\PSoC4/SPI.c ****     }
 115              		.loc 1 215 0
 116 000e 0123     		movs	r3, #1
 117 0010 2370     		strb	r3, [r4]
 118              	.L6:
 119              	.LBB18:
 120              	.LBB19:
 185:Generated_Source\PSoC4/SPI.c **** 
 121              		.loc 1 185 0
 122 0012 8021     		movs	r1, #128
 123 0014 044A     		ldr	r2, .L8+4
 124 0016 0906     		lsls	r1, r1, #24
 125 0018 1368     		ldr	r3, [r2]
 126              	.LBE19:
 127              	.LBE18:
 219:Generated_Source\PSoC4/SPI.c **** 
 128              		.loc 1 219 0
 129              		@ sp needed
 130              	.LBB23:
 131              	.LBB22:
 185:Generated_Source\PSoC4/SPI.c **** 
 132              		.loc 1 185 0
 133 001a 0B43     		orrs	r3, r1
 134 001c 1360     		str	r3, [r2]
 135              	.LBB20:
 136              	.LBB21:
 137              		.loc 1 400 0
 138 001e FFF7FEFF 		bl	SPI_SpiPostEnable
 139              	.LVL3:
 140              	.LBE21:
 141              	.LBE20:
 142              	.LBE22:
 143              	.LBE23:
 219:Generated_Source\PSoC4/SPI.c **** 
 144              		.loc 1 219 0
 145 0022 10BD     		pop	{r4, pc}
 146              	.L9:
 147              		.align	2
 148              	.L8:
 149 0024 00000000 		.word	.LANCHOR0
 150 0028 00002440 		.word	1076101120
 151              		.cfi_endproc
 152              	.LFE3:
 153              		.size	SPI_Start, .-SPI_Start
 154              		.section	.text.SPI_Stop,"ax",%progbits
 155              		.align	2
 156              		.global	SPI_Stop
 157              		.code	16
 158              		.thumb_func
 159              		.type	SPI_Stop, %function
 160              	SPI_Stop:
ARM GAS  C:\Users\AFDHAL~1\AppData\Local\Temp\cca7N1s1.s 			page 11


 161              	.LFB4:
 240:Generated_Source\PSoC4/SPI.c **** #if (SPI_SCB_IRQ_INTERNAL)
 162              		.loc 1 240 0
 163              		.cfi_startproc
 164              		@ args = 0, pretend = 0, frame = 0
 165              		@ frame_needed = 0, uses_anonymous_args = 0
 166 0000 10B5     		push	{r4, lr}
 167              		.cfi_def_cfa_offset 8
 168              		.cfi_offset 4, -8
 169              		.cfi_offset 14, -4
 170              	.LBB24:
 171              	.LBB25:
 401:Generated_Source\PSoC4/SPI.c **** 
 402:Generated_Source\PSoC4/SPI.c **** #elif (SPI_SCB_MODE_UART_CONST_CFG)
 403:Generated_Source\PSoC4/SPI.c ****     SPI_UartPostEnable();
 404:Generated_Source\PSoC4/SPI.c **** 
 405:Generated_Source\PSoC4/SPI.c **** #else
 406:Generated_Source\PSoC4/SPI.c ****     /* Unknown mode: do nothing */
 407:Generated_Source\PSoC4/SPI.c **** #endif /* (SPI_SCB_MODE_UNCONFIG_CONST_CFG) */
 408:Generated_Source\PSoC4/SPI.c **** }
 409:Generated_Source\PSoC4/SPI.c **** 
 410:Generated_Source\PSoC4/SPI.c **** 
 411:Generated_Source\PSoC4/SPI.c **** /*******************************************************************************
 412:Generated_Source\PSoC4/SPI.c **** * Function Name: SPI_ScbModeStop
 413:Generated_Source\PSoC4/SPI.c **** ****************************************************************************//**
 414:Generated_Source\PSoC4/SPI.c **** *
 415:Generated_Source\PSoC4/SPI.c **** *  Calls the Stop function for a specific operation mode.
 416:Generated_Source\PSoC4/SPI.c **** *
 417:Generated_Source\PSoC4/SPI.c **** *******************************************************************************/
 418:Generated_Source\PSoC4/SPI.c **** static void SPI_ScbModeStop(void)
 419:Generated_Source\PSoC4/SPI.c **** {
 420:Generated_Source\PSoC4/SPI.c **** #if (SPI_SCB_MODE_UNCONFIG_CONST_CFG)
 421:Generated_Source\PSoC4/SPI.c ****     if (SPI_SCB_MODE_I2C_RUNTM_CFG)
 422:Generated_Source\PSoC4/SPI.c ****     {
 423:Generated_Source\PSoC4/SPI.c ****         SPI_I2CStop();
 424:Generated_Source\PSoC4/SPI.c ****     }
 425:Generated_Source\PSoC4/SPI.c ****     else if (SPI_SCB_MODE_EZI2C_RUNTM_CFG)
 426:Generated_Source\PSoC4/SPI.c ****     {
 427:Generated_Source\PSoC4/SPI.c ****         SPI_EzI2CStop();
 428:Generated_Source\PSoC4/SPI.c ****     }
 429:Generated_Source\PSoC4/SPI.c **** #if (!SPI_CY_SCBIP_V1)
 430:Generated_Source\PSoC4/SPI.c ****     else if (SPI_SCB_MODE_SPI_RUNTM_CFG)
 431:Generated_Source\PSoC4/SPI.c ****     {
 432:Generated_Source\PSoC4/SPI.c ****         SPI_SpiStop();
 433:Generated_Source\PSoC4/SPI.c ****     }
 434:Generated_Source\PSoC4/SPI.c ****     else if (SPI_SCB_MODE_UART_RUNTM_CFG)
 435:Generated_Source\PSoC4/SPI.c ****     {
 436:Generated_Source\PSoC4/SPI.c ****         SPI_UartStop();
 437:Generated_Source\PSoC4/SPI.c ****     }
 438:Generated_Source\PSoC4/SPI.c **** #endif /* (!SPI_CY_SCBIP_V1) */
 439:Generated_Source\PSoC4/SPI.c ****     else
 440:Generated_Source\PSoC4/SPI.c ****     {
 441:Generated_Source\PSoC4/SPI.c ****         /* Unknown mode: do nothing */
 442:Generated_Source\PSoC4/SPI.c ****     }
 443:Generated_Source\PSoC4/SPI.c **** #elif (SPI_SCB_MODE_I2C_CONST_CFG)
 444:Generated_Source\PSoC4/SPI.c ****     SPI_I2CStop();
 445:Generated_Source\PSoC4/SPI.c **** 
ARM GAS  C:\Users\AFDHAL~1\AppData\Local\Temp\cca7N1s1.s 			page 12


 446:Generated_Source\PSoC4/SPI.c **** #elif (SPI_SCB_MODE_EZI2C_CONST_CFG)
 447:Generated_Source\PSoC4/SPI.c ****     SPI_EzI2CStop();
 448:Generated_Source\PSoC4/SPI.c **** 
 449:Generated_Source\PSoC4/SPI.c **** #elif (SPI_SCB_MODE_SPI_CONST_CFG)
 450:Generated_Source\PSoC4/SPI.c ****     SPI_SpiStop();
 172              		.loc 1 450 0
 173 0002 FFF7FEFF 		bl	SPI_SpiStop
 174              	.LVL4:
 175              	.LBE25:
 176              	.LBE24:
 249:Generated_Source\PSoC4/SPI.c **** 
 177              		.loc 1 249 0
 178 0006 044A     		ldr	r2, .L11
 264:Generated_Source\PSoC4/SPI.c **** 
 179              		.loc 1 264 0
 180              		@ sp needed
 249:Generated_Source\PSoC4/SPI.c **** 
 181              		.loc 1 249 0
 182 0008 1368     		ldr	r3, [r2]
 183 000a 5B00     		lsls	r3, r3, #1
 184 000c 5B08     		lsrs	r3, r3, #1
 185 000e 1360     		str	r3, [r2]
 259:Generated_Source\PSoC4/SPI.c **** 
 186              		.loc 1 259 0
 187 0010 0022     		movs	r2, #0
 188 0012 024B     		ldr	r3, .L11+4
 189 0014 1A60     		str	r2, [r3]
 264:Generated_Source\PSoC4/SPI.c **** 
 190              		.loc 1 264 0
 191 0016 10BD     		pop	{r4, pc}
 192              	.L12:
 193              		.align	2
 194              	.L11:
 195 0018 00002440 		.word	1076101120
 196 001c 880F2440 		.word	1076105096
 197              		.cfi_endproc
 198              	.LFE4:
 199              		.size	SPI_Stop, .-SPI_Stop
 200              		.section	.text.SPI_SetRxFifoLevel,"ax",%progbits
 201              		.align	2
 202              		.global	SPI_SetRxFifoLevel
 203              		.code	16
 204              		.thumb_func
 205              		.type	SPI_SetRxFifoLevel, %function
 206              	SPI_SetRxFifoLevel:
 207              	.LFB5:
 280:Generated_Source\PSoC4/SPI.c ****     uint32 rxFifoCtrl;
 208              		.loc 1 280 0
 209              		.cfi_startproc
 210              		@ args = 0, pretend = 0, frame = 0
 211              		@ frame_needed = 0, uses_anonymous_args = 0
 212              		@ link register save eliminated.
 213              	.LVL5:
 285:Generated_Source\PSoC4/SPI.c ****     rxFifoCtrl |= ((uint32) (SPI_RX_FIFO_CTRL_TRIGGER_LEVEL_MASK & level));
 214              		.loc 1 285 0
 215 0000 0F21     		movs	r1, #15
 283:Generated_Source\PSoC4/SPI.c **** 
ARM GAS  C:\Users\AFDHAL~1\AppData\Local\Temp\cca7N1s1.s 			page 13


 216              		.loc 1 283 0
 217 0002 034A     		ldr	r2, .L14
 286:Generated_Source\PSoC4/SPI.c **** 
 218              		.loc 1 286 0
 219 0004 0840     		ands	r0, r1
 220              	.LVL6:
 283:Generated_Source\PSoC4/SPI.c **** 
 221              		.loc 1 283 0
 222 0006 1368     		ldr	r3, [r2]
 223              	.LVL7:
 289:Generated_Source\PSoC4/SPI.c **** 
 224              		.loc 1 289 0
 225              		@ sp needed
 285:Generated_Source\PSoC4/SPI.c ****     rxFifoCtrl |= ((uint32) (SPI_RX_FIFO_CTRL_TRIGGER_LEVEL_MASK & level));
 226              		.loc 1 285 0
 227 0008 8B43     		bics	r3, r1
 228              	.LVL8:
 286:Generated_Source\PSoC4/SPI.c **** 
 229              		.loc 1 286 0
 230 000a 1843     		orrs	r0, r3
 231              	.LVL9:
 288:Generated_Source\PSoC4/SPI.c **** }
 232              		.loc 1 288 0
 233 000c 1060     		str	r0, [r2]
 289:Generated_Source\PSoC4/SPI.c **** 
 234              		.loc 1 289 0
 235 000e 7047     		bx	lr
 236              	.L15:
 237              		.align	2
 238              	.L14:
 239 0010 04032440 		.word	1076101892
 240              		.cfi_endproc
 241              	.LFE5:
 242              		.size	SPI_SetRxFifoLevel, .-SPI_SetRxFifoLevel
 243              		.section	.text.SPI_SetTxFifoLevel,"ax",%progbits
 244              		.align	2
 245              		.global	SPI_SetTxFifoLevel
 246              		.code	16
 247              		.thumb_func
 248              		.type	SPI_SetTxFifoLevel, %function
 249              	SPI_SetTxFifoLevel:
 250              	.LFB6:
 305:Generated_Source\PSoC4/SPI.c ****     uint32 txFifoCtrl;
 251              		.loc 1 305 0
 252              		.cfi_startproc
 253              		@ args = 0, pretend = 0, frame = 0
 254              		@ frame_needed = 0, uses_anonymous_args = 0
 255              		@ link register save eliminated.
 256              	.LVL10:
 310:Generated_Source\PSoC4/SPI.c ****     txFifoCtrl |= ((uint32) (SPI_TX_FIFO_CTRL_TRIGGER_LEVEL_MASK & level));
 257              		.loc 1 310 0
 258 0000 0F21     		movs	r1, #15
 308:Generated_Source\PSoC4/SPI.c **** 
 259              		.loc 1 308 0
 260 0002 034A     		ldr	r2, .L17
 311:Generated_Source\PSoC4/SPI.c **** 
 261              		.loc 1 311 0
ARM GAS  C:\Users\AFDHAL~1\AppData\Local\Temp\cca7N1s1.s 			page 14


 262 0004 0840     		ands	r0, r1
 263              	.LVL11:
 308:Generated_Source\PSoC4/SPI.c **** 
 264              		.loc 1 308 0
 265 0006 1368     		ldr	r3, [r2]
 266              	.LVL12:
 314:Generated_Source\PSoC4/SPI.c **** 
 267              		.loc 1 314 0
 268              		@ sp needed
 310:Generated_Source\PSoC4/SPI.c ****     txFifoCtrl |= ((uint32) (SPI_TX_FIFO_CTRL_TRIGGER_LEVEL_MASK & level));
 269              		.loc 1 310 0
 270 0008 8B43     		bics	r3, r1
 271              	.LVL13:
 311:Generated_Source\PSoC4/SPI.c **** 
 272              		.loc 1 311 0
 273 000a 1843     		orrs	r0, r3
 274              	.LVL14:
 313:Generated_Source\PSoC4/SPI.c **** }
 275              		.loc 1 313 0
 276 000c 1060     		str	r0, [r2]
 314:Generated_Source\PSoC4/SPI.c **** 
 277              		.loc 1 314 0
 278 000e 7047     		bx	lr
 279              	.L18:
 280              		.align	2
 281              	.L17:
 282 0010 04022440 		.word	1076101636
 283              		.cfi_endproc
 284              	.LFE6:
 285              		.size	SPI_SetTxFifoLevel, .-SPI_SetTxFifoLevel
 286              		.global	SPI_IntrTxMask
 287              		.global	SPI_initVar
 288              		.bss
 289              		.align	1
 290              		.set	.LANCHOR0,. + 0
 291              		.type	SPI_initVar, %object
 292              		.size	SPI_initVar, 1
 293              	SPI_initVar:
 294 0000 00       		.space	1
 295 0001 00       		.space	1
 296              		.type	SPI_IntrTxMask, %object
 297              		.size	SPI_IntrTxMask, 2
 298              	SPI_IntrTxMask:
 299 0002 0000     		.space	2
 300              		.text
 301              	.Letext0:
 302              		.file 2 "Generated_Source\\PSoC4/cytypes.h"
 303              		.file 3 "Generated_Source\\PSoC4\\SPI_SPI_UART_PVT.h"
 304              		.section	.debug_info,"",%progbits
 305              	.Ldebug_info0:
 306 0000 71020000 		.4byte	0x271
 307 0004 0400     		.2byte	0x4
 308 0006 00000000 		.4byte	.Ldebug_abbrev0
 309 000a 04       		.byte	0x4
 310 000b 01       		.uleb128 0x1
 311 000c B1000000 		.4byte	.LASF35
 312 0010 0C       		.byte	0xc
ARM GAS  C:\Users\AFDHAL~1\AppData\Local\Temp\cca7N1s1.s 			page 15


 313 0011 DB010000 		.4byte	.LASF36
 314 0015 34020000 		.4byte	.LASF37
 315 0019 18000000 		.4byte	.Ldebug_ranges0+0x18
 316 001d 00000000 		.4byte	0
 317 0021 00000000 		.4byte	.Ldebug_line0
 318 0025 02       		.uleb128 0x2
 319 0026 01       		.byte	0x1
 320 0027 06       		.byte	0x6
 321 0028 A1020000 		.4byte	.LASF0
 322 002c 02       		.uleb128 0x2
 323 002d 01       		.byte	0x1
 324 002e 08       		.byte	0x8
 325 002f 6E000000 		.4byte	.LASF1
 326 0033 02       		.uleb128 0x2
 327 0034 02       		.byte	0x2
 328 0035 05       		.byte	0x5
 329 0036 0B020000 		.4byte	.LASF2
 330 003a 02       		.uleb128 0x2
 331 003b 02       		.byte	0x2
 332 003c 07       		.byte	0x7
 333 003d 23000000 		.4byte	.LASF3
 334 0041 02       		.uleb128 0x2
 335 0042 04       		.byte	0x4
 336 0043 05       		.byte	0x5
 337 0044 2B020000 		.4byte	.LASF4
 338 0048 02       		.uleb128 0x2
 339 0049 04       		.byte	0x4
 340 004a 07       		.byte	0x7
 341 004b 7C000000 		.4byte	.LASF5
 342 004f 02       		.uleb128 0x2
 343 0050 08       		.byte	0x8
 344 0051 05       		.byte	0x5
 345 0052 C8010000 		.4byte	.LASF6
 346 0056 02       		.uleb128 0x2
 347 0057 08       		.byte	0x8
 348 0058 07       		.byte	0x7
 349 0059 86010000 		.4byte	.LASF7
 350 005d 03       		.uleb128 0x3
 351 005e 04       		.byte	0x4
 352 005f 05       		.byte	0x5
 353 0060 696E7400 		.ascii	"int\000"
 354 0064 02       		.uleb128 0x2
 355 0065 04       		.byte	0x4
 356 0066 07       		.byte	0x7
 357 0067 69010000 		.4byte	.LASF8
 358 006b 04       		.uleb128 0x4
 359 006c A0000000 		.4byte	.LASF9
 360 0070 02       		.byte	0x2
 361 0071 D201     		.2byte	0x1d2
 362 0073 2C000000 		.4byte	0x2c
 363 0077 04       		.uleb128 0x4
 364 0078 5B010000 		.4byte	.LASF10
 365 007c 02       		.byte	0x2
 366 007d D301     		.2byte	0x1d3
 367 007f 3A000000 		.4byte	0x3a
 368 0083 04       		.uleb128 0x4
 369 0084 62010000 		.4byte	.LASF11
ARM GAS  C:\Users\AFDHAL~1\AppData\Local\Temp\cca7N1s1.s 			page 16


 370 0088 02       		.byte	0x2
 371 0089 D401     		.2byte	0x1d4
 372 008b 48000000 		.4byte	0x48
 373 008f 02       		.uleb128 0x2
 374 0090 04       		.byte	0x4
 375 0091 04       		.byte	0x4
 376 0092 68000000 		.4byte	.LASF12
 377 0096 02       		.uleb128 0x2
 378 0097 08       		.byte	0x8
 379 0098 04       		.byte	0x4
 380 0099 3F010000 		.4byte	.LASF13
 381 009d 02       		.uleb128 0x2
 382 009e 01       		.byte	0x1
 383 009f 08       		.byte	0x8
 384 00a0 D6010000 		.4byte	.LASF14
 385 00a4 04       		.uleb128 0x4
 386 00a5 00000000 		.4byte	.LASF15
 387 00a9 02       		.byte	0x2
 388 00aa 7E02     		.2byte	0x27e
 389 00ac B0000000 		.4byte	0xb0
 390 00b0 05       		.uleb128 0x5
 391 00b1 83000000 		.4byte	0x83
 392 00b5 02       		.uleb128 0x2
 393 00b6 08       		.byte	0x8
 394 00b7 04       		.byte	0x4
 395 00b8 95020000 		.4byte	.LASF16
 396 00bc 02       		.uleb128 0x2
 397 00bd 04       		.byte	0x4
 398 00be 07       		.byte	0x7
 399 00bf BF010000 		.4byte	.LASF17
 400 00c3 06       		.uleb128 0x6
 401 00c4 15020000 		.4byte	.LASF18
 402 00c8 01       		.byte	0x1
 403 00c9 7D01     		.2byte	0x17d
 404 00cb 01       		.byte	0x1
 405 00cc 06       		.uleb128 0x6
 406 00cd 4B000000 		.4byte	.LASF19
 407 00d1 01       		.byte	0x1
 408 00d2 6401     		.2byte	0x164
 409 00d4 01       		.byte	0x1
 410 00d5 07       		.uleb128 0x7
 411 00d6 42000000 		.4byte	.LASF20
 412 00da 01       		.byte	0x1
 413 00db 7B       		.byte	0x7b
 414 00dc 01       		.byte	0x1
 415 00dd 07       		.uleb128 0x7
 416 00de A6000000 		.4byte	.LASF21
 417 00e2 01       		.byte	0x1
 418 00e3 AB       		.byte	0xab
 419 00e4 01       		.byte	0x1
 420 00e5 06       		.uleb128 0x6
 421 00e6 76010000 		.4byte	.LASF22
 422 00ea 01       		.byte	0x1
 423 00eb A201     		.2byte	0x1a2
 424 00ed 01       		.byte	0x1
 425 00ee 08       		.uleb128 0x8
 426 00ef D5000000 		.4byte	0xd5
ARM GAS  C:\Users\AFDHAL~1\AppData\Local\Temp\cca7N1s1.s 			page 17


 427 00f3 00000000 		.4byte	.LFB1
 428 00f7 08000000 		.4byte	.LFE1-.LFB1
 429 00fb 01       		.uleb128 0x1
 430 00fc 9C       		.byte	0x9c
 431 00fd 0B010000 		.4byte	0x10b
 432 0101 09       		.uleb128 0x9
 433 0102 06000000 		.4byte	.LVL0
 434 0106 53020000 		.4byte	0x253
 435 010a 00       		.byte	0
 436 010b 08       		.uleb128 0x8
 437 010c DD000000 		.4byte	0xdd
 438 0110 00000000 		.4byte	.LFB2
 439 0114 18000000 		.4byte	.LFE2-.LFB2
 440 0118 01       		.uleb128 0x1
 441 0119 9C       		.byte	0x9c
 442 011a 38010000 		.4byte	0x138
 443 011e 0A       		.uleb128 0xa
 444 011f C3000000 		.4byte	0xc3
 445 0123 0E000000 		.4byte	.LBB14
 446 0127 04000000 		.4byte	.LBE14-.LBB14
 447 012b 01       		.byte	0x1
 448 012c BE       		.byte	0xbe
 449 012d 09       		.uleb128 0x9
 450 012e 12000000 		.4byte	.LVL1
 451 0132 5E020000 		.4byte	0x25e
 452 0136 00       		.byte	0
 453 0137 00       		.byte	0
 454 0138 0B       		.uleb128 0xb
 455 0139 AD020000 		.4byte	.LASF23
 456 013d 01       		.byte	0x1
 457 013e D2       		.byte	0xd2
 458 013f 00000000 		.4byte	.LFB3
 459 0143 2C000000 		.4byte	.LFE3-.LFB3
 460 0147 01       		.uleb128 0x1
 461 0148 9C       		.byte	0x9c
 462 0149 94010000 		.4byte	0x194
 463 014d 0C       		.uleb128 0xc
 464 014e D5000000 		.4byte	0xd5
 465 0152 0A000000 		.4byte	.LBB16
 466 0156 04000000 		.4byte	.LBE16-.LBB16
 467 015a 01       		.byte	0x1
 468 015b D6       		.byte	0xd6
 469 015c 6A010000 		.4byte	0x16a
 470 0160 09       		.uleb128 0x9
 471 0161 0E000000 		.4byte	.LVL2
 472 0165 53020000 		.4byte	0x253
 473 0169 00       		.byte	0
 474 016a 0D       		.uleb128 0xd
 475 016b DD000000 		.4byte	0xdd
 476 016f 12000000 		.4byte	.LBB18
 477 0173 00000000 		.4byte	.Ldebug_ranges0+0
 478 0177 01       		.byte	0x1
 479 0178 DA       		.byte	0xda
 480 0179 0A       		.uleb128 0xa
 481 017a C3000000 		.4byte	0xc3
 482 017e 1E000000 		.4byte	.LBB20
 483 0182 04000000 		.4byte	.LBE20-.LBB20
ARM GAS  C:\Users\AFDHAL~1\AppData\Local\Temp\cca7N1s1.s 			page 18


 484 0186 01       		.byte	0x1
 485 0187 BE       		.byte	0xbe
 486 0188 09       		.uleb128 0x9
 487 0189 22000000 		.4byte	.LVL3
 488 018d 5E020000 		.4byte	0x25e
 489 0191 00       		.byte	0
 490 0192 00       		.byte	0
 491 0193 00       		.byte	0
 492 0194 0B       		.uleb128 0xb
 493 0195 52010000 		.4byte	.LASF24
 494 0199 01       		.byte	0x1
 495 019a EF       		.byte	0xef
 496 019b 00000000 		.4byte	.LFB4
 497 019f 20000000 		.4byte	.LFE4-.LFB4
 498 01a3 01       		.uleb128 0x1
 499 01a4 9C       		.byte	0x9c
 500 01a5 C3010000 		.4byte	0x1c3
 501 01a9 0A       		.uleb128 0xa
 502 01aa E5000000 		.4byte	0xe5
 503 01ae 02000000 		.4byte	.LBB24
 504 01b2 04000000 		.4byte	.LBE24-.LBB24
 505 01b6 01       		.byte	0x1
 506 01b7 F6       		.byte	0xf6
 507 01b8 09       		.uleb128 0x9
 508 01b9 06000000 		.4byte	.LVL4
 509 01bd 69020000 		.4byte	0x269
 510 01c1 00       		.byte	0
 511 01c2 00       		.byte	0
 512 01c3 0E       		.uleb128 0xe
 513 01c4 F8010000 		.4byte	.LASF25
 514 01c8 01       		.byte	0x1
 515 01c9 1701     		.2byte	0x117
 516 01cb 00000000 		.4byte	.LFB5
 517 01cf 14000000 		.4byte	.LFE5-.LFB5
 518 01d3 01       		.uleb128 0x1
 519 01d4 9C       		.byte	0x9c
 520 01d5 FA010000 		.4byte	0x1fa
 521 01d9 0F       		.uleb128 0xf
 522 01da 11000000 		.4byte	.LASF27
 523 01de 01       		.byte	0x1
 524 01df 1701     		.2byte	0x117
 525 01e1 83000000 		.4byte	0x83
 526 01e5 00000000 		.4byte	.LLST0
 527 01e9 10       		.uleb128 0x10
 528 01ea 5D000000 		.4byte	.LASF28
 529 01ee 01       		.byte	0x1
 530 01ef 1901     		.2byte	0x119
 531 01f1 83000000 		.4byte	0x83
 532 01f5 21000000 		.4byte	.LLST1
 533 01f9 00       		.byte	0
 534 01fa 0E       		.uleb128 0xe
 535 01fb 9D010000 		.4byte	.LASF26
 536 01ff 01       		.byte	0x1
 537 0200 3001     		.2byte	0x130
 538 0202 00000000 		.4byte	.LFB6
 539 0206 14000000 		.4byte	.LFE6-.LFB6
 540 020a 01       		.uleb128 0x1
ARM GAS  C:\Users\AFDHAL~1\AppData\Local\Temp\cca7N1s1.s 			page 19


 541 020b 9C       		.byte	0x9c
 542 020c 31020000 		.4byte	0x231
 543 0210 0F       		.uleb128 0xf
 544 0211 11000000 		.4byte	.LASF27
 545 0215 01       		.byte	0x1
 546 0216 3001     		.2byte	0x130
 547 0218 83000000 		.4byte	0x83
 548 021c 3F000000 		.4byte	.LLST2
 549 0220 10       		.uleb128 0x10
 550 0221 06000000 		.4byte	.LASF29
 551 0225 01       		.byte	0x1
 552 0226 3201     		.2byte	0x132
 553 0228 83000000 		.4byte	0x83
 554 022c 60000000 		.4byte	.LLST3
 555 0230 00       		.byte	0
 556 0231 11       		.uleb128 0x11
 557 0232 17000000 		.4byte	.LASF30
 558 0236 01       		.byte	0x1
 559 0237 51       		.byte	0x51
 560 0238 6B000000 		.4byte	0x6b
 561 023c 05       		.uleb128 0x5
 562 023d 03       		.byte	0x3
 563 023e 00000000 		.4byte	SPI_initVar
 564 0242 11       		.uleb128 0x11
 565 0243 B0010000 		.4byte	.LASF31
 566 0247 01       		.byte	0x1
 567 0248 5A       		.byte	0x5a
 568 0249 77000000 		.4byte	0x77
 569 024d 05       		.uleb128 0x5
 570 024e 03       		.byte	0x3
 571 024f 00000000 		.4byte	SPI_IntrTxMask
 572 0253 12       		.uleb128 0x12
 573 0254 36000000 		.4byte	.LASF32
 574 0258 36000000 		.4byte	.LASF32
 575 025c 03       		.byte	0x3
 576 025d 44       		.byte	0x44
 577 025e 12       		.uleb128 0x12
 578 025f 8E000000 		.4byte	.LASF33
 579 0263 8E000000 		.4byte	.LASF33
 580 0267 03       		.byte	0x3
 581 0268 40       		.byte	0x40
 582 0269 12       		.uleb128 0x12
 583 026a 46010000 		.4byte	.LASF34
 584 026e 46010000 		.4byte	.LASF34
 585 0272 03       		.byte	0x3
 586 0273 41       		.byte	0x41
 587 0274 00       		.byte	0
 588              		.section	.debug_abbrev,"",%progbits
 589              	.Ldebug_abbrev0:
 590 0000 01       		.uleb128 0x1
 591 0001 11       		.uleb128 0x11
 592 0002 01       		.byte	0x1
 593 0003 25       		.uleb128 0x25
 594 0004 0E       		.uleb128 0xe
 595 0005 13       		.uleb128 0x13
 596 0006 0B       		.uleb128 0xb
 597 0007 03       		.uleb128 0x3
ARM GAS  C:\Users\AFDHAL~1\AppData\Local\Temp\cca7N1s1.s 			page 20


 598 0008 0E       		.uleb128 0xe
 599 0009 1B       		.uleb128 0x1b
 600 000a 0E       		.uleb128 0xe
 601 000b 55       		.uleb128 0x55
 602 000c 17       		.uleb128 0x17
 603 000d 11       		.uleb128 0x11
 604 000e 01       		.uleb128 0x1
 605 000f 10       		.uleb128 0x10
 606 0010 17       		.uleb128 0x17
 607 0011 00       		.byte	0
 608 0012 00       		.byte	0
 609 0013 02       		.uleb128 0x2
 610 0014 24       		.uleb128 0x24
 611 0015 00       		.byte	0
 612 0016 0B       		.uleb128 0xb
 613 0017 0B       		.uleb128 0xb
 614 0018 3E       		.uleb128 0x3e
 615 0019 0B       		.uleb128 0xb
 616 001a 03       		.uleb128 0x3
 617 001b 0E       		.uleb128 0xe
 618 001c 00       		.byte	0
 619 001d 00       		.byte	0
 620 001e 03       		.uleb128 0x3
 621 001f 24       		.uleb128 0x24
 622 0020 00       		.byte	0
 623 0021 0B       		.uleb128 0xb
 624 0022 0B       		.uleb128 0xb
 625 0023 3E       		.uleb128 0x3e
 626 0024 0B       		.uleb128 0xb
 627 0025 03       		.uleb128 0x3
 628 0026 08       		.uleb128 0x8
 629 0027 00       		.byte	0
 630 0028 00       		.byte	0
 631 0029 04       		.uleb128 0x4
 632 002a 16       		.uleb128 0x16
 633 002b 00       		.byte	0
 634 002c 03       		.uleb128 0x3
 635 002d 0E       		.uleb128 0xe
 636 002e 3A       		.uleb128 0x3a
 637 002f 0B       		.uleb128 0xb
 638 0030 3B       		.uleb128 0x3b
 639 0031 05       		.uleb128 0x5
 640 0032 49       		.uleb128 0x49
 641 0033 13       		.uleb128 0x13
 642 0034 00       		.byte	0
 643 0035 00       		.byte	0
 644 0036 05       		.uleb128 0x5
 645 0037 35       		.uleb128 0x35
 646 0038 00       		.byte	0
 647 0039 49       		.uleb128 0x49
 648 003a 13       		.uleb128 0x13
 649 003b 00       		.byte	0
 650 003c 00       		.byte	0
 651 003d 06       		.uleb128 0x6
 652 003e 2E       		.uleb128 0x2e
 653 003f 00       		.byte	0
 654 0040 03       		.uleb128 0x3
ARM GAS  C:\Users\AFDHAL~1\AppData\Local\Temp\cca7N1s1.s 			page 21


 655 0041 0E       		.uleb128 0xe
 656 0042 3A       		.uleb128 0x3a
 657 0043 0B       		.uleb128 0xb
 658 0044 3B       		.uleb128 0x3b
 659 0045 05       		.uleb128 0x5
 660 0046 27       		.uleb128 0x27
 661 0047 19       		.uleb128 0x19
 662 0048 20       		.uleb128 0x20
 663 0049 0B       		.uleb128 0xb
 664 004a 00       		.byte	0
 665 004b 00       		.byte	0
 666 004c 07       		.uleb128 0x7
 667 004d 2E       		.uleb128 0x2e
 668 004e 00       		.byte	0
 669 004f 3F       		.uleb128 0x3f
 670 0050 19       		.uleb128 0x19
 671 0051 03       		.uleb128 0x3
 672 0052 0E       		.uleb128 0xe
 673 0053 3A       		.uleb128 0x3a
 674 0054 0B       		.uleb128 0xb
 675 0055 3B       		.uleb128 0x3b
 676 0056 0B       		.uleb128 0xb
 677 0057 27       		.uleb128 0x27
 678 0058 19       		.uleb128 0x19
 679 0059 20       		.uleb128 0x20
 680 005a 0B       		.uleb128 0xb
 681 005b 00       		.byte	0
 682 005c 00       		.byte	0
 683 005d 08       		.uleb128 0x8
 684 005e 2E       		.uleb128 0x2e
 685 005f 01       		.byte	0x1
 686 0060 31       		.uleb128 0x31
 687 0061 13       		.uleb128 0x13
 688 0062 11       		.uleb128 0x11
 689 0063 01       		.uleb128 0x1
 690 0064 12       		.uleb128 0x12
 691 0065 06       		.uleb128 0x6
 692 0066 40       		.uleb128 0x40
 693 0067 18       		.uleb128 0x18
 694 0068 9742     		.uleb128 0x2117
 695 006a 19       		.uleb128 0x19
 696 006b 01       		.uleb128 0x1
 697 006c 13       		.uleb128 0x13
 698 006d 00       		.byte	0
 699 006e 00       		.byte	0
 700 006f 09       		.uleb128 0x9
 701 0070 898201   		.uleb128 0x4109
 702 0073 00       		.byte	0
 703 0074 11       		.uleb128 0x11
 704 0075 01       		.uleb128 0x1
 705 0076 31       		.uleb128 0x31
 706 0077 13       		.uleb128 0x13
 707 0078 00       		.byte	0
 708 0079 00       		.byte	0
 709 007a 0A       		.uleb128 0xa
 710 007b 1D       		.uleb128 0x1d
 711 007c 01       		.byte	0x1
ARM GAS  C:\Users\AFDHAL~1\AppData\Local\Temp\cca7N1s1.s 			page 22


 712 007d 31       		.uleb128 0x31
 713 007e 13       		.uleb128 0x13
 714 007f 11       		.uleb128 0x11
 715 0080 01       		.uleb128 0x1
 716 0081 12       		.uleb128 0x12
 717 0082 06       		.uleb128 0x6
 718 0083 58       		.uleb128 0x58
 719 0084 0B       		.uleb128 0xb
 720 0085 59       		.uleb128 0x59
 721 0086 0B       		.uleb128 0xb
 722 0087 00       		.byte	0
 723 0088 00       		.byte	0
 724 0089 0B       		.uleb128 0xb
 725 008a 2E       		.uleb128 0x2e
 726 008b 01       		.byte	0x1
 727 008c 3F       		.uleb128 0x3f
 728 008d 19       		.uleb128 0x19
 729 008e 03       		.uleb128 0x3
 730 008f 0E       		.uleb128 0xe
 731 0090 3A       		.uleb128 0x3a
 732 0091 0B       		.uleb128 0xb
 733 0092 3B       		.uleb128 0x3b
 734 0093 0B       		.uleb128 0xb
 735 0094 27       		.uleb128 0x27
 736 0095 19       		.uleb128 0x19
 737 0096 11       		.uleb128 0x11
 738 0097 01       		.uleb128 0x1
 739 0098 12       		.uleb128 0x12
 740 0099 06       		.uleb128 0x6
 741 009a 40       		.uleb128 0x40
 742 009b 18       		.uleb128 0x18
 743 009c 9742     		.uleb128 0x2117
 744 009e 19       		.uleb128 0x19
 745 009f 01       		.uleb128 0x1
 746 00a0 13       		.uleb128 0x13
 747 00a1 00       		.byte	0
 748 00a2 00       		.byte	0
 749 00a3 0C       		.uleb128 0xc
 750 00a4 1D       		.uleb128 0x1d
 751 00a5 01       		.byte	0x1
 752 00a6 31       		.uleb128 0x31
 753 00a7 13       		.uleb128 0x13
 754 00a8 11       		.uleb128 0x11
 755 00a9 01       		.uleb128 0x1
 756 00aa 12       		.uleb128 0x12
 757 00ab 06       		.uleb128 0x6
 758 00ac 58       		.uleb128 0x58
 759 00ad 0B       		.uleb128 0xb
 760 00ae 59       		.uleb128 0x59
 761 00af 0B       		.uleb128 0xb
 762 00b0 01       		.uleb128 0x1
 763 00b1 13       		.uleb128 0x13
 764 00b2 00       		.byte	0
 765 00b3 00       		.byte	0
 766 00b4 0D       		.uleb128 0xd
 767 00b5 1D       		.uleb128 0x1d
 768 00b6 01       		.byte	0x1
ARM GAS  C:\Users\AFDHAL~1\AppData\Local\Temp\cca7N1s1.s 			page 23


 769 00b7 31       		.uleb128 0x31
 770 00b8 13       		.uleb128 0x13
 771 00b9 52       		.uleb128 0x52
 772 00ba 01       		.uleb128 0x1
 773 00bb 55       		.uleb128 0x55
 774 00bc 17       		.uleb128 0x17
 775 00bd 58       		.uleb128 0x58
 776 00be 0B       		.uleb128 0xb
 777 00bf 59       		.uleb128 0x59
 778 00c0 0B       		.uleb128 0xb
 779 00c1 00       		.byte	0
 780 00c2 00       		.byte	0
 781 00c3 0E       		.uleb128 0xe
 782 00c4 2E       		.uleb128 0x2e
 783 00c5 01       		.byte	0x1
 784 00c6 3F       		.uleb128 0x3f
 785 00c7 19       		.uleb128 0x19
 786 00c8 03       		.uleb128 0x3
 787 00c9 0E       		.uleb128 0xe
 788 00ca 3A       		.uleb128 0x3a
 789 00cb 0B       		.uleb128 0xb
 790 00cc 3B       		.uleb128 0x3b
 791 00cd 05       		.uleb128 0x5
 792 00ce 27       		.uleb128 0x27
 793 00cf 19       		.uleb128 0x19
 794 00d0 11       		.uleb128 0x11
 795 00d1 01       		.uleb128 0x1
 796 00d2 12       		.uleb128 0x12
 797 00d3 06       		.uleb128 0x6
 798 00d4 40       		.uleb128 0x40
 799 00d5 18       		.uleb128 0x18
 800 00d6 9742     		.uleb128 0x2117
 801 00d8 19       		.uleb128 0x19
 802 00d9 01       		.uleb128 0x1
 803 00da 13       		.uleb128 0x13
 804 00db 00       		.byte	0
 805 00dc 00       		.byte	0
 806 00dd 0F       		.uleb128 0xf
 807 00de 05       		.uleb128 0x5
 808 00df 00       		.byte	0
 809 00e0 03       		.uleb128 0x3
 810 00e1 0E       		.uleb128 0xe
 811 00e2 3A       		.uleb128 0x3a
 812 00e3 0B       		.uleb128 0xb
 813 00e4 3B       		.uleb128 0x3b
 814 00e5 05       		.uleb128 0x5
 815 00e6 49       		.uleb128 0x49
 816 00e7 13       		.uleb128 0x13
 817 00e8 02       		.uleb128 0x2
 818 00e9 17       		.uleb128 0x17
 819 00ea 00       		.byte	0
 820 00eb 00       		.byte	0
 821 00ec 10       		.uleb128 0x10
 822 00ed 34       		.uleb128 0x34
 823 00ee 00       		.byte	0
 824 00ef 03       		.uleb128 0x3
 825 00f0 0E       		.uleb128 0xe
ARM GAS  C:\Users\AFDHAL~1\AppData\Local\Temp\cca7N1s1.s 			page 24


 826 00f1 3A       		.uleb128 0x3a
 827 00f2 0B       		.uleb128 0xb
 828 00f3 3B       		.uleb128 0x3b
 829 00f4 05       		.uleb128 0x5
 830 00f5 49       		.uleb128 0x49
 831 00f6 13       		.uleb128 0x13
 832 00f7 02       		.uleb128 0x2
 833 00f8 17       		.uleb128 0x17
 834 00f9 00       		.byte	0
 835 00fa 00       		.byte	0
 836 00fb 11       		.uleb128 0x11
 837 00fc 34       		.uleb128 0x34
 838 00fd 00       		.byte	0
 839 00fe 03       		.uleb128 0x3
 840 00ff 0E       		.uleb128 0xe
 841 0100 3A       		.uleb128 0x3a
 842 0101 0B       		.uleb128 0xb
 843 0102 3B       		.uleb128 0x3b
 844 0103 0B       		.uleb128 0xb
 845 0104 49       		.uleb128 0x49
 846 0105 13       		.uleb128 0x13
 847 0106 3F       		.uleb128 0x3f
 848 0107 19       		.uleb128 0x19
 849 0108 02       		.uleb128 0x2
 850 0109 18       		.uleb128 0x18
 851 010a 00       		.byte	0
 852 010b 00       		.byte	0
 853 010c 12       		.uleb128 0x12
 854 010d 2E       		.uleb128 0x2e
 855 010e 00       		.byte	0
 856 010f 3F       		.uleb128 0x3f
 857 0110 19       		.uleb128 0x19
 858 0111 3C       		.uleb128 0x3c
 859 0112 19       		.uleb128 0x19
 860 0113 6E       		.uleb128 0x6e
 861 0114 0E       		.uleb128 0xe
 862 0115 03       		.uleb128 0x3
 863 0116 0E       		.uleb128 0xe
 864 0117 3A       		.uleb128 0x3a
 865 0118 0B       		.uleb128 0xb
 866 0119 3B       		.uleb128 0x3b
 867 011a 0B       		.uleb128 0xb
 868 011b 00       		.byte	0
 869 011c 00       		.byte	0
 870 011d 00       		.byte	0
 871              		.section	.debug_loc,"",%progbits
 872              	.Ldebug_loc0:
 873              	.LLST0:
 874 0000 00000000 		.4byte	.LVL5
 875 0004 06000000 		.4byte	.LVL6
 876 0008 0100     		.2byte	0x1
 877 000a 50       		.byte	0x50
 878 000b 06000000 		.4byte	.LVL6
 879 000f 14000000 		.4byte	.LFE5
 880 0013 0400     		.2byte	0x4
 881 0015 F3       		.byte	0xf3
 882 0016 01       		.uleb128 0x1
ARM GAS  C:\Users\AFDHAL~1\AppData\Local\Temp\cca7N1s1.s 			page 25


 883 0017 50       		.byte	0x50
 884 0018 9F       		.byte	0x9f
 885 0019 00000000 		.4byte	0
 886 001d 00000000 		.4byte	0
 887              	.LLST1:
 888 0021 08000000 		.4byte	.LVL7
 889 0025 0C000000 		.4byte	.LVL9
 890 0029 0100     		.2byte	0x1
 891 002b 53       		.byte	0x53
 892 002c 0C000000 		.4byte	.LVL9
 893 0030 14000000 		.4byte	.LFE5
 894 0034 0100     		.2byte	0x1
 895 0036 50       		.byte	0x50
 896 0037 00000000 		.4byte	0
 897 003b 00000000 		.4byte	0
 898              	.LLST2:
 899 003f 00000000 		.4byte	.LVL10
 900 0043 06000000 		.4byte	.LVL11
 901 0047 0100     		.2byte	0x1
 902 0049 50       		.byte	0x50
 903 004a 06000000 		.4byte	.LVL11
 904 004e 14000000 		.4byte	.LFE6
 905 0052 0400     		.2byte	0x4
 906 0054 F3       		.byte	0xf3
 907 0055 01       		.uleb128 0x1
 908 0056 50       		.byte	0x50
 909 0057 9F       		.byte	0x9f
 910 0058 00000000 		.4byte	0
 911 005c 00000000 		.4byte	0
 912              	.LLST3:
 913 0060 08000000 		.4byte	.LVL12
 914 0064 0C000000 		.4byte	.LVL14
 915 0068 0100     		.2byte	0x1
 916 006a 53       		.byte	0x53
 917 006b 0C000000 		.4byte	.LVL14
 918 006f 14000000 		.4byte	.LFE6
 919 0073 0100     		.2byte	0x1
 920 0075 50       		.byte	0x50
 921 0076 00000000 		.4byte	0
 922 007a 00000000 		.4byte	0
 923              		.section	.debug_aranges,"",%progbits
 924 0000 44000000 		.4byte	0x44
 925 0004 0200     		.2byte	0x2
 926 0006 00000000 		.4byte	.Ldebug_info0
 927 000a 04       		.byte	0x4
 928 000b 00       		.byte	0
 929 000c 0000     		.2byte	0
 930 000e 0000     		.2byte	0
 931 0010 00000000 		.4byte	.LFB1
 932 0014 08000000 		.4byte	.LFE1-.LFB1
 933 0018 00000000 		.4byte	.LFB2
 934 001c 18000000 		.4byte	.LFE2-.LFB2
 935 0020 00000000 		.4byte	.LFB3
 936 0024 2C000000 		.4byte	.LFE3-.LFB3
 937 0028 00000000 		.4byte	.LFB4
 938 002c 20000000 		.4byte	.LFE4-.LFB4
 939 0030 00000000 		.4byte	.LFB5
ARM GAS  C:\Users\AFDHAL~1\AppData\Local\Temp\cca7N1s1.s 			page 26


 940 0034 14000000 		.4byte	.LFE5-.LFB5
 941 0038 00000000 		.4byte	.LFB6
 942 003c 14000000 		.4byte	.LFE6-.LFB6
 943 0040 00000000 		.4byte	0
 944 0044 00000000 		.4byte	0
 945              		.section	.debug_ranges,"",%progbits
 946              	.Ldebug_ranges0:
 947 0000 12000000 		.4byte	.LBB18
 948 0004 1A000000 		.4byte	.LBE18
 949 0008 1A000000 		.4byte	.LBB23
 950 000c 22000000 		.4byte	.LBE23
 951 0010 00000000 		.4byte	0
 952 0014 00000000 		.4byte	0
 953 0018 00000000 		.4byte	.LFB1
 954 001c 08000000 		.4byte	.LFE1
 955 0020 00000000 		.4byte	.LFB2
 956 0024 18000000 		.4byte	.LFE2
 957 0028 00000000 		.4byte	.LFB3
 958 002c 2C000000 		.4byte	.LFE3
 959 0030 00000000 		.4byte	.LFB4
 960 0034 20000000 		.4byte	.LFE4
 961 0038 00000000 		.4byte	.LFB5
 962 003c 14000000 		.4byte	.LFE5
 963 0040 00000000 		.4byte	.LFB6
 964 0044 14000000 		.4byte	.LFE6
 965 0048 00000000 		.4byte	0
 966 004c 00000000 		.4byte	0
 967              		.section	.debug_line,"",%progbits
 968              	.Ldebug_line0:
 969 0000 11010000 		.section	.debug_str,"MS",%progbits,1
 969      02005600 
 969      00000201 
 969      FB0E0D00 
 969      01010101 
 970              	.LASF15:
 971 0000 72656733 		.ascii	"reg32\000"
 971      3200
 972              	.LASF29:
 973 0006 74784669 		.ascii	"txFifoCtrl\000"
 973      666F4374 
 973      726C00
 974              	.LASF27:
 975 0011 6C657665 		.ascii	"level\000"
 975      6C00
 976              	.LASF30:
 977 0017 5350495F 		.ascii	"SPI_initVar\000"
 977      696E6974 
 977      56617200 
 978              	.LASF3:
 979 0023 73686F72 		.ascii	"short unsigned int\000"
 979      7420756E 
 979      7369676E 
 979      65642069 
 979      6E7400
 980              	.LASF32:
 981 0036 5350495F 		.ascii	"SPI_SpiInit\000"
 981      53706949 
ARM GAS  C:\Users\AFDHAL~1\AppData\Local\Temp\cca7N1s1.s 			page 27


 981      6E697400 
 982              	.LASF20:
 983 0042 5350495F 		.ascii	"SPI_Init\000"
 983      496E6974 
 983      00
 984              	.LASF19:
 985 004b 5350495F 		.ascii	"SPI_ScbEnableIntr\000"
 985      53636245 
 985      6E61626C 
 985      65496E74 
 985      7200
 986              	.LASF28:
 987 005d 72784669 		.ascii	"rxFifoCtrl\000"
 987      666F4374 
 987      726C00
 988              	.LASF12:
 989 0068 666C6F61 		.ascii	"float\000"
 989      7400
 990              	.LASF1:
 991 006e 756E7369 		.ascii	"unsigned char\000"
 991      676E6564 
 991      20636861 
 991      7200
 992              	.LASF5:
 993 007c 6C6F6E67 		.ascii	"long unsigned int\000"
 993      20756E73 
 993      69676E65 
 993      6420696E 
 993      7400
 994              	.LASF33:
 995 008e 5350495F 		.ascii	"SPI_SpiPostEnable\000"
 995      53706950 
 995      6F737445 
 995      6E61626C 
 995      6500
 996              	.LASF9:
 997 00a0 75696E74 		.ascii	"uint8\000"
 997      3800
 998              	.LASF21:
 999 00a6 5350495F 		.ascii	"SPI_Enable\000"
 999      456E6162 
 999      6C6500
 1000              	.LASF35:
 1001 00b1 474E5520 		.ascii	"GNU C11 5.4.1 20160609 (release) [ARM/embedded-5-br"
 1001      43313120 
 1001      352E342E 
 1001      31203230 
 1001      31363036 
 1002 00e4 616E6368 		.ascii	"anch revision 237715] -mcpu=cortex-m0 -mthumb -g -O"
 1002      20726576 
 1002      6973696F 
 1002      6E203233 
 1002      37373135 
 1003 0117 33202D66 		.ascii	"3 -ffunction-sections -ffat-lto-objects\000"
 1003      66756E63 
 1003      74696F6E 
 1003      2D736563 
ARM GAS  C:\Users\AFDHAL~1\AppData\Local\Temp\cca7N1s1.s 			page 28


 1003      74696F6E 
 1004              	.LASF13:
 1005 013f 646F7562 		.ascii	"double\000"
 1005      6C6500
 1006              	.LASF34:
 1007 0146 5350495F 		.ascii	"SPI_SpiStop\000"
 1007      53706953 
 1007      746F7000 
 1008              	.LASF24:
 1009 0152 5350495F 		.ascii	"SPI_Stop\000"
 1009      53746F70 
 1009      00
 1010              	.LASF10:
 1011 015b 75696E74 		.ascii	"uint16\000"
 1011      313600
 1012              	.LASF11:
 1013 0162 75696E74 		.ascii	"uint32\000"
 1013      333200
 1014              	.LASF8:
 1015 0169 756E7369 		.ascii	"unsigned int\000"
 1015      676E6564 
 1015      20696E74 
 1015      00
 1016              	.LASF22:
 1017 0176 5350495F 		.ascii	"SPI_ScbModeStop\000"
 1017      5363624D 
 1017      6F646553 
 1017      746F7000 
 1018              	.LASF7:
 1019 0186 6C6F6E67 		.ascii	"long long unsigned int\000"
 1019      206C6F6E 
 1019      6720756E 
 1019      7369676E 
 1019      65642069 
 1020              	.LASF26:
 1021 019d 5350495F 		.ascii	"SPI_SetTxFifoLevel\000"
 1021      53657454 
 1021      78466966 
 1021      6F4C6576 
 1021      656C00
 1022              	.LASF31:
 1023 01b0 5350495F 		.ascii	"SPI_IntrTxMask\000"
 1023      496E7472 
 1023      54784D61 
 1023      736B00
 1024              	.LASF17:
 1025 01bf 73697A65 		.ascii	"sizetype\000"
 1025      74797065 
 1025      00
 1026              	.LASF6:
 1027 01c8 6C6F6E67 		.ascii	"long long int\000"
 1027      206C6F6E 
 1027      6720696E 
 1027      7400
 1028              	.LASF14:
 1029 01d6 63686172 		.ascii	"char\000"
 1029      00
ARM GAS  C:\Users\AFDHAL~1\AppData\Local\Temp\cca7N1s1.s 			page 29


 1030              	.LASF36:
 1031 01db 47656E65 		.ascii	"Generated_Source\\PSoC4\\SPI.c\000"
 1031      72617465 
 1031      645F536F 
 1031      75726365 
 1031      5C50536F 
 1032              	.LASF25:
 1033 01f8 5350495F 		.ascii	"SPI_SetRxFifoLevel\000"
 1033      53657452 
 1033      78466966 
 1033      6F4C6576 
 1033      656C00
 1034              	.LASF2:
 1035 020b 73686F72 		.ascii	"short int\000"
 1035      7420696E 
 1035      7400
 1036              	.LASF18:
 1037 0215 5350495F 		.ascii	"SPI_ScbModePostEnable\000"
 1037      5363624D 
 1037      6F646550 
 1037      6F737445 
 1037      6E61626C 
 1038              	.LASF4:
 1039 022b 6C6F6E67 		.ascii	"long int\000"
 1039      20696E74 
 1039      00
 1040              	.LASF37:
 1041 0234 433A5C55 		.ascii	"C:\\Users\\AfdhalAtiffTan\\Documents\\PSoC Creator\\"
 1041      73657273 
 1041      5C416664 
 1041      68616C41 
 1041      74696666 
 1042 0263 736D6172 		.ascii	"smart_winch_prototype\\Workspace01\\Prototype.cydsn"
 1042      745F7769 
 1042      6E63685F 
 1042      70726F74 
 1042      6F747970 
 1043 0294 00       		.ascii	"\000"
 1044              	.LASF16:
 1045 0295 6C6F6E67 		.ascii	"long double\000"
 1045      20646F75 
 1045      626C6500 
 1046              	.LASF0:
 1047 02a1 7369676E 		.ascii	"signed char\000"
 1047      65642063 
 1047      68617200 
 1048              	.LASF23:
 1049 02ad 5350495F 		.ascii	"SPI_Start\000"
 1049      53746172 
 1049      7400
 1050              		.ident	"GCC: (GNU Tools for ARM Embedded Processors) 5.4.1 20160609 (release) [ARM/embedded-5-bran
