<?xml version="1.0"?>
<link_info>
   <banner>TMS320C2000 Linker PC v16.9.6.LTS</banner>
   <copyright>Copyright (c) 1996-2017 Texas Instruments Incorporated</copyright>
   <link_time>0x5a794be9</link_time>
   <link_errors>0x0</link_errors>
   <output_file>SmartWinch.out</output_file>
   <entry_point>
      <name>code_start</name>
      <address>0x80000</address>
   </entry_point>
   <input_file_list>
      <input_file id="fl-2">
         <path>.\</path>
         <kind>object</kind>
         <file>main.obj</file>
         <name>main.obj</name>
      </input_file>
      <input_file id="fl-3">
         <path>.\device\</path>
         <kind>object</kind>
         <file>F2837xS_CodeStartBranch.obj</file>
         <name>F2837xS_CodeStartBranch.obj</name>
      </input_file>
      <input_file id="fl-4">
         <path>.\device\</path>
         <kind>object</kind>
         <file>device.obj</file>
         <name>device.obj</name>
      </input_file>
      <input_file id="fl-9">
         <kind>object</kind>
         <file>&lt;internal&gt;</file>
         <name>&lt;internal&gt;</name>
      </input_file>
      <input_file id="fl-a">
         <path>..\</path>
         <kind>archive</kind>
         <file>driverlib.lib</file>
         <name>flash.obj</name>
      </input_file>
      <input_file id="fl-b">
         <path>..\</path>
         <kind>archive</kind>
         <file>driverlib.lib</file>
         <name>gpio.obj</name>
      </input_file>
      <input_file id="fl-c">
         <path>..\</path>
         <kind>archive</kind>
         <file>driverlib.lib</file>
         <name>interrupt.obj</name>
      </input_file>
      <input_file id="fl-d">
         <path>..\</path>
         <kind>archive</kind>
         <file>driverlib.lib</file>
         <name>sci.obj</name>
      </input_file>
      <input_file id="fl-e">
         <path>..\</path>
         <kind>archive</kind>
         <file>driverlib.lib</file>
         <name>sysctl.obj</name>
      </input_file>
      <input_file id="fl-1c">
         <path>C:\ti\ccsv7\tools\compiler\ti-cgt-c2000_16.9.6.LTS\lib\</path>
         <kind>archive</kind>
         <file>rts2800_fpu32.lib</file>
         <name>boot28.obj</name>
      </input_file>
      <input_file id="fl-1d">
         <path>C:\ti\ccsv7\tools\compiler\ti-cgt-c2000_16.9.6.LTS\lib\</path>
         <kind>archive</kind>
         <file>rts2800_fpu32.lib</file>
         <name>cpy_tbl.obj</name>
      </input_file>
      <input_file id="fl-1e">
         <path>C:\ti\ccsv7\tools\compiler\ti-cgt-c2000_16.9.6.LTS\lib\</path>
         <kind>archive</kind>
         <file>rts2800_fpu32.lib</file>
         <name>exit.obj</name>
      </input_file>
      <input_file id="fl-1f">
         <path>C:\ti\ccsv7\tools\compiler\ti-cgt-c2000_16.9.6.LTS\lib\</path>
         <kind>archive</kind>
         <file>rts2800_fpu32.lib</file>
         <name>fs_div28.obj</name>
      </input_file>
      <input_file id="fl-20">
         <path>C:\ti\ccsv7\tools\compiler\ti-cgt-c2000_16.9.6.LTS\lib\</path>
         <kind>archive</kind>
         <file>rts2800_fpu32.lib</file>
         <name>memcpy.obj</name>
      </input_file>
      <input_file id="fl-21">
         <path>C:\ti\ccsv7\tools\compiler\ti-cgt-c2000_16.9.6.LTS\lib\</path>
         <kind>archive</kind>
         <file>rts2800_fpu32.lib</file>
         <name>pre_init.obj</name>
      </input_file>
      <input_file id="fl-22">
         <path>C:\ti\ccsv7\tools\compiler\ti-cgt-c2000_16.9.6.LTS\lib\</path>
         <kind>archive</kind>
         <file>rts2800_fpu32.lib</file>
         <name>sprintf.obj</name>
      </input_file>
      <input_file id="fl-23">
         <path>C:\ti\ccsv7\tools\compiler\ti-cgt-c2000_16.9.6.LTS\lib\</path>
         <kind>archive</kind>
         <file>rts2800_fpu32.lib</file>
         <name>startup.obj</name>
      </input_file>
      <input_file id="fl-24">
         <path>C:\ti\ccsv7\tools\compiler\ti-cgt-c2000_16.9.6.LTS\lib\</path>
         <kind>archive</kind>
         <file>rts2800_fpu32.lib</file>
         <name>_lock.obj</name>
      </input_file>
      <input_file id="fl-25">
         <path>C:\ti\ccsv7\tools\compiler\ti-cgt-c2000_16.9.6.LTS\lib\</path>
         <kind>archive</kind>
         <file>rts2800_fpu32.lib</file>
         <name>_printfi.obj</name>
      </input_file>
      <input_file id="fl-26">
         <path>C:\ti\ccsv7\tools\compiler\ti-cgt-c2000_16.9.6.LTS\lib\</path>
         <kind>archive</kind>
         <file>rts2800_fpu32.lib</file>
         <name>args_main.obj</name>
      </input_file>
      <input_file id="fl-27">
         <path>C:\ti\ccsv7\tools\compiler\ti-cgt-c2000_16.9.6.LTS\lib\</path>
         <kind>archive</kind>
         <file>rts2800_fpu32.lib</file>
         <name>atoi.obj</name>
      </input_file>
      <input_file id="fl-28">
         <path>C:\ti\ccsv7\tools\compiler\ti-cgt-c2000_16.9.6.LTS\lib\</path>
         <kind>archive</kind>
         <file>rts2800_fpu32.lib</file>
         <name>ctype.obj</name>
      </input_file>
      <input_file id="fl-29">
         <path>C:\ti\ccsv7\tools\compiler\ti-cgt-c2000_16.9.6.LTS\lib\</path>
         <kind>archive</kind>
         <file>rts2800_fpu32.lib</file>
         <name>fd_cmp28.obj</name>
      </input_file>
      <input_file id="fl-2a">
         <path>C:\ti\ccsv7\tools\compiler\ti-cgt-c2000_16.9.6.LTS\lib\</path>
         <kind>archive</kind>
         <file>rts2800_fpu32.lib</file>
         <name>fd_div28.obj</name>
      </input_file>
      <input_file id="fl-2b">
         <path>C:\ti\ccsv7\tools\compiler\ti-cgt-c2000_16.9.6.LTS\lib\</path>
         <kind>archive</kind>
         <file>rts2800_fpu32.lib</file>
         <name>fd_mpy28.obj</name>
      </input_file>
      <input_file id="fl-2c">
         <path>C:\ti\ccsv7\tools\compiler\ti-cgt-c2000_16.9.6.LTS\lib\</path>
         <kind>archive</kind>
         <file>rts2800_fpu32.lib</file>
         <name>fd_neg28.obj</name>
      </input_file>
      <input_file id="fl-2d">
         <path>C:\ti\ccsv7\tools\compiler\ti-cgt-c2000_16.9.6.LTS\lib\</path>
         <kind>archive</kind>
         <file>rts2800_fpu32.lib</file>
         <name>fd_sub28.obj</name>
      </input_file>
      <input_file id="fl-2e">
         <path>C:\ti\ccsv7\tools\compiler\ti-cgt-c2000_16.9.6.LTS\lib\</path>
         <kind>archive</kind>
         <file>rts2800_fpu32.lib</file>
         <name>fd_toi28.obj</name>
      </input_file>
      <input_file id="fl-2f">
         <path>C:\ti\ccsv7\tools\compiler\ti-cgt-c2000_16.9.6.LTS\lib\</path>
         <kind>archive</kind>
         <file>rts2800_fpu32.lib</file>
         <name>fd_tol28.obj</name>
      </input_file>
      <input_file id="fl-30">
         <path>C:\ti\ccsv7\tools\compiler\ti-cgt-c2000_16.9.6.LTS\lib\</path>
         <kind>archive</kind>
         <file>rts2800_fpu32.lib</file>
         <name>fs_tofdfpu32.obj</name>
      </input_file>
      <input_file id="fl-31">
         <path>C:\ti\ccsv7\tools\compiler\ti-cgt-c2000_16.9.6.LTS\lib\</path>
         <kind>archive</kind>
         <file>rts2800_fpu32.lib</file>
         <name>i_tofd28.obj</name>
      </input_file>
      <input_file id="fl-32">
         <path>C:\ti\ccsv7\tools\compiler\ti-cgt-c2000_16.9.6.LTS\lib\</path>
         <kind>archive</kind>
         <file>rts2800_fpu32.lib</file>
         <name>l_tofd28.obj</name>
      </input_file>
      <input_file id="fl-33">
         <path>C:\ti\ccsv7\tools\compiler\ti-cgt-c2000_16.9.6.LTS\lib\</path>
         <kind>archive</kind>
         <file>rts2800_fpu32.lib</file>
         <name>ll_aox28.obj</name>
      </input_file>
      <input_file id="fl-34">
         <path>C:\ti\ccsv7\tools\compiler\ti-cgt-c2000_16.9.6.LTS\lib\</path>
         <kind>archive</kind>
         <file>rts2800_fpu32.lib</file>
         <name>ll_cmp28.obj</name>
      </input_file>
      <input_file id="fl-35">
         <path>C:\ti\ccsv7\tools\compiler\ti-cgt-c2000_16.9.6.LTS\lib\</path>
         <kind>archive</kind>
         <file>rts2800_fpu32.lib</file>
         <name>ll_div28.obj</name>
      </input_file>
      <input_file id="fl-36">
         <path>C:\ti\ccsv7\tools\compiler\ti-cgt-c2000_16.9.6.LTS\lib\</path>
         <kind>archive</kind>
         <file>rts2800_fpu32.lib</file>
         <name>ltoa.obj</name>
      </input_file>
      <input_file id="fl-37">
         <path>C:\ti\ccsv7\tools\compiler\ti-cgt-c2000_16.9.6.LTS\lib\</path>
         <kind>archive</kind>
         <file>rts2800_fpu32.lib</file>
         <name>memccpy.obj</name>
      </input_file>
      <input_file id="fl-38">
         <path>C:\ti\ccsv7\tools\compiler\ti-cgt-c2000_16.9.6.LTS\lib\</path>
         <kind>archive</kind>
         <file>rts2800_fpu32.lib</file>
         <name>memset.obj</name>
      </input_file>
      <input_file id="fl-39">
         <path>C:\ti\ccsv7\tools\compiler\ti-cgt-c2000_16.9.6.LTS\lib\</path>
         <kind>archive</kind>
         <file>rts2800_fpu32.lib</file>
         <name>s_frexp.obj</name>
      </input_file>
      <input_file id="fl-3a">
         <path>C:\ti\ccsv7\tools\compiler\ti-cgt-c2000_16.9.6.LTS\lib\</path>
         <kind>archive</kind>
         <file>rts2800_fpu32.lib</file>
         <name>s_scalbn.obj</name>
      </input_file>
      <input_file id="fl-3b">
         <path>C:\ti\ccsv7\tools\compiler\ti-cgt-c2000_16.9.6.LTS\lib\</path>
         <kind>archive</kind>
         <file>rts2800_fpu32.lib</file>
         <name>strchr.obj</name>
      </input_file>
      <input_file id="fl-3c">
         <path>C:\ti\ccsv7\tools\compiler\ti-cgt-c2000_16.9.6.LTS\lib\</path>
         <kind>archive</kind>
         <file>rts2800_fpu32.lib</file>
         <name>strcpy.obj</name>
      </input_file>
      <input_file id="fl-3d">
         <path>C:\ti\ccsv7\tools\compiler\ti-cgt-c2000_16.9.6.LTS\lib\</path>
         <kind>archive</kind>
         <file>rts2800_fpu32.lib</file>
         <name>strlen.obj</name>
      </input_file>
      <input_file id="fl-3e">
         <path>C:\ti\ccsv7\tools\compiler\ti-cgt-c2000_16.9.6.LTS\lib\</path>
         <kind>archive</kind>
         <file>rts2800_fpu32.lib</file>
         <name>errno.obj</name>
      </input_file>
      <input_file id="fl-3f">
         <path>C:\ti\ccsv7\tools\compiler\ti-cgt-c2000_16.9.6.LTS\lib\</path>
         <kind>archive</kind>
         <file>rts2800_fpu32.lib</file>
         <name>fd_add28.obj</name>
      </input_file>
      <input_file id="fl-40">
         <path>C:\ti\ccsv7\tools\compiler\ti-cgt-c2000_16.9.6.LTS\lib\</path>
         <kind>archive</kind>
         <file>rts2800_fpu32.lib</file>
         <name>l_div28.obj</name>
      </input_file>
      <input_file id="fl-41">
         <path>C:\ti\ccsv7\tools\compiler\ti-cgt-c2000_16.9.6.LTS\lib\</path>
         <kind>archive</kind>
         <file>rts2800_fpu32.lib</file>
         <name>s_copysign.obj</name>
      </input_file>
   </input_file_list>
   <object_component_list>
      <object_component id="oc-18">
         <name>.cinit</name>
         <load_address>0x82000</load_address>
         <run_address>0x82000</run_address>
         <size>0x40</size>
         <input_file_ref idref="fl-2"/>
      </object_component>
      <object_component id="oc-56">
         <name>.cinit</name>
         <load_address>0x82040</load_address>
         <run_address>0x82040</run_address>
         <size>0xe</size>
         <input_file_ref idref="fl-1e"/>
      </object_component>
      <object_component id="oc-120">
         <name>.cinit:__lock</name>
         <load_address>0x8204e</load_address>
         <run_address>0x8204e</run_address>
         <size>0x5</size>
         <input_file_ref idref="fl-24"/>
      </object_component>
      <object_component id="oc-134">
         <name>.cinit:__unlock</name>
         <load_address>0x82053</load_address>
         <run_address>0x82053</run_address>
         <size>0x5</size>
         <input_file_ref idref="fl-24"/>
      </object_component>
      <object_component id="oc-f9">
         <name>.cinit</name>
         <load_address>0x82058</load_address>
         <run_address>0x82058</run_address>
         <size>0x4</size>
         <input_file_ref idref="fl-3e"/>
      </object_component>
      <object_component id="oc-132">
         <name>.text</name>
         <load_address>0x82060</load_address>
         <run_address>0x82060</run_address>
         <size>0xc16</size>
         <input_file_ref idref="fl-25"/>
      </object_component>
      <object_component id="oc-10b">
         <name>.text</name>
         <load_address>0x82c76</load_address>
         <run_address>0x82c76</run_address>
         <size>0x6f4</size>
         <input_file_ref idref="fl-2"/>
      </object_component>
      <object_component id="oc-122">
         <name>.text:_SysCtl_setClock</name>
         <load_address>0x8336a</load_address>
         <run_address>0x8336a</run_address>
         <size>0x221</size>
         <input_file_ref idref="fl-e"/>
      </object_component>
      <object_component id="oc-111">
         <name>.text</name>
         <load_address>0x8358b</load_address>
         <run_address>0x8358b</run_address>
         <size>0x1ed</size>
         <input_file_ref idref="fl-4"/>
      </object_component>
      <object_component id="oc-c9">
         <name>.text</name>
         <load_address>0x83778</load_address>
         <run_address>0x83778</run_address>
         <size>0x107</size>
         <input_file_ref idref="fl-35"/>
      </object_component>
      <object_component id="oc-1a">
         <name>.text:retain</name>
         <load_address>0x8387f</load_address>
         <run_address>0x8387f</run_address>
         <size>0xd8</size>
         <input_file_ref idref="fl-2"/>
      </object_component>
      <object_component id="oc-147">
         <name>.text</name>
         <load_address>0x83957</load_address>
         <run_address>0x83957</run_address>
         <size>0xbc</size>
         <input_file_ref idref="fl-3a"/>
      </object_component>
      <object_component id="oc-fc">
         <name>.text</name>
         <load_address>0x83a13</load_address>
         <run_address>0x83a13</run_address>
         <size>0x9c</size>
         <input_file_ref idref="fl-3f"/>
      </object_component>
      <object_component id="oc-92">
         <name>.text</name>
         <load_address>0x83aaf</load_address>
         <run_address>0x83aaf</run_address>
         <size>0x8b</size>
         <input_file_ref idref="fl-2a"/>
      </object_component>
      <object_component id="oc-5c">
         <name>.text</name>
         <load_address>0x83b3a</load_address>
         <run_address>0x83b3a</run_address>
         <size>0x88</size>
         <input_file_ref idref="fl-1f"/>
      </object_component>
      <object_component id="oc-97">
         <name>.text</name>
         <load_address>0x83bc2</load_address>
         <run_address>0x83bc2</run_address>
         <size>0x83</size>
         <input_file_ref idref="fl-2b"/>
      </object_component>
      <object_component id="oc-123">
         <name>.text:_SysCtl_getClock</name>
         <load_address>0x83c45</load_address>
         <run_address>0x83c45</run_address>
         <size>0x6e</size>
         <input_file_ref idref="fl-e"/>
      </object_component>
      <object_component id="oc-146">
         <name>.text</name>
         <load_address>0x83cb3</load_address>
         <run_address>0x83cb3</run_address>
         <size>0x5a</size>
         <input_file_ref idref="fl-39"/>
      </object_component>
      <object_component id="oc-49">
         <name>.text</name>
         <load_address>0x83d0d</load_address>
         <run_address>0x83d0d</run_address>
         <size>0x56</size>
         <input_file_ref idref="fl-1c"/>
      </object_component>
      <object_component id="oc-11a">
         <name>.text:_Interrupt_initModule</name>
         <load_address>0x83d63</load_address>
         <run_address>0x83d63</run_address>
         <size>0x54</size>
         <input_file_ref idref="fl-c"/>
      </object_component>
      <object_component id="oc-113">
         <name>.text:_GPIO_setPadConfig</name>
         <load_address>0x83db7</load_address>
         <run_address>0x83db7</run_address>
         <size>0x52</size>
         <input_file_ref idref="fl-b"/>
      </object_component>
      <object_component id="oc-141">
         <name>.text:_SysCtl_selectOscSource</name>
         <load_address>0x83e09</load_address>
         <run_address>0x83e09</run_address>
         <size>0x4d</size>
         <input_file_ref idref="fl-e"/>
      </object_component>
      <object_component id="oc-118">
         <name>.text:_SCI_clearInterruptStatus</name>
         <load_address>0x83e56</load_address>
         <run_address>0x83e56</run_address>
         <size>0x46</size>
         <input_file_ref idref="fl-d"/>
      </object_component>
      <object_component id="oc-11c">
         <name>.text:_SCI_writeCharArray</name>
         <load_address>0x83e9c</load_address>
         <run_address>0x83e9c</run_address>
         <size>0x41</size>
         <input_file_ref idref="fl-d"/>
      </object_component>
      <object_component id="oc-117">
         <name>.text:_SCI_setConfig</name>
         <load_address>0x83edd</load_address>
         <run_address>0x83edd</run_address>
         <size>0x40</size>
         <input_file_ref idref="fl-d"/>
      </object_component>
      <object_component id="oc-112">
         <name>.text:_GPIO_setPinConfig</name>
         <load_address>0x83f1d</load_address>
         <run_address>0x83f1d</run_address>
         <size>0x3d</size>
         <input_file_ref idref="fl-b"/>
      </object_component>
      <object_component id="oc-115">
         <name>.text:_GPIO_setMasterCore</name>
         <load_address>0x83f5a</load_address>
         <run_address>0x83f5a</run_address>
         <size>0x38</size>
         <input_file_ref idref="fl-b"/>
      </object_component>
      <object_component id="oc-116">
         <name>.text:_GPIO_setQualificationMode</name>
         <load_address>0x83f92</load_address>
         <run_address>0x83f92</run_address>
         <size>0x38</size>
         <input_file_ref idref="fl-b"/>
      </object_component>
      <object_component id="oc-119">
         <name>.text:_Interrupt_enable</name>
         <load_address>0x83fca</load_address>
         <run_address>0x83fca</run_address>
         <size>0x33</size>
         <input_file_ref idref="fl-c"/>
      </object_component>
      <object_component id="oc-12e">
         <name>.text:_Interrupt_illegalOperationHandler</name>
         <load_address>0x83ffd</load_address>
         <run_address>0x83ffd</run_address>
         <size>0x2</size>
         <input_file_ref idref="fl-c"/>
      </object_component>
      <object_component id="oc-10e">
         <name>.text</name>
         <load_address>0x83fff</load_address>
         <run_address>0x83fff</run_address>
         <size>0x1</size>
         <input_file_ref idref="fl-23"/>
      </object_component>
      <object_component id="oc-11d">
         <name>.text</name>
         <load_address>0x84000</load_address>
         <run_address>0x84000</run_address>
         <size>0x32</size>
         <input_file_ref idref="fl-22"/>
      </object_component>
      <object_component id="oc-114">
         <name>.text:_GPIO_setDirectionMode</name>
         <load_address>0x84032</load_address>
         <run_address>0x84032</run_address>
         <size>0x31</size>
         <input_file_ref idref="fl-b"/>
      </object_component>
      <object_component id="oc-143">
         <name>.text</name>
         <load_address>0x84063</load_address>
         <run_address>0x84063</run_address>
         <size>0x31</size>
         <input_file_ref idref="fl-27"/>
      </object_component>
      <object_component id="oc-145">
         <name>.text</name>
         <load_address>0x84094</load_address>
         <run_address>0x84094</run_address>
         <size>0x2e</size>
         <input_file_ref idref="fl-36"/>
      </object_component>
      <object_component id="oc-8d">
         <name>.text</name>
         <load_address>0x840c2</load_address>
         <run_address>0x840c2</run_address>
         <size>0x2a</size>
         <input_file_ref idref="fl-29"/>
      </object_component>
      <object_component id="oc-101">
         <name>.text</name>
         <load_address>0x840ec</load_address>
         <run_address>0x840ec</run_address>
         <size>0x2a</size>
         <input_file_ref idref="fl-40"/>
      </object_component>
      <object_component id="oc-137">
         <name>.text:_Flash_setBankPowerUpDelay</name>
         <load_address>0x84116</load_address>
         <run_address>0x84116</run_address>
         <size>0x29</size>
         <input_file_ref idref="fl-a"/>
      </object_component>
      <object_component id="oc-110">
         <name>.text</name>
         <load_address>0x8413f</load_address>
         <run_address>0x8413f</run_address>
         <size>0x29</size>
         <input_file_ref idref="fl-1e"/>
      </object_component>
      <object_component id="oc-10d">
         <name>.text</name>
         <load_address>0x84168</load_address>
         <run_address>0x84168</run_address>
         <size>0x24</size>
         <input_file_ref idref="fl-1d"/>
      </object_component>
      <object_component id="oc-14e">
         <name>.text</name>
         <load_address>0x8418c</load_address>
         <run_address>0x8418c</run_address>
         <size>0x24</size>
         <input_file_ref idref="fl-41"/>
      </object_component>
      <object_component id="oc-12f">
         <name>.text:_SCI_isFIFOEnabled</name>
         <load_address>0x841b0</load_address>
         <run_address>0x841b0</run_address>
         <size>0x22</size>
         <input_file_ref idref="fl-d"/>
      </object_component>
      <object_component id="oc-a6">
         <name>.text</name>
         <load_address>0x841d2</load_address>
         <run_address>0x841d2</run_address>
         <size>0x21</size>
         <input_file_ref idref="fl-2e"/>
      </object_component>
      <object_component id="oc-11b">
         <name>.text:_Interrupt_initVectorTable</name>
         <load_address>0x841f3</load_address>
         <run_address>0x841f3</run_address>
         <size>0x20</size>
         <input_file_ref idref="fl-c"/>
      </object_component>
      <object_component id="oc-126">
         <name>.text:_SCI_isBaseValid</name>
         <load_address>0x84213</load_address>
         <run_address>0x84213</run_address>
         <size>0x1f</size>
         <input_file_ref idref="fl-d"/>
      </object_component>
      <object_component id="oc-ab">
         <name>.text</name>
         <load_address>0x84232</load_address>
         <run_address>0x84232</run_address>
         <size>0x1f</size>
         <input_file_ref idref="fl-2f"/>
      </object_component>
      <object_component id="oc-c4">
         <name>.text</name>
         <load_address>0x84251</load_address>
         <run_address>0x84251</run_address>
         <size>0x1e</size>
         <input_file_ref idref="fl-34"/>
      </object_component>
      <object_component id="oc-11e">
         <name>.text</name>
         <load_address>0x8426f</load_address>
         <run_address>0x8426f</run_address>
         <size>0x1e</size>
         <input_file_ref idref="fl-20"/>
      </object_component>
      <object_component id="oc-b5">
         <name>.text</name>
         <load_address>0x8428d</load_address>
         <run_address>0x8428d</run_address>
         <size>0x1d</size>
         <input_file_ref idref="fl-31"/>
      </object_component>
      <object_component id="oc-b0">
         <name>.text</name>
         <load_address>0x842aa</load_address>
         <run_address>0x842aa</run_address>
         <size>0x1c</size>
         <input_file_ref idref="fl-30"/>
      </object_component>
      <object_component id="oc-ba">
         <name>.text</name>
         <load_address>0x842c6</load_address>
         <run_address>0x842c6</run_address>
         <size>0x1c</size>
         <input_file_ref idref="fl-32"/>
      </object_component>
      <object_component id="oc-131">
         <name>.text:_SCI_isSpaceAvailableNonFIFO</name>
         <load_address>0x842e2</load_address>
         <run_address>0x842e2</run_address>
         <size>0x1b</size>
         <input_file_ref idref="fl-d"/>
      </object_component>
      <object_component id="oc-124">
         <name>.text:_SysCtl_getLowSpeedClock</name>
         <load_address>0x842fd</load_address>
         <run_address>0x842fd</run_address>
         <size>0x1a</size>
         <input_file_ref idref="fl-e"/>
      </object_component>
      <object_component id="oc-127">
         <name>.text:_SCI_disableModule</name>
         <load_address>0x84317</load_address>
         <run_address>0x84317</run_address>
         <size>0x19</size>
         <input_file_ref idref="fl-d"/>
      </object_component>
      <object_component id="oc-129">
         <name>.text:_SCI_performSoftwareReset</name>
         <load_address>0x84330</load_address>
         <run_address>0x84330</run_address>
         <size>0x19</size>
         <input_file_ref idref="fl-d"/>
      </object_component>
      <object_component id="oc-10f">
         <name>.text</name>
         <load_address>0x84349</load_address>
         <run_address>0x84349</run_address>
         <size>0x19</size>
         <input_file_ref idref="fl-26"/>
      </object_component>
      <object_component id="oc-bf">
         <name>.text</name>
         <load_address>0x84362</load_address>
         <run_address>0x84362</run_address>
         <size>0x18</size>
         <input_file_ref idref="fl-33"/>
      </object_component>
      <object_component id="oc-135">
         <name>.text:_Flash_isCtrlBaseValid</name>
         <load_address>0x8437a</load_address>
         <run_address>0x8437a</run_address>
         <size>0x15</size>
         <input_file_ref idref="fl-a"/>
      </object_component>
      <object_component id="oc-136">
         <name>.text:_Flash_isECCBaseValid</name>
         <load_address>0x8438f</load_address>
         <run_address>0x8438f</run_address>
         <size>0x15</size>
         <input_file_ref idref="fl-a"/>
      </object_component>
      <object_component id="oc-130">
         <name>.text:_SCI_getTxFIFOStatus</name>
         <load_address>0x843a4</load_address>
         <run_address>0x843a4</run_address>
         <size>0x15</size>
         <input_file_ref idref="fl-d"/>
      </object_component>
      <object_component id="oc-128">
         <name>.text:_SCI_enableModule</name>
         <load_address>0x843b9</load_address>
         <run_address>0x843b9</run_address>
         <size>0x14</size>
         <input_file_ref idref="fl-d"/>
      </object_component>
      <object_component id="oc-125">
         <name>.text:_GPIO_isPinValid</name>
         <load_address>0x843cd</load_address>
         <run_address>0x843cd</run_address>
         <size>0xe</size>
         <input_file_ref idref="fl-b"/>
      </object_component>
      <object_component id="oc-12c">
         <name>.text:_Interrupt_defaultHandler</name>
         <load_address>0x843db</load_address>
         <run_address>0x843db</run_address>
         <size>0xe</size>
         <input_file_ref idref="fl-c"/>
      </object_component>
      <object_component id="oc-a1">
         <name>.text</name>
         <load_address>0x843e9</load_address>
         <run_address>0x843e9</run_address>
         <size>0xe</size>
         <input_file_ref idref="fl-2d"/>
      </object_component>
      <object_component id="oc-12a">
         <name>.text:_Interrupt_disableMaster</name>
         <load_address>0x843f7</load_address>
         <run_address>0x843f7</run_address>
         <size>0xd</size>
         <input_file_ref idref="fl-c"/>
      </object_component>
      <object_component id="oc-12b">
         <name>.text:_Interrupt_enableMaster</name>
         <load_address>0x84404</load_address>
         <run_address>0x84404</run_address>
         <size>0xd</size>
         <input_file_ref idref="fl-c"/>
      </object_component>
      <object_component id="oc-14b">
         <name>.text</name>
         <load_address>0x84411</load_address>
         <run_address>0x84411</run_address>
         <size>0xd</size>
         <input_file_ref idref="fl-37"/>
      </object_component>
      <object_component id="oc-149">
         <name>.text</name>
         <load_address>0x8441e</load_address>
         <run_address>0x8441e</run_address>
         <size>0xc</size>
         <input_file_ref idref="fl-38"/>
      </object_component>
      <object_component id="oc-148">
         <name>.text</name>
         <load_address>0x8442a</load_address>
         <run_address>0x8442a</run_address>
         <size>0xc</size>
         <input_file_ref idref="fl-3b"/>
      </object_component>
      <object_component id="oc-140">
         <name>.text:_SysCtl_isMCDClockFailureDetected</name>
         <load_address>0x84436</load_address>
         <run_address>0x84436</run_address>
         <size>0xb</size>
         <input_file_ref idref="fl-e"/>
      </object_component>
      <object_component id="oc-142">
         <name>.text:_SysCtl_serviceWatchdog</name>
         <load_address>0x84441</load_address>
         <run_address>0x84441</run_address>
         <size>0x9</size>
         <input_file_ref idref="fl-e"/>
      </object_component>
      <object_component id="oc-133">
         <name>.text</name>
         <load_address>0x8444a</load_address>
         <run_address>0x8444a</run_address>
         <size>0x9</size>
         <input_file_ref idref="fl-24"/>
      </object_component>
      <object_component id="oc-9c">
         <name>.text</name>
         <load_address>0x84453</load_address>
         <run_address>0x84453</run_address>
         <size>0x9</size>
         <input_file_ref idref="fl-2c"/>
      </object_component>
      <object_component id="oc-144">
         <name>.text</name>
         <load_address>0x8445c</load_address>
         <run_address>0x8445c</run_address>
         <size>0x8</size>
         <input_file_ref idref="fl-3d"/>
      </object_component>
      <object_component id="oc-14a">
         <name>.text</name>
         <load_address>0x84464</load_address>
         <run_address>0x84464</run_address>
         <size>0x5</size>
         <input_file_ref idref="fl-3c"/>
      </object_component>
      <object_component id="oc-12d">
         <name>.text:_Interrupt_nmiHandler</name>
         <load_address>0x84469</load_address>
         <run_address>0x84469</run_address>
         <size>0x2</size>
         <input_file_ref idref="fl-c"/>
      </object_component>
      <object_component id="oc-10c">
         <name>.text</name>
         <load_address>0x8446b</load_address>
         <run_address>0x8446b</run_address>
         <size>0x2</size>
         <input_file_ref idref="fl-21"/>
      </object_component>
      <object_component id="oc-16">
         <name>codestart</name>
         <load_address>0x80000</load_address>
         <run_address>0x80000</run_address>
         <size>0x2</size>
         <input_file_ref idref="fl-3"/>
      </object_component>
      <object_component id="oc-4a">
         <name>.stack</name>
         <uninitialized>true</uninitialized>
         <run_address>0x400</run_address>
         <size>0x0</size>
         <input_file_ref idref="fl-1c"/>
      </object_component>
      <object_component id="oc-16e">
         <name>.stack</name>
         <uninitialized>true</uninitialized>
         <run_address>0x400</run_address>
         <size>0x0</size>
      </object_component>
      <object_component id="oc-19">
         <name>.ebss</name>
         <uninitialized>true</uninitialized>
         <run_address>0xa800</run_address>
         <size>0xc0</size>
         <input_file_ref idref="fl-2"/>
      </object_component>
      <object_component id="oc-57">
         <name>.ebss</name>
         <uninitialized>true</uninitialized>
         <run_address>0xa8c0</run_address>
         <size>0x6</size>
         <input_file_ref idref="fl-1e"/>
      </object_component>
      <object_component id="oc-11f">
         <name>.ebss:__lock</name>
         <uninitialized>true</uninitialized>
         <run_address>0xa8c6</run_address>
         <size>0x2</size>
         <input_file_ref idref="fl-24"/>
      </object_component>
      <object_component id="oc-14c">
         <name>.ebss:__unlock</name>
         <uninitialized>true</uninitialized>
         <run_address>0xa8c8</run_address>
         <size>0x2</size>
         <input_file_ref idref="fl-24"/>
      </object_component>
      <object_component id="oc-fa">
         <name>.ebss</name>
         <uninitialized>true</uninitialized>
         <run_address>0xa8ca</run_address>
         <size>0x1</size>
         <input_file_ref idref="fl-3e"/>
      </object_component>
      <object_component id="oc-1b">
         <name>.econst:.string</name>
         <load_address>0x90000</load_address>
         <run_address>0x90000</run_address>
         <size>0x12f</size>
         <input_file_ref idref="fl-2"/>
      </object_component>
      <object_component id="oc-14d">
         <name>.econst:.string:__ctypes_</name>
         <load_address>0x9012f</load_address>
         <run_address>0x9012f</run_address>
         <size>0x101</size>
         <input_file_ref idref="fl-28"/>
      </object_component>
      <object_component id="oc-2b">
         <name>.econst:.string</name>
         <load_address>0x90230</load_address>
         <run_address>0x90230</run_address>
         <size>0xcb</size>
         <input_file_ref idref="fl-a"/>
      </object_component>
      <object_component id="oc-31">
         <name>.econst:.string</name>
         <load_address>0x902fc</load_address>
         <run_address>0x902fc</run_address>
         <size>0xc8</size>
         <input_file_ref idref="fl-b"/>
      </object_component>
      <object_component id="oc-3d">
         <name>.econst:.string</name>
         <load_address>0x903c4</load_address>
         <run_address>0x903c4</run_address>
         <size>0xc7</size>
         <input_file_ref idref="fl-d"/>
      </object_component>
      <object_component id="oc-37">
         <name>.econst:.string</name>
         <load_address>0x9048c</load_address>
         <run_address>0x9048c</run_address>
         <size>0x69</size>
         <input_file_ref idref="fl-c"/>
      </object_component>
      <object_component id="oc-44">
         <name>.econst:.string</name>
         <load_address>0x904f6</load_address>
         <run_address>0x904f6</run_address>
         <size>0x66</size>
         <input_file_ref idref="fl-e"/>
      </object_component>
      <object_component id="oc-7c">
         <name>.econst:.string</name>
         <load_address>0x9055c</load_address>
         <run_address>0x9055c</run_address>
         <size>0x26</size>
         <input_file_ref idref="fl-25"/>
      </object_component>
      <object_component id="oc-7b">
         <name>.econst</name>
         <load_address>0x90582</load_address>
         <run_address>0x90582</run_address>
         <size>0x1c</size>
         <input_file_ref idref="fl-25"/>
      </object_component>
      <object_component id="oc-e4">
         <name>.econst</name>
         <load_address>0x9059e</load_address>
         <run_address>0x9059e</run_address>
         <size>0x1c</size>
         <input_file_ref idref="fl-3a"/>
      </object_component>
      <object_component id="oc-25">
         <name>.econst:.string</name>
         <load_address>0x905ba</load_address>
         <run_address>0x905ba</run_address>
         <size>0x13</size>
         <input_file_ref idref="fl-4"/>
      </object_component>
      <object_component id="oc-de">
         <name>.econst</name>
         <load_address>0x905ce</load_address>
         <run_address>0x905ce</run_address>
         <size>0x8</size>
         <input_file_ref idref="fl-39"/>
      </object_component>
      <object_component id="oc-4b">
         <name>.reset</name>
         <load_address>0x3fffc0</load_address>
         <run_address>0x3fffc0</run_address>
         <size>0x2</size>
         <input_file_ref idref="fl-1c"/>
      </object_component>
      <object_component id="oc-121">
         <name>.TI.ramfunc:_Flash_initModule</name>
         <load_address>0x86000</load_address>
         <run_address>0x8000</run_address>
         <size>0x43</size>
         <input_file_ref idref="fl-a"/>
      </object_component>
      <object_component id="oc-138">
         <name>.TI.ramfunc:_Flash_setBankPowerMode</name>
         <load_address>0x86043</load_address>
         <run_address>0x8043</run_address>
         <size>0x32</size>
         <input_file_ref idref="fl-a"/>
      </object_component>
      <object_component id="oc-13c">
         <name>.TI.ramfunc:_Flash_setWaitstates</name>
         <load_address>0x86075</load_address>
         <run_address>0x8075</run_address>
         <size>0x26</size>
         <input_file_ref idref="fl-a"/>
      </object_component>
      <object_component id="oc-139">
         <name>.TI.ramfunc:_Flash_setPumpPowerMode</name>
         <load_address>0x8609b</load_address>
         <run_address>0x809b</run_address>
         <size>0x1f</size>
         <input_file_ref idref="fl-a"/>
      </object_component>
      <object_component id="oc-13a">
         <name>.TI.ramfunc:_Flash_disableCache</name>
         <load_address>0x860ba</load_address>
         <run_address>0x80ba</run_address>
         <size>0x18</size>
         <input_file_ref idref="fl-a"/>
      </object_component>
      <object_component id="oc-13b">
         <name>.TI.ramfunc:_Flash_disablePrefetch</name>
         <load_address>0x860d2</load_address>
         <run_address>0x80d2</run_address>
         <size>0x18</size>
         <input_file_ref idref="fl-a"/>
      </object_component>
      <object_component id="oc-13d">
         <name>.TI.ramfunc:_Flash_enableCache</name>
         <load_address>0x860ea</load_address>
         <run_address>0x80ea</run_address>
         <size>0x18</size>
         <input_file_ref idref="fl-a"/>
      </object_component>
      <object_component id="oc-13e">
         <name>.TI.ramfunc:_Flash_enablePrefetch</name>
         <load_address>0x86102</load_address>
         <run_address>0x8102</run_address>
         <size>0x18</size>
         <input_file_ref idref="fl-a"/>
      </object_component>
      <object_component id="oc-13f">
         <name>.TI.ramfunc:_Flash_enableECC</name>
         <load_address>0x8611a</load_address>
         <run_address>0x811a</run_address>
         <size>0x17</size>
         <input_file_ref idref="fl-a"/>
      </object_component>
      <object_component id="oc-43">
         <name>.TI.ramfunc</name>
         <load_address>0x86131</load_address>
         <run_address>0x8131</run_address>
         <size>0x4</size>
         <input_file_ref idref="fl-e"/>
      </object_component>
      <object_component id="oc-17">
         <name>.debug_info</name>
         <load_address>0x0</load_address>
         <run_address>0x0</run_address>
         <size>0x5657</size>
         <input_file_ref idref="fl-2"/>
      </object_component>
      <object_component id="oc-20">
         <name>.debug_info</name>
         <load_address>0x5657</load_address>
         <run_address>0x5657</run_address>
         <size>0x10c</size>
         <input_file_ref idref="fl-3"/>
      </object_component>
      <object_component id="oc-24">
         <name>.debug_info</name>
         <load_address>0x5763</load_address>
         <run_address>0x5763</run_address>
         <size>0x1f92</size>
         <input_file_ref idref="fl-4"/>
      </object_component>
      <object_component id="oc-2a">
         <name>.debug_info</name>
         <load_address>0x76f5</load_address>
         <run_address>0x76f5</run_address>
         <size>0x18f3</size>
         <input_file_ref idref="fl-a"/>
      </object_component>
      <object_component id="oc-30">
         <name>.debug_info</name>
         <load_address>0x8fe8</load_address>
         <run_address>0x8fe8</run_address>
         <size>0x1108</size>
         <input_file_ref idref="fl-b"/>
      </object_component>
      <object_component id="oc-36">
         <name>.debug_info</name>
         <load_address>0xa0f0</load_address>
         <run_address>0xa0f0</run_address>
         <size>0xef8</size>
         <input_file_ref idref="fl-c"/>
      </object_component>
      <object_component id="oc-3c">
         <name>.debug_info</name>
         <load_address>0xafe8</load_address>
         <run_address>0xafe8</run_address>
         <size>0x159e</size>
         <input_file_ref idref="fl-d"/>
      </object_component>
      <object_component id="oc-42">
         <name>.debug_info</name>
         <load_address>0xc586</load_address>
         <run_address>0xc586</run_address>
         <size>0x114c</size>
         <input_file_ref idref="fl-e"/>
      </object_component>
      <object_component id="oc-4c">
         <name>.debug_info</name>
         <load_address>0xd6d2</load_address>
         <run_address>0xd6d2</run_address>
         <size>0x16b</size>
         <input_file_ref idref="fl-1c"/>
      </object_component>
      <object_component id="oc-50">
         <name>.debug_info</name>
         <load_address>0xd83d</load_address>
         <run_address>0xd83d</run_address>
         <size>0x5c1</size>
         <input_file_ref idref="fl-1d"/>
      </object_component>
      <object_component id="oc-55">
         <name>.debug_info</name>
         <load_address>0xddfe</load_address>
         <run_address>0xddfe</run_address>
         <size>0x5ab</size>
         <input_file_ref idref="fl-1e"/>
      </object_component>
      <object_component id="oc-5d">
         <name>.debug_info</name>
         <load_address>0xe3a9</load_address>
         <run_address>0xe3a9</run_address>
         <size>0x10c</size>
         <input_file_ref idref="fl-1f"/>
      </object_component>
      <object_component id="oc-61">
         <name>.debug_info</name>
         <load_address>0xe4b5</load_address>
         <run_address>0xe4b5</run_address>
         <size>0x46f</size>
         <input_file_ref idref="fl-20"/>
      </object_component>
      <object_component id="oc-66">
         <name>.debug_info</name>
         <load_address>0xe924</load_address>
         <run_address>0xe924</run_address>
         <size>0x3e2</size>
         <input_file_ref idref="fl-21"/>
      </object_component>
      <object_component id="oc-6b">
         <name>.debug_info</name>
         <load_address>0xed06</load_address>
         <run_address>0xed06</run_address>
         <size>0x697</size>
         <input_file_ref idref="fl-22"/>
      </object_component>
      <object_component id="oc-70">
         <name>.debug_info</name>
         <load_address>0xf39d</load_address>
         <run_address>0xf39d</run_address>
         <size>0x3df</size>
         <input_file_ref idref="fl-23"/>
      </object_component>
      <object_component id="oc-75">
         <name>.debug_info</name>
         <load_address>0xf77c</load_address>
         <run_address>0xf77c</run_address>
         <size>0x501</size>
         <input_file_ref idref="fl-24"/>
      </object_component>
      <object_component id="oc-7a">
         <name>.debug_info</name>
         <load_address>0xfc7d</load_address>
         <run_address>0xfc7d</run_address>
         <size>0x2575</size>
         <input_file_ref idref="fl-25"/>
      </object_component>
      <object_component id="oc-81">
         <name>.debug_info</name>
         <load_address>0x121f2</load_address>
         <run_address>0x121f2</run_address>
         <size>0x4ce</size>
         <input_file_ref idref="fl-26"/>
      </object_component>
      <object_component id="oc-86">
         <name>.debug_info</name>
         <load_address>0x126c0</load_address>
         <run_address>0x126c0</run_address>
         <size>0x454</size>
         <input_file_ref idref="fl-27"/>
      </object_component>
      <object_component id="oc-8b">
         <name>.debug_info</name>
         <load_address>0x12b14</load_address>
         <run_address>0x12b14</run_address>
         <size>0x1dc</size>
         <input_file_ref idref="fl-28"/>
      </object_component>
      <object_component id="oc-8e">
         <name>.debug_info</name>
         <load_address>0x12cf0</load_address>
         <run_address>0x12cf0</run_address>
         <size>0x118</size>
         <input_file_ref idref="fl-29"/>
      </object_component>
      <object_component id="oc-93">
         <name>.debug_info</name>
         <load_address>0x12e08</load_address>
         <run_address>0x12e08</run_address>
         <size>0x10c</size>
         <input_file_ref idref="fl-2a"/>
      </object_component>
      <object_component id="oc-98">
         <name>.debug_info</name>
         <load_address>0x12f14</load_address>
         <run_address>0x12f14</run_address>
         <size>0x10c</size>
         <input_file_ref idref="fl-2b"/>
      </object_component>
      <object_component id="oc-9d">
         <name>.debug_info</name>
         <load_address>0x13020</load_address>
         <run_address>0x13020</run_address>
         <size>0x10c</size>
         <input_file_ref idref="fl-2c"/>
      </object_component>
      <object_component id="oc-a2">
         <name>.debug_info</name>
         <load_address>0x1312c</load_address>
         <run_address>0x1312c</run_address>
         <size>0x11a</size>
         <input_file_ref idref="fl-2d"/>
      </object_component>
      <object_component id="oc-a7">
         <name>.debug_info</name>
         <load_address>0x13246</load_address>
         <run_address>0x13246</run_address>
         <size>0x10c</size>
         <input_file_ref idref="fl-2e"/>
      </object_component>
      <object_component id="oc-ac">
         <name>.debug_info</name>
         <load_address>0x13352</load_address>
         <run_address>0x13352</run_address>
         <size>0x10c</size>
         <input_file_ref idref="fl-2f"/>
      </object_component>
      <object_component id="oc-b1">
         <name>.debug_info</name>
         <load_address>0x1345e</load_address>
         <run_address>0x1345e</run_address>
         <size>0x112</size>
         <input_file_ref idref="fl-30"/>
      </object_component>
      <object_component id="oc-b6">
         <name>.debug_info</name>
         <load_address>0x13570</load_address>
         <run_address>0x13570</run_address>
         <size>0x110</size>
         <input_file_ref idref="fl-31"/>
      </object_component>
      <object_component id="oc-bb">
         <name>.debug_info</name>
         <load_address>0x13680</load_address>
         <run_address>0x13680</run_address>
         <size>0x110</size>
         <input_file_ref idref="fl-32"/>
      </object_component>
      <object_component id="oc-c0">
         <name>.debug_info</name>
         <load_address>0x13790</load_address>
         <run_address>0x13790</run_address>
         <size>0x16e</size>
         <input_file_ref idref="fl-33"/>
      </object_component>
      <object_component id="oc-c5">
         <name>.debug_info</name>
         <load_address>0x138fe</load_address>
         <run_address>0x138fe</run_address>
         <size>0x146</size>
         <input_file_ref idref="fl-34"/>
      </object_component>
      <object_component id="oc-ca">
         <name>.debug_info</name>
         <load_address>0x13a44</load_address>
         <run_address>0x13a44</run_address>
         <size>0x229</size>
         <input_file_ref idref="fl-35"/>
      </object_component>
      <object_component id="oc-ce">
         <name>.debug_info</name>
         <load_address>0x13c6d</load_address>
         <run_address>0x13c6d</run_address>
         <size>0x4ee</size>
         <input_file_ref idref="fl-36"/>
      </object_component>
      <object_component id="oc-d3">
         <name>.debug_info</name>
         <load_address>0x1415b</load_address>
         <run_address>0x1415b</run_address>
         <size>0x46d</size>
         <input_file_ref idref="fl-37"/>
      </object_component>
      <object_component id="oc-d8">
         <name>.debug_info</name>
         <load_address>0x145c8</load_address>
         <run_address>0x145c8</run_address>
         <size>0x527</size>
         <input_file_ref idref="fl-38"/>
      </object_component>
      <object_component id="oc-dd">
         <name>.debug_info</name>
         <load_address>0x14aef</load_address>
         <run_address>0x14aef</run_address>
         <size>0x537</size>
         <input_file_ref idref="fl-39"/>
      </object_component>
      <object_component id="oc-e3">
         <name>.debug_info</name>
         <load_address>0x15026</load_address>
         <run_address>0x15026</run_address>
         <size>0x5e2</size>
         <input_file_ref idref="fl-3a"/>
      </object_component>
      <object_component id="oc-e9">
         <name>.debug_info</name>
         <load_address>0x15608</load_address>
         <run_address>0x15608</run_address>
         <size>0x516</size>
         <input_file_ref idref="fl-3b"/>
      </object_component>
      <object_component id="oc-ee">
         <name>.debug_info</name>
         <load_address>0x15b1e</load_address>
         <run_address>0x15b1e</run_address>
         <size>0x4f0</size>
         <input_file_ref idref="fl-3c"/>
      </object_component>
      <object_component id="oc-f3">
         <name>.debug_info</name>
         <load_address>0x1600e</load_address>
         <run_address>0x1600e</run_address>
         <size>0x4cf</size>
         <input_file_ref idref="fl-3d"/>
      </object_component>
      <object_component id="oc-f8">
         <name>.debug_info</name>
         <load_address>0x164dd</load_address>
         <run_address>0x164dd</run_address>
         <size>0x1bb</size>
         <input_file_ref idref="fl-3e"/>
      </object_component>
      <object_component id="oc-fd">
         <name>.debug_info</name>
         <load_address>0x16698</load_address>
         <run_address>0x16698</run_address>
         <size>0x10c</size>
         <input_file_ref idref="fl-3f"/>
      </object_component>
      <object_component id="oc-102">
         <name>.debug_info</name>
         <load_address>0x167a4</load_address>
         <run_address>0x167a4</run_address>
         <size>0x19d</size>
         <input_file_ref idref="fl-40"/>
      </object_component>
      <object_component id="oc-106">
         <name>.debug_info</name>
         <load_address>0x16941</load_address>
         <run_address>0x16941</run_address>
         <size>0x4c4</size>
         <input_file_ref idref="fl-41"/>
      </object_component>
      <object_component id="oc-173">
         <name>.debug_info</name>
         <load_address>0x16e05</load_address>
         <run_address>0x16e05</run_address>
         <size>0xb3</size>
      </object_component>
      <object_component id="oc-1c">
         <name>.debug_frame</name>
         <load_address>0x0</load_address>
         <run_address>0x0</run_address>
         <size>0x5dc</size>
         <input_file_ref idref="fl-2"/>
      </object_component>
      <object_component id="oc-26">
         <name>.debug_frame</name>
         <load_address>0x5dc</load_address>
         <run_address>0x5dc</run_address>
         <size>0x150</size>
         <input_file_ref idref="fl-4"/>
      </object_component>
      <object_component id="oc-2c">
         <name>.debug_frame</name>
         <load_address>0x116c</load_address>
         <run_address>0x116c</run_address>
         <size>0x1d1</size>
         <input_file_ref idref="fl-a"/>
      </object_component>
      <object_component id="oc-32">
         <name>.debug_frame</name>
         <load_address>0x133d</load_address>
         <run_address>0x133d</run_address>
         <size>0x12f</size>
         <input_file_ref idref="fl-b"/>
      </object_component>
      <object_component id="oc-38">
         <name>.debug_frame</name>
         <load_address>0x146c</load_address>
         <run_address>0x146c</run_address>
         <size>0x144</size>
         <input_file_ref idref="fl-c"/>
      </object_component>
      <object_component id="oc-3e">
         <name>.debug_frame</name>
         <load_address>0x15b0</load_address>
         <run_address>0x15b0</run_address>
         <size>0x19b</size>
         <input_file_ref idref="fl-d"/>
      </object_component>
      <object_component id="oc-45">
         <name>.debug_frame</name>
         <load_address>0x174b</load_address>
         <run_address>0x174b</run_address>
         <size>0x126</size>
         <input_file_ref idref="fl-e"/>
      </object_component>
      <object_component id="oc-51">
         <name>.debug_frame</name>
         <load_address>0x72c</load_address>
         <run_address>0x72c</run_address>
         <size>0x68</size>
         <input_file_ref idref="fl-1d"/>
      </object_component>
      <object_component id="oc-58">
         <name>.debug_frame</name>
         <load_address>0x794</load_address>
         <run_address>0x794</run_address>
         <size>0x68</size>
         <input_file_ref idref="fl-1e"/>
      </object_component>
      <object_component id="oc-62">
         <name>.debug_frame</name>
         <load_address>0x7fc</load_address>
         <run_address>0x7fc</run_address>
         <size>0x48</size>
         <input_file_ref idref="fl-20"/>
      </object_component>
      <object_component id="oc-67">
         <name>.debug_frame</name>
         <load_address>0x844</load_address>
         <run_address>0x844</run_address>
         <size>0x48</size>
         <input_file_ref idref="fl-21"/>
      </object_component>
      <object_component id="oc-6c">
         <name>.debug_frame</name>
         <load_address>0x88c</load_address>
         <run_address>0x88c</run_address>
         <size>0x8c</size>
         <input_file_ref idref="fl-22"/>
      </object_component>
      <object_component id="oc-71">
         <name>.debug_frame</name>
         <load_address>0x918</load_address>
         <run_address>0x918</run_address>
         <size>0x48</size>
         <input_file_ref idref="fl-23"/>
      </object_component>
      <object_component id="oc-76">
         <name>.debug_frame</name>
         <load_address>0x960</load_address>
         <run_address>0x960</run_address>
         <size>0x78</size>
         <input_file_ref idref="fl-24"/>
      </object_component>
      <object_component id="oc-7d">
         <name>.debug_frame</name>
         <load_address>0x9d8</load_address>
         <run_address>0x9d8</run_address>
         <size>0x438</size>
         <input_file_ref idref="fl-25"/>
      </object_component>
      <object_component id="oc-82">
         <name>.debug_frame</name>
         <load_address>0xe10</load_address>
         <run_address>0xe10</run_address>
         <size>0x48</size>
         <input_file_ref idref="fl-26"/>
      </object_component>
      <object_component id="oc-87">
         <name>.debug_frame</name>
         <load_address>0xe58</load_address>
         <run_address>0xe58</run_address>
         <size>0x48</size>
         <input_file_ref idref="fl-27"/>
      </object_component>
      <object_component id="oc-cf">
         <name>.debug_frame</name>
         <load_address>0xea0</load_address>
         <run_address>0xea0</run_address>
         <size>0x54</size>
         <input_file_ref idref="fl-36"/>
      </object_component>
      <object_component id="oc-d4">
         <name>.debug_frame</name>
         <load_address>0xef4</load_address>
         <run_address>0xef4</run_address>
         <size>0x48</size>
         <input_file_ref idref="fl-37"/>
      </object_component>
      <object_component id="oc-d9">
         <name>.debug_frame</name>
         <load_address>0xf3c</load_address>
         <run_address>0xf3c</run_address>
         <size>0x48</size>
         <input_file_ref idref="fl-38"/>
      </object_component>
      <object_component id="oc-df">
         <name>.debug_frame</name>
         <load_address>0xf84</load_address>
         <run_address>0xf84</run_address>
         <size>0x60</size>
         <input_file_ref idref="fl-39"/>
      </object_component>
      <object_component id="oc-e5">
         <name>.debug_frame</name>
         <load_address>0xfe4</load_address>
         <run_address>0xfe4</run_address>
         <size>0x60</size>
         <input_file_ref idref="fl-3a"/>
      </object_component>
      <object_component id="oc-ea">
         <name>.debug_frame</name>
         <load_address>0x1044</load_address>
         <run_address>0x1044</run_address>
         <size>0x4c</size>
         <input_file_ref idref="fl-3b"/>
      </object_component>
      <object_component id="oc-ef">
         <name>.debug_frame</name>
         <load_address>0x1090</load_address>
         <run_address>0x1090</run_address>
         <size>0x48</size>
         <input_file_ref idref="fl-3c"/>
      </object_component>
      <object_component id="oc-f4">
         <name>.debug_frame</name>
         <load_address>0x10d8</load_address>
         <run_address>0x10d8</run_address>
         <size>0x48</size>
         <input_file_ref idref="fl-3d"/>
      </object_component>
      <object_component id="oc-107">
         <name>.debug_frame</name>
         <load_address>0x1120</load_address>
         <run_address>0x1120</run_address>
         <size>0x4c</size>
         <input_file_ref idref="fl-41"/>
      </object_component>
      <object_component id="oc-1d">
         <name>.debug_line</name>
         <load_address>0x0</load_address>
         <run_address>0x0</run_address>
         <size>0x7fa</size>
         <input_file_ref idref="fl-2"/>
      </object_component>
      <object_component id="oc-21">
         <name>.debug_line</name>
         <load_address>0x7fa</load_address>
         <run_address>0x7fa</run_address>
         <size>0x54</size>
         <input_file_ref idref="fl-3"/>
      </object_component>
      <object_component id="oc-27">
         <name>.debug_line</name>
         <load_address>0x84e</load_address>
         <run_address>0x84e</run_address>
         <size>0x256</size>
         <input_file_ref idref="fl-4"/>
      </object_component>
      <object_component id="oc-2d">
         <name>.debug_line</name>
         <load_address>0xaa4</load_address>
         <run_address>0xaa4</run_address>
         <size>0x243</size>
         <input_file_ref idref="fl-a"/>
      </object_component>
      <object_component id="oc-33">
         <name>.debug_line</name>
         <load_address>0xce7</load_address>
         <run_address>0xce7</run_address>
         <size>0x262</size>
         <input_file_ref idref="fl-b"/>
      </object_component>
      <object_component id="oc-39">
         <name>.debug_line</name>
         <load_address>0xf49</load_address>
         <run_address>0xf49</run_address>
         <size>0x214</size>
         <input_file_ref idref="fl-c"/>
      </object_component>
      <object_component id="oc-3f">
         <name>.debug_line</name>
         <load_address>0x115d</load_address>
         <run_address>0x115d</run_address>
         <size>0x240</size>
         <input_file_ref idref="fl-d"/>
      </object_component>
      <object_component id="oc-46">
         <name>.debug_line</name>
         <load_address>0x139d</load_address>
         <run_address>0x139d</run_address>
         <size>0x393</size>
         <input_file_ref idref="fl-e"/>
      </object_component>
      <object_component id="oc-4d">
         <name>.debug_line</name>
         <load_address>0x1730</load_address>
         <run_address>0x1730</run_address>
         <size>0x7e</size>
         <input_file_ref idref="fl-1c"/>
      </object_component>
      <object_component id="oc-52">
         <name>.debug_line</name>
         <load_address>0x17ae</load_address>
         <run_address>0x17ae</run_address>
         <size>0x50</size>
         <input_file_ref idref="fl-1d"/>
      </object_component>
      <object_component id="oc-59">
         <name>.debug_line</name>
         <load_address>0x17fe</load_address>
         <run_address>0x17fe</run_address>
         <size>0x65</size>
         <input_file_ref idref="fl-1e"/>
      </object_component>
      <object_component id="oc-5e">
         <name>.debug_line</name>
         <load_address>0x1863</load_address>
         <run_address>0x1863</run_address>
         <size>0xad</size>
         <input_file_ref idref="fl-1f"/>
      </object_component>
      <object_component id="oc-63">
         <name>.debug_line</name>
         <load_address>0x1910</load_address>
         <run_address>0x1910</run_address>
         <size>0x62</size>
         <input_file_ref idref="fl-20"/>
      </object_component>
      <object_component id="oc-68">
         <name>.debug_line</name>
         <load_address>0x1972</load_address>
         <run_address>0x1972</run_address>
         <size>0x3e</size>
         <input_file_ref idref="fl-21"/>
      </object_component>
      <object_component id="oc-6d">
         <name>.debug_line</name>
         <load_address>0x19b0</load_address>
         <run_address>0x19b0</run_address>
         <size>0x7d</size>
         <input_file_ref idref="fl-22"/>
      </object_component>
      <object_component id="oc-72">
         <name>.debug_line</name>
         <load_address>0x1a2d</load_address>
         <run_address>0x1a2d</run_address>
         <size>0x3a</size>
         <input_file_ref idref="fl-23"/>
      </object_component>
      <object_component id="oc-77">
         <name>.debug_line</name>
         <load_address>0x1a67</load_address>
         <run_address>0x1a67</run_address>
         <size>0x5e</size>
         <input_file_ref idref="fl-24"/>
      </object_component>
      <object_component id="oc-7e">
         <name>.debug_line</name>
         <load_address>0x1ac5</load_address>
         <run_address>0x1ac5</run_address>
         <size>0xbfa</size>
         <input_file_ref idref="fl-25"/>
      </object_component>
      <object_component id="oc-83">
         <name>.debug_line</name>
         <load_address>0x26bf</load_address>
         <run_address>0x26bf</run_address>
         <size>0x55</size>
         <input_file_ref idref="fl-26"/>
      </object_component>
      <object_component id="oc-88">
         <name>.debug_line</name>
         <load_address>0x2714</load_address>
         <run_address>0x2714</run_address>
         <size>0x6a</size>
         <input_file_ref idref="fl-27"/>
      </object_component>
      <object_component id="oc-8f">
         <name>.debug_line</name>
         <load_address>0x277e</load_address>
         <run_address>0x277e</run_address>
         <size>0x60</size>
         <input_file_ref idref="fl-29"/>
      </object_component>
      <object_component id="oc-94">
         <name>.debug_line</name>
         <load_address>0x27de</load_address>
         <run_address>0x27de</run_address>
         <size>0xb3</size>
         <input_file_ref idref="fl-2a"/>
      </object_component>
      <object_component id="oc-99">
         <name>.debug_line</name>
         <load_address>0x2891</load_address>
         <run_address>0x2891</run_address>
         <size>0xa2</size>
         <input_file_ref idref="fl-2b"/>
      </object_component>
      <object_component id="oc-9e">
         <name>.debug_line</name>
         <load_address>0x2933</load_address>
         <run_address>0x2933</run_address>
         <size>0x45</size>
         <input_file_ref idref="fl-2c"/>
      </object_component>
      <object_component id="oc-a3">
         <name>.debug_line</name>
         <load_address>0x2978</load_address>
         <run_address>0x2978</run_address>
         <size>0x49</size>
         <input_file_ref idref="fl-2d"/>
      </object_component>
      <object_component id="oc-a8">
         <name>.debug_line</name>
         <load_address>0x29c1</load_address>
         <run_address>0x29c1</run_address>
         <size>0x59</size>
         <input_file_ref idref="fl-2e"/>
      </object_component>
      <object_component id="oc-ad">
         <name>.debug_line</name>
         <load_address>0x2a1a</load_address>
         <run_address>0x2a1a</run_address>
         <size>0x58</size>
         <input_file_ref idref="fl-2f"/>
      </object_component>
      <object_component id="oc-b2">
         <name>.debug_line</name>
         <load_address>0x2a72</load_address>
         <run_address>0x2a72</run_address>
         <size>0x58</size>
         <input_file_ref idref="fl-30"/>
      </object_component>
      <object_component id="oc-b7">
         <name>.debug_line</name>
         <load_address>0x2aca</load_address>
         <run_address>0x2aca</run_address>
         <size>0x57</size>
         <input_file_ref idref="fl-31"/>
      </object_component>
      <object_component id="oc-bc">
         <name>.debug_line</name>
         <load_address>0x2b21</load_address>
         <run_address>0x2b21</run_address>
         <size>0x56</size>
         <input_file_ref idref="fl-32"/>
      </object_component>
      <object_component id="oc-c1">
         <name>.debug_line</name>
         <load_address>0x2b77</load_address>
         <run_address>0x2b77</run_address>
         <size>0x6c</size>
         <input_file_ref idref="fl-33"/>
      </object_component>
      <object_component id="oc-c6">
         <name>.debug_line</name>
         <load_address>0x2be3</load_address>
         <run_address>0x2be3</run_address>
         <size>0x63</size>
         <input_file_ref idref="fl-34"/>
      </object_component>
      <object_component id="oc-cb">
         <name>.debug_line</name>
         <load_address>0x2c46</load_address>
         <run_address>0x2c46</run_address>
         <size>0x16b</size>
         <input_file_ref idref="fl-35"/>
      </object_component>
      <object_component id="oc-d0">
         <name>.debug_line</name>
         <load_address>0x2db1</load_address>
         <run_address>0x2db1</run_address>
         <size>0x5f</size>
         <input_file_ref idref="fl-36"/>
      </object_component>
      <object_component id="oc-d5">
         <name>.debug_line</name>
         <load_address>0x2e10</load_address>
         <run_address>0x2e10</run_address>
         <size>0x48</size>
         <input_file_ref idref="fl-37"/>
      </object_component>
      <object_component id="oc-da">
         <name>.debug_line</name>
         <load_address>0x2e58</load_address>
         <run_address>0x2e58</run_address>
         <size>0xa9</size>
         <input_file_ref idref="fl-38"/>
      </object_component>
      <object_component id="oc-e0">
         <name>.debug_line</name>
         <load_address>0x2f01</load_address>
         <run_address>0x2f01</run_address>
         <size>0x58</size>
         <input_file_ref idref="fl-39"/>
      </object_component>
      <object_component id="oc-e6">
         <name>.debug_line</name>
         <load_address>0x2f59</load_address>
         <run_address>0x2f59</run_address>
         <size>0x78</size>
         <input_file_ref idref="fl-3a"/>
      </object_component>
      <object_component id="oc-eb">
         <name>.debug_line</name>
         <load_address>0x2fd1</load_address>
         <run_address>0x2fd1</run_address>
         <size>0xa7</size>
         <input_file_ref idref="fl-3b"/>
      </object_component>
      <object_component id="oc-f0">
         <name>.debug_line</name>
         <load_address>0x3078</load_address>
         <run_address>0x3078</run_address>
         <size>0xa0</size>
         <input_file_ref idref="fl-3c"/>
      </object_component>
      <object_component id="oc-f5">
         <name>.debug_line</name>
         <load_address>0x3118</load_address>
         <run_address>0x3118</run_address>
         <size>0xa7</size>
         <input_file_ref idref="fl-3d"/>
      </object_component>
      <object_component id="oc-fe">
         <name>.debug_line</name>
         <load_address>0x31bf</load_address>
         <run_address>0x31bf</run_address>
         <size>0xc4</size>
         <input_file_ref idref="fl-3f"/>
      </object_component>
      <object_component id="oc-103">
         <name>.debug_line</name>
         <load_address>0x3283</load_address>
         <run_address>0x3283</run_address>
         <size>0x8e</size>
         <input_file_ref idref="fl-40"/>
      </object_component>
      <object_component id="oc-108">
         <name>.debug_line</name>
         <load_address>0x3311</load_address>
         <run_address>0x3311</run_address>
         <size>0x42</size>
         <input_file_ref idref="fl-41"/>
      </object_component>
      <object_component id="oc-1e">
         <name>.debug_abbrev</name>
         <load_address>0x0</load_address>
         <run_address>0x0</run_address>
         <size>0x230</size>
         <input_file_ref idref="fl-2"/>
      </object_component>
      <object_component id="oc-22">
         <name>.debug_abbrev</name>
         <load_address>0x230</load_address>
         <run_address>0x230</run_address>
         <size>0x21</size>
         <input_file_ref idref="fl-3"/>
      </object_component>
      <object_component id="oc-28">
         <name>.debug_abbrev</name>
         <load_address>0x251</load_address>
         <run_address>0x251</run_address>
         <size>0x166</size>
         <input_file_ref idref="fl-4"/>
      </object_component>
      <object_component id="oc-2e">
         <name>.debug_abbrev</name>
         <load_address>0x3b7</load_address>
         <run_address>0x3b7</run_address>
         <size>0x124</size>
         <input_file_ref idref="fl-a"/>
      </object_component>
      <object_component id="oc-34">
         <name>.debug_abbrev</name>
         <load_address>0x4db</load_address>
         <run_address>0x4db</run_address>
         <size>0x1d6</size>
         <input_file_ref idref="fl-b"/>
      </object_component>
      <object_component id="oc-3a">
         <name>.debug_abbrev</name>
         <load_address>0x6b1</load_address>
         <run_address>0x6b1</run_address>
         <size>0x193</size>
         <input_file_ref idref="fl-c"/>
      </object_component>
      <object_component id="oc-40">
         <name>.debug_abbrev</name>
         <load_address>0x844</load_address>
         <run_address>0x844</run_address>
         <size>0x19d</size>
         <input_file_ref idref="fl-d"/>
      </object_component>
      <object_component id="oc-47">
         <name>.debug_abbrev</name>
         <load_address>0x9e1</load_address>
         <run_address>0x9e1</run_address>
         <size>0x1af</size>
         <input_file_ref idref="fl-e"/>
      </object_component>
      <object_component id="oc-4e">
         <name>.debug_abbrev</name>
         <load_address>0xb90</load_address>
         <run_address>0xb90</run_address>
         <size>0x46</size>
         <input_file_ref idref="fl-1c"/>
      </object_component>
      <object_component id="oc-53">
         <name>.debug_abbrev</name>
         <load_address>0xbd6</load_address>
         <run_address>0xbd6</run_address>
         <size>0xfc</size>
         <input_file_ref idref="fl-1d"/>
      </object_component>
      <object_component id="oc-5a">
         <name>.debug_abbrev</name>
         <load_address>0xcd2</load_address>
         <run_address>0xcd2</run_address>
         <size>0x142</size>
         <input_file_ref idref="fl-1e"/>
      </object_component>
      <object_component id="oc-5f">
         <name>.debug_abbrev</name>
         <load_address>0xe14</load_address>
         <run_address>0xe14</run_address>
         <size>0x38</size>
         <input_file_ref idref="fl-1f"/>
      </object_component>
      <object_component id="oc-64">
         <name>.debug_abbrev</name>
         <load_address>0xe4c</load_address>
         <run_address>0xe4c</run_address>
         <size>0xa8</size>
         <input_file_ref idref="fl-20"/>
      </object_component>
      <object_component id="oc-69">
         <name>.debug_abbrev</name>
         <load_address>0xef4</load_address>
         <run_address>0xef4</run_address>
         <size>0x68</size>
         <input_file_ref idref="fl-21"/>
      </object_component>
      <object_component id="oc-6e">
         <name>.debug_abbrev</name>
         <load_address>0xf5c</load_address>
         <run_address>0xf5c</run_address>
         <size>0x109</size>
         <input_file_ref idref="fl-22"/>
      </object_component>
      <object_component id="oc-73">
         <name>.debug_abbrev</name>
         <load_address>0x1065</load_address>
         <run_address>0x1065</run_address>
         <size>0x66</size>
         <input_file_ref idref="fl-23"/>
      </object_component>
      <object_component id="oc-78">
         <name>.debug_abbrev</name>
         <load_address>0x10cb</load_address>
         <run_address>0x10cb</run_address>
         <size>0xb2</size>
         <input_file_ref idref="fl-24"/>
      </object_component>
      <object_component id="oc-7f">
         <name>.debug_abbrev</name>
         <load_address>0x117d</load_address>
         <run_address>0x117d</run_address>
         <size>0x1a6</size>
         <input_file_ref idref="fl-25"/>
      </object_component>
      <object_component id="oc-84">
         <name>.debug_abbrev</name>
         <load_address>0x1323</load_address>
         <run_address>0x1323</run_address>
         <size>0xfe</size>
         <input_file_ref idref="fl-26"/>
      </object_component>
      <object_component id="oc-89">
         <name>.debug_abbrev</name>
         <load_address>0x1421</load_address>
         <run_address>0x1421</run_address>
         <size>0xc1</size>
         <input_file_ref idref="fl-27"/>
      </object_component>
      <object_component id="oc-8c">
         <name>.debug_abbrev</name>
         <load_address>0x14e2</load_address>
         <run_address>0x14e2</run_address>
         <size>0x57</size>
         <input_file_ref idref="fl-28"/>
      </object_component>
      <object_component id="oc-90">
         <name>.debug_abbrev</name>
         <load_address>0x1539</load_address>
         <run_address>0x1539</run_address>
         <size>0x38</size>
         <input_file_ref idref="fl-29"/>
      </object_component>
      <object_component id="oc-95">
         <name>.debug_abbrev</name>
         <load_address>0x1571</load_address>
         <run_address>0x1571</run_address>
         <size>0x38</size>
         <input_file_ref idref="fl-2a"/>
      </object_component>
      <object_component id="oc-9a">
         <name>.debug_abbrev</name>
         <load_address>0x15a9</load_address>
         <run_address>0x15a9</run_address>
         <size>0x38</size>
         <input_file_ref idref="fl-2b"/>
      </object_component>
      <object_component id="oc-9f">
         <name>.debug_abbrev</name>
         <load_address>0x15e1</load_address>
         <run_address>0x15e1</run_address>
         <size>0x38</size>
         <input_file_ref idref="fl-2c"/>
      </object_component>
      <object_component id="oc-a4">
         <name>.debug_abbrev</name>
         <load_address>0x1619</load_address>
         <run_address>0x1619</run_address>
         <size>0x46</size>
         <input_file_ref idref="fl-2d"/>
      </object_component>
      <object_component id="oc-a9">
         <name>.debug_abbrev</name>
         <load_address>0x165f</load_address>
         <run_address>0x165f</run_address>
         <size>0x38</size>
         <input_file_ref idref="fl-2e"/>
      </object_component>
      <object_component id="oc-ae">
         <name>.debug_abbrev</name>
         <load_address>0x1697</load_address>
         <run_address>0x1697</run_address>
         <size>0x38</size>
         <input_file_ref idref="fl-2f"/>
      </object_component>
      <object_component id="oc-b3">
         <name>.debug_abbrev</name>
         <load_address>0x16cf</load_address>
         <run_address>0x16cf</run_address>
         <size>0x38</size>
         <input_file_ref idref="fl-30"/>
      </object_component>
      <object_component id="oc-b8">
         <name>.debug_abbrev</name>
         <load_address>0x1707</load_address>
         <run_address>0x1707</run_address>
         <size>0x38</size>
         <input_file_ref idref="fl-31"/>
      </object_component>
      <object_component id="oc-bd">
         <name>.debug_abbrev</name>
         <load_address>0x173f</load_address>
         <run_address>0x173f</run_address>
         <size>0x38</size>
         <input_file_ref idref="fl-32"/>
      </object_component>
      <object_component id="oc-c2">
         <name>.debug_abbrev</name>
         <load_address>0x1777</load_address>
         <run_address>0x1777</run_address>
         <size>0x38</size>
         <input_file_ref idref="fl-33"/>
      </object_component>
      <object_component id="oc-c7">
         <name>.debug_abbrev</name>
         <load_address>0x17af</load_address>
         <run_address>0x17af</run_address>
         <size>0x38</size>
         <input_file_ref idref="fl-34"/>
      </object_component>
      <object_component id="oc-cc">
         <name>.debug_abbrev</name>
         <load_address>0x17e7</load_address>
         <run_address>0x17e7</run_address>
         <size>0x5f</size>
         <input_file_ref idref="fl-35"/>
      </object_component>
      <object_component id="oc-d1">
         <name>.debug_abbrev</name>
         <load_address>0x1846</load_address>
         <run_address>0x1846</run_address>
         <size>0xe3</size>
         <input_file_ref idref="fl-36"/>
      </object_component>
      <object_component id="oc-d6">
         <name>.debug_abbrev</name>
         <load_address>0x1929</load_address>
         <run_address>0x1929</run_address>
         <size>0x9d</size>
         <input_file_ref idref="fl-37"/>
      </object_component>
      <object_component id="oc-db">
         <name>.debug_abbrev</name>
         <load_address>0x19c6</load_address>
         <run_address>0x19c6</run_address>
         <size>0xa8</size>
         <input_file_ref idref="fl-38"/>
      </object_component>
      <object_component id="oc-e1">
         <name>.debug_abbrev</name>
         <load_address>0x1a6e</load_address>
         <run_address>0x1a6e</run_address>
         <size>0xcf</size>
         <input_file_ref idref="fl-39"/>
      </object_component>
      <object_component id="oc-e7">
         <name>.debug_abbrev</name>
         <load_address>0x1b3d</load_address>
         <run_address>0x1b3d</run_address>
         <size>0xdf</size>
         <input_file_ref idref="fl-3a"/>
      </object_component>
      <object_component id="oc-ec">
         <name>.debug_abbrev</name>
         <load_address>0x1c1c</load_address>
         <run_address>0x1c1c</run_address>
         <size>0x9d</size>
         <input_file_ref idref="fl-3b"/>
      </object_component>
      <object_component id="oc-f1">
         <name>.debug_abbrev</name>
         <load_address>0x1cb9</load_address>
         <run_address>0x1cb9</run_address>
         <size>0x9d</size>
         <input_file_ref idref="fl-3c"/>
      </object_component>
      <object_component id="oc-f6">
         <name>.debug_abbrev</name>
         <load_address>0x1d56</load_address>
         <run_address>0x1d56</run_address>
         <size>0xa8</size>
         <input_file_ref idref="fl-3d"/>
      </object_component>
      <object_component id="oc-fb">
         <name>.debug_abbrev</name>
         <load_address>0x1dfe</load_address>
         <run_address>0x1dfe</run_address>
         <size>0x31</size>
         <input_file_ref idref="fl-3e"/>
      </object_component>
      <object_component id="oc-ff">
         <name>.debug_abbrev</name>
         <load_address>0x1e2f</load_address>
         <run_address>0x1e2f</run_address>
         <size>0x38</size>
         <input_file_ref idref="fl-3f"/>
      </object_component>
      <object_component id="oc-104">
         <name>.debug_abbrev</name>
         <load_address>0x1e67</load_address>
         <run_address>0x1e67</run_address>
         <size>0x38</size>
         <input_file_ref idref="fl-40"/>
      </object_component>
      <object_component id="oc-109">
         <name>.debug_abbrev</name>
         <load_address>0x1e9f</load_address>
         <run_address>0x1e9f</run_address>
         <size>0xcf</size>
         <input_file_ref idref="fl-41"/>
      </object_component>
      <object_component id="oc-174">
         <name>.debug_abbrev</name>
[...]
         <attributes>RWIX</attributes>
         <usage_details>
         </usage_details>
      </memory_area>
      <memory_area display="yes" color="green">
         <name>RAMGS10</name>
         <page_id>0x1</page_id>
         <origin>0x16000</origin>
         <length>0x1000</length>
         <used_space>0x0</used_space>
         <unused_space>0x1000</unused_space>
         <attributes>RWIX</attributes>
         <usage_details>
         </usage_details>
      </memory_area>
      <memory_area display="yes" color="green">
         <name>RAMGS11</name>
         <page_id>0x1</page_id>
         <origin>0x17000</origin>
         <length>0x1000</length>
         <used_space>0x0</used_space>
         <unused_space>0x1000</unused_space>
         <attributes>RWIX</attributes>
         <usage_details>
         </usage_details>
      </memory_area>
   </placement_map>
   <symbol_table>
      <symbol id="sm-0">
         <name>_RamfuncsLoadStart</name>
         <value>0x86000</value>
      </symbol>
      <symbol id="sm-1">
         <name>_RamfuncsLoadSize</name>
         <value>0x135</value>
      </symbol>
      <symbol id="sm-2">
         <name>_RamfuncsLoadEnd</name>
         <value>0x86135</value>
      </symbol>
      <symbol id="sm-3">
         <name>_RamfuncsRunStart</name>
         <value>0x8000</value>
      </symbol>
      <symbol id="sm-4">
         <name>_RamfuncsRunSize</name>
         <value>0x135</value>
      </symbol>
      <symbol id="sm-5">
         <name>_RamfuncsRunEnd</name>
         <value>0x8135</value>
      </symbol>
      <symbol id="sm-6">
         <name>cinit</name>
         <value>0x82000</value>
      </symbol>
      <symbol id="sm-7">
         <name>___cinit__</name>
         <value>0x82000</value>
      </symbol>
      <symbol id="sm-8">
         <name>pinit</name>
         <value>0xffffffff</value>
      </symbol>
      <symbol id="sm-9">
         <name>___pinit__</name>
         <value>0xffffffff</value>
      </symbol>
      <symbol id="sm-a">
         <name>binit</name>
         <value>0xffffffff</value>
      </symbol>
      <symbol id="sm-b">
         <name>___binit__</name>
         <value>0xffffffff</value>
      </symbol>
      <symbol id="sm-c">
         <name>__STACK_SIZE</name>
         <value>0x100</value>
      </symbol>
      <symbol id="sm-d">
         <name>__STACK_END</name>
         <value>0x500</value>
      </symbol>
      <symbol id="sm-e">
         <name>___c_args__</name>
         <value>0xffffffff</value>
      </symbol>
      <symbol id="sm-f">
         <name>.text</name>
         <value>0xffffffff</value>
      </symbol>
      <symbol id="sm-10">
         <name>___text__</name>
         <value>0xffffffff</value>
      </symbol>
      <symbol id="sm-11">
         <name>etext</name>
         <value>0xffffffff</value>
      </symbol>
      <symbol id="sm-12">
         <name>___etext__</name>
         <value>0xffffffff</value>
      </symbol>
      <symbol id="sm-13">
         <name>___TI_pprof_out_hndl</name>
         <value>0xffffffff</value>
      </symbol>
      <symbol id="sm-14">
         <name>___TI_prof_data_start</name>
         <value>0xffffffff</value>
      </symbol>
      <symbol id="sm-15">
         <name>___TI_prof_data_size</name>
         <value>0xffffffff</value>
      </symbol>
      <symbol id="sm-d8">
         <name>_init_uart</name>
         <value>0x83168</value>
         <object_component_ref idref="oc-10b"/>
      </symbol>
      <symbol id="sm-d9">
         <name>_main</name>
         <value>0x832f4</value>
         <object_component_ref idref="oc-10b"/>
      </symbol>
      <symbol id="sm-da">
         <name>_receivedChar</name>
         <value>0xa81c</value>
         <object_component_ref idref="oc-19"/>
      </symbol>
      <symbol id="sm-db">
         <name>_epwm2ISR</name>
         <value>0x8387f</value>
         <object_component_ref idref="oc-1a"/>
      </symbol>
      <symbol id="sm-dc">
         <name>_input_previous</name>
         <value>0xa804</value>
         <object_component_ref idref="oc-19"/>
      </symbol>
      <symbol id="sm-dd">
         <name>_error</name>
         <value>0xa808</value>
         <object_component_ref idref="oc-19"/>
      </symbol>
      <symbol id="sm-de">
         <name>_msg</name>
         <value>0xa818</value>
         <object_component_ref idref="oc-19"/>
      </symbol>
      <symbol id="sm-df">
         <name>_init_gpio</name>
         <value>0x8313f</value>
         <object_component_ref idref="oc-10b"/>
      </symbol>
      <symbol id="sm-e0">
         <name>_init_pwm</name>
         <value>0x83240</value>
         <object_component_ref idref="oc-10b"/>
      </symbol>
      <symbol id="sm-e1">
         <name>_kp</name>
         <value>0xa812</value>
         <object_component_ref idref="oc-19"/>
      </symbol>
      <symbol id="sm-e2">
         <name>_ki</name>
         <value>0xa81a</value>
         <object_component_ref idref="oc-19"/>
      </symbol>
      <symbol id="sm-e3">
         <name>_kd</name>
         <value>0xa816</value>
         <object_component_ref idref="oc-19"/>
      </symbol>
      <symbol id="sm-e4">
         <name>_error_integrated</name>
         <value>0xa806</value>
         <object_component_ref idref="oc-19"/>
      </symbol>
      <symbol id="sm-e5">
         <name>_setpoint</name>
         <value>0xa810</value>
         <object_component_ref idref="oc-19"/>
      </symbol>
      <symbol id="sm-e6">
         <name>_bidirectional_motor</name>
         <value>0x8310d</value>
         <object_component_ref idref="oc-10b"/>
      </symbol>
      <symbol id="sm-e7">
         <name>_out_max</name>
         <value>0xa814</value>
         <object_component_ref idref="oc-19"/>
      </symbol>
      <symbol id="sm-e8">
         <name>_output</name>
         <value>0xa80c</value>
         <object_component_ref idref="oc-19"/>
      </symbol>
      <symbol id="sm-e9">
         <name>_init_eqep</name>
         <value>0x831d0</value>
         <object_component_ref idref="oc-10b"/>
      </symbol>
      <symbol id="sm-ea">
         <name>_str</name>
         <value>0xa840</value>
         <object_component_ref idref="oc-19"/>
      </symbol>
      <symbol id="sm-eb">
         <name>_input_differentiated</name>
         <value>0xa802</value>
         <object_component_ref idref="oc-19"/>
      </symbol>
      <symbol id="sm-ec">
         <name>_init_smartwinch</name>
         <value>0x832eb</value>
         <object_component_ref idref="oc-10b"/>
      </symbol>
      <symbol id="sm-ed">
         <name>_out_min</name>
         <value>0xa80e</value>
         <object_component_ref idref="oc-19"/>
      </symbol>
      <symbol id="sm-ee">
         <name>_input</name>
         <value>0xa80a</value>
         <object_component_ref idref="oc-19"/>
      </symbol>
      <symbol id="sm-fb">
         <name>code_start</name>
         <value>0x80000</value>
         <object_component_ref idref="oc-16"/>
      </symbol>
      <symbol id="sm-112">
         <name>_Device_initGPIO</name>
         <value>0x83700</value>
         <object_component_ref idref="oc-111"/>
      </symbol>
      <symbol id="sm-113">
         <name>___error__</name>
         <value>0x83771</value>
         <object_component_ref idref="oc-111"/>
      </symbol>
      <symbol id="sm-114">
         <name>_Device_enableUnbondedGPIOPullupsFor176Pin</name>
         <value>0x83721</value>
         <object_component_ref idref="oc-111"/>
      </symbol>
      <symbol id="sm-115">
         <name>_Device_enableUnbondedGPIOPullups</name>
         <value>0x8375b</value>
         <object_component_ref idref="oc-111"/>
      </symbol>
      <symbol id="sm-116">
         <name>_Device_init</name>
         <value>0x835cd</value>
         <object_component_ref idref="oc-111"/>
      </symbol>
      <symbol id="sm-117">
         <name>_Device_enableUnbondedGPIOPullupsFor100Pin</name>
         <value>0x83738</value>
         <object_component_ref idref="oc-111"/>
      </symbol>
      <symbol id="sm-118">
         <name>_Device_enableAllPeripherals</name>
         <value>0x83611</value>
         <object_component_ref idref="oc-111"/>
      </symbol>
      <symbol id="sm-15c">
         <name>_Flash_initModule</name>
         <value>0x8000</value>
         <object_component_ref idref="oc-121"/>
      </symbol>
      <symbol id="sm-186">
         <name>_GPIO_setMasterCore</name>
         <value>0x83f5a</value>
         <object_component_ref idref="oc-115"/>
      </symbol>
      <symbol id="sm-187">
         <name>_GPIO_setPinConfig</name>
         <value>0x83f1d</value>
         <object_component_ref idref="oc-112"/>
      </symbol>
      <symbol id="sm-188">
         <name>_GPIO_setDirectionMode</name>
         <value>0x84032</value>
         <object_component_ref idref="oc-114"/>
      </symbol>
      <symbol id="sm-189">
         <name>_GPIO_setQualificationMode</name>
         <value>0x83f92</value>
         <object_component_ref idref="oc-116"/>
      </symbol>
      <symbol id="sm-18a">
         <name>_GPIO_setPadConfig</name>
         <value>0x83db7</value>
         <object_component_ref idref="oc-113"/>
      </symbol>
      <symbol id="sm-1bc">
         <name>_Interrupt_enable</name>
         <value>0x83fca</value>
         <object_component_ref idref="oc-119"/>
      </symbol>
      <symbol id="sm-1bd">
         <name>_Interrupt_initVectorTable</name>
         <value>0x841f3</value>
         <object_component_ref idref="oc-11b"/>
      </symbol>
      <symbol id="sm-1be">
         <name>_Interrupt_initModule</name>
         <value>0x83d63</value>
         <object_component_ref idref="oc-11a"/>
      </symbol>
      <symbol id="sm-203">
         <name>_SCI_clearInterruptStatus</name>
         <value>0x83e56</value>
         <object_component_ref idref="oc-118"/>
      </symbol>
      <symbol id="sm-204">
         <name>_SCI_setConfig</name>
         <value>0x83edd</value>
         <object_component_ref idref="oc-117"/>
      </symbol>
      <symbol id="sm-205">
         <name>_SCI_writeCharArray</name>
         <value>0x83e9c</value>
         <object_component_ref idref="oc-11c"/>
      </symbol>
      <symbol id="sm-256">
         <name>_SysCtl_delay</name>
         <value>0x8131</value>
         <object_component_ref idref="oc-43"/>
      </symbol>
      <symbol id="sm-257">
         <name>_SysCtl_selectOscSource</name>
         <value>0x83e09</value>
         <object_component_ref idref="oc-141"/>
      </symbol>
      <symbol id="sm-258">
         <name>_SysCtl_setClock</name>
         <value>0x8336a</value>
         <object_component_ref idref="oc-122"/>
      </symbol>
      <symbol id="sm-259">
         <name>_SysCtl_getLowSpeedClock</name>
         <value>0x842fd</value>
         <object_component_ref idref="oc-124"/>
      </symbol>
      <symbol id="sm-25a">
         <name>_SysCtl_getClock</name>
         <value>0x83c45</value>
         <object_component_ref idref="oc-123"/>
      </symbol>
      <symbol id="sm-275">
         <name>_c_int00</name>
         <value>0x83d0d</value>
         <object_component_ref idref="oc-49"/>
      </symbol>
      <symbol id="sm-276">
         <name>__stack</name>
         <value>0x400</value>
         <object_component_ref idref="oc-4a"/>
      </symbol>
      <symbol id="sm-285">
         <name>_copy_in</name>
         <value>0x84168</value>
         <object_component_ref idref="oc-10d"/>
      </symbol>
      <symbol id="sm-299">
         <name>C$$EXIT</name>
         <value>0x8413f</value>
         <object_component_ref idref="oc-110"/>
      </symbol>
      <symbol id="sm-29a">
         <name>_exit</name>
         <value>0x84141</value>
         <object_component_ref idref="oc-110"/>
      </symbol>
      <symbol id="sm-29b">
         <name>___TI_cleanup_ptr</name>
         <value>0xa8c2</value>
         <object_component_ref idref="oc-57"/>
      </symbol>
      <symbol id="sm-29c">
         <name>___TI_enable_exit_profile_output</name>
         <value>0xa8c0</value>
         <object_component_ref idref="oc-57"/>
      </symbol>
      <symbol id="sm-29d">
         <name>_abort</name>
         <value>0x8413f</value>
         <object_component_ref idref="oc-110"/>
      </symbol>
      <symbol id="sm-29e">
         <name>___TI_dtors_ptr</name>
         <value>0xa8c4</value>
         <object_component_ref idref="oc-57"/>
      </symbol>
      <symbol id="sm-2af">
         <name>FS$$DIV</name>
         <value>0x83b3a</value>
         <object_component_ref idref="oc-5c"/>
      </symbol>
      <symbol id="sm-2c0">
         <name>_memcpy</name>
         <value>0x8426f</value>
         <object_component_ref idref="oc-11e"/>
      </symbol>
      <symbol id="sm-2cc">
         <name>__system_pre_init</name>
         <value>0x8446b</value>
         <object_component_ref idref="oc-10c"/>
      </symbol>
      <symbol id="sm-2da">
         <name>_sprintf</name>
         <value>0x84000</value>
         <object_component_ref idref="oc-11d"/>
      </symbol>
      <symbol id="sm-2e6">
         <name>__system_post_cinit</name>
         <value>0x83fff</value>
         <object_component_ref idref="oc-10e"/>
      </symbol>
      <symbol id="sm-2fa">
         <name>__unlock</name>
         <value>0xa8c8</value>
         <object_component_ref idref="oc-14c"/>
      </symbol>
      <symbol id="sm-2fb">
         <name>__lock</name>
         <value>0xa8c6</value>
         <object_component_ref idref="oc-11f"/>
      </symbol>
      <symbol id="sm-2fc">
         <name>__register_lock</name>
         <value>0x8444e</value>
         <object_component_ref idref="oc-133"/>
      </symbol>
      <symbol id="sm-2fd">
         <name>__nop</name>
         <value>0x84452</value>
         <object_component_ref idref="oc-133"/>
      </symbol>
      <symbol id="sm-2fe">
         <name>__register_unlock</name>
         <value>0x8444a</value>
         <object_component_ref idref="oc-133"/>
      </symbol>
      <symbol id="sm-429">
         <name>___TI_printfi</name>
         <value>0x82b43</value>
         <object_component_ref idref="oc-132"/>
      </symbol>
      <symbol id="sm-438">
         <name>__args_main</name>
         <value>0x84349</value>
         <object_component_ref idref="oc-10f"/>
      </symbol>
      <symbol id="sm-44c">
         <name>_atoi</name>
         <value>0x84063</value>
         <object_component_ref idref="oc-143"/>
      </symbol>
      <symbol id="sm-454">
         <name>__ctypes_</name>
         <value>0x9012f</value>
         <object_component_ref idref="oc-14d"/>
      </symbol>
      <symbol id="sm-464">
         <name>FD$$CMP</name>
         <value>0x840c2</value>
         <object_component_ref idref="oc-8d"/>
      </symbol>
      <symbol id="sm-47b">
         <name>FD$$DIV</name>
         <value>0x83aaf</value>
         <object_component_ref idref="oc-92"/>
      </symbol>
      <symbol id="sm-48d">
         <name>FD$$MPY</name>
         <value>0x83bc2</value>
         <object_component_ref idref="oc-97"/>
      </symbol>
      <symbol id="sm-49a">
         <name>FD$$NEG</name>
         <value>0x84453</value>
         <object_component_ref idref="oc-9c"/>
      </symbol>
      <symbol id="sm-4a6">
         <name>FD$$SUB</name>
         <value>0x843e9</value>
         <object_component_ref idref="oc-a1"/>
      </symbol>
      <symbol id="sm-4b5">
         <name>FD$$TOI</name>
         <value>0x841d2</value>
         <object_component_ref idref="oc-a6"/>
      </symbol>
      <symbol id="sm-4c4">
         <name>FD$$TOL</name>
         <value>0x84232</value>
         <object_component_ref idref="oc-ab"/>
      </symbol>
      <symbol id="sm-4d4">
         <name>FS$$TOFD</name>
         <value>0x842aa</value>
         <object_component_ref idref="oc-b0"/>
      </symbol>
      <symbol id="sm-4e4">
         <name>I$$TOFD</name>
         <value>0x8428d</value>
         <object_component_ref idref="oc-b5"/>
      </symbol>
      <symbol id="sm-4f4">
         <name>L$$TOFD</name>
         <value>0x842c6</value>
         <object_component_ref idref="oc-ba"/>
      </symbol>
      <symbol id="sm-500">
         <name>LL$$AND</name>
         <value>0x84362</value>
         <object_component_ref idref="oc-bf"/>
      </symbol>
      <symbol id="sm-501">
         <name>LL$$OR</name>
         <value>0x8436a</value>
         <object_component_ref idref="oc-bf"/>
      </symbol>
      <symbol id="sm-502">
         <name>LL$$XOR</name>
         <value>0x84372</value>
         <object_component_ref idref="oc-bf"/>
      </symbol>
      <symbol id="sm-510">
         <name>ULL$$CMP</name>
         <value>0x84263</value>
         <object_component_ref idref="oc-c4"/>
      </symbol>
      <symbol id="sm-511">
         <name>LL$$CMP</name>
         <value>0x84251</value>
         <object_component_ref idref="oc-c4"/>
      </symbol>
      <symbol id="sm-53d">
         <name>ULL$$MOD</name>
         <value>0x8381d</value>
         <object_component_ref idref="oc-c9"/>
      </symbol>
      <symbol id="sm-53e">
         <name>ULL$$DIV</name>
         <value>0x837ee</value>
         <object_component_ref idref="oc-c9"/>
      </symbol>
      <symbol id="sm-53f">
         <name>LL$$MOD</name>
         <value>0x837b4</value>
         <object_component_ref idref="oc-c9"/>
      </symbol>
      <symbol id="sm-540">
         <name>LL$$DIV</name>
         <value>0x83778</value>
         <object_component_ref idref="oc-c9"/>
      </symbol>
      <symbol id="sm-54e">
         <name>_ltoa</name>
         <value>0x84094</value>
         <object_component_ref idref="oc-145"/>
      </symbol>
      <symbol id="sm-55d">
         <name>_memccpy</name>
         <value>0x84411</value>
         <object_component_ref idref="oc-14b"/>
      </symbol>
      <symbol id="sm-56b">
         <name>_memset</name>
         <value>0x8441e</value>
         <object_component_ref idref="oc-149"/>
      </symbol>
      <symbol id="sm-57e">
         <name>_frexpl</name>
         <value>0x83cb3</value>
         <object_component_ref idref="oc-146"/>
      </symbol>
      <symbol id="sm-59b">
         <name>_scalbnl</name>
         <value>0x83957</value>
         <object_component_ref idref="oc-147"/>
      </symbol>
      <symbol id="sm-59c">
         <name>_ldexpl</name>
         <value>0x83957</value>
         <object_component_ref idref="oc-147"/>
      </symbol>
      <symbol id="sm-5ab">
         <name>_strchr</name>
         <value>0x8442a</value>
         <object_component_ref idref="oc-148"/>
      </symbol>
      <symbol id="sm-5b8">
         <name>_strcpy</name>
         <value>0x84464</value>
         <object_component_ref idref="oc-14a"/>
      </symbol>
      <symbol id="sm-5c5">
         <name>_strlen</name>
         <value>0x8445c</value>
         <object_component_ref idref="oc-144"/>
      </symbol>
      <symbol id="sm-5cf">
         <name>_errno</name>
         <value>0xa8ca</value>
         <object_component_ref idref="oc-fa"/>
      </symbol>
      <symbol id="sm-5ea">
         <name>FD$$ADD</name>
         <value>0x83a13</value>
         <object_component_ref idref="oc-fc"/>
      </symbol>
      <symbol id="sm-5f6">
         <name>UL$$MOD</name>
         <value>0x84110</value>
         <object_component_ref idref="oc-101"/>
      </symbol>
      <symbol id="sm-5f7">
         <name>L$$MOD</name>
         <value>0x840fb</value>
         <object_component_ref idref="oc-101"/>
      </symbol>
      <symbol id="sm-5f8">
         <name>L$$DIV</name>
         <value>0x840ec</value>
         <object_component_ref idref="oc-101"/>
      </symbol>
      <symbol id="sm-5f9">
         <name>UL$$DIV</name>
         <value>0x84109</value>
         <object_component_ref idref="oc-101"/>
      </symbol>
      <symbol id="sm-606">
         <name>_copysignl</name>
         <value>0x8418c</value>
         <object_component_ref idref="oc-14e"/>
      </symbol>
   </symbol_table>
   <title>Link successful</title>
</link_info>
