******************************************************************************
             TMS320C2000 Linker PC v18.1.0                     
******************************************************************************
>> Linked Tue Mar 20 11:44:52 2018

OUTPUT FILE NAME:   <SmartWinchDualCore.out>
ENTRY POINT SYMBOL: "code_start"  address: 00080000


MEMORY CONFIGURATION

         name            origin    length      used     unused   attr    fill
----------------------  --------  ---------  --------  --------  ----  --------
PAGE 0:
  RAMM0                 00000122   000002de  00000000  000002de  RWIX
  RAMLS0                00008000   00000800  00000135  000006cb  RWIX
  RAMLS1                00008800   00000800  00000000  00000800  RWIX
  RAMLS2                00009000   00000800  00000000  00000800  RWIX
  RAMLS3                00009800   00000800  00000000  00000800  RWIX
  RAMLS4                0000a000   00000800  00000000  00000800  RWIX
  RAMD0                 0000b000   00000800  00000000  00000800  RWIX
  RAMGS14               0001a000   00001000  00000000  00001000  RWIX
  RAMGS15               0001b000   00001000  00000000  00001000  RWIX
  BEGIN                 00080000   00000002  00000002  00000000  RWIX
  FLASHA                00080002   00001ffe  00000266  00001d98  RWIX
  FLASHB                00082000   00002000  00001fff  00000001  RWIX
  FLASHC                00084000   00002000  00000882  0000177e  RWIX
  FLASHD                00086000   00002000  00000135  00001ecb  RWIX
  FLASHE                00088000   00008000  00000000  00008000  RWIX
  FLASHF                00090000   00008000  00000449  00007bb7  RWIX
  FLASHG                00098000   00008000  00000000  00008000  RWIX
  FLASHH                000a0000   00008000  00000000  00008000  RWIX
  FLASHI                000a8000   00008000  00000000  00008000  RWIX
  FLASHJ                000b0000   00008000  00000000  00008000  RWIX
  FLASHK                000b8000   00002000  00000000  00002000  RWIX
  FLASHL                000ba000   00002000  00000000  00002000  RWIX
  FLASHM                000bc000   00002000  00000000  00002000  RWIX
  FLASHN                000be000   00002000  00000000  00002000  RWIX
  RESET                 003fffc0   00000002  00000000  00000002  RWIX

PAGE 1:
  BOOT_RSVD             00000002   00000120  00000000  00000120  RWIX
  RAMM1                 00000400   00000400  00000100  00000300  RWIX
  ADCA_RESULT           00000b00   00000020  00000000  00000020  RWIX
  ADCB_RESULT           00000b20   00000020  00000000  00000020  RWIX
  ADCC_RESULT           00000b40   00000020  00000000  00000020  RWIX
  ADCD_RESULT           00000b60   00000020  00000000  00000020  RWIX
  CPU_TIMER0            00000c00   00000008  00000000  00000008  RWIX
  CPU_TIMER1            00000c08   00000008  00000000  00000008  RWIX
  CPU_TIMER2            00000c10   00000008  00000000  00000008  RWIX
  PIE_CTRL              00000ce0   00000020  00000000  00000020  RWIX
  PIE_VECT              00000d00   00000200  00000000  00000200  RWIX
  DMA                   00001000   00000200  00000000  00000200  RWIX
  CLA1                  00001400   00000040  00000000  00000040  RWIX
  EPWM1                 00004000   00000100  00000000  00000100  RWIX
  EPWM2                 00004100   00000100  00000000  00000100  RWIX
  EPWM3                 00004200   00000100  00000000  00000100  RWIX
  EPWM4                 00004300   00000100  00000000  00000100  RWIX
  EPWM5                 00004400   00000100  00000000  00000100  RWIX
  EPWM6                 00004500   00000100  00000000  00000100  RWIX
  EPWM7                 00004600   00000100  00000000  00000100  RWIX
  EPWM8                 00004700   00000100  00000000  00000100  RWIX
  EPWM9                 00004800   00000100  00000000  00000100  RWIX
  EPWM10                00004900   00000100  00000000  00000100  RWIX
  EPWM11                00004a00   00000100  00000000  00000100  RWIX
  EPWM12                00004b00   00000100  00000000  00000100  RWIX
  ECAP1                 00005000   00000020  00000000  00000020  RWIX
  ECAP2                 00005020   00000020  00000000  00000020  RWIX
  ECAP3                 00005040   00000020  00000000  00000020  RWIX
  ECAP4                 00005060   00000020  00000000  00000020  RWIX
  ECAP5                 00005080   00000020  00000000  00000020  RWIX
  ECAP6                 000050a0   00000020  00000000  00000020  RWIX
  EQEP1                 00005100   00000040  00000000  00000040  RWIX
  EQEP2                 00005140   00000040  00000000  00000040  RWIX
  EQEP3                 00005180   00000040  00000000  00000040  RWIX
  DACA                  00005c00   00000010  00000000  00000010  RWIX
  DACB                  00005c10   00000010  00000000  00000010  RWIX
  DACC                  00005c20   00000010  00000000  00000010  RWIX
  CMPSS1                00005c80   00000020  00000000  00000020  RWIX
  CMPSS2                00005ca0   00000020  00000000  00000020  RWIX
  CMPSS3                00005cc0   00000020  00000000  00000020  RWIX
  CMPSS4                00005ce0   00000020  00000000  00000020  RWIX
  CMPSS5                00005d00   00000020  00000000  00000020  RWIX
  CMPSS6                00005d20   00000020  00000000  00000020  RWIX
  CMPSS7                00005d40   00000020  00000000  00000020  RWIX
  CMPSS8                00005d60   00000020  00000000  00000020  RWIX
  SDFM1                 00005e00   00000080  00000000  00000080  RWIX
  SDFM2                 00005e80   00000080  00000000  00000080  RWIX
  MCBSPA                00006000   00000040  00000000  00000040  RWIX
  MCBSPB                00006040   00000040  00000000  00000040  RWIX
  SPIA                  00006100   00000010  00000000  00000010  RWIX
  SPIB                  00006110   00000010  00000000  00000010  RWIX
  SPIC                  00006120   00000010  00000000  00000010  RWIX
  SPID                  00006130   00000010  00000000  00000010  RWIX
  UPP                   00006200   00000100  00000000  00000100  RWIX
  WD                    00007000   00000040  00000000  00000040  RWIX
  NMIINTRUPT            00007060   00000010  00000000  00000010  RWIX
  XINT                  00007070   00000010  00000000  00000010  RWIX
  SCIA                  00007200   00000010  00000000  00000010  RWIX
  SCIB                  00007210   00000010  00000000  00000010  RWIX
  SCIC                  00007220   00000010  00000000  00000010  RWIX
  SCID                  00007230   00000010  00000000  00000010  RWIX
  I2CA                  00007300   00000040  00000000  00000040  RWIX
  I2CB                  00007340   00000040  00000000  00000040  RWIX
  ADCA                  00007400   00000080  00000000  00000080  RWIX
  ADCB                  00007480   00000080  00000000  00000080  RWIX
  ADCC                  00007500   00000080  00000000  00000080  RWIX
  ADCD                  00007580   00000080  00000000  00000080  RWIX
  INPUT_XBAR            00007900   00000020  00000000  00000020  RWIX
  XBAR                  00007920   00000020  00000000  00000020  RWIX
  SYNC_SOC              00007940   00000010  00000000  00000010  RWIX
  DMACLASRCSEL          00007980   00000040  00000000  00000040  RWIX
  EPWM_XBAR             00007a00   00000040  00000000  00000040  RWIX
  CLB_XBAR              00007a40   00000040  00000000  00000040  RWIX
  OUTPUT_XBAR           00007a80   00000040  00000000  00000040  RWIX
  GPIOCTRL              00007c00   00000180  00000000  00000180  RWIX
  GPIODAT               00007f00   00000030  00000000  00000030  RWIX
  RAMLS5                0000a800   00000800  000007ee  00000012  RWIX
  RAMD1                 0000b800   00000800  00000000  00000800  RWIX
  RAMGS0                0000c000   00001000  00001000  00000000  RWIX
  RAMGS1                0000d000   00001000  00000e7f  00000181  RWIX
  RAMGS2                0000e000   00001000  00000000  00001000  RWIX
  RAMGS3                0000f000   00001000  00000000  00001000  RWIX
  RAMGS4                00010000   00001000  00000000  00001000  RWIX
  RAMGS5                00011000   00001000  00000000  00001000  RWIX
  RAMGS6                00012000   00001000  00000000  00001000  RWIX
  RAMGS7                00013000   00001000  00000000  00001000  RWIX
  RAMGS8                00014000   00001000  00000000  00001000  RWIX
  RAMGS9                00015000   00001000  00000000  00001000  RWIX
  RAMGS10               00016000   00001000  00000000  00001000  RWIX
  RAMGS11               00017000   00001000  00000000  00001000  RWIX
  RAMGS12               00018000   00001000  00000000  00001000  RWIX
  RAMGS13               00019000   00001000  00000000  00001000  RWIX
  CPU2TOCPU1RAM         0003f800   00000400  00000000  00000400  RWIX
  CPU1TOCPU2RAM         0003fc00   00000400  00000000  00000400  RWIX
  EMIF1                 00047000   00000800  00000000  00000800  RWIX
  EMIF2                 00047800   00000800  00000000  00000800  RWIX
  CANA                  00048000   00000800  00000000  00000800  RWIX
  CANB                  0004a000   00000800  00000000  00000800  RWIX
  IPC                   00050000   00000024  00000000  00000024  RWIX
  FLASHPUMPSEMAPHORE    00050024   00000002  00000000  00000002  RWIX
  DEV_CFG               0005d000   00000180  00000000  00000180  RWIX
  ANALOG_SUBSYS         0005d180   00000080  00000000  00000080  RWIX
  CLK_CFG               0005d200   00000100  00000000  00000100  RWIX
  CPU_SYS               0005d300   00000100  00000000  00000100  RWIX
  ROMPREFETCH           0005e608   00000002  00000000  00000002  RWIX
  DCSM_Z1               0005f000   00000030  00000000  00000030  RWIX
  DCSM_Z2               0005f040   00000030  00000000  00000030  RWIX
  DCSM_COMMON           0005f070   00000010  00000000  00000010  RWIX
  MEMCFG                0005f400   00000080  00000000  00000080  RWIX
  EMIF1CONFIG           0005f480   00000020  00000000  00000020  RWIX
  EMIF2CONFIG           0005f4a0   00000020  00000000  00000020  RWIX
  ACCESSPROTECTION      0005f4c0   00000040  00000000  00000040  RWIX
  MEMORYERROR           0005f500   00000040  00000000  00000040  RWIX
  ROMWAITSTATE          0005f540   00000002  00000000  00000002  RWIX
  FLASH0_CTRL           0005f800   00000300  00000000  00000300  RWIX
  FLASH0_ECC            0005fb00   00000040  00000000  00000040  RWIX


SECTION ALLOCATION MAP

 output                                  attributes/
section   page    origin      length       input sections
--------  ----  ----------  ----------   ----------------
.cinit     0    00082000    00000093     
                  00082000    0000002e     interrupt_handlers.obj (.cinit)
                  0008202e    00000018     buffered_serial.obj (.cinit)
                  00082046    00000018     buffered_serial_B.obj (.cinit)
                  0008205e    0000000e     modbusRTU.obj (.cinit)
                  0008206c    0000000e     rts2800_fpu32.lib : exit.c.obj (.cinit)
                  0008207a    00000005                       : _lock.c.obj (.cinit:__lock)
                  0008207f    00000005                       : _lock.c.obj (.cinit:__unlock)
                  00082084    00000005     main.obj (.cinit)
                  00082089    00000004     rts2800_fpu32.lib : errno.c.obj (.cinit)
                  0008208d    00000004                       : memory.c.obj (.cinit)
                  00082091    00000002     --HOLE-- [fill = 0]

.pinit     0    00082000    00000000     UNINITIALIZED

codestart 
*          0    00080000    00000002     
                  00080000    00000002     F2837xD_CodeStartBranch.obj (codestart)

.stack     1    00000400    00000100     UNINITIALIZED
                  00000400    00000100     --HOLE--

.esysmem   1    0000a800    00000400     UNINITIALIZED
                  0000a800    00000001     rts2800_fpu32.lib : memory.c.obj (.esysmem)
                  0000a801    000003ff     --HOLE--

dclfuncs   0    00080002    00000266     
                  00080002    000000af     DCL_DF13.obj (dclfuncs)
                  000800b1    0000009d     DCL_DF23.obj (dclfuncs)
                  0008014e    00000079     DCL_DF22.obj (dclfuncs)
                  000801c7    00000067     DCL_PID.obj (dclfuncs)
                  0008022e    0000003a     DCL_PI.obj (dclfuncs)

.reset     0    003fffc0    00000002     DSECT
                  003fffc0    00000002     rts2800_fpu32.lib : boot28.asm.obj (.reset)

.TI.ramfunc 
*          0    00086000    00000135     RUN ADDR = 00008000
                  00086000    00000043     driverlib.lib : flash.obj (.TI.ramfunc:_Flash_initModule)
                  00086043    00000032                   : flash.obj (.TI.ramfunc:_Flash_setBankPowerMode)
                  00086075    00000026                   : flash.obj (.TI.ramfunc:_Flash_setWaitstates)
                  0008609b    0000001f                   : flash.obj (.TI.ramfunc:_Flash_setPumpPowerMode)
                  000860ba    00000018                   : flash.obj (.TI.ramfunc:_Flash_disableCache)
                  000860d2    00000018                   : flash.obj (.TI.ramfunc:_Flash_disablePrefetch)
                  000860ea    00000018                   : flash.obj (.TI.ramfunc:_Flash_enableCache)
                  00086102    00000018                   : flash.obj (.TI.ramfunc:_Flash_enablePrefetch)
                  0008611a    00000017                   : flash.obj (.TI.ramfunc:_Flash_enableECC)
                  00086131    00000004                   : sysctl.obj (.TI.ramfunc)

GETBUFFER 
*          0    0003f800    00000000     DSECT

GETWRITEIDX 
*          0    0003f800    00000000     DSECT

PUTREADIDX 
*          0    0003f800    00000000     DSECT

Cla1SoftIntRegsFile 
*          1    00000ce0    00000000     DSECT

.text.1    0    00082094    00001f6c     
                  00082094    0000075b     device_init.obj (.text)
                  000827ef    00000380     rts2800_fpu32.lib : e_powf.c.obj (.text)
                  00082b6f    00000348     task_scheduler.obj (.text)
                  00082eb7    0000031d     modbusRTU.obj (.text)
                  000831d4    000002df     kinematics.obj (.text)
                  000834b3    000002a8     MotionProfile.obj (.text)
                  0008375b    00000221     driverlib.lib : sysctl.obj (.text:_SysCtl_setClock)
                  0008397c    000001ed     interrupt_handlers.obj (.text:retain)
                  00083b69    000001cb     device.obj (.text)
                  00083d34    000000c8     buffered_serial.obj (.text)
                  00083dfc    000000c8     buffered_serial_B.obj (.text)
                  00083ec4    000000b4     main.obj (.text)
                  00083f78    00000088     rts2800_fpu32.lib : fs_div28.asm.obj (.text)

.text.2    0    00084000    00000882     
                  00084000    0000009a     driverlib.lib : adc.obj (.text:_ADC_setMode)
                  0008409a    00000085                   : interrupt.obj (.text:_Interrupt_clearIFR)
                  0008411f    00000057     rts2800_fpu32.lib : s_scalbnf.c.obj (.text)
                  00084176    00000056                       : boot28.asm.obj (.text)
                  000841cc    00000054     driverlib.lib : interrupt.obj (.text:_Interrupt_initModule)
                  00084220    00000052                   : gpio.obj (.text:_GPIO_setPadConfig)
                  00084272    0000004d                   : sysctl.obj (.text:_SysCtl_selectOscSource)
                  000842bf    0000004a                   : interrupt.obj (.text:_Interrupt_disable)
                  00084309    0000004a     interrupt_handlers.obj (.text)
                  00084353    00000049     motor_driver.obj (.text)
                  0008439c    00000046     driverlib.lib : sci.obj (.text:_SCI_clearInterruptStatus)
                  000843e2    00000046                   : sci.obj (.text:_SCI_disableInterrupt)
                  00084428    00000044                   : sci.obj (.text:_SCI_enableInterrupt)
                  0008446c    00000041                   : sci.obj (.text:_SCI_writeCharArray)
                  000844ad    00000040                   : sci.obj (.text:_SCI_setConfig)
                  000844ed    0000003d                   : gpio.obj (.text:_GPIO_setPinConfig)
                  0008452a    00000038                   : gpio.obj (.text:_GPIO_setMasterCore)
                  00084562    00000038                   : gpio.obj (.text:_GPIO_setQualificationMode)
                  0008459a    00000033                   : interrupt.obj (.text:_Interrupt_enable)
                  000845cd    00000031                   : gpio.obj (.text:_GPIO_setDirectionMode)
                  000845fe    00000029                   : flash.obj (.text:_Flash_setBankPowerUpDelay)
                  00084627    00000029     rts2800_fpu32.lib : exit.c.obj (.text)
                  00084650    00000026                       : e_sqrtf.c.obj (.text)
                  00084676    00000024                       : cpy_tbl.c.obj (.text)
                  0008469a    00000022     driverlib.lib : sci.obj (.text:_SCI_isFIFOEnabled)
                  000846bc    00000022     rts2800_fpu32.lib : i_div28.asm.obj (.text)
                  000846de    00000020     driverlib.lib : interrupt.obj (.text:_Interrupt_initVectorTable)
                  000846fe    0000001f                   : sci.obj (.text:_SCI_isBaseValid)
                  0008471d    0000001e     rts2800_fpu32.lib : memcpy.c.obj (.text)
                  0008473b    0000001b     driverlib.lib : sci.obj (.text:_SCI_isSpaceAvailableNonFIFO)
                  00084756    0000001a                   : cputimer.obj (.text:_CPUTimer_isBaseValid)
                  00084770    00000019                   : sci.obj (.text:_SCI_disableModule)
                  00084789    00000019                   : sci.obj (.text:_SCI_performSoftwareReset)
                  000847a2    00000019     rts2800_fpu32.lib : args_main.c.obj (.text)
                  000847bb    00000015     driverlib.lib : sci.obj (.text:_SCI_getTxFIFOStatus)
                  000847d0    00000014                   : sci.obj (.text:_SCI_enableModule)
                  000847e4    00000013                   : cputimer.obj (.text:_CPUTimer_setEmulationMode)
                  000847f7    00000011     rts2800_fpu32.lib : s_copysignf.c.obj (.text)
                  00084808    00000010     driverlib.lib : flash.obj (.text:_Flash_isCtrlBaseValid)
                  00084818    00000010                   : flash.obj (.text:_Flash_isECCBaseValid)
                  00084828    0000000e                   : gpio.obj (.text:_GPIO_isPinValid)
                  00084836    0000000e                   : interrupt.obj (.text:_Interrupt_defaultHandler)
                  00084844    0000000d                   : interrupt.obj (.text:_Interrupt_disableMaster)
                  00084851    0000000d                   : interrupt.obj (.text:_Interrupt_enableMaster)
                  0008485e    0000000b                   : sysctl.obj (.text:_SysCtl_isMCDClockFailureDetected)
                  00084869    00000009                   : sysctl.obj (.text:_SysCtl_serviceWatchdog)
                  00084872    00000009     rts2800_fpu32.lib : _lock.c.obj (.text)
                  0008487b    00000002     driverlib.lib : interrupt.obj (.text:_Interrupt_illegalOperationHandler)
                  0008487d    00000002                   : interrupt.obj (.text:_Interrupt_nmiHandler)
                  0008487f    00000002     rts2800_fpu32.lib : pre_init.c.obj (.text)
                  00084881    00000001                       : startup.c.obj (.text)

.econst    0    00090000    00000449     
                  00090000    000000cb     driverlib.lib : flash.obj (.econst:.string)
                  000900cb    00000001     --HOLE-- [fill = 0]
                  000900cc    000000c8                   : gpio.obj (.econst:.string)
                  00090194    000000c7                   : sci.obj (.econst:.string)
                  0009025b    00000001     --HOLE-- [fill = 0]
                  0009025c    00000069                   : interrupt.obj (.econst:.string)
                  000902c5    00000001     --HOLE-- [fill = 0]
                  000902c6    00000068                   : cputimer.obj (.econst:.string)
                  0009032e    00000066                   : sysctl.obj (.econst:.string)
                  00090394    00000063                   : adc.obj (.econst:.string)
                  000903f7    00000001     --HOLE-- [fill = 0]
                  000903f8    00000032     rts2800_fpu32.lib : e_powf.c.obj (.econst)
                  0009042a    00000009     main.obj (.econst:.string)
                  00090433    00000001     --HOLE-- [fill = 0]
                  00090434    00000006     rts2800_fpu32.lib : s_scalbnf.c.obj (.econst)
                  0009043a    00000004                       : e_powf.c.obj (.econst:_bp)
                  0009043e    00000004                       : e_powf.c.obj (.econst:_dp_h)
                  00090442    00000004                       : e_powf.c.obj (.econst:_dp_l)
                  00090446    00000003     modbusRTU.obj (.econst:.string:_fsupported)

.ebss.1    1    0000ac00    000003ee     UNINITIALIZED
                  0000ac00    0000023f     buffered_serial.obj (.ebss)
                  0000ae3f    00000001     rts2800_fpu32.lib : errno.c.obj (.ebss)
                  0000ae40    000000c0     main.obj (.ebss)
                  0000af00    00000080     modbusRTU.obj (.ebss)
                  0000af80    00000022     interrupt_handlers.obj (.ebss)
                  0000afa2    0000001c     task_scheduler.obj (.ebss)
                  0000afbe    00000002     rts2800_fpu32.lib : _lock.c.obj (.ebss:__lock)
                  0000afc0    00000016     MotionProfile.obj (.ebss)
                  0000afd6    00000008     motion_buffer.obj (.ebss)
                  0000afde    00000008     rts2800_fpu32.lib : memory.c.obj (.ebss)
                  0000afe6    00000006                       : exit.c.obj (.ebss)
                  0000afec    00000002                       : _lock.c.obj (.ebss:__unlock)

.ebss.2    1    0000c000    00001000     UNINITIALIZED
                  0000c000    00001000     modbus_regs.obj (.ebss)

.ebss.3    1    0000d000    00000e7f     UNINITIALIZED
                  0000d000    00000c40     kinematics.obj (.ebss)
                  0000dc40    0000023f     buffered_serial_B.obj (.ebss)

MODULE SUMMARY

       Module                        code    initialized data   uninitialized data
       ------                        ----    ----------------   ------------------
    .\
       modbus_regs.obj               0       0                  4096              
       kinematics.obj                735     0                  3136              
       device_init.obj               1883    0                  0                 
       modbusRTU.obj                 797     17                 128               
       task_scheduler.obj            840     0                  28                
       buffered_serial.obj           200     24                 575               
       buffered_serial_B.obj         200     24                 575               
       MotionProfile.obj             680     0                  22                
       interrupt_handlers.obj        567     46                 34                
       main.obj                      180     14                 192               
       motor_driver.obj              73      0                  0                 
       motion_buffer.obj             0       0                  8                 
    +--+-----------------------------+-------+------------------+--------------------+
       Total:                        6155    125                8794              
                                                                                  
    .\DCL\source\
       DCL_DF13.obj                  175     0                  0                 
       DCL_DF23.obj                  157     0                  0                 
       DCL_DF22.obj                  121     0                  0                 
       DCL_PID.obj                   103     0                  0                 
       DCL_PI.obj                    58      0                  0                 
    +--+-----------------------------+-------+------------------+--------------------+
       Total:                        614     0                  0                 
                                                                                  
    .\device\
       device.obj                    459     0                  0                 
       F2837xD_CodeStartBranch.obj   2       0                  0                 
    +--+-----------------------------+-------+------------------+--------------------+
       Total:                        461     0                  0                 
                                                                                  
    ../driverlib.lib
       flash.obj                     683     203                0                 
       sysctl.obj                    650     102                0                 
       sci.obj                       520     199                0                 
       interrupt.obj                 418     105                0                 
       gpio.obj                      318     200                0                 
       adc.obj                       154     99                 0                 
       cputimer.obj                  45      104                0                 
    +--+-----------------------------+-------+------------------+--------------------+
       Total:                        2788    1012               0                 
                                                                                  
    C:/ti/ccsv7/tools/compiler/ti-cgt-c2000_18.1.0.LTS/lib/rts2800_fpu32.lib
       e_powf.c.obj                  896     62                 0                 
       fs_div28.asm.obj              136     0                  0                 
       s_scalbnf.c.obj               87      6                  0                 
       boot28.asm.obj                86      0                  0                 
       exit.c.obj                    41      14                 6                 
       e_sqrtf.c.obj                 38      0                  0                 
       cpy_tbl.c.obj                 36      0                  0                 
       i_div28.asm.obj               34      0                  0                 
       memcpy.c.obj                  30      0                  0                 
       args_main.c.obj               25      0                  0                 
       _lock.c.obj                   9       10                 4                 
       s_copysignf.c.obj             17      0                  0                 
       memory.c.obj                  0       4                  8                 
       errno.c.obj                   0       4                  1                 
       pre_init.c.obj                2       0                  0                 
       startup.c.obj                 1       0                  0                 
    +--+-----------------------------+-------+------------------+--------------------+
       Total:                        1438    100                19                
                                                                                  
       Heap:                         0       0                  1024              
       Stack:                        0       0                  256               
    +--+-----------------------------+-------+------------------+--------------------+
       Grand Total:                  11456   1237               10093             


GLOBAL DATA SYMBOLS: SORTED BY DATA PAGE

address     data page           name
--------    ----------------    ----
00000400      10 (00000400)     __stack

0000a800     2a0 (0000a800)     __sys_memory

0000ac00     2b0 (0000ac00)     _eusartTxBufferRemaining
0000ac01     2b0 (0000ac00)     _TXIE

0000ae3f     2b8 (0000ae00)     _errno

0000ae42     2b9 (0000ae40)     _msg
0000ae44     2b9 (0000ae40)     _receivedChar

0000ae80     2ba (0000ae80)     _str

0000af00     2bc (0000af00)     _DEBUGGING
0000af01     2bc (0000af00)     _slave
0000af03     2bc (0000af00)     _modbusRTU_Written
0000af06     2bc (0000af00)     _T35

0000af40     2bd (0000af40)     _modbusRTU_written_register_flags

0000af82     2be (0000af80)     _uk
0000af84     2be (0000af80)     _yk
0000af86     2be (0000af80)     _rk
0000af88     2be (0000af80)     _lk
0000af8a     2be (0000af80)     _pid1
0000afbe     2be (0000af80)     __lock

0000afc0     2bf (0000afc0)     _method
0000afc1     2bf (0000afc0)     _compFactor
0000afc2     2bf (0000afc0)     _sampleTime
0000afc3     2bf (0000afc0)     _isFinished
0000afc4     2bf (0000afc0)     _acceleration
0000afc6     2bf (0000afc0)     _oldVelocity
0000afc8     2bf (0000afc0)     _delta
0000afca     2bf (0000afc0)     _lastTime
0000afcc     2bf (0000afc0)     _position
0000afce     2bf (0000afc0)     _maxVelocity
0000afd0     2bf (0000afc0)     _velocity
0000afd2     2bf (0000afc0)     _maxAcceleration
0000afd4     2bf (0000afc0)     _oldPosition
0000afd6     2bf (0000afc0)     _cbuf
0000afe6     2bf (0000afc0)     ___TI_enable_exit_profile_output
0000afe8     2bf (0000afc0)     ___TI_cleanup_ptr
0000afea     2bf (0000afc0)     ___TI_dtors_ptr
0000afec     2bf (0000afc0)     __unlock

0000c000     300 (0000c000)     _modbus_holding_regs

0000d000     340 (0000d000)     _total_path_points

0000d040     341 (0000d040)     _generated_path

0000dc40     371 (0000dc40)     _eusartTxBufferRemaining_B
0000dc41     371 (0000dc40)     _TXIE_B

00090446    2411 (00090440)     _fsupported


GLOBAL SYMBOLS: SORTED ALPHABETICALLY BY Name 

page  address   name                                      
----  -------   ----                                      
abs   ffffffff  .text                                     
0     00084627  C$$EXIT                                   
0     00083f78  FS$$DIV                                   
0     000846bc  I$$DIV                                    
0     000846cd  I$$MOD                                    
0     00084000  _ADC_setMode                              
0     000847e4  _CPUTimer_setEmulationMode                
0     00080002  _DCL_runDF13                              
0     00080050  _DCL_runDF13i                             
0     0008005d  _DCL_runDF13p                             
0     0008014e  _DCL_runDF22                              
0     00080189  _DCL_runDF22i                             
0     00080198  _DCL_runDF22p                             
0     000800b1  _DCL_runDF23                              
0     000800fd  _DCL_runDF23i                             
0     0008010c  _DCL_runDF23p                             
0     0008022e  _DCL_runPI                                
0     000801c7  _DCL_runPID                               
1     0000af00  _DEBUGGING                                
0     00083bcd  _Device_enableAllPeripherals              
0     00083d17  _Device_enableUnbondedGPIOPullups         
0     00083cf4  _Device_enableUnbondedGPIOPullupsFor100Pin
0     00083cdd  _Device_enableUnbondedGPIOPullupsFor176Pin
0     00083bab  _Device_init                              
0     00083cbc  _Device_initGPIO                          
0     00008000  _Flash_initModule                         
0     000845cd  _GPIO_setDirectionMode                    
0     0008452a  _GPIO_setMasterCore                       
0     00084220  _GPIO_setPadConfig                        
0     000844ed  _GPIO_setPinConfig                        
0     00084562  _GPIO_setQualificationMode                
0     000842bf  _Interrupt_disable                        
0     0008459a  _Interrupt_enable                         
0     000841cc  _Interrupt_initModule                     
0     000846de  _Interrupt_initVectorTable                
0     000834b9  _MotionProfile                            
0     00083727  _MotionProfile_getFinished                
0     00083722  _MotionProfile_pause                      
0     00083744  _MotionProfile_reset                      
0     00083752  _MotionProfile_reset_position             
0     0008373d  _MotionProfile_setCompFactor              
0     00083734  _MotionProfile_setMaxAcceleration         
0     0008372b  _MotionProfile_setMaxVelocity             
0     000834e1  _MotionProfile_update                     
0     00086135  _RamfuncsLoadEnd                          
abs   00000135  _RamfuncsLoadSize                         
0     00086000  _RamfuncsLoadStart                        
0     00008135  _RamfuncsRunEnd                           
abs   00000135  _RamfuncsRunSize                          
0     00008000  _RamfuncsRunStart                         
0     0008439c  _SCI_clearInterruptStatus                 
0     000843e2  _SCI_disableInterrupt                     
0     00084428  _SCI_enableInterrupt                      
0     000844ad  _SCI_setConfig                            
0     0008446c  _SCI_writeCharArray                       
0     00008131  _SysCtl_delay                             
0     00084272  _SysCtl_selectOscSource                   
0     0008375b  _SysCtl_setClock                          
1     0000af06  _T35                                      
1     0000ac01  _TXIE                                     
1     0000dc41  _TXIE_B                                   
0     00083289  _XYZ_to_length4                           
1     00000500  __STACK_END                               
abs   00000100  __STACK_SIZE                              
abs   00000400  __SYSMEM_SIZE                             
1     0000afe8  ___TI_cleanup_ptr                         
1     0000afea  ___TI_dtors_ptr                           
1     0000afe6  ___TI_enable_exit_profile_output          
abs   ffffffff  ___TI_pprof_out_hndl                      
abs   ffffffff  ___TI_prof_data_size                      
abs   ffffffff  ___TI_prof_data_start                     
abs   ffffffff  ___binit__                                
abs   ffffffff  ___c_args__                               
0     00082000  ___cinit__                                
0     00083d2d  ___error__                                
abs   ffffffff  ___etext__                                
abs   ffffffff  ___pinit__                                
abs   ffffffff  ___text__                                 
0     000847a2  __args_main                               
1     0000afbe  __lock                                    
0     0008487a  __nop                                     
0     00084876  __register_lock                           
0     00084872  __register_unlock                         
1     00000400  __stack                                   
1     0000a800  __sys_memory                              
0     00084881  __system_post_cinit                       
0     0008487f  __system_pre_init                         
1     0000afec  __unlock                                  
0     00084627  _abort                                    
1     0000afc4  _acceleration                             
0     00082ea2  _auto_mode                                
0     00084369  _bidirectional_motor                      
0     00083416  _brensenham3d                             
0     00083e70  _buffered_serial_B_available              
0     00083e56  _buffered_serial_B_read                   
0     00083e7a  _buffered_serial_B_receive                
0     00083e97  _buffered_serial_B_transmit               
0     00083e1c  _buffered_serial_B_write                  
0     00083da8  _buffered_serial_available                
0     00083d8e  _buffered_serial_read                     
0     00083db2  _buffered_serial_receive                  
0     00083dcf  _buffered_serial_transmit                 
0     00083d54  _buffered_serial_write                    
0     00082f36  _build_error_packet                       
0     00082ee9  _build_read_packet                        
0     00082efb  _build_write_packet                       
0     00082f17  _build_write_single_packet                
0     00084176  _c_int00                                  
0     000835ba  _calculateConstantVelocityProfile         
0     00083609  _calculateTrapezoidalProfile              
1     0000afd6  _cbuf                                     
0     00082cd7  _check_current_coordinate                 
1     0000afc1  _compFactor                               
0     00084676  _copy_in                                  
0     000847f7  _copysign                                 
0     000847f7  _copysignf                                
0     00082ebd  _crc                                      
1     0000afc8  _delta                                    
0     0008397c  _epwm2ISR                                 
1     0000ae3f  _errno                                    
1     0000ac00  _eusartTxBufferRemaining                  
1     0000dc40  _eusartTxBufferRemaining_B                
0     00084629  _exit                                     
0     00082c93  _fetch_current_rpm                        
0     00090446  _fsupported                               
1     0000d040  _generated_path                           
0     000834cc  _init                                     
0     00082748  _init_adc                                 
0     00082601  _init_eqep                                
0     00082480  _init_gpio                                
0     00082676  _init_pwm                                 
0     000827d3  _init_smartwinch                          
0     000827ad  _init_timer                               
0     000824cf  _init_uart_A                              
0     00082568  _init_uart_B                              
1     0000afc3  _isFinished                               
1     0000afca  _lastTime                                 
0     0008411f  _ldexp                                    
0     0008411f  _ldexpf                                   
0     00083330  _length4_to_XYZ                           
1     0000af88  _lk                                       
0     00083eeb  _main                                     
0     00082d3b  _manual_control                           
0     000833ff  _max                                      
1     0000afd2  _maxAcceleration                          
1     0000afce  _maxVelocity                              
0     000831dd  _max_val4_loc                             
0     0008471d  _memcpy                                   
1     0000afc0  _method                                   
0     000830fc  _modbusRTU_Update                         
1     0000af03  _modbusRTU_Written                        
0     000831c2  _modbusRTU_init                           
1     0000af40  _modbusRTU_written_register_flags         
1     0000c000  _modbus_holding_regs                      
0     00082f48  _modbus_reply                             
0     00082faf  _modbus_request                           
1     0000ae42  _msg                                      
1     0000afd4  _oldPosition                              
1     0000afc6  _oldVelocity                              
1     0000af8a  _pid1                                     
1     0000afcc  _position                                 
0     000827ef  _pow                                      
0     000827ef  _powf                                     
0     0008305f  _preset_multiple_registers                
0     00082d14  _read_all_adc                             
0     000830a2  _read_holding_registers                   
0     00082f7b  _receive_request                          
1     0000ae44  _receivedChar                             
1     0000af86  _rk                                       
0     00083214  _rotate_about_center                      
1     0000afc2  _sampleTime                               
0     0008411f  _scalbn                                   
0     0008411f  _scalbnf                                  
0     00083ab1  _sciaRXFIFOISR                            
0     00083a77  _sciaTXFIFOISR                            
0     00083b2a  _scibRXFIFOISR                            
0     00083af0  _scibTXFIFOISR                            
0     00082f5c  _send_reply                               
0     00082bba  _simple_homing_routine                    
1     0000af01  _slave                                    
0     00084650  _sqrt                                     
0     00084650  _sqrtf                                    
0     00083581  _stateCalculation                         
1     0000ae80  _str                                      
0     00082ea3  _task_scheduler_handler                   
0     0008354f  _timeCalculation                          
1     0000d000  _total_path_points                        
1     0000af82  _uk                                       
0     00082fe5  _validate_request                         
1     0000afd0  _velocity                                 
0     0008303e  _write_regs                               
0     00083080  _write_single_register                    
1     0000af84  _yk                                       
abs   ffffffff  binit                                     
0     00082000  cinit                                     
0     00080000  code_start                                
abs   ffffffff  etext                                     
abs   ffffffff  pinit                                     


GLOBAL SYMBOLS: SORTED BY Symbol Address 

page  address   name                                      
----  -------   ----                                      
0     00008000  _Flash_initModule                         
0     00008000  _RamfuncsRunStart                         
0     00008131  _SysCtl_delay                             
0     00008135  _RamfuncsRunEnd                           
0     00080000  code_start                                
0     00080002  _DCL_runDF13                              
0     00080050  _DCL_runDF13i                             
0     0008005d  _DCL_runDF13p                             
0     000800b1  _DCL_runDF23                              
0     000800fd  _DCL_runDF23i                             
0     0008010c  _DCL_runDF23p                             
0     0008014e  _DCL_runDF22                              
0     00080189  _DCL_runDF22i                             
0     00080198  _DCL_runDF22p                             
0     000801c7  _DCL_runPID                               
0     0008022e  _DCL_runPI                                
0     00082000  ___cinit__                                
0     00082000  cinit                                     
0     00082480  _init_gpio                                
0     000824cf  _init_uart_A                              
0     00082568  _init_uart_B                              
0     00082601  _init_eqep                                
0     00082676  _init_pwm                                 
0     00082748  _init_adc                                 
0     000827ad  _init_timer                               
0     000827d3  _init_smartwinch                          
0     000827ef  _pow                                      
0     000827ef  _powf                                     
0     00082bba  _simple_homing_routine                    
0     00082c93  _fetch_current_rpm                        
0     00082cd7  _check_current_coordinate                 
0     00082d14  _read_all_adc                             
0     00082d3b  _manual_control                           
0     00082ea2  _auto_mode                                
0     00082ea3  _task_scheduler_handler                   
0     00082ebd  _crc                                      
0     00082ee9  _build_read_packet                        
0     00082efb  _build_write_packet                       
0     00082f17  _build_write_single_packet                
0     00082f36  _build_error_packet                       
0     00082f48  _modbus_reply                             
0     00082f5c  _send_reply                               
0     00082f7b  _receive_request                          
0     00082faf  _modbus_request                           
0     00082fe5  _validate_request                         
0     0008303e  _write_regs                               
0     0008305f  _preset_multiple_registers                
0     00083080  _write_single_register                    
0     000830a2  _read_holding_registers                   
0     000830fc  _modbusRTU_Update                         
0     000831c2  _modbusRTU_init                           
0     000831dd  _max_val4_loc                             
0     00083214  _rotate_about_center                      
0     00083289  _XYZ_to_length4                           
0     00083330  _length4_to_XYZ                           
0     000833ff  _max                                      
0     00083416  _brensenham3d                             
0     000834b9  _MotionProfile                            
0     000834cc  _init                                     
0     000834e1  _MotionProfile_update                     
0     0008354f  _timeCalculation                          
0     00083581  _stateCalculation                         
0     000835ba  _calculateConstantVelocityProfile         
0     00083609  _calculateTrapezoidalProfile              
0     00083722  _MotionProfile_pause                      
0     00083727  _MotionProfile_getFinished                
0     0008372b  _MotionProfile_setMaxVelocity             
0     00083734  _MotionProfile_setMaxAcceleration         
0     0008373d  _MotionProfile_setCompFactor              
0     00083744  _MotionProfile_reset                      
0     00083752  _MotionProfile_reset_position             
0     0008375b  _SysCtl_setClock                          
0     0008397c  _epwm2ISR                                 
0     00083a77  _sciaTXFIFOISR                            
0     00083ab1  _sciaRXFIFOISR                            
0     00083af0  _scibTXFIFOISR                            
0     00083b2a  _scibRXFIFOISR                            
0     00083bab  _Device_init                              
0     00083bcd  _Device_enableAllPeripherals              
0     00083cbc  _Device_initGPIO                          
0     00083cdd  _Device_enableUnbondedGPIOPullupsFor176Pin
0     00083cf4  _Device_enableUnbondedGPIOPullupsFor100Pin
0     00083d17  _Device_enableUnbondedGPIOPullups         
0     00083d2d  ___error__                                
0     00083d54  _buffered_serial_write                    
0     00083d8e  _buffered_serial_read                     
0     00083da8  _buffered_serial_available                
0     00083db2  _buffered_serial_receive                  
0     00083dcf  _buffered_serial_transmit                 
0     00083e1c  _buffered_serial_B_write                  
0     00083e56  _buffered_serial_B_read                   
0     00083e70  _buffered_serial_B_available              
0     00083e7a  _buffered_serial_B_receive                
0     00083e97  _buffered_serial_B_transmit               
0     00083eeb  _main                                     
0     00083f78  FS$$DIV                                   
0     00084000  _ADC_setMode                              
0     0008411f  _ldexp                                    
0     0008411f  _ldexpf                                   
0     0008411f  _scalbn                                   
0     0008411f  _scalbnf                                  
0     00084176  _c_int00                                  
0     000841cc  _Interrupt_initModule                     
0     00084220  _GPIO_setPadConfig                        
0     00084272  _SysCtl_selectOscSource                   
0     000842bf  _Interrupt_disable                        
0     00084369  _bidirectional_motor                      
0     0008439c  _SCI_clearInterruptStatus                 
0     000843e2  _SCI_disableInterrupt                     
0     00084428  _SCI_enableInterrupt                      
0     0008446c  _SCI_writeCharArray                       
0     000844ad  _SCI_setConfig                            
0     000844ed  _GPIO_setPinConfig                        
0     0008452a  _GPIO_setMasterCore                       
0     00084562  _GPIO_setQualificationMode                
0     0008459a  _Interrupt_enable                         
0     000845cd  _GPIO_setDirectionMode                    
0     00084627  C$$EXIT                                   
0     00084627  _abort                                    
0     00084629  _exit                                     
0     00084650  _sqrt                                     
0     00084650  _sqrtf                                    
0     00084676  _copy_in                                  
0     000846bc  I$$DIV                                    
0     000846cd  I$$MOD                                    
0     000846de  _Interrupt_initVectorTable                
0     0008471d  _memcpy                                   
0     000847a2  __args_main                               
0     000847e4  _CPUTimer_setEmulationMode                
0     000847f7  _copysign                                 
0     000847f7  _copysignf                                
0     00084872  __register_unlock                         
0     00084876  __register_lock                           
0     0008487a  __nop                                     
0     0008487f  __system_pre_init                         
0     00084881  __system_post_cinit                       
0     00086000  _RamfuncsLoadStart                        
0     00086135  _RamfuncsLoadEnd                          
0     00090446  _fsupported                               
1     00000400  __stack                                   
1     00000500  __STACK_END                               
1     0000a800  __sys_memory                              
1     0000ac00  _eusartTxBufferRemaining                  
1     0000ac01  _TXIE                                     
1     0000ae3f  _errno                                    
1     0000ae42  _msg                                      
1     0000ae44  _receivedChar                             
1     0000ae80  _str                                      
1     0000af00  _DEBUGGING                                
1     0000af01  _slave                                    
1     0000af03  _modbusRTU_Written                        
1     0000af06  _T35                                      
1     0000af40  _modbusRTU_written_register_flags         
1     0000af82  _uk                                       
1     0000af84  _yk                                       
1     0000af86  _rk                                       
1     0000af88  _lk                                       
1     0000af8a  _pid1                                     
1     0000afbe  __lock                                    
1     0000afc0  _method                                   
1     0000afc1  _compFactor                               
1     0000afc2  _sampleTime                               
1     0000afc3  _isFinished                               
1     0000afc4  _acceleration                             
1     0000afc6  _oldVelocity                              
1     0000afc8  _delta                                    
1     0000afca  _lastTime                                 
1     0000afcc  _position                                 
1     0000afce  _maxVelocity                              
1     0000afd0  _velocity                                 
1     0000afd2  _maxAcceleration                          
1     0000afd4  _oldPosition                              
1     0000afd6  _cbuf                                     
1     0000afe6  ___TI_enable_exit_profile_output          
1     0000afe8  ___TI_cleanup_ptr                         
1     0000afea  ___TI_dtors_ptr                           
1     0000afec  __unlock                                  
1     0000c000  _modbus_holding_regs                      
1     0000d000  _total_path_points                        
1     0000d040  _generated_path                           
1     0000dc40  _eusartTxBufferRemaining_B                
1     0000dc41  _TXIE_B                                   
abs   00000100  __STACK_SIZE                              
abs   00000135  _RamfuncsLoadSize                         
abs   00000135  _RamfuncsRunSize                          
abs   00000400  __SYSMEM_SIZE                             
abs   ffffffff  .text                                     
abs   ffffffff  ___TI_pprof_out_hndl                      
abs   ffffffff  ___TI_prof_data_size                      
abs   ffffffff  ___TI_prof_data_start                     
abs   ffffffff  ___binit__                                
abs   ffffffff  ___c_args__                               
abs   ffffffff  ___etext__                                
abs   ffffffff  ___pinit__                                
abs   ffffffff  ___text__                                 
abs   ffffffff  binit                                     
abs   ffffffff  etext                                     
abs   ffffffff  pinit                                     

[198 symbols]
