******************************************************************************
             TMS320C2000 Linker PC v16.9.6                     
******************************************************************************
>> Linked Mon Feb 12 01:14:55 2018

OUTPUT FILE NAME:   <SmartWinch.out>
ENTRY POINT SYMBOL: "code_start"  address: 00080000


MEMORY CONFIGURATION

         name            origin    length      used     unused   attr    fill
----------------------  --------  ---------  --------  --------  ----  --------
PAGE 0:
  RAMM0                 00000122   000002de  00000000  000002de  RWIX
  RAMLS0                00008000   00000800  00000135  000006cb  RWIX
  RAMLS1                00008800   00000800  00000000  00000800  RWIX
  RAMLS2                00009000   00000800  00000000  00000800  RWIX
  RAMLS3                00009800   00000800  00000000  00000800  RWIX
  RAMLS4                0000a000   00000800  00000000  00000800  RWIX
  RAMD0                 0000b000   00000800  00000000  00000800  RWIX
  BEGIN                 00080000   00000002  00000002  00000000  RWIX
  FLASHA                00080002   00001ffe  00000000  00001ffe  RWIX
  FLASHB                00082000   00002000  00001ffe  00000002  RWIX
  FLASHC                00084000   00002000  000000cd  00001f33  RWIX
  FLASHD                00086000   00002000  00000135  00001ecb  RWIX
  FLASHE                00088000   00008000  00000000  00008000  RWIX
  FLASHF                00090000   00008000  000005d4  00007a2c  RWIX
  FLASHG                00098000   00008000  00000000  00008000  RWIX
  FLASHH                000a0000   00008000  00000000  00008000  RWIX
  FLASHI                000a8000   00008000  00000000  00008000  RWIX
  FLASHJ                000b0000   00008000  00000000  00008000  RWIX
  FLASHK                000b8000   00002000  00000000  00002000  RWIX
  FLASHL                000ba000   00002000  00000000  00002000  RWIX
  FLASHM                000bc000   00002000  00000000  00002000  RWIX
  FLASHN                000be000   00002000  00000000  00002000  RWIX
  RESET                 003fffc0   00000002  00000000  00000002  RWIX

PAGE 1:
  BOOT_RSVD             00000002   00000120  00000000  00000120  RWIX
  RAMM1                 00000400   00000400  00000100  00000300  RWIX
  RAMLS5                0000a800   00000800  000000e5  0000071b  RWIX
  RAMD1                 0000b800   00000800  00000000  00000800  RWIX
  RAMGS0                0000c000   00001000  00000000  00001000  RWIX
  RAMGS1                0000d000   00001000  00000000  00001000  RWIX
  RAMGS2                0000e000   00001000  00000000  00001000  RWIX
  RAMGS3                0000f000   00001000  00000000  00001000  RWIX
  RAMGS4                00010000   00001000  00000000  00001000  RWIX
  RAMGS5                00011000   00001000  00000000  00001000  RWIX
  RAMGS6                00012000   00001000  00000000  00001000  RWIX
  RAMGS7                00013000   00001000  00000000  00001000  RWIX
  RAMGS8                00014000   00001000  00000000  00001000  RWIX
  RAMGS9                00015000   00001000  00000000  00001000  RWIX
  RAMGS10               00016000   00001000  00000000  00001000  RWIX
  RAMGS11               00017000   00001000  00000000  00001000  RWIX


SECTION ALLOCATION MAP

 output                                  attributes/
section   page    origin      length       input sections
--------  ----  ----------  ----------   ----------------
codestart 
*          0    00080000    00000002     
                  00080000    00000002     F2837xS_CodeStartBranch.obj (codestart)

.cinit     0    00082000    00000062     
                  00082000    00000048     <whole-program> (.cinit)
                  00082048    0000000e     rts2800_fpu32.lib : exit.obj (.cinit)
                  00082056    00000005     <whole-program> (.cinit:__lock)
                  0008205b    00000005     <whole-program> (.cinit:__unlock)
                  00082060    00000002     --HOLE-- [fill = 0]

.pinit     0    00082000    00000000     UNINITIALIZED

.TI.ramfunc 
*          0    00086000    00000135     RUN ADDR = 00008000
                  00086000    00000043     driverlib.lib : flash.obj (.TI.ramfunc:_Flash_initModule)
                  00086043    00000032                   : flash.obj (.TI.ramfunc:_Flash_setBankPowerMode)
                  00086075    00000026                   : flash.obj (.TI.ramfunc:_Flash_setWaitstates)
                  0008609b    0000001f                   : flash.obj (.TI.ramfunc:_Flash_setPumpPowerMode)
                  000860ba    00000018                   : flash.obj (.TI.ramfunc:_Flash_disableCache)
                  000860d2    00000018                   : flash.obj (.TI.ramfunc:_Flash_disablePrefetch)
                  000860ea    00000018                   : flash.obj (.TI.ramfunc:_Flash_enableCache)
                  00086102    00000018                   : flash.obj (.TI.ramfunc:_Flash_enablePrefetch)
                  0008611a    00000017                   : flash.obj (.TI.ramfunc:_Flash_enableECC)
                  00086131    00000004                   : sysctl.obj (.TI.ramfunc)

.stack     1    00000400    00000100     UNINITIALIZED
                  00000400    00000100     --HOLE--

.reset     0    003fffc0    00000002     DSECT
                  003fffc0    00000002     rts2800_fpu32.lib : boot28.obj (.reset)

.text.1    0    00082064    00001f9c     
                  00082064    00000bf3     rts2800_fpu32.lib : _printfi.obj (.text)
                  00082c57    000002ee     device_init.obj (.text)
                  00082f45    00000221     driverlib.lib : sysctl.obj (.text:_SysCtl_setClock)
                  00083166    00000174     device.obj (.text)
                  000832da    00000107     rts2800_fpu32.lib : ll_div28.obj (.text)
                  000833e1    000000f6     interrupt_handlers.obj (.text:retain)
                  000834d7    000000bc     rts2800_fpu32.lib : s_scalbn.obj (.text)
                  00083593    0000009c                       : fd_add28.obj (.text)
                  0008362f    0000009a     driverlib.lib : adc.obj (.text:_ADC_setMode)
                  000836c9    0000008c     main.obj (.text)
                  00083755    0000008b     rts2800_fpu32.lib : fd_div28.obj (.text)
                  000837e0    00000088                       : fs_div28.obj (.text)
                  00083868    00000083                       : fd_mpy28.obj (.text)
                  000838eb    0000006e     driverlib.lib : sysctl.obj (.text:_SysCtl_getClock)
                  00083959    00000056     rts2800_fpu32.lib : boot28.obj (.text)
                  000839af    00000054     driverlib.lib : interrupt.obj (.text:_Interrupt_initModule)
                  00083a03    00000052                   : gpio.obj (.text:_GPIO_setPadConfig)
                  00083a55    0000004d                   : sysctl.obj (.text:_SysCtl_selectOscSource)
                  00083aa2    00000046                   : sci.obj (.text:_SCI_clearInterruptStatus)
                  00083ae8    00000041                   : sci.obj (.text:_SCI_writeCharArray)
                  00083b29    00000040                   : sci.obj (.text:_SCI_setConfig)
                  00083b69    0000003d                   : gpio.obj (.text:_GPIO_setPinConfig)
                  00083ba6    0000003d     rts2800_fpu32.lib : s_frexp.obj (.text)
                  00083be3    00000038     driverlib.lib : gpio.obj (.text:_GPIO_setMasterCore)
                  00083c1b    00000038                   : gpio.obj (.text:_GPIO_setQualificationMode)
                  00083c53    00000033                   : interrupt.obj (.text:_Interrupt_enable)
                  00083c86    00000031                   : gpio.obj (.text:_GPIO_setDirectionMode)
                  00083cb7    00000031     rts2800_fpu32.lib : atoi.obj (.text)
                  00083ce8    0000002e                       : ltoa.obj (.text)
                  00083d16    0000002c                       : sprintf.obj (.text)
                  00083d42    0000002a                       : fd_cmp28.obj (.text)
                  00083d6c    0000002a                       : l_div28.obj (.text)
                  00083d96    00000029     driverlib.lib : flash.obj (.text:_Flash_setBankPowerUpDelay)
                  00083dbf    00000029     rts2800_fpu32.lib : exit.obj (.text)
                  00083de8    00000024                       : cpy_tbl.obj (.text)
                  00083e0c    00000024                       : s_copysign.obj (.text)
                  00083e30    00000022     driverlib.lib : sci.obj (.text:_SCI_isFIFOEnabled)
                  00083e52    00000021     rts2800_fpu32.lib : fd_toi28.obj (.text)
                  00083e73    00000020     driverlib.lib : interrupt.obj (.text:_Interrupt_initVectorTable)
                  00083e93    0000001f                   : sci.obj (.text:_SCI_isBaseValid)
                  00083eb2    0000001f     rts2800_fpu32.lib : fd_tol28.obj (.text)
                  00083ed1    0000001e                       : ll_cmp28.obj (.text)
                  00083eef    0000001e                       : memcpy.obj (.text)
                  00083f0d    0000001d                       : i_tofd28.obj (.text)
                  00083f2a    0000001c                       : fs_tofdfpu32.obj (.text)
                  00083f46    0000001c                       : l_tofd28.obj (.text)
                  00083f62    0000001b     driverlib.lib : sci.obj (.text:_SCI_isSpaceAvailableNonFIFO)
                  00083f7d    0000001a                   : sysctl.obj (.text:_SysCtl_getLowSpeedClock)
                  00083f97    00000019                   : sci.obj (.text:_SCI_disableModule)
                  00083fb0    00000019                   : sci.obj (.text:_SCI_performSoftwareReset)
                  00083fc9    00000019     rts2800_fpu32.lib : args_main.obj (.text)
                  00083fe2    00000018                       : ll_aox28.obj (.text)
                  00083ffa    00000002     driverlib.lib : interrupt.obj (.text:_Interrupt_illegalOperationHandler)
                  00083ffc    00000002                   : interrupt.obj (.text:_Interrupt_nmiHandler)
                  00083ffe    00000002     rts2800_fpu32.lib : pre_init.obj (.text)

.text.2    0    00084000    000000cd     
                  00084000    00000015     driverlib.lib : flash.obj (.text:_Flash_isCtrlBaseValid)
                  00084015    00000015                   : flash.obj (.text:_Flash_isECCBaseValid)
                  0008402a    00000015                   : sci.obj (.text:_SCI_getTxFIFOStatus)
                  0008403f    00000014                   : sci.obj (.text:_SCI_enableModule)
                  00084053    0000000e                   : gpio.obj (.text:_GPIO_isPinValid)
                  00084061    0000000e                   : interrupt.obj (.text:_Interrupt_defaultHandler)
                  0008406f    0000000e     rts2800_fpu32.lib : fd_sub28.obj (.text)
                  0008407d    0000000d     driverlib.lib : interrupt.obj (.text:_Interrupt_disableMaster)
                  0008408a    0000000d                   : interrupt.obj (.text:_Interrupt_enableMaster)
                  00084097    0000000c     rts2800_fpu32.lib : strchr.obj (.text)
                  000840a3    0000000b     driverlib.lib : sysctl.obj (.text:_SysCtl_isMCDClockFailureDetected)
                  000840ae    0000000b     rts2800_fpu32.lib : memset.obj (.text)
                  000840b9    00000009     driverlib.lib : sysctl.obj (.text:_SysCtl_serviceWatchdog)
                  000840c2    00000009     rts2800_fpu32.lib : fd_neg28.obj (.text)
                  000840cb    00000001                       : _lock.obj (.text)
                  000840cc    00000001                       : startup.obj (.text)

.econst    0    00090000    000005d4     
                  00090000    00000101     rts2800_fpu32.lib : ctype.obj (.econst:.string:__ctypes_)
                  00090101    00000001     --HOLE-- [fill = 0]
                  00090102    000000cb     driverlib.lib : flash.obj (.econst:.string)
                  000901cd    00000001     --HOLE-- [fill = 0]
                  000901ce    000000c8                   : gpio.obj (.econst:.string)
                  00090296    000000c7                   : sci.obj (.econst:.string)
                  0009035d    00000001     --HOLE-- [fill = 0]
                  0009035e    00000089     <whole-program> (.econst:.string)
                  000903e7    00000001     --HOLE-- [fill = 0]
                  000903e8    00000088     device_init.obj (.econst:.string)
                  00090470    00000069     driverlib.lib : interrupt.obj (.econst:.string)
                  000904d9    00000001     --HOLE-- [fill = 0]
                  000904da    00000066                   : sysctl.obj (.econst:.string)
                  00090540    00000063                   : adc.obj (.econst:.string)
                  000905a3    00000001     --HOLE-- [fill = 0]
                  000905a4    0000002c     <whole-program> (.econst)
                  000905d0    00000004     rts2800_fpu32.lib : s_scalbn.obj (.econst)

.ebss      1    0000a800    000000e5     UNINITIALIZED
                  0000a800    000000c0     main.obj (.ebss)
                  0000a8c0    0000001a     interrupt_handlers.obj (.ebss)
                  0000a8da    00000006     rts2800_fpu32.lib : exit.obj (.ebss)
                  0000a8e0    00000002                       : _lock.obj (.ebss:__lock)
                  0000a8e2    00000002                       : _lock.obj (.ebss:__unlock)
                  0000a8e4    00000001                       : errno.obj (.ebss)

MODULE SUMMARY

       Module                                   code   initialized data   uninitialized data
       ------                                   ----   ----------------   ------------------
    .\
       device_init.obj                          750    136                0                 
       main.obj                                 140    0                  192               
       interrupt_handlers.obj                   246    0                  26                
    +--+----------------------------------------+------+------------------+--------------------+
       Total:                                   1136   136                218               
                                                                                            
    .\device\
       device.obj                               372    0                  0                 
       F2837xS_CodeStartBranch.obj              2      0                  0                 
    +--+----------------------------------------+------+------------------+--------------------+
       Total:                                   374    0                  0                 
                                                                                            
    C:\Users\AFDHAL~1\AppData\Local\Temp\
       {127A97C0-DCC0-4E13-A56A-A97A74451691}   0      263                0                 
    +--+----------------------------------------+------+------------------+--------------------+
       Total:                                   0      263                0                 
                                                                                            
    ../driverlib.lib
       flash.obj                                693    203                0                 
       sysctl.obj                               786    102                0                 
       sci.obj                                  382    199                0                 
       gpio.obj                                 318    200                0                 
       interrupt.obj                            211    105                0                 
       adc.obj                                  154    99                 0                 
    +--+----------------------------------------+------+------------------+--------------------+
       Total:                                   2544   908                0                 
                                                                                            
    C:\ti\ccsv7\tools\compiler\ti-cgt-c2000_16.9.6.LTS\lib\rts2800_fpu32.lib
       _printfi.obj                             3059   0                  0                 
       ll_div28.obj                             263    0                  0                 
       ctype.obj                                0      257                0                 
       s_scalbn.obj                             188    4                  0                 
       fd_add28.obj                             156    0                  0                 
       fd_div28.obj                             139    0                  0                 
       fs_div28.obj                             136    0                  0                 
       fd_mpy28.obj                             131    0                  0                 
       boot28.obj                               86     0                  0                 
       exit.obj                                 41     14                 6                 
       s_frexp.obj                              61     0                  0                 
       atoi.obj                                 49     0                  0                 
       ltoa.obj                                 46     0                  0                 
       sprintf.obj                              44     0                  0                 
       fd_cmp28.obj                             42     0                  0                 
       l_div28.obj                              42     0                  0                 
       cpy_tbl.obj                              36     0                  0                 
       s_copysign.obj                           36     0                  0                 
       fd_toi28.obj                             33     0                  0                 
       fd_tol28.obj                             31     0                  0                 
       ll_cmp28.obj                             30     0                  0                 
       memcpy.obj                               30     0                  0                 
       i_tofd28.obj                             29     0                  0                 
       fs_tofdfpu32.obj                         28     0                  0                 
       l_tofd28.obj                             28     0                  0                 
       args_main.obj                            25     0                  0                 
       ll_aox28.obj                             24     0                  0                 
       fd_sub28.obj                             14     0                  0                 
       strchr.obj                               12     0                  0                 
       memset.obj                               11     0                  0                 
       fd_neg28.obj                             9      0                  0                 
       _lock.obj                                1      0                  4                 
       pre_init.obj                             2      0                  0                 
       errno.obj                                0      0                  1                 
       startup.obj                              1      0                  0                 
    +--+----------------------------------------+------+------------------+--------------------+
       Total:                                   4863   275                11                
                                                                                            
       Stack:                                   0      0                  256               
    +--+----------------------------------------+------+------------------+--------------------+
       Grand Total:                             8917   1582               485               


GLOBAL DATA SYMBOLS: SORTED BY DATA PAGE

address     data page           name
--------    ----------------    ----
00000400      10 (00000400)     __stack

0000a800     2a0 (0000a800)     _msg
0000a802     2a0 (0000a800)     _receivedChar

0000a840     2a1 (0000a840)     _str

0000a8c1     2a3 (0000a8c0)     _adc_temp
0000a8c2     2a3 (0000a8c0)     _error
0000a8c4     2a3 (0000a8c0)     _kd
0000a8c6     2a3 (0000a8c0)     _ki
0000a8c8     2a3 (0000a8c0)     _input_previous
0000a8ca     2a3 (0000a8c0)     _input
0000a8cc     2a3 (0000a8c0)     _output
0000a8ce     2a3 (0000a8c0)     _out_min
0000a8d0     2a3 (0000a8c0)     _error_integrated
0000a8d2     2a3 (0000a8c0)     _out_max
0000a8d4     2a3 (0000a8c0)     _kp
0000a8d6     2a3 (0000a8c0)     _input_differentiated
0000a8d8     2a3 (0000a8c0)     _setpoint
0000a8da     2a3 (0000a8c0)     ___TI_enable_exit_profile_output
0000a8dc     2a3 (0000a8c0)     ___TI_cleanup_ptr
0000a8de     2a3 (0000a8c0)     ___TI_dtors_ptr
0000a8e0     2a3 (0000a8c0)     __lock
0000a8e2     2a3 (0000a8c0)     __unlock
0000a8e4     2a3 (0000a8c0)     _errno

00090000    2400 (00090000)     __ctypes_


GLOBAL SYMBOLS: SORTED ALPHABETICALLY BY Name 

page  address   name                                      
----  -------   ----                                      
abs   ffffffff  .text                                     
0     00083dbf  C$$EXIT                                   
0     00083593  FD$$ADD                                   
0     00083d42  FD$$CMP                                   
0     00083755  FD$$DIV                                   
0     00083868  FD$$MPY                                   
0     000840c2  FD$$NEG                                   
0     0008406f  FD$$SUB                                   
0     00083e52  FD$$TOI                                   
0     00083eb2  FD$$TOL                                   
0     000837e0  FS$$DIV                                   
0     00083f2a  FS$$TOFD                                  
0     00083f0d  I$$TOFD                                   
0     00083d6c  L$$DIV                                    
0     00083d7b  L$$MOD                                    
0     00083f46  L$$TOFD                                   
0     00083fe2  LL$$AND                                   
0     00083ed1  LL$$CMP                                   
0     000832da  LL$$DIV                                   
0     00083316  LL$$MOD                                   
0     00083fea  LL$$OR                                    
0     00083ff2  LL$$XOR                                   
0     00083d89  UL$$DIV                                   
0     00083d90  UL$$MOD                                   
0     00083ee3  ULL$$CMP                                  
0     00083350  ULL$$DIV                                  
0     0008337f  ULL$$MOD                                  
0     0008362f  _ADC_setMode                              
0     000831f1  _Device_enableAllPeripherals              
0     000831ab  _Device_enableUnbondedGPIOPullups         
0     00083184  _Device_enableUnbondedGPIOPullupsFor100Pin
0     00083169  _Device_enableUnbondedGPIOPullupsFor176Pin
0     00083290  _Device_init                              
0     000831d3  _Device_initGPIO                          
0     00008000  _Flash_initModule                         
0     00083c86  _GPIO_setDirectionMode                    
0     00083be3  _GPIO_setMasterCore                       
0     00083a03  _GPIO_setPadConfig                        
0     00083b69  _GPIO_setPinConfig                        
0     00083c1b  _GPIO_setQualificationMode                
0     00083c53  _Interrupt_enable                         
0     000839af  _Interrupt_initModule                     
0     00083e73  _Interrupt_initVectorTable                
0     00086135  _RamfuncsLoadEnd                          
abs   00000135  _RamfuncsLoadSize                         
0     00086000  _RamfuncsLoadStart                        
0     00008135  _RamfuncsRunEnd                           
abs   00000135  _RamfuncsRunSize                          
0     00008000  _RamfuncsRunStart                         
0     00083aa2  _SCI_clearInterruptStatus                 
0     00083b29  _SCI_setConfig                            
0     00083ae8  _SCI_writeCharArray                       
0     00008131  _SysCtl_delay                             
0     000838eb  _SysCtl_getClock                          
0     00083f7d  _SysCtl_getLowSpeedClock                  
0     00083a55  _SysCtl_selectOscSource                   
0     00082f45  _SysCtl_setClock                          
1     00000500  __STACK_END                               
abs   00000100  __STACK_SIZE                              
1     0000a8dc  ___TI_cleanup_ptr                         
1     0000a8de  ___TI_dtors_ptr                           
1     0000a8da  ___TI_enable_exit_profile_output          
abs   ffffffff  ___TI_pprof_out_hndl                      
0     00082b35  ___TI_printfi                             
abs   ffffffff  ___TI_prof_data_size                      
abs   ffffffff  ___TI_prof_data_start                     
abs   ffffffff  ___binit__                                
abs   ffffffff  ___c_args__                               
0     00082000  ___cinit__                                
0     00083166  ___error__                                
abs   ffffffff  ___etext__                                
abs   ffffffff  ___pinit__                                
abs   ffffffff  ___text__                                 
0     00083fc9  __args_main                               
0     00090000  __ctypes_                                 
1     0000a8e0  __lock                                    
0     000840cb  __nop                                     
1     00000400  __stack                                   
0     000840cc  __system_post_cinit                       
0     00083ffe  __system_pre_init                         
1     0000a8e2  __unlock                                  
0     00083dbf  _abort                                    
1     0000a8c1  _adc_temp                                 
0     00083cb7  _atoi                                     
0     00083959  _c_int00                                  
0     00083de8  _copy_in                                  
0     00083e0c  _copysignl                                
0     000833e1  _epwm2ISR                                 
1     0000a8e4  _errno                                    
1     0000a8c2  _error                                    
1     0000a8d0  _error_integrated                         
0     00083dc1  _exit                                     
0     00083ba6  _frexpl                                   
0     00082efa  _init_adc                                 
0     00082d61  _init_eqep                                
0     00082d36  _init_gpio                                
0     00082e44  _init_pwm                                 
0     00082f2f  _init_smartwinch                          
0     00082c59  _init_uart                                
1     0000a8ca  _input                                    
1     0000a8d6  _input_differentiated                     
1     0000a8c8  _input_previous                           
1     0000a8c4  _kd                                       
1     0000a8c6  _ki                                       
1     0000a8d4  _kp                                       
0     000834d7  _ldexpl                                   
0     00083ce8  _ltoa                                     
0     000836cb  _main                                     
0     00083eef  _memcpy                                   
0     000840ae  _memset                                   
1     0000a800  _msg                                      
1     0000a8d2  _out_max                                  
1     0000a8ce  _out_min                                  
1     0000a8cc  _output                                   
1     0000a802  _receivedChar                             
0     000834d7  _scalbnl                                  
1     0000a8d8  _setpoint                                 
0     00083d2e  _sprintf                                  
1     0000a840  _str                                      
0     00084097  _strchr                                   
abs   ffffffff  binit                                     
0     00082000  cinit                                     
0     00080000  code_start                                
abs   ffffffff  etext                                     
abs   ffffffff  pinit                                     


GLOBAL SYMBOLS: SORTED BY Symbol Address 

page  address   name                                      
----  -------   ----                                      
0     00008000  _Flash_initModule                         
0     00008000  _RamfuncsRunStart                         
0     00008131  _SysCtl_delay                             
0     00008135  _RamfuncsRunEnd                           
0     00080000  code_start                                
0     00082000  ___cinit__                                
0     00082000  cinit                                     
0     00082b35  ___TI_printfi                             
0     00082c59  _init_uart                                
0     00082d36  _init_gpio                                
0     00082d61  _init_eqep                                
0     00082e44  _init_pwm                                 
0     00082efa  _init_adc                                 
0     00082f2f  _init_smartwinch                          
0     00082f45  _SysCtl_setClock                          
0     00083166  ___error__                                
0     00083169  _Device_enableUnbondedGPIOPullupsFor176Pin
0     00083184  _Device_enableUnbondedGPIOPullupsFor100Pin
0     000831ab  _Device_enableUnbondedGPIOPullups         
0     000831d3  _Device_initGPIO                          
0     000831f1  _Device_enableAllPeripherals              
0     00083290  _Device_init                              
0     000832da  LL$$DIV                                   
0     00083316  LL$$MOD                                   
0     00083350  ULL$$DIV                                  
0     0008337f  ULL$$MOD                                  
0     000833e1  _epwm2ISR                                 
0     000834d7  _ldexpl                                   
0     000834d7  _scalbnl                                  
0     00083593  FD$$ADD                                   
0     0008362f  _ADC_setMode                              
0     000836cb  _main                                     
0     00083755  FD$$DIV                                   
0     000837e0  FS$$DIV                                   
0     00083868  FD$$MPY                                   
0     000838eb  _SysCtl_getClock                          
0     00083959  _c_int00                                  
0     000839af  _Interrupt_initModule                     
0     00083a03  _GPIO_setPadConfig                        
0     00083a55  _SysCtl_selectOscSource                   
0     00083aa2  _SCI_clearInterruptStatus                 
0     00083ae8  _SCI_writeCharArray                       
0     00083b29  _SCI_setConfig                            
0     00083b69  _GPIO_setPinConfig                        
0     00083ba6  _frexpl                                   
0     00083be3  _GPIO_setMasterCore                       
0     00083c1b  _GPIO_setQualificationMode                
0     00083c53  _Interrupt_enable                         
0     00083c86  _GPIO_setDirectionMode                    
0     00083cb7  _atoi                                     
0     00083ce8  _ltoa                                     
0     00083d2e  _sprintf                                  
0     00083d42  FD$$CMP                                   
0     00083d6c  L$$DIV                                    
0     00083d7b  L$$MOD                                    
0     00083d89  UL$$DIV                                   
0     00083d90  UL$$MOD                                   
0     00083dbf  C$$EXIT                                   
0     00083dbf  _abort                                    
0     00083dc1  _exit                                     
0     00083de8  _copy_in                                  
0     00083e0c  _copysignl                                
0     00083e52  FD$$TOI                                   
0     00083e73  _Interrupt_initVectorTable                
0     00083eb2  FD$$TOL                                   
0     00083ed1  LL$$CMP                                   
0     00083ee3  ULL$$CMP                                  
0     00083eef  _memcpy                                   
0     00083f0d  I$$TOFD                                   
0     00083f2a  FS$$TOFD                                  
0     00083f46  L$$TOFD                                   
0     00083f7d  _SysCtl_getLowSpeedClock                  
0     00083fc9  __args_main                               
0     00083fe2  LL$$AND                                   
0     00083fea  LL$$OR                                    
0     00083ff2  LL$$XOR                                   
0     00083ffe  __system_pre_init                         
0     0008406f  FD$$SUB                                   
0     00084097  _strchr                                   
0     000840ae  _memset                                   
0     000840c2  FD$$NEG                                   
0     000840cb  __nop                                     
0     000840cc  __system_post_cinit                       
0     00086000  _RamfuncsLoadStart                        
0     00086135  _RamfuncsLoadEnd                          
0     00090000  __ctypes_                                 
1     00000400  __stack                                   
1     00000500  __STACK_END                               
1     0000a800  _msg                                      
1     0000a802  _receivedChar                             
1     0000a840  _str                                      
1     0000a8c1  _adc_temp                                 
1     0000a8c2  _error                                    
1     0000a8c4  _kd                                       
1     0000a8c6  _ki                                       
1     0000a8c8  _input_previous                           
1     0000a8ca  _input                                    
1     0000a8cc  _output                                   
1     0000a8ce  _out_min                                  
1     0000a8d0  _error_integrated                         
1     0000a8d2  _out_max                                  
1     0000a8d4  _kp                                       
1     0000a8d6  _input_differentiated                     
1     0000a8d8  _setpoint                                 
1     0000a8da  ___TI_enable_exit_profile_output          
1     0000a8dc  ___TI_cleanup_ptr                         
1     0000a8de  ___TI_dtors_ptr                           
1     0000a8e0  __lock                                    
1     0000a8e2  __unlock                                  
1     0000a8e4  _errno                                    
abs   00000100  __STACK_SIZE                              
abs   00000135  _RamfuncsLoadSize                         
abs   00000135  _RamfuncsRunSize                          
abs   ffffffff  .text                                     
abs   ffffffff  ___TI_pprof_out_hndl                      
abs   ffffffff  ___TI_prof_data_size                      
abs   ffffffff  ___TI_prof_data_start                     
abs   ffffffff  ___binit__                                
abs   ffffffff  ___c_args__                               
abs   ffffffff  ___etext__                                
abs   ffffffff  ___pinit__                                
abs   ffffffff  ___text__                                 
abs   ffffffff  binit                                     
abs   ffffffff  etext                                     
abs   ffffffff  pinit                                     

[125 symbols]
